--------- beginning of system
--------- beginning of main
03-10 02:04:53.048  3987  4044 D M_InsDal: Lcom/csipsimple/ui/account/AccountsLoader$FilteredProfile$1;--->onLoad(Lcom/csipsimple/utils/CallHandlerPlugin;)V
03-10 02:04:53.048  3987  4044 D M_InsDal: Lcom/csipsimple/utils/Log;--->d(Ljava/lang/String;Ljava/lang/String;)V
03-10 02:04:53.048  3987  4045 D M_InsDal: Lcom/csipsimple/utils/CallHandlerPlugin;--->getLabel()Ljava/lang/String;
03-10 02:04:53.048  3987  4045 D M_InsDal: Lcom/csipsimple/utils/CallHandlerPlugin;--->getIcon()Landroid/graphics/Bitmap;
03-10 02:04:53.048  3987  4045 D M_InsDal: Lcom/csipsimple/ui/account/AccountsLoader;--->createCursorForAccount(Lcom/csipsimple/ui/account/AccountsLoader$FilteredProfile;)Landroid/database/Cursor;
03-10 02:04:53.048  3987  4045 D M_InsDal: Lcom/csipsimple/ui/account/AccountsLoader$FilteredProfile;--->rewriteNumber(Ljava/lang/String;)Ljava/lang/String;
03-10 02:04:53.048  3987  4045 D M_InsDal: Lcom/csipsimple/models/Filter;--->rewritePhoneNumber(Landroid/content/Context;JLjava/lang/String;)Ljava/lang/String;
03-10 02:04:53.048  3987  4045 D M_InsDal: Lcom/csipsimple/models/Filter;--->getFiltersForAccount(Landroid/content/Context;J)Ljava/util/List;
03-10 02:04:53.048  3987  4045 D M_InsDal: Lcom/csipsimple/ui/account/AccountsLoader$FilteredProfile;--->getStatusForOutgoing()Z
03-10 02:04:53.048  3987  4045 D M_InsDal: Lcom/csipsimple/ui/account/AccountsLoader$FilteredProfile;--->getStatusColor()I
03-10 02:04:53.071  3987  3987 D M_InsDal: Lcom/csipsimple/ui/account/AccountsLoader;--->deliverResult(Landroid/database/Cursor;)V
03-10 02:04:53.071  3987  3987 D M_InsDal: Lcom/csipsimple/widgets/CSSListFragment;--->onLoadFinished(Landroid/support/v4/content/Loader;Landroid/database/Cursor;)V
03-10 02:04:53.071  3987  3987 D M_InsDal: Lcom/csipsimple/ui/outgoingcall/OutgoingCallListFragment;--->changeCursor(Landroid/database/Cursor;)V
03-10 02:04:53.071  3987  3987 D M_InsDal: Lcom/csipsimple/ui/outgoingcall/OutgoingCallChooser;--->getAccountToCallTo()J
03-10 02:04:53.071  3987  3987 D M_InsDal: Lcom/csipsimple/ui/outgoingcall/OutgoingCallListFragment;--->placeCall(Landroid/database/Cursor;)Z
03-10 02:04:53.071  3987  3987 D M_InsDal: Lcom/csipsimple/ui/outgoingcall/OutgoingCallChooser;--->getConnectedService()Lcom/csipsimple/api/ISipService;
03-10 02:04:53.071  3987  3987 D M_InsDal: Lcom/csipsimple/ui/account/AccountsLoader;--->getCallHandlerWithAccountId(J)Lcom/csipsimple/utils/CallHandlerPlugin;
03-10 02:04:53.071  3987  3987 D M_InsDal: Lcom/csipsimple/ui/account/AccountsLoader$FilteredProfile;--->getCallHandlerPlugin()Lcom/csipsimple/utils/CallHandlerPlugin;
03-10 02:04:53.071  3987  3987 D M_InsDal: Lcom/csipsimple/utils/CallHandlerPlugin;--->getNextExcludeTelNumber()Ljava/lang/String;
03-10 02:04:53.071  3987  3987 D M_InsDal: Lcom/csipsimple/service/SipService$1;--->ignoreNextOutgoingCallFor(Ljava/lang/String;)V
03-10 02:04:53.071  3987  3987 D M_InsDal: Lcom/csipsimple/service/OutgoingCall;---><clinit>()V
03-10 02:04:53.071  3987  3987 D M_InsDal: Lcom/csipsimple/utils/CallHandlerPlugin;--->getIntent()Landroid/app/PendingIntent;
03-10 02:04:53.072  3987  3987 D M_InsDal: Lcom/csipsimple/utils/CallHandlerPlugin;--->getIntent()Landroid/app/PendingIntent;
03-10 02:04:53.072  3987  3987 D M_InsDal: Lcom/csipsimple/ui/outgoingcall/OutgoingCallListFragment$PluginCallRunnable;---><init>(Lcom/csipsimple/ui/outgoingcall/OutgoingCallListFragment;Landroid/app/PendingIntent;J)V
03-10 02:04:53.072  3987  3987 D M_InsDal: Lcom/csipsimple/utils/Log;--->d(Ljava/lang/String;Ljava/lang/String;)V
03-10 02:04:53.072  3987  3987 D M_InsDal: Lcom/csipsimple/widgets/CSSListFragment;--->setListShown(Z)V
03-10 02:04:53.072  3987  3987 D M_InsDal: Lcom/csipsimple/widgets/CSSListFragment;--->setListShown(ZZ)V
03-10 02:04:53.072  3987  3987 D M_InsDal: Lcom/csipsimple/widgets/CSSListFragment;--->ensureCustomList()V
03-10 02:04:53.072  3987  4069 D M_InsDal: Lcom/csipsimple/ui/outgoingcall/OutgoingCallListFragment$PluginCallRunnable;--->run()V
03-10 02:04:53.545  3987  4069 D M_InsDal: Lcom/csipsimple/ui/outgoingcall/OutgoingCallChooser;--->finishServiceIfNeeded(Z)V
03-10 02:04:53.890  3987  3987 D M_InsDal: Lcom/csipsimple/ui/outgoingcall/OutgoingCallChooser;---><init>()V
03-10 02:04:53.890  3987  3987 D M_InsDal: Lcom/csipsimple/ui/outgoingcall/OutgoingCallChooser$1;---><init>(Lcom/csipsimple/ui/outgoingcall/OutgoingCallChooser;)V
03-10 02:04:53.891  3987  3987 D M_InsDal: Lcom/csipsimple/ui/outgoingcall/OutgoingCallChooser;--->onCreate(Landroid/os/Bundle;)V
03-10 02:04:53.891  3987  3987 D M_InsDal: Lcom/csipsimple/ui/outgoingcall/OutgoingCallChooser;--->resetInternals()V
03-10 02:04:53.891  3987  3987 D M_InsDal: Lcom/csipsimple/ui/outgoingcall/OutgoingCallChooser;--->getPhoneNumber()Ljava/lang/String;
03-10 02:04:53.894  3987  3987 D M_InsDal: Lcom/csipsimple/ui/outgoingcall/OutgoingCallListFragment;---><init>()V
03-10 02:04:53.894  3987  3987 D M_InsDal: Lcom/csipsimple/widgets/CSSListFragment;---><init>()V
03-10 02:04:53.894  3987  3987 D M_InsDal: Lcom/csipsimple/ui/outgoingcall/OutgoingCallListFragment;--->onCreate(Landroid/os/Bundle;)V
03-10 02:04:53.895  3987  3987 D M_InsDal: Lcom/csipsimple/ui/outgoingcall/OutgoingCallChooser;--->connectService()V
03-10 02:04:53.895  3987  3987 D M_InsDal: Lcom/csipsimple/utils/PreferencesProviderWrapper;---><init>(Landroid/content/Context;)V
03-10 02:04:53.895  3987  3987 D M_InsDal: Lcom/csipsimple/utils/PreferencesProviderWrapper;--->isValidConnectionForOutgoing()Z
03-10 02:04:53.895  3987  3987 D M_InsDal: Lcom/csipsimple/utils/PreferencesProviderWrapper;--->getPreferenceBooleanValue(Ljava/lang/String;Z)Z
03-10 02:04:53.895  3987  3987 D M_InsDal: Lcom/csipsimple/api/SipConfigManager;--->getPreferenceBooleanValue(Landroid/content/Context;Ljava/lang/String;Ljava/lang/Boolean;)Ljava/lang/Boolean;
03-10 02:04:53.895  3987  3987 D M_InsDal: Lcom/csipsimple/api/SipConfigManager;--->getPrefUriForKey(Ljava/lang/String;)Landroid/net/Uri;
03-10 02:04:53.895  4015  4037 D M_InsDal: Lcom/csipsimple/service/PreferenceProvider;--->query(Landroid/net/Uri;[Ljava/lang/String;Ljava/lang/String;[Ljava/lang/String;Ljava/lang/String;)Landroid/database/Cursor;
03-10 02:04:53.895  4015  4037 D M_InsDal: Lcom/csipsimple/utils/PreferencesWrapper;--->getPreferenceBooleanValue(Ljava/lang/String;)Ljava/lang/Boolean;
03-10 02:04:53.895  4015  4037 D M_InsDal: Lcom/csipsimple/utils/PreferencesWrapper;--->gPrefBooleanValue(Landroid/content/SharedPreferences;Ljava/lang/String;)Ljava/lang/Boolean;
03-10 02:04:53.897  3987  3987 D M_InsDal: Lcom/csipsimple/utils/PreferencesProviderWrapper;--->isValidConnectionFor(Landroid/net/NetworkInfo;Ljava/lang/String;)Z
03-10 02:04:53.897  3987  3987 D M_InsDal: Lcom/csipsimple/utils/PreferencesProviderWrapper;--->isValidWifiConnectionFor(Landroid/net/NetworkInfo;Ljava/lang/String;)Z
03-10 02:04:53.897  3987  3987 D M_InsDal: Lcom/csipsimple/utils/PreferencesProviderWrapper;--->getPreferenceBooleanValue(Ljava/lang/String;Z)Z
03-10 02:04:53.897  3987  3987 D M_InsDal: Lcom/csipsimple/api/SipConfigManager;--->getPreferenceBooleanValue(Landroid/content/Context;Ljava/lang/String;Ljava/lang/Boolean;)Ljava/lang/Boolean;
03-10 02:04:53.897  3987  3987 D M_InsDal: Lcom/csipsimple/api/SipConfigManager;--->getPrefUriForKey(Ljava/lang/String;)Landroid/net/Uri;
03-10 02:04:53.898  4015  4037 D M_InsDal: Lcom/csipsimple/service/PreferenceProvider;--->query(Landroid/net/Uri;[Ljava/lang/String;Ljava/lang/String;[Ljava/lang/String;Ljava/lang/String;)Landroid/database/Cursor;
03-10 02:04:53.898  4015  4037 D M_InsDal: Lcom/csipsimple/utils/PreferencesWrapper;--->getPreferenceBooleanValue(Ljava/lang/String;)Ljava/lang/Boolean;
03-10 02:04:53.898  4015  4037 D M_InsDal: Lcom/csipsimple/utils/PreferencesWrapper;--->gPrefBooleanValue(Landroid/content/SharedPreferences;Ljava/lang/String;)Ljava/lang/Boolean;
03-10 02:04:53.899  3987  3987 D M_InsDal: Lcom/csipsimple/utils/Log;--->d(Ljava/lang/String;Ljava/lang/String;)V
03-10 02:04:53.910  3987  3987 D M_InsDal: Lcom/csipsimple/widgets/CSSListFragment;--->onActivityCreated(Landroid/os/Bundle;)V
03-10 02:04:53.910  3987  3987 D M_InsDal: Lcom/csipsimple/ui/outgoingcall/OutgoingCallListFragment;--->onActivityCreated(Landroid/os/Bundle;)V
03-10 02:04:53.911  3987  3987 D M_InsDal: Lcom/csipsimple/ui/outgoingcall/OutgoingCallListFragment;--->onResume()V
03-10 02:04:53.911  3987  3987 D M_InsDal: Lcom/csipsimple/ui/outgoingcall/OutgoingCallListFragment;--->attachAdapter()V
03-10 02:04:53.911  3987  3987 D M_InsDal: Lcom/csipsimple/ui/outgoingcall/OutgoingAccountsAdapter;---><init>(Lcom/csipsimple/ui/outgoingcall/OutgoingCallListFragment;Landroid/database/Cursor;)V
03-10 02:04:53.911  3987  3987 D M_InsDal: Lcom/csipsimple/ui/outgoingcall/OutgoingAccountsAdapter;--->areAllItemsEnabled()Z
03-10 02:04:53.911  3987  3987 D M_InsDal: Lcom/csipsimple/ui/outgoingcall/OutgoingCallListFragment;--->onCreateLoader(ILandroid/os/Bundle;)Landroid/support/v4/content/Loader;
03-10 02:04:53.911  3987  3987 D M_InsDal: Lcom/csipsimple/ui/outgoingcall/OutgoingCallChooser;--->getPhoneNumber()Ljava/lang/String;
03-10 02:04:53.912  3987  3987 D M_InsDal: Lcom/csipsimple/ui/outgoingcall/OutgoingCallChooser;--->shouldIgnoreRewritingRules()Z
03-10 02:04:53.912  3987  3987 D M_InsDal: Lcom/csipsimple/ui/outgoingcall/OutgoingCallChooser;--->getPhoneNumber()Ljava/lang/String;
03-10 02:04:53.912  3987  3987 D M_InsDal: Lcom/csipsimple/ui/account/AccountsLoader;---><init>(Landroid/content/Context;Ljava/lang/String;Z)V
03-10 02:04:53.912  3987  3987 D M_InsDal: Lcom/csipsimple/ui/account/AccountsLoader;--->initHandlers()V
03-10 02:04:53.912  3987  3987 D M_InsDal: Lcom/csipsimple/utils/CallHandlerPlugin;--->initHandler()V
03-10 02:04:53.912  3987  3987 D M_InsDal: Lcom/csipsimple/ui/account/AccountsLoader;--->onStartLoading()V
03-10 02:04:53.912  3987  4091 D M_InsDal: Lcom/csipsimple/ui/account/AccountsLoader;--->loadInBackground()Landroid/database/Cursor;
03-10 02:04:53.914  3987  4091 D M_InsDal: Lcom/csipsimple/utils/PreferencesProviderWrapper;---><init>(Landroid/content/Context;)V
03-10 02:04:53.914  3987  4091 D M_InsDal: Lcom/csipsimple/utils/PreferencesProviderWrapper;--->isValidConnectionForOutgoing()Z
03-10 02:04:53.914  3987  4091 D M_InsDal: Lcom/csipsimple/utils/PreferencesProviderWrapper;--->getPreferenceBooleanValue(Ljava/lang/String;Z)Z
03-10 02:04:53.914  3987  4091 D M_InsDal: Lcom/csipsimple/api/SipConfigManager;--->getPreferenceBooleanValue(Landroid/content/Context;Ljava/lang/String;Ljava/lang/Boolean;)Ljava/lang/Boolean;
03-10 02:04:53.914  3987  4091 D M_InsDal: Lcom/csipsimple/api/SipConfigManager;--->getPrefUriForKey(Ljava/lang/String;)Landroid/net/Uri;
03-10 02:04:53.915  4015  4043 D M_InsDal: Lcom/csipsimple/service/PreferenceProvider;--->query(Landroid/net/Uri;[Ljava/lang/String;Ljava/lang/String;[Ljava/lang/String;Ljava/lang/String;)Landroid/database/Cursor;
03-10 02:04:53.915  4015  4043 D M_InsDal: Lcom/csipsimple/utils/PreferencesWrapper;--->getPreferenceBooleanValue(Ljava/lang/String;)Ljava/lang/Boolean;
03-10 02:04:53.915  4015  4043 D M_InsDal: Lcom/csipsimple/utils/PreferencesWrapper;--->gPrefBooleanValue(Landroid/content/SharedPreferences;Ljava/lang/String;)Ljava/lang/Boolean;
03-10 02:04:53.916  3987  4091 D M_InsDal: Lcom/csipsimple/utils/PreferencesProviderWrapper;--->isValidConnectionFor(Landroid/net/NetworkInfo;Ljava/lang/String;)Z
03-10 02:04:53.916  3987  4091 D M_InsDal: Lcom/csipsimple/utils/PreferencesProviderWrapper;--->isValidWifiConnectionFor(Landroid/net/NetworkInfo;Ljava/lang/String;)Z
03-10 02:04:53.916  3987  4091 D M_InsDal: Lcom/csipsimple/utils/PreferencesProviderWrapper;--->getPreferenceBooleanValue(Ljava/lang/String;Z)Z
03-10 02:04:53.916  3987  4091 D M_InsDal: Lcom/csipsimple/api/SipConfigManager;--->getPreferenceBooleanValue(Landroid/content/Context;Ljava/lang/String;Ljava/lang/Boolean;)Ljava/lang/Boolean;
03-10 02:04:53.916  3987  4091 D M_InsDal: Lcom/csipsimple/api/SipConfigManager;--->getPrefUriForKey(Ljava/lang/String;)Landroid/net/Uri;
03-10 02:04:53.917  4015  4043 D M_InsDal: Lcom/csipsimple/service/PreferenceProvider;--->query(Landroid/net/Uri;[Ljava/lang/String;Ljava/lang/String;[Ljava/lang/String;Ljava/lang/String;)Landroid/database/Cursor;
03-10 02:04:53.917  3987  3987 D M_InsDal: Lcom/csipsimple/ui/account/AccountsLoader;--->onStopLoading()V
03-10 02:04:53.917  4015  4043 D M_InsDal: Lcom/csipsimple/utils/PreferencesWrapper;--->getPreferenceBooleanValue(Ljava/lang/String;)Ljava/lang/Boolean;
03-10 02:04:53.917  4015  4043 D M_InsDal: Lcom/csipsimple/utils/PreferencesWrapper;--->gPrefBooleanValue(Landroid/content/SharedPreferences;Ljava/lang/String;)Ljava/lang/Boolean;
03-10 02:04:53.917  3987  3987 D M_InsDal: Lcom/csipsimple/widgets/CSSListFragment;--->onLoaderReset(Landroid/support/v4/content/Loader;)V
03-10 02:04:53.917  3987  3987 D M_InsDal: Lcom/csipsimple/ui/outgoingcall/OutgoingCallListFragment;--->changeCursor(Landroid/database/Cursor;)V
03-10 02:04:53.917  3987  3987 D M_InsDal: Lcom/csipsimple/ui/account/AccountsLoader;--->onReset()V
03-10 02:04:53.917  3987  3987 D M_InsDal: Lcom/csipsimple/ui/account/AccountsLoader;--->onStopLoading()V
03-10 02:04:53.917  3987  3987 D M_InsDal: Lcom/csipsimple/ui/account/AccountsLoader;--->onReleaseResources(Landroid/database/Cursor;)V
03-10 02:04:53.918  3987  3987 D M_InsDal: Lcom/csipsimple/ui/account/AccountsLoader;--->onReset()V
03-10 02:04:53.918  3987  3987 D M_InsDal: Lcom/csipsimple/ui/account/AccountsLoader;--->onStopLoading()V
03-10 02:04:53.918  3987  3987 D M_InsDal: Lcom/csipsimple/ui/outgoingcall/OutgoingCallChooser;--->onDestroy()V
03-10 02:04:53.918  3987  3987 D M_InsDal: Lcom/csipsimple/ui/outgoingcall/OutgoingCallChooser;--->resetInternals()V
03-10 02:04:53.920  3987  4091 D M_InsDal: Lcom/csipsimple/utils/Log;--->d(Ljava/lang/String;Ljava/lang/String;)V
03-10 02:04:53.920  3987  4091 D M_InsDal: Lcom/csipsimple/api/SipProfile;--->getAllProfiles(Landroid/content/Context;Z[Ljava/lang/String;)Ljava/util/ArrayList;
03-10 02:04:53.920  3987  4091 D M_InsDal: Lcom/csipsimple/db/DBProvider;--->query(Landroid/net/Uri;[Ljava/lang/String;Ljava/lang/String;[Ljava/lang/String;Ljava/lang/String;)Landroid/database/Cursor;
03-10 02:04:53.923  3987  4091 D M_InsDal: Lcom/csipsimple/utils/CallHandlerPlugin;--->getAvailableCallHandlers(Landroid/content/Context;)Ljava/util/Map;
03-10 02:04:53.923  3987  4091 D M_InsDal: Lcom/csipsimple/utils/CallHandlerPlugin;--->getAccountIdForCallHandler(Landroid/content/Context;Ljava/lang/String;)Ljava/lang/Long;
03-10 02:04:53.923  3987  4091 D M_InsDal: Lcom/csipsimple/models/Filter;--->isCallableNumber(Landroid/content/Context;JLjava/lang/String;)Z
03-10 02:04:53.923  3987  4091 D M_InsDal: Lcom/csipsimple/models/Filter;--->getFiltersForAccount(Landroid/content/Context;J)Ljava/util/List;
03-10 02:04:53.923  3987  4091 D M_InsDal: Lcom/csipsimple/models/Filter;--->isMustCallNumber(Landroid/content/Context;JLjava/lang/String;)Z
03-10 02:04:53.923  3987  4091 D M_InsDal: Lcom/csipsimple/models/Filter;--->getFiltersForAccount(Landroid/content/Context;J)Ljava/util/List;
03-10 02:04:53.923  3987  4091 D M_InsDal: Lcom/csipsimple/ui/account/AccountsLoader$FilteredProfile;---><init>(Lcom/csipsimple/ui/account/AccountsLoader;Ljava/lang/String;Z)V
03-10 02:04:53.923  3987  4091 D M_InsDal: Lcom/csipsimple/api/SipProfile;---><init>()V
03-10 02:04:53.923  3987  4091 D M_InsDal: Lcom/csipsimple/utils/CallHandlerPlugin;--->getAccountIdForCallHandler(Landroid/content/Context;Ljava/lang/String;)Ljava/lang/Long;
03-10 02:04:53.923  3987  4091 D M_InsDal: Lcom/csipsimple/utils/CallHandlerPlugin;---><init>(Landroid/content/Context;)V
03-10 02:04:53.923  3987  4091 D M_InsDal: Lcom/csipsimple/models/Filter;--->rewritePhoneNumber(Landroid/content/Context;JLjava/lang/String;)Ljava/lang/String;
03-10 02:04:53.923  3987  4091 D M_InsDal: Lcom/csipsimple/models/Filter;--->getFiltersForAccount(Landroid/content/Context;J)Ljava/util/List;
03-10 02:04:53.923  3987  4091 D M_InsDal: Lcom/csipsimple/ui/account/AccountsLoader$FilteredProfile$1;---><init>(Lcom/csipsimple/ui/account/AccountsLoader$FilteredProfile;Ljava/util/concurrent/Semaphore;)V
03-10 02:04:53.923  3987  4091 D M_InsDal: Lcom/csipsimple/utils/CallHandlerPlugin;--->loadFrom(Ljava/lang/Long;Ljava/lang/String;Lcom/csipsimple/utils/CallHandlerPlugin$OnLoadListener;)V
03-10 02:04:53.923  3987  4091 D M_InsDal: Lcom/csipsimple/utils/CallHandlerPlugin;--->getAvailableCallHandlers(Landroid/content/Context;)Ljava/util/Map;
03-10 02:04:53.923  3987  4091 D M_InsDal: Lcom/csipsimple/utils/CallHandlerPlugin;--->getAccountIdForCallHandler(Landroid/content/Context;Ljava/lang/String;)Ljava/lang/Long;
03-10 02:04:53.923  3987  4091 D M_InsDal: Lcom/csipsimple/utils/CallHandlerPlugin;--->loadFrom(Ljava/lang/String;Ljava/lang/String;Lcom/csipsimple/utils/CallHandlerPlugin$OnLoadListener;)V
03-10 02:04:53.923  3987  4091 D M_InsDal: Lcom/csipsimple/utils/CallHandlerPlugin$1;---><init>(Lcom/csipsimple/utils/CallHandlerPlugin;Ljava/lang/String;)V
03-10 02:04:53.924  3987  3987 D M_InsDal: Lcom/csipsimple/service/SipService;--->onStart(Landroid/content/Intent;I)V
03-10 02:04:53.924  3987  3987 D M_InsDal: Lcom/csipsimple/service/SipService;--->registerForOutgoing(Landroid/content/ComponentName;)V
03-10 02:04:53.924  3987  3987 D M_InsDal: Lcom/csipsimple/service/SipService;--->isConnectivityValid()Z
03-10 02:04:53.924  3987  3987 D M_InsDal: Lcom/csipsimple/utils/PreferencesProviderWrapper;--->getPreferenceBooleanValue(Ljava/lang/String;Z)Z
03-10 02:04:53.924  3987  3987 D M_InsDal: Lcom/csipsimple/api/SipConfigManager;--->getPreferenceBooleanValue(Landroid/content/Context;Ljava/lang/String;Ljava/lang/Boolean;)Ljava/lang/Boolean;
03-10 02:04:53.924  3987  3987 D M_InsDal: Lcom/csipsimple/api/SipConfigManager;--->getPrefUriForKey(Ljava/lang/String;)Landroid/net/Uri;
03-10 02:04:53.924  4015  4043 D M_InsDal: Lcom/csipsimple/service/PreferenceProvider;--->query(Landroid/net/Uri;[Ljava/lang/String;Ljava/lang/String;[Ljava/lang/String;Ljava/lang/String;)Landroid/database/Cursor;
03-10 02:04:53.924  4015  4043 D M_InsDal: Lcom/csipsimple/utils/PreferencesWrapper;--->getPreferenceBooleanValue(Ljava/lang/String;)Ljava/lang/Boolean;
03-10 02:04:53.924  4015  4043 D M_InsDal: Lcom/csipsimple/utils/PreferencesWrapper;--->gPrefBooleanValue(Landroid/content/SharedPreferences;Ljava/lang/String;)Ljava/lang/Boolean;
03-10 02:04:53.932  3987  3987 D M_InsDal: Lcom/csipsimple/utils/PreferencesProviderWrapper;--->isValidConnectionForIncoming()Z
03-10 02:04:53.932  3987  3987 D M_InsDal: Lcom/csipsimple/utils/PreferencesProviderWrapper;--->isValidConnectionFor(Landroid/net/NetworkInfo;Ljava/lang/String;)Z
03-10 02:04:53.932  3987  3987 D M_InsDal: Lcom/csipsimple/utils/PreferencesProviderWrapper;--->isValidWifiConnectionFor(Landroid/net/NetworkInfo;Ljava/lang/String;)Z
03-10 02:04:53.932  3987  3987 D M_InsDal: Lcom/csipsimple/utils/PreferencesProviderWrapper;--->getPreferenceBooleanValue(Ljava/lang/String;Z)Z
03-10 02:04:53.932  3987  3987 D M_InsDal: Lcom/csipsimple/api/SipConfigManager;--->getPreferenceBooleanValue(Landroid/content/Context;Ljava/lang/String;Ljava/lang/Boolean;)Ljava/lang/Boolean;
03-10 02:04:53.932  3987  3987 D M_InsDal: Lcom/csipsimple/api/SipConfigManager;--->getPrefUriForKey(Ljava/lang/String;)Landroid/net/Uri;
03-10 02:04:53.932  4015  4037 D M_InsDal: Lcom/csipsimple/service/PreferenceProvider;--->query(Landroid/net/Uri;[Ljava/lang/String;Ljava/lang/String;[Ljava/lang/String;Ljava/lang/String;)Landroid/database/Cursor;
03-10 02:04:53.932  4015  4037 D M_InsDal: Lcom/csipsimple/utils/PreferencesWrapper;--->getPreferenceBooleanValue(Ljava/lang/String;)Ljava/lang/Boolean;
03-10 02:04:53.932  4015  4037 D M_InsDal: Lcom/csipsimple/utils/PreferencesWrapper;--->gPrefBooleanValue(Landroid/content/SharedPreferences;Ljava/lang/String;)Ljava/lang/Boolean;
03-10 02:04:53.934  3987  3987 D M_InsDal: Lcom/csipsimple/utils/Log;--->d(Ljava/lang/String;Ljava/lang/String;)V
03-10 02:04:53.934  3987  3987 D M_InsDal: Lcom/csipsimple/utils/PreferencesProviderWrapper;--->isValidConnectionForOutgoing()Z
03-10 02:04:53.934  3987  3987 D M_InsDal: Lcom/csipsimple/utils/PreferencesProviderWrapper;--->getPreferenceBooleanValue(Ljava/lang/String;Z)Z
03-10 02:04:53.934  3987  3987 D M_InsDal: Lcom/csipsimple/api/SipConfigManager;--->getPreferenceBooleanValue(Landroid/content/Context;Ljava/lang/String;Ljava/lang/Boolean;)Ljava/lang/Boolean;
03-10 02:04:53.934  3987  3987 D M_InsDal: Lcom/csipsimple/api/SipConfigManager;--->getPrefUriForKey(Ljava/lang/String;)Landroid/net/Uri;
03-10 02:04:53.934  4015  4037 D M_InsDal: Lcom/csipsimple/service/PreferenceProvider;--->query(Landroid/net/Uri;[Ljava/lang/String;Ljava/lang/String;[Ljava/lang/String;Ljava/lang/String;)Landroid/database/Cursor;
03-10 02:04:53.934  4015  4037 D M_InsDal: Lcom/csipsimple/utils/PreferencesWrapper;--->getPreferenceBooleanValue(Ljava/lang/String;)Ljava/lang/Boolean;
03-10 02:04:53.934  4015  4037 D M_InsDal: Lcom/csipsimple/utils/PreferencesWrapper;--->gPrefBooleanValue(Landroid/content/SharedPreferences;Ljava/lang/String;)Ljava/lang/Boolean;
03-10 02:04:53.935  3987  3987 D M_InsDal: Lcom/csipsimple/utils/PreferencesProviderWrapper;--->isValidConnectionFor(Landroid/net/NetworkInfo;Ljava/lang/String;)Z
03-10 02:04:53.935  3987  3987 D M_InsDal: Lcom/csipsimple/utils/PreferencesProviderWrapper;--->isValidWifiConnectionFor(Landroid/net/NetworkInfo;Ljava/lang/String;)Z
03-10 02:04:53.935  3987  3987 D M_InsDal: Lcom/csipsimple/utils/PreferencesProviderWrapper;--->getPreferenceBooleanValue(Ljava/lang/String;Z)Z
03-10 02:04:53.935  3987  3987 D M_InsDal: Lcom/csipsimple/api/SipConfigManager;--->getPreferenceBooleanValue(Landroid/content/Context;Ljava/lang/String;Ljava/lang/Boolean;)Ljava/lang/Boolean;
03-10 02:04:53.935  3987  3987 D M_InsDal: Lcom/csipsimple/api/SipConfigManager;--->getPrefUriForKey(Ljava/lang/String;)Landroid/net/Uri;
03-10 02:04:53.936  4015  4037 D M_InsDal: Lcom/csipsimple/service/PreferenceProvider;--->query(Landroid/net/Uri;[Ljava/lang/String;Ljava/lang/String;[Ljava/lang/String;Ljava/lang/String;)Landroid/database/Cursor;
03-10 02:04:53.936  4015  4037 D M_InsDal: Lcom/csipsimple/utils/PreferencesWrapper;--->getPreferenceBooleanValue(Ljava/lang/String;)Ljava/lang/Boolean;
03-10 02:04:53.936  4015  4037 D M_InsDal: Lcom/csipsimple/utils/PreferencesWrapper;--->gPrefBooleanValue(Landroid/content/SharedPreferences;Ljava/lang/String;)Ljava/lang/Boolean;
03-10 02:04:53.937  3987  3987 D M_InsDal: Lcom/csipsimple/utils/Log;--->d(Ljava/lang/String;Ljava/lang/String;)V
03-10 02:04:53.937  3987  3987 D M_InsDal: Lcom/csipsimple/service/SipService;--->loadStack()Z
03-10 02:04:53.937  3987  3987 D M_InsDal: Lcom/csipsimple/pjsip/PjSipService;--->setService(Lcom/csipsimple/service/SipService;)V
03-10 02:04:53.937  3987  3987 D M_InsDal: Lcom/csipsimple/service/SipService;--->getPrefs()Lcom/csipsimple/utils/PreferencesProviderWrapper;
03-10 02:04:53.937  3987  3987 D M_InsDal: Lcom/csipsimple/pjsip/PjSipService;--->tryToLoadStack()Z
03-10 02:04:53.948  3987  3987 D M_InsDal: Lcom/csipsimple/ui/outgoingcall/OutgoingCallChooser$1;--->onServiceConnected(Landroid/content/ComponentName;Landroid/os/IBinder;)V
03-10 02:04:53.948  3987  3987 D M_InsDal: Lcom/csipsimple/api/ISipService$Stub;--->asInterface(Landroid/os/IBinder;)Lcom/csipsimple/api/ISipService;
03-10 02:04:53.948  3987  3987 D M_InsDal: Lcom/csipsimple/plugins/telephony/CallHandler;---><init>()V
03-10 02:04:53.948  3987  3987 D M_InsDal: Lcom/csipsimple/plugins/telephony/CallHandler;--->onReceive(Landroid/content/Context;Landroid/content/Intent;)V
03-10 02:04:53.948  3987  3987 D M_InsDal: Lcom/csipsimple/utils/PhoneCapabilityTester;--->isPhone(Landroid/content/Context;)Z
03-10 02:04:53.950  3987  4044 D M_InsDal: Lcom/csipsimple/utils/CallHandlerPlugin$1;--->onReceive(Landroid/content/Context;Landroid/content/Intent;)V
03-10 02:04:53.950  3987  4044 D M_InsDal: Lcom/csipsimple/utils/CallHandlerPlugin;--->fillWith(Ljava/lang/String;Landroid/os/Bundle;)V
03-10 02:04:53.950  3987  4044 D M_InsDal: Lcom/csipsimple/utils/CallHandlerPlugin;--->getAccountIdForCallHandler(Landroid/content/Context;Ljava/lang/String;)Ljava/lang/Long;
03-10 02:04:53.950  3987  4044 D M_InsDal: Lcom/csipsimple/ui/account/AccountsLoader$FilteredProfile$1;--->onLoad(Lcom/csipsimple/utils/CallHandlerPlugin;)V
03-10 02:04:53.950  3987  4044 D M_InsDal: Lcom/csipsimple/utils/Log;--->d(Ljava/lang/String;Ljava/lang/String;)V
03-10 02:04:53.951  3987  4091 D M_InsDal: Lcom/csipsimple/utils/CallHandlerPlugin;--->getLabel()Ljava/lang/String;
03-10 02:04:53.951  3987  4091 D M_InsDal: Lcom/csipsimple/utils/CallHandlerPlugin;--->getIcon()Landroid/graphics/Bitmap;
03-10 02:04:53.951  3987  4091 D M_InsDal: Lcom/csipsimple/ui/account/AccountsLoader;--->createCursorForAccount(Lcom/csipsimple/ui/account/AccountsLoader$FilteredProfile;)Landroid/database/Cursor;
03-10 02:04:53.951  3987  4091 D M_InsDal: Lcom/csipsimple/ui/account/AccountsLoader$FilteredProfile;--->rewriteNumber(Ljava/lang/String;)Ljava/lang/String;
03-10 02:04:53.951  3987  4091 D M_InsDal: Lcom/csipsimple/models/Filter;--->rewritePhoneNumber(Landroid/content/Context;JLjava/lang/String;)Ljava/lang/String;
03-10 02:04:53.951  3987  4091 D M_InsDal: Lcom/csipsimple/models/Filter;--->getFiltersForAccount(Landroid/content/Context;J)Ljava/util/List;
03-10 02:04:53.951  3987  4091 D M_InsDal: Lcom/csipsimple/ui/account/AccountsLoader$FilteredProfile;--->getStatusForOutgoing()Z
03-10 02:04:53.951  3987  4091 D M_InsDal: Lcom/csipsimple/ui/account/AccountsLoader$FilteredProfile;--->getStatusColor()I
03-10 02:04:53.955  3987  3987 D M_InsDal: Lcom/csipsimple/ui/account/AccountsLoader;--->deliverResult(Landroid/database/Cursor;)V
03-10 02:04:53.955  3987  3987 D M_InsDal: Lcom/csipsimple/widgets/CSSListFragment;--->onLoadFinished(Landroid/support/v4/content/Loader;Landroid/database/Cursor;)V
03-10 02:04:53.955  3987  3987 D M_InsDal: Lcom/csipsimple/ui/outgoingcall/OutgoingCallListFragment;--->changeCursor(Landroid/database/Cursor;)V
03-10 02:04:53.955  3987  3987 D M_InsDal: Lcom/csipsimple/ui/outgoingcall/OutgoingCallChooser;--->getAccountToCallTo()J
03-10 02:04:53.955  3987  3987 D M_InsDal: Lcom/csipsimple/ui/outgoingcall/OutgoingCallListFragment;--->placeCall(Landroid/database/Cursor;)Z
03-10 02:04:53.955  3987  3987 D M_InsDal: Lcom/csipsimple/ui/outgoingcall/OutgoingCallChooser;--->getConnectedService()Lcom/csipsimple/api/ISipService;
03-10 02:04:53.955  3987  3987 D M_InsDal: Lcom/csipsimple/ui/account/AccountsLoader;--->getCallHandlerWithAccountId(J)Lcom/csipsimple/utils/CallHandlerPlugin;
03-10 02:04:53.955  3987  3987 D M_InsDal: Lcom/csipsimple/ui/account/AccountsLoader$FilteredProfile;--->getCallHandlerPlugin()Lcom/csipsimple/utils/CallHandlerPlugin;
03-10 02:04:53.955  3987  3987 D M_InsDal: Lcom/csipsimple/utils/CallHandlerPlugin;--->getNextExcludeTelNumber()Ljava/lang/String;
03-10 02:04:53.955  3987  3987 D M_InsDal: Lcom/csipsimple/service/SipService$1;--->ignoreNextOutgoingCallFor(Ljava/lang/String;)V
03-10 02:04:53.955  3987  3987 D M_InsDal: Lcom/csipsimple/utils/CallHandlerPlugin;--->getIntent()Landroid/app/PendingIntent;
03-10 02:04:53.955  3987  3987 D M_InsDal: Lcom/csipsimple/utils/CallHandlerPlugin;--->getIntent()Landroid/app/PendingIntent;
03-10 02:04:53.955  3987  3987 D M_InsDal: Lcom/csipsimple/ui/outgoingcall/OutgoingCallListFragment$PluginCallRunnable;---><init>(Lcom/csipsimple/ui/outgoingcall/OutgoingCallListFragment;Landroid/app/PendingIntent;J)V
03-10 02:04:53.955  3987  3987 D M_InsDal: Lcom/csipsimple/utils/Log;--->d(Ljava/lang/String;Ljava/lang/String;)V
03-10 02:04:53.956  3987  3987 D M_InsDal: Lcom/csipsimple/widgets/CSSListFragment;--->setListShown(Z)V
03-10 02:04:53.956  3987  3987 D M_InsDal: Lcom/csipsimple/widgets/CSSListFragment;--->setListShown(ZZ)V
03-10 02:04:53.956  3987  3987 D M_InsDal: Lcom/csipsimple/widgets/CSSListFragment;--->ensureCustomList()V
03-10 02:04:53.956  3987  4094 D M_InsDal: Lcom/csipsimple/ui/outgoingcall/OutgoingCallListFragment$PluginCallRunnable;--->run()V
03-10 02:04:54.526  3987  4094 D M_InsDal: Lcom/csipsimple/ui/outgoingcall/OutgoingCallChooser;--->finishServiceIfNeeded(Z)V
03-10 02:04:54.738  3987  3987 D M_InsDal: Lcom/csipsimple/service/OutgoingCall;---><init>()V
03-10 02:04:54.738  3987  3987 D M_InsDal: Lcom/csipsimple/service/OutgoingCall;--->onReceive(Landroid/content/Context;Landroid/content/Intent;)V
03-10 02:04:54.740  3987  3987 D M_InsDal: Lcom/csipsimple/utils/PreferencesProviderWrapper;---><init>(Landroid/content/Context;)V
03-10 02:04:54.741  3987  3987 D M_InsDal: Lcom/csipsimple/utils/Log;--->d(Ljava/lang/String;Ljava/lang/String;)V
03-10 02:04:54.860  3987  3987 D M_InsDal: Lcom/csipsimple/ui/account/AccountsLoader;--->onStopLoading()V
03-10 02:04:54.860  3987  3987 D M_InsDal: Lcom/csipsimple/widgets/CSSListFragment;--->onLoaderReset(Landroid/support/v4/content/Loader;)V
03-10 02:04:54.860  3987  3987 D M_InsDal: Lcom/csipsimple/ui/outgoingcall/OutgoingCallListFragment;--->changeCursor(Landroid/database/Cursor;)V
03-10 02:04:54.860  3987  3987 D M_InsDal: Lcom/csipsimple/ui/account/AccountsLoader;--->onReset()V
03-10 02:04:54.860  3987  3987 D M_InsDal: Lcom/csipsimple/ui/account/AccountsLoader;--->onStopLoading()V
03-10 02:04:54.860  3987  3987 D M_InsDal: Lcom/csipsimple/ui/account/AccountsLoader;--->onReleaseResources(Landroid/database/Cursor;)V
03-10 02:04:54.861  3987  3987 D M_InsDal: Lcom/csipsimple/ui/account/AccountsLoader;--->onReset()V
03-10 02:04:54.861  3987  3987 D M_InsDal: Lcom/csipsimple/ui/account/AccountsLoader;--->onStopLoading()V
03-10 02:04:54.861  3987  3987 D M_InsDal: Lcom/csipsimple/ui/outgoingcall/OutgoingCallChooser;--->onDestroy()V
03-10 02:04:54.861  3987  3987 D M_InsDal: Lcom/csipsimple/ui/outgoingcall/OutgoingCallChooser;--->resetInternals()V
