--------- beginning of system
--------- beginning of main
03-10 01:42:51.166 22063 22063 D M_InsDal: Lcom/csipsimple/service/PreferenceProvider;---><clinit>()V
03-10 01:42:51.166 22063 22063 D M_InsDal: Lcom/csipsimple/service/PreferenceProvider;---><init>()V
03-10 01:42:51.166 22063 22063 D M_InsDal: Lcom/csipsimple/service/PreferenceProvider;--->onCreate()Z
03-10 01:42:51.167 22063 22063 D M_InsDal: Lcom/csipsimple/utils/PreferencesWrapper;---><clinit>()V
03-10 01:42:51.167 22063 22063 D M_InsDal: Lcom/csipsimple/utils/PreferencesWrapper$1;---><init>()V
03-10 01:42:51.167 22063 22063 D M_InsDal: Lcom/csipsimple/utils/CustomDistribution;--->getUserAgent()Ljava/lang/String;
03-10 01:42:51.168 22063 22063 D M_InsDal: Lcom/csipsimple/utils/PreferencesWrapper$2;---><init>()V
03-10 01:42:51.170 22063 22063 D M_InsDal: Lcom/csipsimple/utils/PreferencesWrapper$3;---><init>()V
03-10 01:42:51.170 22063 22063 D M_InsDal: Lcom/csipsimple/utils/PreferencesWrapper;---><init>(Landroid/content/Context;)V
03-10 01:42:51.170 22063 22063 D M_InsDal: Lcom/csipsimple/utils/PreferencesWrapper;--->needUpgrade()Ljava/lang/Integer;
03-10 01:42:51.170 22063 22063 D M_InsDal: Lcom/csipsimple/utils/PreferencesProviderWrapper;--->getCurrentPackageInfos(Landroid/content/Context;)Landroid/content/pm/PackageInfo;
03-10 01:42:51.172 22063 22063 D M_InsDal: Lcom/csipsimple/utils/Log;---><clinit>()V
03-10 01:42:51.172 22063 22063 D M_InsDal: Lcom/csipsimple/utils/Log;--->d(Ljava/lang/String;Ljava/lang/String;)V
03-10 01:42:51.172 22063 22063 D M_InsDal: Lcom/csipsimple/utils/Log;--->d(Ljava/lang/String;Ljava/lang/String;)V
03-10 01:42:51.172 22063 22063 D M_InsDal: Lcom/csipsimple/utils/Compatibility;--->getApiLevel()I
03-10 01:42:51.186 22063 22063 D M_InsDal: Lcom/csipsimple/ui/SipHome;---><clinit>()V
03-10 01:42:51.186 22063 22063 D M_InsDal: Lcom/csipsimple/ui/SipHome;---><init>()V
03-10 01:42:51.187 22063 22063 D M_InsDal: Lcom/csipsimple/ui/SipHome$1;---><init>(Lcom/csipsimple/ui/SipHome;)V
03-10 01:42:51.191 22063 22063 D M_InsDal: Lcom/csipsimple/ui/SipHome;--->onCreate(Landroid/os/Bundle;)V
03-10 01:42:51.192 22063 22063 D M_InsDal: Lcom/csipsimple/utils/PreferencesProviderWrapper;---><init>(Landroid/content/Context;)V
03-10 01:42:51.225 22063 22063 D M_InsDal: Lcom/csipsimple/utils/CustomDistribution;--->supportMessaging()Z
03-10 01:42:51.226 22063 22063 D M_InsDal: Lcom/csipsimple/ui/SipHome$TabsAdapter;---><init>(Lcom/csipsimple/ui/SipHome;Landroid/support/v4/app/FragmentActivity;Lcom/actionbarsherlock/app/ActionBar;Landroid/support/v4/view/ViewPager;)V
03-10 01:42:51.227 22063 22063 D M_InsDal: Lcom/csipsimple/ui/SipHome$TabsAdapter;--->addTab(Lcom/actionbarsherlock/app/ActionBar$Tab;Ljava/lang/Class;I)V
03-10 01:42:51.229 22063 22063 D M_InsDal: Lcom/csipsimple/ui/SipHome$TabsAdapter;--->onTabSelected(Lcom/actionbarsherlock/app/ActionBar$Tab;Landroid/support/v4/app/FragmentTransaction;)V
03-10 01:42:51.229 22063 22063 D M_InsDal: Lcom/csipsimple/ui/SipHome$TabsAdapter;--->clearDetails()V
03-10 01:42:51.229 22063 22063 D M_InsDal: Lcom/csipsimple/ui/SipHome$TabsAdapter;--->getCount()I
03-10 01:42:51.229 22063 22063 D M_InsDal: Lcom/csipsimple/ui/SipHome$TabsAdapter;--->getCount()I
03-10 01:42:51.229 22063 22063 D M_InsDal: Lcom/csipsimple/ui/SipHome$TabsAdapter;--->addTab(Lcom/actionbarsherlock/app/ActionBar$Tab;Ljava/lang/Class;I)V
03-10 01:42:51.229 22063 22063 D M_InsDal: Lcom/csipsimple/ui/SipHome$TabsAdapter;--->getCount()I
03-10 01:42:51.229 22063 22063 D M_InsDal: Lcom/csipsimple/ui/SipHome$TabsAdapter;--->getCount()I
03-10 01:42:51.229 22063 22063 D M_InsDal: Lcom/csipsimple/ui/SipHome$TabsAdapter;--->addTab(Lcom/actionbarsherlock/app/ActionBar$Tab;Ljava/lang/Class;I)V
03-10 01:42:51.229 22063 22063 D M_InsDal: Lcom/csipsimple/ui/SipHome$TabsAdapter;--->getCount()I
03-10 01:42:51.230 22063 22063 D M_InsDal: Lcom/csipsimple/ui/SipHome$TabsAdapter;--->getCount()I
03-10 01:42:51.230 22063 22063 D M_InsDal: Lcom/csipsimple/ui/SipHome$TabsAdapter;--->addTab(Lcom/actionbarsherlock/app/ActionBar$Tab;Ljava/lang/Class;I)V
03-10 01:42:51.230 22063 22063 D M_InsDal: Lcom/csipsimple/ui/SipHome$TabsAdapter;--->getCount()I
03-10 01:42:51.230 22063 22063 D M_InsDal: Lcom/csipsimple/ui/SipHome$TabsAdapter;--->getCount()I
03-10 01:42:51.230 22063 22063 D M_InsDal: Lcom/csipsimple/utils/PreferencesProviderWrapper;--->getPreferenceBooleanValue(Ljava/lang/String;)Z
03-10 01:42:51.230 22063 22063 D M_InsDal: Lcom/csipsimple/api/SipConfigManager;---><clinit>()V
03-10 01:42:51.230 22063 22063 D M_InsDal: Lcom/csipsimple/api/SipConfigManager;--->getPreferenceBooleanValue(Landroid/content/Context;Ljava/lang/String;)Ljava/lang/Boolean;
03-10 01:42:51.230 22063 22063 D M_InsDal: Lcom/csipsimple/api/SipConfigManager;--->getPreferenceBooleanValue(Landroid/content/Context;Ljava/lang/String;Ljava/lang/Boolean;)Ljava/lang/Boolean;
03-10 01:42:51.230 22063 22063 D M_InsDal: Lcom/csipsimple/api/SipConfigManager;--->getPrefUriForKey(Ljava/lang/String;)Landroid/net/Uri;
03-10 01:42:51.234 22063 22063 D M_InsDal: Lcom/csipsimple/service/PreferenceProvider;--->query(Landroid/net/Uri;[Ljava/lang/String;Ljava/lang/String;[Ljava/lang/String;Ljava/lang/String;)Landroid/database/Cursor;
03-10 01:42:51.235 22063 22063 D M_InsDal: Lcom/csipsimple/utils/PreferencesWrapper;--->getPreferenceBooleanValue(Ljava/lang/String;)Ljava/lang/Boolean;
03-10 01:42:51.235 22063 22063 D M_InsDal: Lcom/csipsimple/utils/PreferencesWrapper;--->gPrefBooleanValue(Landroid/content/SharedPreferences;Ljava/lang/String;)Ljava/lang/Boolean;
03-10 01:42:51.235 22063 22063 D M_InsDal: Lcom/csipsimple/ui/SipHome;--->selectTabWithAction(Landroid/content/Intent;)V
03-10 01:42:51.235 22063 22063 D M_InsDal: Lcom/csipsimple/utils/PreferencesProviderWrapper;--->getLogLevel()I
03-10 01:42:51.235 22063 22063 D M_InsDal: Lcom/csipsimple/api/SipConfigManager;--->getPreferenceIntegerValue(Landroid/content/Context;Ljava/lang/String;Ljava/lang/Integer;)Ljava/lang/Integer;
03-10 01:42:51.235 22063 22063 D M_InsDal: Lcom/csipsimple/api/SipConfigManager;--->getPrefUriForKey(Ljava/lang/String;)Landroid/net/Uri;
03-10 01:42:51.235 22063 22063 D M_InsDal: Lcom/csipsimple/service/PreferenceProvider;--->query(Landroid/net/Uri;[Ljava/lang/String;Ljava/lang/String;[Ljava/lang/String;Ljava/lang/String;)Landroid/database/Cursor;
03-10 01:42:51.235 22063 22063 D M_InsDal: Lcom/csipsimple/utils/PreferencesWrapper;--->getPreferenceIntegerValue(Ljava/lang/String;)Ljava/lang/Integer;
03-10 01:42:51.235 22063 22063 D M_InsDal: Lcom/csipsimple/utils/PreferencesWrapper;--->getPreferenceStringValue(Ljava/lang/String;)Ljava/lang/String;
03-10 01:42:51.235 22063 22063 D M_InsDal: Lcom/csipsimple/utils/PreferencesWrapper;--->gPrefStringValue(Landroid/content/SharedPreferences;Ljava/lang/String;)Ljava/lang/String;
03-10 01:42:51.235 22063 22063 D M_InsDal: Lcom/csipsimple/utils/Log;--->setLogLevel(I)V
03-10 01:42:51.235 22063 22063 D M_InsDal: Lcom/csipsimple/ui/SipHome$2;---><init>(Lcom/csipsimple/ui/SipHome;)V
03-10 01:42:51.235 22063 22095 D M_InsDal: Lcom/csipsimple/ui/SipHome$2;--->run()V
03-10 01:42:51.236 22063 22095 D M_InsDal: Lcom/csipsimple/ui/SipHome;--->asyncSanityCheck()V
03-10 01:42:51.236 22063 22095 D M_InsDal: Lcom/csipsimple/utils/NightlyUpdater;--->isNightlyBuild(Landroid/content/Context;)Z
03-10 01:42:51.236 22063 22095 D M_InsDal: Lcom/csipsimple/utils/NightlyUpdater;--->getApplicationMetaData(Landroid/content/Context;)Landroid/os/Bundle;
03-10 01:42:51.236 22063 22095 D M_InsDal: Lcom/csipsimple/ui/warnings/WarningUtils;---><clinit>()V
03-10 01:42:51.236 22063 22095 D M_InsDal: Lcom/csipsimple/ui/warnings/WarningUtils;--->shouldWarnPrivilegedIntent(Landroid/content/Context;Lcom/csipsimple/utils/PreferencesProviderWrapper;)Z
03-10 01:42:51.236 22063 22095 D M_InsDal: Lcom/csipsimple/ui/warnings/WarningUtils;--->getIgnoreKey(Ljava/lang/String;)Ljava/lang/String;
03-10 01:42:51.236 22063 22095 D M_InsDal: Lcom/csipsimple/utils/PreferencesProviderWrapper;--->getPreferenceBooleanValue(Ljava/lang/String;Z)Z
03-10 01:42:51.236 22063 22095 D M_InsDal: Lcom/csipsimple/api/SipConfigManager;--->getPreferenceBooleanValue(Landroid/content/Context;Ljava/lang/String;Ljava/lang/Boolean;)Ljava/lang/Boolean;
03-10 01:42:51.236 22063 22095 D M_InsDal: Lcom/csipsimple/api/SipConfigManager;--->getPrefUriForKey(Ljava/lang/String;)Landroid/net/Uri;
03-10 01:42:51.237 22063 22095 D M_InsDal: Lcom/csipsimple/service/PreferenceProvider;--->query(Landroid/net/Uri;[Ljava/lang/String;Ljava/lang/String;[Ljava/lang/String;Ljava/lang/String;)Landroid/database/Cursor;
03-10 01:42:51.237 22063 22095 D M_InsDal: Lcom/csipsimple/utils/PreferencesWrapper;--->getPreferenceBooleanValue(Ljava/lang/String;)Ljava/lang/Boolean;
03-10 01:42:51.237 22063 22095 D M_InsDal: Lcom/csipsimple/utils/PreferencesWrapper;--->gPrefBooleanValue(Landroid/content/SharedPreferences;Ljava/lang/String;)Ljava/lang/Boolean;
03-10 01:42:51.237 22063 22095 D M_InsDal: Lcom/csipsimple/utils/PreferencesProviderWrapper;--->getPreferenceBooleanValue(Ljava/lang/String;Z)Z
03-10 01:42:51.237 22063 22095 D M_InsDal: Lcom/csipsimple/api/SipConfigManager;--->getPreferenceBooleanValue(Landroid/content/Context;Ljava/lang/String;Ljava/lang/Boolean;)Ljava/lang/Boolean;
03-10 01:42:51.237 22063 22095 D M_InsDal: Lcom/csipsimple/api/SipConfigManager;--->getPrefUriForKey(Ljava/lang/String;)Landroid/net/Uri;
03-10 01:42:51.237 22063 22095 D M_InsDal: Lcom/csipsimple/service/PreferenceProvider;--->query(Landroid/net/Uri;[Ljava/lang/String;Ljava/lang/String;[Ljava/lang/String;Ljava/lang/String;)Landroid/database/Cursor;
03-10 01:42:51.237 22063 22095 D M_InsDal: Lcom/csipsimple/utils/PreferencesWrapper;--->getPreferenceBooleanValue(Ljava/lang/String;)Ljava/lang/Boolean;
03-10 01:42:51.237 22063 22095 D M_InsDal: Lcom/csipsimple/utils/PreferencesWrapper;--->gPrefBooleanValue(Landroid/content/SharedPreferences;Ljava/lang/String;)Ljava/lang/Boolean;
03-10 01:42:51.237 22063 22095 D M_InsDal: Lcom/csipsimple/utils/PhoneCapabilityTester;---><clinit>()V
03-10 01:42:51.237 22063 22095 D M_InsDal: Lcom/csipsimple/utils/PhoneCapabilityTester;--->isPhone(Landroid/content/Context;)Z
03-10 01:42:51.237 22063 22095 D M_InsDal: Lcom/csipsimple/utils/PhoneCapabilityTester;--->initialize(Landroid/content/Context;)V
03-10 01:42:51.238 22063 22063 D M_InsDal: Lcom/csipsimple/ui/SipHome;--->onResume()V
03-10 01:42:51.238 22063 22063 D M_InsDal: Lcom/csipsimple/utils/Log;--->d(Ljava/lang/String;Ljava/lang/String;)V
03-10 01:42:51.238 22063 22063 D M_InsDal: Lcom/csipsimple/utils/PreferencesProviderWrapper;--->setPreferenceBooleanValue(Ljava/lang/String;Z)V
03-10 01:42:51.238 22063 22063 D M_InsDal: Lcom/csipsimple/api/SipConfigManager;--->setPreferenceBooleanValue(Landroid/content/Context;Ljava/lang/String;Z)V
03-10 01:42:51.238 22063 22063 D M_InsDal: Lcom/csipsimple/api/SipConfigManager;--->getPrefUriForKey(Ljava/lang/String;)Landroid/net/Uri;
03-10 01:42:51.238 22063 22063 D M_InsDal: Lcom/csipsimple/service/PreferenceProvider;--->update(Landroid/net/Uri;Landroid/content/ContentValues;Ljava/lang/String;[Ljava/lang/String;)I
03-10 01:42:51.238 22063 22063 D M_InsDal: Lcom/csipsimple/utils/PreferencesWrapper;--->setPreferenceBooleanValue(Ljava/lang/String;Z)V
03-10 01:42:51.238 22063 22063 D M_InsDal: Lcom/csipsimple/ui/SipHome;--->sendFragmentVisibilityChange(IZ)V
03-10 01:42:51.238 22063 22063 D M_InsDal: Lcom/csipsimple/ui/SipHome;--->getFragmentAt(I)Landroid/support/v4/app/Fragment;
03-10 01:42:51.238 22063 22063 D M_InsDal: Lcom/csipsimple/ui/SipHome$TabsAdapter;--->getIdForPosition(I)Ljava/lang/Integer;
03-10 01:42:51.238 22063 22063 D M_InsDal: Lcom/csipsimple/utils/Log;--->d(Ljava/lang/String;Ljava/lang/String;)V
03-10 01:42:51.238 22063 22063 D M_InsDal: Lcom/csipsimple/ui/SipHome;--->startSipService()V
03-10 01:42:51.239 22063 22063 D M_InsDal: Lcom/csipsimple/ui/SipHome$3;---><init>(Lcom/csipsimple/ui/SipHome;Ljava/lang/String;)V
03-10 01:42:51.239 22063 22063 D M_InsDal: Lcom/csipsimple/ui/SipHome;--->applyTheme()V
03-10 01:42:51.239 22063 22063 D M_InsDal: Lcom/csipsimple/utils/Theme;--->getCurrentTheme(Landroid/content/Context;)Lcom/csipsimple/utils/Theme;
03-10 01:42:51.239 22063 22063 D M_InsDal: Lcom/csipsimple/api/SipConfigManager;--->getPreferenceStringValue(Landroid/content/Context;Ljava/lang/String;)Ljava/lang/String;
03-10 01:42:51.239 22063 22063 D M_InsDal: Lcom/csipsimple/api/SipConfigManager;--->getPreferenceStringValue(Landroid/content/Context;Ljava/lang/String;Ljava/lang/String;)Ljava/lang/String;
03-10 01:42:51.239 22063 22063 D M_InsDal: Lcom/csipsimple/api/SipConfigManager;--->getPrefUriForKey(Ljava/lang/String;)Landroid/net/Uri;
03-10 01:42:51.239 22063 22063 D M_InsDal: Lcom/csipsimple/service/PreferenceProvider;--->query(Landroid/net/Uri;[Ljava/lang/String;Ljava/lang/String;[Ljava/lang/String;Ljava/lang/String;)Landroid/database/Cursor;
03-10 01:42:51.239 22063 22063 D M_InsDal: Lcom/csipsimple/utils/PreferencesWrapper;--->getPreferenceStringValue(Ljava/lang/String;)Ljava/lang/String;
03-10 01:42:51.239 22063 22063 D M_InsDal: Lcom/csipsimple/utils/PreferencesWrapper;--->gPrefStringValue(Landroid/content/SharedPreferences;Ljava/lang/String;)Ljava/lang/String;
03-10 01:42:51.239 22063 22096 D M_InsDal: Lcom/csipsimple/ui/SipHome$3;--->run()V
03-10 01:42:51.240 22063 22095 D M_InsDal: Lcom/csipsimple/utils/PhoneCapabilityTester;--->getPriviledgedIntent(Ljava/lang/String;)Landroid/content/Intent;
03-10 01:42:51.240 22063 22095 D M_InsDal: Lcom/csipsimple/utils/PhoneCapabilityTester;--->getPossibleActivities(Landroid/content/Context;Landroid/content/Intent;)Ljava/util/List;
03-10 01:42:51.241 22063 22095 D M_InsDal: Lcom/csipsimple/utils/PhoneCapabilityTester;--->resolveActivitiesForPriviledgedCall(Landroid/content/Context;)Ljava/util/List;
03-10 01:42:51.241 22063 22095 D M_InsDal: Lcom/csipsimple/ui/SipHome;--->applyWarning(Ljava/lang/String;Z)V
03-10 01:42:51.241 22063 22095 D M_InsDal: Lcom/csipsimple/ui/warnings/WarningUtils;--->shouldWarnNoStun(Lcom/csipsimple/utils/PreferencesProviderWrapper;)Z
03-10 01:42:51.241 22063 22095 D M_InsDal: Lcom/csipsimple/ui/warnings/WarningUtils;--->getIgnoreKey(Ljava/lang/String;)Ljava/lang/String;
03-10 01:42:51.241 22063 22095 D M_InsDal: Lcom/csipsimple/utils/PreferencesProviderWrapper;--->getPreferenceBooleanValue(Ljava/lang/String;Z)Z
03-10 01:42:51.241 22063 22095 D M_InsDal: Lcom/csipsimple/api/SipConfigManager;--->getPreferenceBooleanValue(Landroid/content/Context;Ljava/lang/String;Ljava/lang/Boolean;)Ljava/lang/Boolean;
03-10 01:42:51.241 22063 22095 D M_InsDal: Lcom/csipsimple/api/SipConfigManager;--->getPrefUriForKey(Ljava/lang/String;)Landroid/net/Uri;
03-10 01:42:51.241 22063 22095 D M_InsDal: Lcom/csipsimple/service/PreferenceProvider;--->query(Landroid/net/Uri;[Ljava/lang/String;Ljava/lang/String;[Ljava/lang/String;Ljava/lang/String;)Landroid/database/Cursor;
03-10 01:42:51.241 22063 22095 D M_InsDal: Lcom/csipsimple/utils/PreferencesWrapper;--->getPreferenceBooleanValue(Ljava/lang/String;)Ljava/lang/Boolean;
03-10 01:42:51.241 22063 22095 D M_InsDal: Lcom/csipsimple/utils/PreferencesWrapper;--->gPrefBooleanValue(Landroid/content/SharedPreferences;Ljava/lang/String;)Ljava/lang/Boolean;
03-10 01:42:51.241 22063 22095 D M_InsDal: Lcom/csipsimple/utils/PreferencesProviderWrapper;--->getPreferenceBooleanValue(Ljava/lang/String;)Z
03-10 01:42:51.241 22063 22095 D M_InsDal: Lcom/csipsimple/api/SipConfigManager;--->getPreferenceBooleanValue(Landroid/content/Context;Ljava/lang/String;)Ljava/lang/Boolean;
03-10 01:42:51.241 22063 22095 D M_InsDal: Lcom/csipsimple/api/SipConfigManager;--->getPreferenceBooleanValue(Landroid/content/Context;Ljava/lang/String;Ljava/lang/Boolean;)Ljava/lang/Boolean;
03-10 01:42:51.241 22063 22095 D M_InsDal: Lcom/csipsimple/api/SipConfigManager;--->getPrefUriForKey(Ljava/lang/String;)Landroid/net/Uri;
03-10 01:42:51.241 22063 22095 D M_InsDal: Lcom/csipsimple/service/PreferenceProvider;--->query(Landroid/net/Uri;[Ljava/lang/String;Ljava/lang/String;[Ljava/lang/String;Ljava/lang/String;)Landroid/database/Cursor;
03-10 01:42:51.241 22063 22095 D M_InsDal: Lcom/csipsimple/utils/PreferencesWrapper;--->getPreferenceBooleanValue(Ljava/lang/String;)Ljava/lang/Boolean;
03-10 01:42:51.241 22063 22095 D M_InsDal: Lcom/csipsimple/utils/PreferencesWrapper;--->gPrefBooleanValue(Landroid/content/SharedPreferences;Ljava/lang/String;)Ljava/lang/Boolean;
03-10 01:42:51.241 22063 22095 D M_InsDal: Lcom/csipsimple/utils/PreferencesProviderWrapper;--->getPreferenceBooleanValue(Ljava/lang/String;)Z
03-10 01:42:51.241 22063 22095 D M_InsDal: Lcom/csipsimple/api/SipConfigManager;--->getPreferenceBooleanValue(Landroid/content/Context;Ljava/lang/String;)Ljava/lang/Boolean;
03-10 01:42:51.241 22063 22095 D M_InsDal: Lcom/csipsimple/api/SipConfigManager;--->getPreferenceBooleanValue(Landroid/content/Context;Ljava/lang/String;Ljava/lang/Boolean;)Ljava/lang/Boolean;
03-10 01:42:51.241 22063 22095 D M_InsDal: Lcom/csipsimple/api/SipConfigManager;--->getPrefUriForKey(Ljava/lang/String;)Landroid/net/Uri;
03-10 01:42:51.241 22063 22095 D M_InsDal: Lcom/csipsimple/service/PreferenceProvider;--->query(Landroid/net/Uri;[Ljava/lang/String;Ljava/lang/String;[Ljava/lang/String;Ljava/lang/String;)Landroid/database/Cursor;
03-10 01:42:51.241 22063 22095 D M_InsDal: Lcom/csipsimple/utils/PreferencesWrapper;--->getPreferenceBooleanValue(Ljava/lang/String;)Ljava/lang/Boolean;
03-10 01:42:51.241 22063 22095 D M_InsDal: Lcom/csipsimple/utils/PreferencesWrapper;--->gPrefBooleanValue(Landroid/content/SharedPreferences;Ljava/lang/String;)Ljava/lang/Boolean;
03-10 01:42:51.241 22063 22095 D M_InsDal: Lcom/csipsimple/ui/SipHome;--->applyWarning(Ljava/lang/String;Z)V
03-10 01:42:51.241 22063 22095 D M_InsDal: Lcom/csipsimple/ui/warnings/WarningUtils;--->shouldWarnVpnIcs(Lcom/csipsimple/utils/PreferencesProviderWrapper;)Z
03-10 01:42:51.241 22063 22095 D M_InsDal: Lcom/csipsimple/ui/warnings/WarningUtils;--->getIgnoreKey(Ljava/lang/String;)Ljava/lang/String;
03-10 01:42:51.241 22063 22095 D M_InsDal: Lcom/csipsimple/utils/PreferencesProviderWrapper;--->getPreferenceBooleanValue(Ljava/lang/String;Z)Z
03-10 01:42:51.241 22063 22095 D M_InsDal: Lcom/csipsimple/api/SipConfigManager;--->getPreferenceBooleanValue(Landroid/content/Context;Ljava/lang/String;Ljava/lang/Boolean;)Ljava/lang/Boolean;
03-10 01:42:51.241 22063 22095 D M_InsDal: Lcom/csipsimple/api/SipConfigManager;--->getPrefUriForKey(Ljava/lang/String;)Landroid/net/Uri;
03-10 01:42:51.241 22063 22095 D M_InsDal: Lcom/csipsimple/service/PreferenceProvider;--->query(Landroid/net/Uri;[Ljava/lang/String;Ljava/lang/String;[Ljava/lang/String;Ljava/lang/String;)Landroid/database/Cursor;
03-10 01:42:51.241 22063 22095 D M_InsDal: Lcom/csipsimple/utils/PreferencesWrapper;--->getPreferenceBooleanValue(Ljava/lang/String;)Ljava/lang/Boolean;
03-10 01:42:51.241 22063 22095 D M_InsDal: Lcom/csipsimple/utils/PreferencesWrapper;--->gPrefBooleanValue(Landroid/content/SharedPreferences;Ljava/lang/String;)Ljava/lang/Boolean;
03-10 01:42:51.242 22063 22095 D M_InsDal: Lcom/csipsimple/utils/Compatibility;--->isCompatible(I)Z
03-10 01:42:51.242 22063 22095 D M_InsDal: Lcom/csipsimple/utils/PreferencesProviderWrapper;--->getPreferenceIntegerValue(Ljava/lang/String;)I
03-10 01:42:51.242 22063 22095 D M_InsDal: Lcom/csipsimple/api/SipConfigManager;--->getPreferenceIntegerValue(Landroid/content/Context;Ljava/lang/String;)Ljava/lang/Integer;
03-10 01:42:51.242 22063 22095 D M_InsDal: Lcom/csipsimple/api/SipConfigManager;--->getPreferenceIntegerValue(Landroid/content/Context;Ljava/lang/String;Ljava/lang/Integer;)Ljava/lang/Integer;
03-10 01:42:51.242 22063 22095 D M_InsDal: Lcom/csipsimple/api/SipConfigManager;--->getPrefUriForKey(Ljava/lang/String;)Landroid/net/Uri;
03-10 01:42:51.242 22063 22095 D M_InsDal: Lcom/csipsimple/service/PreferenceProvider;--->query(Landroid/net/Uri;[Ljava/lang/String;Ljava/lang/String;[Ljava/lang/String;Ljava/lang/String;)Landroid/database/Cursor;
03-10 01:42:51.242 22063 22095 D M_InsDal: Lcom/csipsimple/utils/PreferencesWrapper;--->getPreferenceIntegerValue(Ljava/lang/String;)Ljava/lang/Integer;
03-10 01:42:51.242 22063 22095 D M_InsDal: Lcom/csipsimple/utils/PreferencesWrapper;--->getPreferenceStringValue(Ljava/lang/String;)Ljava/lang/String;
03-10 01:42:51.242 22063 22095 D M_InsDal: Lcom/csipsimple/utils/PreferencesWrapper;--->gPrefStringValue(Landroid/content/SharedPreferences;Ljava/lang/String;)Ljava/lang/String;
03-10 01:42:51.242 22063 22096 D M_InsDal: Lcom/csipsimple/ui/SipHome;--->postStartSipService()V
03-10 01:42:51.242 22063 22096 D M_InsDal: Lcom/csipsimple/utils/CustomDistribution;--->showFirstSettingScreen()Z
03-10 01:42:51.242 22063 22095 D M_InsDal: Lcom/csipsimple/utils/PreferencesProviderWrapper;--->getSystemProp(Ljava/lang/String;)Ljava/lang/String;
03-10 01:42:51.242 22063 22096 D M_InsDal: Lcom/csipsimple/utils/PreferencesProviderWrapper;--->getPreferenceBooleanValue(Ljava/lang/String;Z)Z
03-10 01:42:51.242 22063 22096 D M_InsDal: Lcom/csipsimple/api/SipConfigManager;--->getPreferenceBooleanValue(Landroid/content/Context;Ljava/lang/String;Ljava/lang/Boolean;)Ljava/lang/Boolean;
03-10 01:42:51.242 22063 22096 D M_InsDal: Lcom/csipsimple/api/SipConfigManager;--->getPrefUriForKey(Ljava/lang/String;)Landroid/net/Uri;
03-10 01:42:51.242 22063 22096 D M_InsDal: Lcom/csipsimple/service/PreferenceProvider;--->query(Landroid/net/Uri;[Ljava/lang/String;Ljava/lang/String;[Ljava/lang/String;Ljava/lang/String;)Landroid/database/Cursor;
03-10 01:42:51.242 22063 22096 D M_InsDal: Lcom/csipsimple/utils/PreferencesWrapper;--->getPreferenceBooleanValue(Ljava/lang/String;)Ljava/lang/Boolean;
03-10 01:42:51.242 22063 22096 D M_InsDal: Lcom/csipsimple/utils/PreferencesWrapper;--->gPrefBooleanValue(Landroid/content/SharedPreferences;Ljava/lang/String;)Ljava/lang/Boolean;
03-10 01:42:51.243 22063 22096 D M_InsDal: Lcom/csipsimple/api/SipProfile;---><clinit>()V
03-10 01:42:51.243 22063 22096 D M_InsDal: Lcom/csipsimple/api/SipProfile$1;---><init>()V
03-10 01:42:51.250 22063 22095 D M_InsDal: Lcom/csipsimple/utils/PreferencesProviderWrapper;--->getSystemProp(Ljava/lang/String;)Ljava/lang/String;
03-10 01:42:51.252 22063 22063 D M_InsDal: Lcom/csipsimple/ui/SipHome$1;--->run()V
03-10 01:42:51.252 22063 22063 D M_InsDal: Lcom/csipsimple/ui/SipHome;--->refreshWarningTabDisplay()V
03-10 01:42:51.252 22063 22063 D M_InsDal: Lcom/csipsimple/ui/SipHome$TabsAdapter;--->getPositionForId(I)Ljava/lang/Integer;
03-10 01:42:51.252 22063 22063 D M_InsDal: Lcom/csipsimple/ui/SipHome$1;--->run()V
03-10 01:42:51.252 22063 22063 D M_InsDal: Lcom/csipsimple/ui/SipHome;--->refreshWarningTabDisplay()V
03-10 01:42:51.253 22063 22063 D M_InsDal: Lcom/csipsimple/ui/SipHome$TabsAdapter;--->getPositionForId(I)Ljava/lang/Integer;
03-10 01:42:51.256 22063 22095 D M_InsDal: Lcom/csipsimple/ui/SipHome;--->applyWarning(Ljava/lang/String;Z)V
03-10 01:42:51.256 22063 22095 D M_InsDal: Lcom/csipsimple/ui/warnings/WarningUtils;--->shouldWarnSDCard(Landroid/content/Context;Lcom/csipsimple/utils/PreferencesProviderWrapper;)Z
03-10 01:42:51.256 22063 22095 D M_InsDal: Lcom/csipsimple/utils/Compatibility;--->isInstalledOnSdCard(Landroid/content/Context;)Z
03-10 01:42:51.256 22063 22095 D M_InsDal: Lcom/csipsimple/utils/Compatibility;--->isCompatible(I)Z
03-10 01:42:51.257 22063 22095 D M_InsDal: Lcom/csipsimple/ui/SipHome;--->applyWarning(Ljava/lang/String;Z)V
03-10 01:42:51.266 22063 22063 D M_InsDal: Lcom/csipsimple/ui/SipHome$TabsAdapter;--->getCount()I
03-10 01:42:51.266 22063 22063 D M_InsDal: Lcom/csipsimple/ui/SipHome$TabsAdapter;--->getItem(I)Landroid/support/v4/app/Fragment;
03-10 01:42:51.266 22063 22063 D M_InsDal: Lcom/csipsimple/ui/dialpad/DialerFragment;---><init>()V
03-10 01:42:51.266 22063 22063 D M_InsDal: Lcom/csipsimple/ui/dialpad/DialerFragment$1;---><init>(Lcom/csipsimple/ui/dialpad/DialerFragment;)V
03-10 01:42:51.266 22063 22063 D M_InsDal: Lcom/csipsimple/ui/dialpad/DialerFragment$2;---><init>(Lcom/csipsimple/ui/dialpad/DialerFragment;)V
03-10 01:42:51.266 22063 22063 D M_InsDal: Lcom/csipsimple/ui/dialpad/DialerFragment$3;---><init>(Lcom/csipsimple/ui/dialpad/DialerFragment;)V
03-10 01:42:51.266 22063 22063 D M_InsDal: Lcom/csipsimple/ui/SipHome$TabsAdapter;--->getItem(I)Landroid/support/v4/app/Fragment;
03-10 01:42:51.266 22063 22063 D M_InsDal: Lcom/csipsimple/ui/calllog/CallLogListFragment;---><init>()V
03-10 01:42:51.266 22063 22063 D M_InsDal: Lcom/csipsimple/widgets/CSSListFragment;---><init>()V
03-10 01:42:51.266 22063 22063 D M_InsDal: Lcom/csipsimple/ui/SipHome$TabsAdapter;--->getCount()I
03-10 01:42:51.267 22063 22063 D M_InsDal: Lcom/csipsimple/ui/dialpad/DialerFragment;--->onAttach(Landroid/app/Activity;)V
03-10 01:42:51.268 22063 22063 D M_InsDal: Lcom/csipsimple/utils/PreferencesWrapper;---><init>(Landroid/content/Context;)V
03-10 01:42:51.268 22063 22063 D M_InsDal: Lcom/csipsimple/utils/DialingFeedback;---><init>(Landroid/app/Activity;Z)V
03-10 01:42:51.268 22063 22063 D M_InsDal: Lcom/csipsimple/utils/PreferencesWrapper;---><init>(Landroid/content/Context;)V
03-10 01:42:51.268 22063 22063 D M_InsDal: Lcom/csipsimple/utils/DialingFeedback;--->resume()V
03-10 01:42:51.268 22063 22063 D M_InsDal: Lcom/csipsimple/utils/PreferencesWrapper;--->dialPressTone()Z
03-10 01:42:51.268 22063 22063 D M_InsDal: Lcom/csipsimple/utils/PreferencesWrapper;--->getPreferenceIntegerValue(Ljava/lang/String;)Ljava/lang/Integer;
03-10 01:42:51.268 22063 22063 D M_InsDal: Lcom/csipsimple/utils/PreferencesWrapper;--->getPreferenceStringValue(Ljava/lang/String;)Ljava/lang/String;
03-10 01:42:51.268 22063 22063 D M_InsDal: Lcom/csipsimple/utils/PreferencesWrapper;--->gPrefStringValue(Landroid/content/SharedPreferences;Ljava/lang/String;)Ljava/lang/String;
03-10 01:42:51.269 22063 22063 D M_InsDal: Lcom/csipsimple/utils/PreferencesWrapper;--->dialPressVibrate()Z
03-10 01:42:51.269 22063 22063 D M_InsDal: Lcom/csipsimple/utils/PreferencesWrapper;--->getPreferenceIntegerValue(Ljava/lang/String;)Ljava/lang/Integer;
03-10 01:42:51.269 22063 22063 D M_InsDal: Lcom/csipsimple/utils/PreferencesWrapper;--->getPreferenceStringValue(Ljava/lang/String;)Ljava/lang/String;
03-10 01:42:51.269 22063 22063 D M_InsDal: Lcom/csipsimple/utils/PreferencesWrapper;--->gPrefStringValue(Landroid/content/SharedPreferences;Ljava/lang/String;)Ljava/lang/String;
03-10 01:42:51.282 22063 22063 D M_InsDal: Lcom/csipsimple/ui/SipHome;--->onAttachFragment(Landroid/support/v4/app/Fragment;)V
03-10 01:42:51.283 22063 22063 D M_InsDal: Lcom/csipsimple/ui/SipHome$TabsAdapter;--->getIdForPosition(I)Ljava/lang/Integer;
03-10 01:42:51.283 22063 22063 D M_InsDal: Lcom/csipsimple/ui/dialpad/DialerFragment;--->onCreate(Landroid/os/Bundle;)V
03-10 01:42:51.285 22063 22063 D M_InsDal: Lcom/csipsimple/utils/contacts/ContactsSearchAdapter;---><init>(Landroid/content/Context;)V
03-10 01:42:51.285 22063 22063 D M_InsDal: Lcom/csipsimple/ui/dialpad/DialerFragment$OnAutoCompleteListItemClicked;---><init>(Lcom/csipsimple/ui/dialpad/DialerFragment;Lcom/csipsimple/utils/contacts/ContactsSearchAdapter;)V
03-10 01:42:51.285 22063 22063 D M_InsDal: Lcom/csipsimple/utils/PreferencesWrapper;--->startIsDigit()Z
03-10 01:42:51.285 22063 22063 D M_InsDal: Lcom/csipsimple/ui/dialpad/DialerFragment;--->onCreateView(Landroid/view/LayoutInflater;Landroid/view/ViewGroup;Landroid/os/Bundle;)Landroid/view/View;
03-10 01:42:51.286 22063 22063 D M_InsDal: Lcom/csipsimple/ui/dialpad/DialerLayout;---><init>(Landroid/content/Context;Landroid/util/AttributeSet;)V
03-10 01:42:51.286 22063 22063 D M_InsDal: Lcom/csipsimple/ui/dialpad/DialerLayout;--->init()V
03-10 01:42:51.287 22063 22063 D M_InsDal: Lcom/csipsimple/ui/dialpad/DigitsEditText;---><init>(Landroid/content/Context;Landroid/util/AttributeSet;)V
03-10 01:42:51.290 22063 22063 D M_InsDal: Lcom/csipsimple/ui/dialpad/DigitsEditText;--->isTextSelectable()Z
03-10 01:42:51.290 22063 22063 D M_InsDal: Lcom/csipsimple/ui/dialpad/DigitsEditText;--->onSelectionChanged(II)V
03-10 01:42:51.291 22101 22101 D M_InsDal: Lcom/csipsimple/db/DBProvider;---><clinit>()V
03-10 01:42:51.292 22101 22101 D M_InsDal: Lcom/csipsimple/db/DBProvider;---><init>()V
03-10 01:42:51.293 22101 22101 D M_InsDal: Lcom/csipsimple/db/DBProvider;--->onCreate()Z
03-10 01:42:51.293 22101 22101 D M_InsDal: Lcom/csipsimple/db/DBAdapter$DatabaseHelper;---><init>(Landroid/content/Context;)V
03-10 01:42:51.296 22101 22101 D M_InsDal: Lcom/csipsimple/service/SipService;---><clinit>()V
03-10 01:42:51.296 22101 22101 D M_InsDal: Lcom/csipsimple/service/SipService;---><init>()V
03-10 01:42:51.296 22101 22101 D M_InsDal: Lcom/csipsimple/service/SipService$1;---><init>(Lcom/csipsimple/service/SipService;)V
03-10 01:42:51.296 22101 22101 D M_InsDal: Lcom/csipsimple/api/ISipService$Stub;---><init>()V
03-10 01:42:51.297 22063 22063 D M_InsDal: Lcom/csipsimple/widgets/AccountChooserButton;---><clinit>()V
03-10 01:42:51.297 22063 22063 D M_InsDal: Lcom/csipsimple/widgets/AccountChooserButton;---><init>(Landroid/content/Context;Landroid/util/AttributeSet;)V
03-10 01:42:51.297 22101 22101 D M_InsDal: Lcom/csipsimple/service/SipService$2;---><init>(Lcom/csipsimple/service/SipService;)V
03-10 01:42:51.297 22101 22101 D M_InsDal: Lcom/csipsimple/api/ISipConfiguration$Stub;---><init>()V
03-10 01:42:51.297 22101 22101 D M_InsDal: Lcom/csipsimple/service/SipService$ServiceHandler;---><init>(Lcom/csipsimple/service/SipService;)V
03-10 01:42:51.297 22101 22101 D M_InsDal: Lcom/csipsimple/api/SipManager$PresenceStatus;---><clinit>()V
03-10 01:42:51.297 22101 22101 D M_InsDal: Lcom/csipsimple/api/SipManager$PresenceStatus;---><init>(Ljava/lang/String;I)V
03-10 01:42:51.297 22101 22101 D M_InsDal: Lcom/csipsimple/api/SipManager$PresenceStatus;---><init>(Ljava/lang/String;I)V
03-10 01:42:51.297 22101 22101 D M_InsDal: Lcom/csipsimple/service/SipService;--->onCreate()V
03-10 01:42:51.297 22101 22101 D M_InsDal: Lcom/csipsimple/utils/Log;---><clinit>()V
03-10 01:42:51.297 22101 22101 D M_InsDal: Lcom/csipsimple/utils/Log;--->i(Ljava/lang/String;Ljava/lang/String;)V
03-10 01:42:51.298 22101 22101 D M_InsDal: Lcom/csipsimple/utils/PreferencesProviderWrapper;---><init>(Landroid/content/Context;)V
03-10 01:42:51.298 22063 22063 D M_InsDal: Lcom/csipsimple/widgets/AccountChooserButton;--->setAccount(Lcom/csipsimple/api/SipProfile;)V
03-10 01:42:51.298 22063 22063 D M_InsDal: Lcom/csipsimple/utils/Compatibility;--->canMakeGSMCall(Landroid/content/Context;)Z
03-10 01:42:51.298 22063 22063 D M_InsDal: Lcom/csipsimple/utils/PreferencesWrapper;---><init>(Landroid/content/Context;)V
03-10 01:42:51.299 22063 22063 D M_InsDal: Lcom/csipsimple/utils/PreferencesWrapper;--->getGsmIntegrationType()I
03-10 01:42:51.299 22101 22101 D M_InsDal: Lcom/csipsimple/utils/PreferencesProviderWrapper;--->getLogLevel()I
03-10 01:42:51.299 22063 22063 D M_InsDal: Lcom/csipsimple/utils/PreferencesWrapper;--->getPreferenceStringValue(Ljava/lang/String;)Ljava/lang/String;
03-10 01:42:51.299 22063 22063 D M_InsDal: Lcom/csipsimple/utils/PreferencesWrapper;--->gPrefStringValue(Landroid/content/SharedPreferences;Ljava/lang/String;)Ljava/lang/String;
03-10 01:42:51.299 22063 22063 D M_InsDal: Lcom/csipsimple/utils/PhoneCapabilityTester;--->isPhone(Landroid/content/Context;)Z
03-10 01:42:51.300 22101 22101 D M_InsDal: Lcom/csipsimple/api/SipConfigManager;---><clinit>()V
03-10 01:42:51.300 22101 22101 D M_InsDal: Lcom/csipsimple/api/SipConfigManager;--->getPreferenceIntegerValue(Landroid/content/Context;Ljava/lang/String;Ljava/lang/Integer;)Ljava/lang/Integer;
03-10 01:42:51.300 22101 22101 D M_InsDal: Lcom/csipsimple/api/SipConfigManager;--->getPrefUriForKey(Ljava/lang/String;)Landroid/net/Uri;
03-10 01:42:51.301 22101 22129 D M_InsDal: Lcom/csipsimple/db/DBProvider;--->query(Landroid/net/Uri;[Ljava/lang/String;Ljava/lang/String;[Ljava/lang/String;Ljava/lang/String;)Landroid/database/Cursor;
03-10 01:42:51.301 22063 22063 D M_InsDal: Lcom/csipsimple/widgets/Dialpad;---><clinit>()V
03-10 01:42:51.301 22063 22063 D M_InsDal: Lcom/csipsimple/widgets/Dialpad;---><init>(Landroid/content/Context;Landroid/util/AttributeSet;)V
03-10 01:42:51.302 22063 22080 D M_InsDal: Lcom/csipsimple/service/PreferenceProvider;--->query(Landroid/net/Uri;[Ljava/lang/String;Ljava/lang/String;[Ljava/lang/String;Ljava/lang/String;)Landroid/database/Cursor;
03-10 01:42:51.302 22063 22080 D M_InsDal: Lcom/csipsimple/utils/PreferencesWrapper;--->getPreferenceIntegerValue(Ljava/lang/String;)Ljava/lang/Integer;
03-10 01:42:51.302 22063 22080 D M_InsDal: Lcom/csipsimple/utils/PreferencesWrapper;--->getPreferenceStringValue(Ljava/lang/String;)Ljava/lang/String;
03-10 01:42:51.302 22063 22080 D M_InsDal: Lcom/csipsimple/utils/PreferencesWrapper;--->gPrefStringValue(Landroid/content/SharedPreferences;Ljava/lang/String;)Ljava/lang/String;
03-10 01:42:51.305 22101 22101 D M_InsDal: Lcom/csipsimple/utils/Log;--->setLogLevel(I)V
03-10 01:42:51.306 22101 22101 D M_InsDal: Lcom/csipsimple/service/SipNotifications;---><clinit>()V
03-10 01:42:51.306 22101 22101 D M_InsDal: Lcom/csipsimple/service/SipNotifications;---><init>(Landroid/content/Context;)V
03-10 01:42:51.306 22101 22101 D M_InsDal: Lcom/csipsimple/service/SipNotifications;--->cancelAll()V
03-10 01:42:51.306 22101 22101 D M_InsDal: Lcom/csipsimple/service/SipNotifications;--->cancelMessages()V
03-10 01:42:51.306 22101 22101 D M_InsDal: Lcom/csipsimple/service/SipNotifications;--->cancelMissedCalls()V
03-10 01:42:51.307 22101 22101 D M_InsDal: Lcom/csipsimple/service/SipNotifications;--->cancelVoicemails()V
03-10 01:42:51.307 22101 22101 D M_InsDal: Lcom/csipsimple/service/SipNotifications;--->cancelCalls()V
03-10 01:42:51.307 22101 22101 D M_InsDal: Lcom/csipsimple/utils/Compatibility;--->isCompatible(I)Z
03-10 01:42:51.307 22101 22101 D M_InsDal: Lcom/csipsimple/service/SipNotifications;--->onServiceCreate()V
03-10 01:42:51.308 22101 22101 D M_InsDal: Lcom/csipsimple/service/SipWakeLock;---><init>(Landroid/os/PowerManager;)V
03-10 01:42:51.308 22101 22101 D M_InsDal: Lcom/csipsimple/utils/PreferencesProviderWrapper;--->getPreferenceBooleanValue(Ljava/lang/String;Z)Z
03-10 01:42:51.308 22101 22101 D M_InsDal: Lcom/csipsimple/api/SipConfigManager;--->getPreferenceBooleanValue(Landroid/content/Context;Ljava/lang/String;Ljava/lang/Boolean;)Ljava/lang/Boolean;
03-10 01:42:51.308 22101 22101 D M_InsDal: Lcom/csipsimple/api/SipConfigManager;--->getPrefUriForKey(Ljava/lang/String;)Landroid/net/Uri;
03-10 01:42:51.308 22063 22080 D M_InsDal: Lcom/csipsimple/service/PreferenceProvider;--->query(Landroid/net/Uri;[Ljava/lang/String;Ljava/lang/String;[Ljava/lang/String;Ljava/lang/String;)Landroid/database/Cursor;
03-10 01:42:51.308 22063 22080 D M_InsDal: Lcom/csipsimple/utils/PreferencesWrapper;--->getPreferenceBooleanValue(Ljava/lang/String;)Ljava/lang/Boolean;
03-10 01:42:51.308 22063 22080 D M_InsDal: Lcom/csipsimple/utils/PreferencesWrapper;--->gPrefBooleanValue(Landroid/content/SharedPreferences;Ljava/lang/String;)Ljava/lang/Boolean;
03-10 01:42:51.310 22101 22101 D M_InsDal: Lcom/csipsimple/utils/Log;--->d(Ljava/lang/String;Ljava/lang/String;)V
03-10 01:42:51.310 22101 22101 D M_InsDal: Lcom/csipsimple/service/PresenceManager;---><clinit>()V
03-10 01:42:51.310 22101 22101 D M_InsDal: Lcom/csipsimple/service/PresenceManager;---><init>()V
03-10 01:42:51.310 22101 22101 D M_InsDal: Lcom/csipsimple/service/SipService;--->onBind(Landroid/content/Intent;)Landroid/os/IBinder;
03-10 01:42:51.310 22063 22096 D M_InsDal: Lcom/csipsimple/utils/CustomDistribution;--->getCustomDistributionWizard()Lcom/csipsimple/wizards/WizardUtils$WizardInfo;
03-10 01:42:51.310 22101 22101 D M_InsDal: Lcom/csipsimple/utils/Log;--->d(Ljava/lang/String;Ljava/lang/String;)V
03-10 01:42:51.310 22101 22101 D M_InsDal: Lcom/csipsimple/utils/Log;--->d(Ljava/lang/String;Ljava/lang/String;)V
03-10 01:42:51.311 22101 22101 D M_InsDal: Lcom/csipsimple/service/SipService;--->onStart(Landroid/content/Intent;I)V
03-10 01:42:51.311 22101 22101 D M_InsDal: Lcom/csipsimple/service/SipService;--->registerForOutgoing(Landroid/content/ComponentName;)V
03-10 01:42:51.311 22101 22101 D M_InsDal: Lcom/csipsimple/service/SipService;--->isConnectivityValid()Z
03-10 01:42:51.311 22101 22101 D M_InsDal: Lcom/csipsimple/utils/PreferencesProviderWrapper;--->getPreferenceBooleanValue(Ljava/lang/String;Z)Z
03-10 01:42:51.311 22101 22101 D M_InsDal: Lcom/csipsimple/api/SipConfigManager;--->getPreferenceBooleanValue(Landroid/content/Context;Ljava/lang/String;Ljava/lang/Boolean;)Ljava/lang/Boolean;
03-10 01:42:51.311 22101 22101 D M_InsDal: Lcom/csipsimple/api/SipConfigManager;--->getPrefUriForKey(Ljava/lang/String;)Landroid/net/Uri;
03-10 01:42:51.312 22063 22080 D M_InsDal: Lcom/csipsimple/service/PreferenceProvider;--->query(Landroid/net/Uri;[Ljava/lang/String;Ljava/lang/String;[Ljava/lang/String;Ljava/lang/String;)Landroid/database/Cursor;
03-10 01:42:51.312 22063 22080 D M_InsDal: Lcom/csipsimple/utils/PreferencesWrapper;--->getPreferenceBooleanValue(Ljava/lang/String;)Ljava/lang/Boolean;
03-10 01:42:51.312 22063 22080 D M_InsDal: Lcom/csipsimple/utils/PreferencesWrapper;--->gPrefBooleanValue(Landroid/content/SharedPreferences;Ljava/lang/String;)Ljava/lang/Boolean;
03-10 01:42:51.316 22101 22101 D M_InsDal: Lcom/csipsimple/utils/PreferencesProviderWrapper;--->isValidConnectionForIncoming()Z
03-10 01:42:51.316 22101 22101 D M_InsDal: Lcom/csipsimple/utils/PreferencesProviderWrapper;--->isValidConnectionFor(Landroid/net/NetworkInfo;Ljava/lang/String;)Z
03-10 01:42:51.316 22101 22101 D M_InsDal: Lcom/csipsimple/utils/PreferencesProviderWrapper;--->isValidWifiConnectionFor(Landroid/net/NetworkInfo;Ljava/lang/String;)Z
03-10 01:42:51.316 22101 22101 D M_InsDal: Lcom/csipsimple/utils/PreferencesProviderWrapper;--->getPreferenceBooleanValue(Ljava/lang/String;Z)Z
03-10 01:42:51.316 22101 22101 D M_InsDal: Lcom/csipsimple/api/SipConfigManager;--->getPreferenceBooleanValue(Landroid/content/Context;Ljava/lang/String;Ljava/lang/Boolean;)Ljava/lang/Boolean;
03-10 01:42:51.316 22101 22101 D M_InsDal: Lcom/csipsimple/api/SipConfigManager;--->getPrefUriForKey(Ljava/lang/String;)Landroid/net/Uri;
03-10 01:42:51.317 22063 22080 D M_InsDal: Lcom/csipsimple/service/PreferenceProvider;--->query(Landroid/net/Uri;[Ljava/lang/String;Ljava/lang/String;[Ljava/lang/String;Ljava/lang/String;)Landroid/database/Cursor;
03-10 01:42:51.317 22063 22080 D M_InsDal: Lcom/csipsimple/utils/PreferencesWrapper;--->getPreferenceBooleanValue(Ljava/lang/String;)Ljava/lang/Boolean;
03-10 01:42:51.317 22063 22080 D M_InsDal: Lcom/csipsimple/utils/PreferencesWrapper;--->gPrefBooleanValue(Landroid/content/SharedPreferences;Ljava/lang/String;)Ljava/lang/Boolean;
03-10 01:42:51.321 22101 22101 D M_InsDal: Lcom/csipsimple/utils/Log;--->d(Ljava/lang/String;Ljava/lang/String;)V
03-10 01:42:51.321 22101 22101 D M_InsDal: Lcom/csipsimple/utils/PreferencesProviderWrapper;--->isValidConnectionForOutgoing()Z
03-10 01:42:51.321 22101 22101 D M_InsDal: Lcom/csipsimple/utils/PreferencesProviderWrapper;--->getPreferenceBooleanValue(Ljava/lang/String;Z)Z
03-10 01:42:51.321 22101 22101 D M_InsDal: Lcom/csipsimple/api/SipConfigManager;--->getPreferenceBooleanValue(Landroid/content/Context;Ljava/lang/String;Ljava/lang/Boolean;)Ljava/lang/Boolean;
03-10 01:42:51.321 22101 22101 D M_InsDal: Lcom/csipsimple/api/SipConfigManager;--->getPrefUriForKey(Ljava/lang/String;)Landroid/net/Uri;
03-10 01:42:51.321 22063 22083 D M_InsDal: Lcom/csipsimple/service/PreferenceProvider;--->query(Landroid/net/Uri;[Ljava/lang/String;Ljava/lang/String;[Ljava/lang/String;Ljava/lang/String;)Landroid/database/Cursor;
03-10 01:42:51.321 22063 22083 D M_InsDal: Lcom/csipsimple/utils/PreferencesWrapper;--->getPreferenceBooleanValue(Ljava/lang/String;)Ljava/lang/Boolean;
03-10 01:42:51.321 22063 22083 D M_InsDal: Lcom/csipsimple/utils/PreferencesWrapper;--->gPrefBooleanValue(Landroid/content/SharedPreferences;Ljava/lang/String;)Ljava/lang/Boolean;
03-10 01:42:51.324 22101 22101 D M_InsDal: Lcom/csipsimple/utils/PreferencesProviderWrapper;--->isValidConnectionFor(Landroid/net/NetworkInfo;Ljava/lang/String;)Z
03-10 01:42:51.324 22101 22101 D M_InsDal: Lcom/csipsimple/utils/PreferencesProviderWrapper;--->isValidWifiConnectionFor(Landroid/net/NetworkInfo;Ljava/lang/String;)Z
03-10 01:42:51.324 22101 22101 D M_InsDal: Lcom/csipsimple/utils/PreferencesProviderWrapper;--->getPreferenceBooleanValue(Ljava/lang/String;Z)Z
03-10 01:42:51.324 22101 22101 D M_InsDal: Lcom/csipsimple/api/SipConfigManager;--->getPreferenceBooleanValue(Landroid/content/Context;Ljava/lang/String;Ljava/lang/Boolean;)Ljava/lang/Boolean;
03-10 01:42:51.324 22101 22101 D M_InsDal: Lcom/csipsimple/api/SipConfigManager;--->getPrefUriForKey(Ljava/lang/String;)Landroid/net/Uri;
03-10 01:42:51.324 22063 22083 D M_InsDal: Lcom/csipsimple/service/PreferenceProvider;--->query(Landroid/net/Uri;[Ljava/lang/String;Ljava/lang/String;[Ljava/lang/String;Ljava/lang/String;)Landroid/database/Cursor;
03-10 01:42:51.324 22063 22083 D M_InsDal: Lcom/csipsimple/utils/PreferencesWrapper;--->getPreferenceBooleanValue(Ljava/lang/String;)Ljava/lang/Boolean;
03-10 01:42:51.324 22063 22083 D M_InsDal: Lcom/csipsimple/utils/PreferencesWrapper;--->gPrefBooleanValue(Landroid/content/SharedPreferences;Ljava/lang/String;)Ljava/lang/Boolean;
03-10 01:42:51.325 22101 22101 D M_InsDal: Lcom/csipsimple/utils/Log;--->d(Ljava/lang/String;Ljava/lang/String;)V
03-10 01:42:51.325 22101 22101 D M_InsDal: Lcom/csipsimple/service/SipService;--->loadStack()Z
03-10 01:42:51.325 22101 22101 D M_InsDal: Lcom/csipsimple/pjsip/PjSipService;---><clinit>()V
03-10 01:42:51.325 22101 22101 D M_InsDal: Lcom/csipsimple/pjsip/PjSipService;---><init>()V
03-10 01:42:51.326 22101 22101 D M_InsDal: Lcom/csipsimple/pjsip/PjSipService;--->setService(Lcom/csipsimple/service/SipService;)V
03-10 01:42:51.326 22101 22101 D M_InsDal: Lcom/csipsimple/service/SipService;--->getPrefs()Lcom/csipsimple/utils/PreferencesProviderWrapper;
03-10 01:42:51.326 22101 22101 D M_InsDal: Lcom/csipsimple/pjsip/PjSipService;--->tryToLoadStack()Z
03-10 01:42:51.328 22063 22063 D M_InsDal: Lcom/csipsimple/widgets/Dialpad;--->onFinishInflate()V
03-10 01:42:51.329 22101 22101 D M_InsDal: Lcom/csipsimple/utils/Log;--->e(Ljava/lang/String;Ljava/lang/String;Ljava/lang/Throwable;)V
03-10 01:42:51.329 22101 22101 D M_InsDal: Lcom/csipsimple/service/SipService;--->notifyUserOfMessage(Ljava/lang/String;)V
03-10 01:42:51.330 22063 22063 D M_InsDal: Lcom/csipsimple/widgets/DialerCallBar;---><init>(Landroid/content/Context;Landroid/util/AttributeSet;)V
03-10 01:42:51.330 22063 22063 D M_InsDal: Lcom/csipsimple/widgets/DialerCallBar;---><init>(Landroid/content/Context;Landroid/util/AttributeSet;I)V
03-10 01:42:51.330 22101 22101 D M_InsDal: Lcom/csipsimple/service/SipService$ServiceHandler;--->handleMessage(Landroid/os/Message;)V
03-10 01:42:51.335 22063 22063 D M_InsDal: Lcom/csipsimple/ui/dialpad/DialerLayout;--->setForceNoList(Z)V
03-10 01:42:51.335 22063 22063 D M_InsDal: Lcom/csipsimple/widgets/AccountChooserButton;--->setShowExternals(Z)V
03-10 01:42:51.335 22063 22063 D M_InsDal: Lcom/csipsimple/widgets/AccountChooserButton;--->setOnAccountChangeListener(Lcom/csipsimple/widgets/AccountChooserButton$OnAccountChangeListener;)V
03-10 01:42:51.335 22063 22063 D M_InsDal: Lcom/csipsimple/widgets/Dialpad;--->setOnDialKeyListener(Lcom/csipsimple/widgets/Dialpad$OnDialKeyListener;)V
03-10 01:42:51.336 22063 22063 D M_InsDal: Lcom/csipsimple/widgets/DialerCallBar;--->setOnDialActionListener(Lcom/csipsimple/widgets/DialerCallBar$OnDialActionListener;)V
03-10 01:42:51.336 22063 22063 D M_InsDal: Lcom/csipsimple/utils/PreferencesWrapper;--->getPreferenceBooleanValue(Ljava/lang/String;)Ljava/lang/Boolean;
03-10 01:42:51.336 22063 22063 D M_InsDal: Lcom/csipsimple/utils/PreferencesWrapper;--->gPrefBooleanValue(Landroid/content/SharedPreferences;Ljava/lang/String;)Ljava/lang/Boolean;
03-10 01:42:51.336 22063 22063 D M_InsDal: Lcom/csipsimple/widgets/DialerCallBar;--->setVideoEnabled(Z)V
03-10 01:42:51.336 22063 22063 D M_InsDal: Lcom/csipsimple/ui/dialpad/DialerFragment;--->initButtons(Landroid/view/View;)V
03-10 01:42:51.336 22063 22063 D M_InsDal: Lcom/csipsimple/ui/dialpad/DialerFragment;--->attachButtonListener(Landroid/view/View;IZ)V
03-10 01:42:51.336 22063 22063 D M_InsDal: Lcom/csipsimple/ui/dialpad/DialerFragment;--->attachButtonListener(Landroid/view/View;IZ)V
03-10 01:42:51.336 22063 22063 D M_InsDal: Lcom/csipsimple/ui/dialpad/DialerFragment;--->afterTextChanged(Landroid/text/Editable;)V
03-10 01:42:51.336 22063 22063 D M_InsDal: Lcom/csipsimple/widgets/DialerCallBar;--->setEnabled(Z)V
03-10 01:42:51.336 22063 22063 D M_InsDal: Lcom/csipsimple/ui/dialpad/DialerFragment;--->hasAutocompleteList()Z
03-10 01:42:51.336 22063 22063 D M_InsDal: Lcom/csipsimple/ui/dialpad/DialerLayout;--->canShowList()Z
03-10 01:42:51.336 22063 22063 D M_InsDal: Lcom/csipsimple/ui/dialpad/DialerFragment;--->setTextDialing(ZZ)V
03-10 01:42:51.336 22063 22063 D M_InsDal: Lcom/csipsimple/ui/dialpad/DigitsEditText;--->setIsDigit(ZZ)V
03-10 01:42:51.337 22063 22063 D M_InsDal: Lcom/csipsimple/ui/dialpad/DialerFragment;--->hasAutocompleteList()Z
03-10 01:42:51.337 22063 22063 D M_InsDal: Lcom/csipsimple/ui/dialpad/DialerLayout;--->canShowList()Z
03-10 01:42:51.337 22063 22063 D M_InsDal: Lcom/csipsimple/ui/dialpad/DialerFragment;--->applyTheme(Landroid/view/View;)V
03-10 01:42:51.337 22063 22063 D M_InsDal: Lcom/csipsimple/utils/Theme;--->getCurrentTheme(Landroid/content/Context;)Lcom/csipsimple/utils/Theme;
03-10 01:42:51.337 22063 22063 D M_InsDal: Lcom/csipsimple/api/SipConfigManager;--->getPreferenceStringValue(Landroid/content/Context;Ljava/lang/String;)Ljava/lang/String;
03-10 01:42:51.337 22063 22063 D M_InsDal: Lcom/csipsimple/api/SipConfigManager;--->getPreferenceStringValue(Landroid/content/Context;Ljava/lang/String;Ljava/lang/String;)Ljava/lang/String;
03-10 01:42:51.337 22063 22063 D M_InsDal: Lcom/csipsimple/api/SipConfigManager;--->getPrefUriForKey(Ljava/lang/String;)Landroid/net/Uri;
03-10 01:42:51.337 22063 22063 D M_InsDal: Lcom/csipsimple/service/PreferenceProvider;--->query(Landroid/net/Uri;[Ljava/lang/String;Ljava/lang/String;[Ljava/lang/String;Ljava/lang/String;)Landroid/database/Cursor;
03-10 01:42:51.337 22063 22063 D M_InsDal: Lcom/csipsimple/utils/PreferencesWrapper;--->getPreferenceStringValue(Ljava/lang/String;)Ljava/lang/String;
03-10 01:42:51.337 22063 22063 D M_InsDal: Lcom/csipsimple/utils/PreferencesWrapper;--->gPrefStringValue(Landroid/content/SharedPreferences;Ljava/lang/String;)Ljava/lang/String;
03-10 01:42:51.337 22063 22063 D M_InsDal: Lcom/csipsimple/utils/Theme;--->fixRepeatableBackground(Landroid/view/View;)V
03-10 01:42:51.337 22063 22063 D M_InsDal: Lcom/csipsimple/utils/Theme;--->needRepeatableFix()Z
03-10 01:42:51.337 22063 22063 D M_InsDal: Lcom/csipsimple/utils/Compatibility;--->isCompatible(I)Z
03-10 01:42:51.338 22063 22063 D M_InsDal: Lcom/csipsimple/ui/dialpad/DigitsEditText;--->isTextSelectable()Z
03-10 01:42:51.338 22063 22063 D M_InsDal: Lcom/csipsimple/widgets/AccountChooserButton;--->onAttachedToWindow()V
03-10 01:42:51.338 22063 22063 D M_InsDal: Lcom/csipsimple/widgets/AccountChooserButton$AccountStatusContentObserver;---><init>(Lcom/csipsimple/widgets/AccountChooserButton;Landroid/os/Handler;)V
03-10 01:42:51.339 22063 22063 D M_InsDal: Lcom/csipsimple/widgets/AccountChooserButton;--->updateRegistration()V
03-10 01:42:51.339 22101 22129 D M_InsDal: Lcom/csipsimple/db/DBProvider;--->query(Landroid/net/Uri;[Ljava/lang/String;Ljava/lang/String;[Ljava/lang/String;Ljava/lang/String;)Landroid/database/Cursor;
03-10 01:42:51.341 22063 22063 D M_InsDal: Lcom/csipsimple/widgets/AccountChooserButton;--->setAccount(Lcom/csipsimple/api/SipProfile;)V
03-10 01:42:51.341 22063 22063 D M_InsDal: Lcom/csipsimple/utils/Compatibility;--->canMakeGSMCall(Landroid/content/Context;)Z
03-10 01:42:51.341 22063 22063 D M_InsDal: Lcom/csipsimple/utils/PreferencesWrapper;---><init>(Landroid/content/Context;)V
03-10 01:42:51.341 22063 22063 D M_InsDal: Lcom/csipsimple/utils/PreferencesWrapper;--->getGsmIntegrationType()I
03-10 01:42:51.341 22063 22063 D M_InsDal: Lcom/csipsimple/utils/PreferencesWrapper;--->getPreferenceStringValue(Ljava/lang/String;)Ljava/lang/String;
03-10 01:42:51.341 22063 22063 D M_InsDal: Lcom/csipsimple/utils/PreferencesWrapper;--->gPrefStringValue(Landroid/content/SharedPreferences;Ljava/lang/String;)Ljava/lang/String;
03-10 01:42:51.341 22063 22063 D M_InsDal: Lcom/csipsimple/utils/PhoneCapabilityTester;--->isPhone(Landroid/content/Context;)Z
03-10 01:42:51.341 22063 22063 D M_InsDal: Lcom/csipsimple/ui/dialpad/DialerFragment$3;--->onChooseAccount(Lcom/csipsimple/api/SipProfile;)V
03-10 01:42:51.341 22063 22063 D M_InsDal: Lcom/csipsimple/utils/contacts/ContactsSearchAdapter;--->setSelectedAccount(J)V
03-10 01:42:51.342 22063 22063 D M_InsDal: Lcom/csipsimple/ui/dialpad/DialerFragment;--->onResume()V
03-10 01:42:51.342 22063 22063 D M_InsDal: Lcom/csipsimple/utils/PreferencesWrapper;--->getPreferenceBooleanValue(Ljava/lang/String;)Ljava/lang/Boolean;
03-10 01:42:51.342 22063 22063 D M_InsDal: Lcom/csipsimple/utils/PreferencesWrapper;--->gPrefBooleanValue(Landroid/content/SharedPreferences;Ljava/lang/String;)Ljava/lang/Boolean;
03-10 01:42:51.342 22063 22063 D M_InsDal: Lcom/csipsimple/widgets/DialerCallBar;--->setVideoEnabled(Z)V
03-10 01:42:51.342 22063 22063 D M_InsDal: Lcom/csipsimple/ui/SipHome;--->onAttachFragment(Landroid/support/v4/app/Fragment;)V
03-10 01:42:51.342 22063 22063 D M_InsDal: Lcom/csipsimple/ui/SipHome$TabsAdapter;--->getIdForPosition(I)Ljava/lang/Integer;
03-10 01:42:51.342 22063 22063 D M_InsDal: Lcom/csipsimple/ui/calllog/CallLogListFragment;--->onCreateView(Landroid/view/LayoutInflater;Landroid/view/ViewGroup;Landroid/os/Bundle;)Landroid/view/View;
