--------- beginning of system
--------- beginning of main
03-10 01:43:25.532 22432 22432 D M_InsDal: Lcom/csipsimple/service/PreferenceProvider;---><clinit>()V
03-10 01:43:25.532 22432 22432 D M_InsDal: Lcom/csipsimple/service/PreferenceProvider;---><init>()V
03-10 01:43:25.532 22432 22432 D M_InsDal: Lcom/csipsimple/service/PreferenceProvider;--->onCreate()Z
03-10 01:43:25.533 22432 22432 D M_InsDal: Lcom/csipsimple/utils/PreferencesWrapper;---><clinit>()V
03-10 01:43:25.533 22432 22432 D M_InsDal: Lcom/csipsimple/utils/PreferencesWrapper$1;---><init>()V
03-10 01:43:25.535 22432 22432 D M_InsDal: Lcom/csipsimple/utils/CustomDistribution;--->getUserAgent()Ljava/lang/String;
03-10 01:43:25.536 22432 22432 D M_InsDal: Lcom/csipsimple/utils/PreferencesWrapper$2;---><init>()V
03-10 01:43:25.537 22432 22432 D M_InsDal: Lcom/csipsimple/utils/PreferencesWrapper$3;---><init>()V
03-10 01:43:25.538 22432 22432 D M_InsDal: Lcom/csipsimple/utils/PreferencesWrapper;---><init>(Landroid/content/Context;)V
03-10 01:43:25.538 22432 22432 D M_InsDal: Lcom/csipsimple/utils/PreferencesWrapper;--->needUpgrade()Ljava/lang/Integer;
03-10 01:43:25.538 22432 22432 D M_InsDal: Lcom/csipsimple/utils/PreferencesProviderWrapper;--->getCurrentPackageInfos(Landroid/content/Context;)Landroid/content/pm/PackageInfo;
03-10 01:43:25.540 22432 22432 D M_InsDal: Lcom/csipsimple/utils/Log;---><clinit>()V
03-10 01:43:25.540 22432 22432 D M_InsDal: Lcom/csipsimple/utils/Log;--->d(Ljava/lang/String;Ljava/lang/String;)V
03-10 01:43:25.540 22432 22432 D M_InsDal: Lcom/csipsimple/utils/Log;--->d(Ljava/lang/String;Ljava/lang/String;)V
03-10 01:43:25.540 22432 22432 D M_InsDal: Lcom/csipsimple/utils/Compatibility;--->getApiLevel()I
03-10 01:43:25.549 22432 22432 D M_InsDal: Lcom/csipsimple/ui/SipHome;---><clinit>()V
03-10 01:43:25.549 22432 22432 D M_InsDal: Lcom/csipsimple/ui/SipHome;---><init>()V
03-10 01:43:25.550 22432 22432 D M_InsDal: Lcom/csipsimple/ui/SipHome$1;---><init>(Lcom/csipsimple/ui/SipHome;)V
03-10 01:43:25.554 22432 22432 D M_InsDal: Lcom/csipsimple/ui/SipHome;--->onCreate(Landroid/os/Bundle;)V
03-10 01:43:25.554 22432 22432 D M_InsDal: Lcom/csipsimple/utils/PreferencesProviderWrapper;---><init>(Landroid/content/Context;)V
03-10 01:43:25.587 22432 22432 D M_InsDal: Lcom/csipsimple/utils/CustomDistribution;--->supportMessaging()Z
03-10 01:43:25.589 22432 22432 D M_InsDal: Lcom/csipsimple/ui/SipHome$TabsAdapter;---><init>(Lcom/csipsimple/ui/SipHome;Landroid/support/v4/app/FragmentActivity;Lcom/actionbarsherlock/app/ActionBar;Landroid/support/v4/view/ViewPager;)V
03-10 01:43:25.589 22432 22432 D M_InsDal: Lcom/csipsimple/ui/SipHome$TabsAdapter;--->addTab(Lcom/actionbarsherlock/app/ActionBar$Tab;Ljava/lang/Class;I)V
03-10 01:43:25.591 22432 22432 D M_InsDal: Lcom/csipsimple/ui/SipHome$TabsAdapter;--->onTabSelected(Lcom/actionbarsherlock/app/ActionBar$Tab;Landroid/support/v4/app/FragmentTransaction;)V
03-10 01:43:25.591 22432 22432 D M_InsDal: Lcom/csipsimple/ui/SipHome$TabsAdapter;--->clearDetails()V
03-10 01:43:25.591 22432 22432 D M_InsDal: Lcom/csipsimple/ui/SipHome$TabsAdapter;--->getCount()I
03-10 01:43:25.591 22432 22432 D M_InsDal: Lcom/csipsimple/ui/SipHome$TabsAdapter;--->getCount()I
03-10 01:43:25.591 22432 22432 D M_InsDal: Lcom/csipsimple/ui/SipHome$TabsAdapter;--->addTab(Lcom/actionbarsherlock/app/ActionBar$Tab;Ljava/lang/Class;I)V
03-10 01:43:25.592 22432 22432 D M_InsDal: Lcom/csipsimple/ui/SipHome$TabsAdapter;--->getCount()I
03-10 01:43:25.592 22432 22432 D M_InsDal: Lcom/csipsimple/ui/SipHome$TabsAdapter;--->getCount()I
03-10 01:43:25.592 22432 22432 D M_InsDal: Lcom/csipsimple/ui/SipHome$TabsAdapter;--->addTab(Lcom/actionbarsherlock/app/ActionBar$Tab;Ljava/lang/Class;I)V
03-10 01:43:25.592 22432 22432 D M_InsDal: Lcom/csipsimple/ui/SipHome$TabsAdapter;--->getCount()I
03-10 01:43:25.592 22432 22432 D M_InsDal: Lcom/csipsimple/ui/SipHome$TabsAdapter;--->getCount()I
03-10 01:43:25.592 22432 22432 D M_InsDal: Lcom/csipsimple/ui/SipHome$TabsAdapter;--->addTab(Lcom/actionbarsherlock/app/ActionBar$Tab;Ljava/lang/Class;I)V
03-10 01:43:25.592 22432 22432 D M_InsDal: Lcom/csipsimple/ui/SipHome$TabsAdapter;--->getCount()I
03-10 01:43:25.592 22432 22432 D M_InsDal: Lcom/csipsimple/ui/SipHome$TabsAdapter;--->getCount()I
03-10 01:43:25.592 22432 22432 D M_InsDal: Lcom/csipsimple/utils/PreferencesProviderWrapper;--->getPreferenceBooleanValue(Ljava/lang/String;)Z
03-10 01:43:25.592 22432 22432 D M_InsDal: Lcom/csipsimple/api/SipConfigManager;---><clinit>()V
03-10 01:43:25.592 22432 22432 D M_InsDal: Lcom/csipsimple/api/SipConfigManager;--->getPreferenceBooleanValue(Landroid/content/Context;Ljava/lang/String;)Ljava/lang/Boolean;
03-10 01:43:25.593 22432 22432 D M_InsDal: Lcom/csipsimple/api/SipConfigManager;--->getPreferenceBooleanValue(Landroid/content/Context;Ljava/lang/String;Ljava/lang/Boolean;)Ljava/lang/Boolean;
03-10 01:43:25.593 22432 22432 D M_InsDal: Lcom/csipsimple/api/SipConfigManager;--->getPrefUriForKey(Ljava/lang/String;)Landroid/net/Uri;
03-10 01:43:25.597 22432 22432 D M_InsDal: Lcom/csipsimple/service/PreferenceProvider;--->query(Landroid/net/Uri;[Ljava/lang/String;Ljava/lang/String;[Ljava/lang/String;Ljava/lang/String;)Landroid/database/Cursor;
03-10 01:43:25.597 22432 22432 D M_InsDal: Lcom/csipsimple/utils/PreferencesWrapper;--->getPreferenceBooleanValue(Ljava/lang/String;)Ljava/lang/Boolean;
03-10 01:43:25.597 22432 22432 D M_InsDal: Lcom/csipsimple/utils/PreferencesWrapper;--->gPrefBooleanValue(Landroid/content/SharedPreferences;Ljava/lang/String;)Ljava/lang/Boolean;
03-10 01:43:25.597 22432 22432 D M_InsDal: Lcom/csipsimple/ui/SipHome;--->selectTabWithAction(Landroid/content/Intent;)V
03-10 01:43:25.597 22432 22432 D M_InsDal: Lcom/csipsimple/ui/SipHome$TabsAdapter;--->getPositionForId(I)Ljava/lang/Integer;
03-10 01:43:25.597 22432 22432 D M_InsDal: Lcom/csipsimple/ui/SipHome$TabsAdapter;--->onTabUnselected(Lcom/actionbarsherlock/app/ActionBar$Tab;Landroid/support/v4/app/FragmentTransaction;)V
03-10 01:43:25.597 22432 22432 D M_InsDal: Lcom/csipsimple/ui/SipHome$TabsAdapter;--->onTabSelected(Lcom/actionbarsherlock/app/ActionBar$Tab;Landroid/support/v4/app/FragmentTransaction;)V
03-10 01:43:25.597 22432 22432 D M_InsDal: Lcom/csipsimple/ui/SipHome$TabsAdapter;--->clearDetails()V
03-10 01:43:25.597 22432 22432 D M_InsDal: Lcom/csipsimple/ui/SipHome$TabsAdapter;--->getCount()I
03-10 01:43:25.597 22432 22432 D M_InsDal: Lcom/csipsimple/ui/SipHome$TabsAdapter;--->getCount()I
03-10 01:43:25.597 22432 22432 D M_InsDal: Lcom/csipsimple/ui/SipHome$TabsAdapter;--->onPageSelected(I)V
03-10 01:43:25.597 22432 22432 D M_InsDal: Lcom/csipsimple/ui/SipHome$TabsAdapter;--->onTabReselected(Lcom/actionbarsherlock/app/ActionBar$Tab;Landroid/support/v4/app/FragmentTransaction;)V
03-10 01:43:25.597 22432 22432 D M_InsDal: Lcom/csipsimple/utils/PreferencesProviderWrapper;--->getLogLevel()I
03-10 01:43:25.597 22432 22432 D M_InsDal: Lcom/csipsimple/api/SipConfigManager;--->getPreferenceIntegerValue(Landroid/content/Context;Ljava/lang/String;Ljava/lang/Integer;)Ljava/lang/Integer;
03-10 01:43:25.597 22432 22432 D M_InsDal: Lcom/csipsimple/api/SipConfigManager;--->getPrefUriForKey(Ljava/lang/String;)Landroid/net/Uri;
03-10 01:43:25.597 22432 22432 D M_InsDal: Lcom/csipsimple/service/PreferenceProvider;--->query(Landroid/net/Uri;[Ljava/lang/String;Ljava/lang/String;[Ljava/lang/String;Ljava/lang/String;)Landroid/database/Cursor;
03-10 01:43:25.598 22432 22432 D M_InsDal: Lcom/csipsimple/utils/PreferencesWrapper;--->getPreferenceIntegerValue(Ljava/lang/String;)Ljava/lang/Integer;
03-10 01:43:25.598 22432 22432 D M_InsDal: Lcom/csipsimple/utils/PreferencesWrapper;--->getPreferenceStringValue(Ljava/lang/String;)Ljava/lang/String;
03-10 01:43:25.598 22432 22432 D M_InsDal: Lcom/csipsimple/utils/PreferencesWrapper;--->gPrefStringValue(Landroid/content/SharedPreferences;Ljava/lang/String;)Ljava/lang/String;
03-10 01:43:25.598 22432 22432 D M_InsDal: Lcom/csipsimple/utils/Log;--->setLogLevel(I)V
03-10 01:43:25.598 22432 22432 D M_InsDal: Lcom/csipsimple/ui/SipHome$2;---><init>(Lcom/csipsimple/ui/SipHome;)V
03-10 01:43:25.599 22432 22482 D M_InsDal: Lcom/csipsimple/ui/SipHome$2;--->run()V
03-10 01:43:25.599 22432 22482 D M_InsDal: Lcom/csipsimple/ui/SipHome;--->asyncSanityCheck()V
03-10 01:43:25.599 22432 22482 D M_InsDal: Lcom/csipsimple/utils/NightlyUpdater;--->isNightlyBuild(Landroid/content/Context;)Z
03-10 01:43:25.599 22432 22482 D M_InsDal: Lcom/csipsimple/utils/NightlyUpdater;--->getApplicationMetaData(Landroid/content/Context;)Landroid/os/Bundle;
03-10 01:43:25.599 22432 22482 D M_InsDal: Lcom/csipsimple/ui/warnings/WarningUtils;---><clinit>()V
03-10 01:43:25.599 22432 22482 D M_InsDal: Lcom/csipsimple/ui/warnings/WarningUtils;--->shouldWarnPrivilegedIntent(Landroid/content/Context;Lcom/csipsimple/utils/PreferencesProviderWrapper;)Z
03-10 01:43:25.599 22432 22482 D M_InsDal: Lcom/csipsimple/ui/warnings/WarningUtils;--->getIgnoreKey(Ljava/lang/String;)Ljava/lang/String;
03-10 01:43:25.599 22432 22482 D M_InsDal: Lcom/csipsimple/utils/PreferencesProviderWrapper;--->getPreferenceBooleanValue(Ljava/lang/String;Z)Z
03-10 01:43:25.599 22432 22482 D M_InsDal: Lcom/csipsimple/api/SipConfigManager;--->getPreferenceBooleanValue(Landroid/content/Context;Ljava/lang/String;Ljava/lang/Boolean;)Ljava/lang/Boolean;
03-10 01:43:25.599 22432 22482 D M_InsDal: Lcom/csipsimple/api/SipConfigManager;--->getPrefUriForKey(Ljava/lang/String;)Landroid/net/Uri;
03-10 01:43:25.599 22432 22482 D M_InsDal: Lcom/csipsimple/service/PreferenceProvider;--->query(Landroid/net/Uri;[Ljava/lang/String;Ljava/lang/String;[Ljava/lang/String;Ljava/lang/String;)Landroid/database/Cursor;
03-10 01:43:25.600 22432 22482 D M_InsDal: Lcom/csipsimple/utils/PreferencesWrapper;--->getPreferenceBooleanValue(Ljava/lang/String;)Ljava/lang/Boolean;
03-10 01:43:25.600 22432 22482 D M_InsDal: Lcom/csipsimple/utils/PreferencesWrapper;--->gPrefBooleanValue(Landroid/content/SharedPreferences;Ljava/lang/String;)Ljava/lang/Boolean;
03-10 01:43:25.600 22432 22482 D M_InsDal: Lcom/csipsimple/utils/PreferencesProviderWrapper;--->getPreferenceBooleanValue(Ljava/lang/String;Z)Z
03-10 01:43:25.600 22432 22482 D M_InsDal: Lcom/csipsimple/api/SipConfigManager;--->getPreferenceBooleanValue(Landroid/content/Context;Ljava/lang/String;Ljava/lang/Boolean;)Ljava/lang/Boolean;
03-10 01:43:25.600 22432 22482 D M_InsDal: Lcom/csipsimple/api/SipConfigManager;--->getPrefUriForKey(Ljava/lang/String;)Landroid/net/Uri;
03-10 01:43:25.600 22432 22482 D M_InsDal: Lcom/csipsimple/service/PreferenceProvider;--->query(Landroid/net/Uri;[Ljava/lang/String;Ljava/lang/String;[Ljava/lang/String;Ljava/lang/String;)Landroid/database/Cursor;
03-10 01:43:25.600 22432 22482 D M_InsDal: Lcom/csipsimple/utils/PreferencesWrapper;--->getPreferenceBooleanValue(Ljava/lang/String;)Ljava/lang/Boolean;
03-10 01:43:25.600 22432 22482 D M_InsDal: Lcom/csipsimple/utils/PreferencesWrapper;--->gPrefBooleanValue(Landroid/content/SharedPreferences;Ljava/lang/String;)Ljava/lang/Boolean;
03-10 01:43:25.600 22432 22482 D M_InsDal: Lcom/csipsimple/utils/PhoneCapabilityTester;---><clinit>()V
03-10 01:43:25.600 22432 22482 D M_InsDal: Lcom/csipsimple/utils/PhoneCapabilityTester;--->isPhone(Landroid/content/Context;)Z
03-10 01:43:25.600 22432 22482 D M_InsDal: Lcom/csipsimple/utils/PhoneCapabilityTester;--->initialize(Landroid/content/Context;)V
03-10 01:43:25.601 22432 22432 D M_InsDal: Lcom/csipsimple/ui/SipHome;--->onResume()V
03-10 01:43:25.601 22432 22432 D M_InsDal: Lcom/csipsimple/utils/Log;--->d(Ljava/lang/String;Ljava/lang/String;)V
03-10 01:43:25.601 22432 22432 D M_InsDal: Lcom/csipsimple/utils/PreferencesProviderWrapper;--->setPreferenceBooleanValue(Ljava/lang/String;Z)V
03-10 01:43:25.601 22432 22432 D M_InsDal: Lcom/csipsimple/api/SipConfigManager;--->setPreferenceBooleanValue(Landroid/content/Context;Ljava/lang/String;Z)V
03-10 01:43:25.601 22432 22432 D M_InsDal: Lcom/csipsimple/api/SipConfigManager;--->getPrefUriForKey(Ljava/lang/String;)Landroid/net/Uri;
03-10 01:43:25.601 22432 22432 D M_InsDal: Lcom/csipsimple/service/PreferenceProvider;--->update(Landroid/net/Uri;Landroid/content/ContentValues;Ljava/lang/String;[Ljava/lang/String;)I
03-10 01:43:25.601 22432 22432 D M_InsDal: Lcom/csipsimple/utils/PreferencesWrapper;--->setPreferenceBooleanValue(Ljava/lang/String;Z)V
03-10 01:43:25.601 22432 22432 D M_InsDal: Lcom/csipsimple/ui/SipHome;--->sendFragmentVisibilityChange(IZ)V
03-10 01:43:25.601 22432 22432 D M_InsDal: Lcom/csipsimple/ui/SipHome;--->getFragmentAt(I)Landroid/support/v4/app/Fragment;
03-10 01:43:25.601 22432 22432 D M_InsDal: Lcom/csipsimple/ui/SipHome$TabsAdapter;--->getIdForPosition(I)Ljava/lang/Integer;
03-10 01:43:25.601 22432 22432 D M_InsDal: Lcom/csipsimple/utils/Log;--->d(Ljava/lang/String;Ljava/lang/String;)V
03-10 01:43:25.601 22432 22432 D M_InsDal: Lcom/csipsimple/ui/SipHome;--->startSipService()V
03-10 01:43:25.601 22432 22432 D M_InsDal: Lcom/csipsimple/ui/SipHome$3;---><init>(Lcom/csipsimple/ui/SipHome;Ljava/lang/String;)V
03-10 01:43:25.601 22432 22432 D M_InsDal: Lcom/csipsimple/ui/SipHome;--->applyTheme()V
03-10 01:43:25.601 22432 22432 D M_InsDal: Lcom/csipsimple/utils/Theme;--->getCurrentTheme(Landroid/content/Context;)Lcom/csipsimple/utils/Theme;
03-10 01:43:25.601 22432 22432 D M_InsDal: Lcom/csipsimple/api/SipConfigManager;--->getPreferenceStringValue(Landroid/content/Context;Ljava/lang/String;)Ljava/lang/String;
03-10 01:43:25.602 22432 22432 D M_InsDal: Lcom/csipsimple/api/SipConfigManager;--->getPreferenceStringValue(Landroid/content/Context;Ljava/lang/String;Ljava/lang/String;)Ljava/lang/String;
03-10 01:43:25.602 22432 22432 D M_InsDal: Lcom/csipsimple/api/SipConfigManager;--->getPrefUriForKey(Ljava/lang/String;)Landroid/net/Uri;
03-10 01:43:25.602 22432 22432 D M_InsDal: Lcom/csipsimple/service/PreferenceProvider;--->query(Landroid/net/Uri;[Ljava/lang/String;Ljava/lang/String;[Ljava/lang/String;Ljava/lang/String;)Landroid/database/Cursor;
03-10 01:43:25.602 22432 22432 D M_InsDal: Lcom/csipsimple/utils/PreferencesWrapper;--->getPreferenceStringValue(Ljava/lang/String;)Ljava/lang/String;
03-10 01:43:25.602 22432 22432 D M_InsDal: Lcom/csipsimple/utils/PreferencesWrapper;--->gPrefStringValue(Landroid/content/SharedPreferences;Ljava/lang/String;)Ljava/lang/String;
03-10 01:43:25.602 22432 22483 D M_InsDal: Lcom/csipsimple/ui/SipHome$3;--->run()V
03-10 01:43:25.603 22432 22482 D M_InsDal: Lcom/csipsimple/utils/PhoneCapabilityTester;--->getPriviledgedIntent(Ljava/lang/String;)Landroid/content/Intent;
03-10 01:43:25.603 22432 22482 D M_InsDal: Lcom/csipsimple/utils/PhoneCapabilityTester;--->getPossibleActivities(Landroid/content/Context;Landroid/content/Intent;)Ljava/util/List;
03-10 01:43:25.603 22432 22482 D M_InsDal: Lcom/csipsimple/utils/PhoneCapabilityTester;--->resolveActivitiesForPriviledgedCall(Landroid/content/Context;)Ljava/util/List;
03-10 01:43:25.603 22432 22482 D M_InsDal: Lcom/csipsimple/ui/SipHome;--->applyWarning(Ljava/lang/String;Z)V
03-10 01:43:25.604 22432 22482 D M_InsDal: Lcom/csipsimple/ui/warnings/WarningUtils;--->shouldWarnNoStun(Lcom/csipsimple/utils/PreferencesProviderWrapper;)Z
03-10 01:43:25.604 22432 22482 D M_InsDal: Lcom/csipsimple/ui/warnings/WarningUtils;--->getIgnoreKey(Ljava/lang/String;)Ljava/lang/String;
03-10 01:43:25.604 22432 22482 D M_InsDal: Lcom/csipsimple/utils/PreferencesProviderWrapper;--->getPreferenceBooleanValue(Ljava/lang/String;Z)Z
03-10 01:43:25.604 22432 22482 D M_InsDal: Lcom/csipsimple/api/SipConfigManager;--->getPreferenceBooleanValue(Landroid/content/Context;Ljava/lang/String;Ljava/lang/Boolean;)Ljava/lang/Boolean;
03-10 01:43:25.604 22432 22482 D M_InsDal: Lcom/csipsimple/api/SipConfigManager;--->getPrefUriForKey(Ljava/lang/String;)Landroid/net/Uri;
03-10 01:43:25.604 22432 22482 D M_InsDal: Lcom/csipsimple/service/PreferenceProvider;--->query(Landroid/net/Uri;[Ljava/lang/String;Ljava/lang/String;[Ljava/lang/String;Ljava/lang/String;)Landroid/database/Cursor;
03-10 01:43:25.604 22432 22482 D M_InsDal: Lcom/csipsimple/utils/PreferencesWrapper;--->getPreferenceBooleanValue(Ljava/lang/String;)Ljava/lang/Boolean;
03-10 01:43:25.604 22432 22482 D M_InsDal: Lcom/csipsimple/utils/PreferencesWrapper;--->gPrefBooleanValue(Landroid/content/SharedPreferences;Ljava/lang/String;)Ljava/lang/Boolean;
03-10 01:43:25.604 22432 22482 D M_InsDal: Lcom/csipsimple/utils/PreferencesProviderWrapper;--->getPreferenceBooleanValue(Ljava/lang/String;)Z
03-10 01:43:25.604 22432 22482 D M_InsDal: Lcom/csipsimple/api/SipConfigManager;--->getPreferenceBooleanValue(Landroid/content/Context;Ljava/lang/String;)Ljava/lang/Boolean;
03-10 01:43:25.604 22432 22482 D M_InsDal: Lcom/csipsimple/api/SipConfigManager;--->getPreferenceBooleanValue(Landroid/content/Context;Ljava/lang/String;Ljava/lang/Boolean;)Ljava/lang/Boolean;
03-10 01:43:25.604 22432 22482 D M_InsDal: Lcom/csipsimple/api/SipConfigManager;--->getPrefUriForKey(Ljava/lang/String;)Landroid/net/Uri;
03-10 01:43:25.604 22432 22482 D M_InsDal: Lcom/csipsimple/service/PreferenceProvider;--->query(Landroid/net/Uri;[Ljava/lang/String;Ljava/lang/String;[Ljava/lang/String;Ljava/lang/String;)Landroid/database/Cursor;
03-10 01:43:25.604 22432 22482 D M_InsDal: Lcom/csipsimple/utils/PreferencesWrapper;--->getPreferenceBooleanValue(Ljava/lang/String;)Ljava/lang/Boolean;
03-10 01:43:25.604 22432 22482 D M_InsDal: Lcom/csipsimple/utils/PreferencesWrapper;--->gPrefBooleanValue(Landroid/content/SharedPreferences;Ljava/lang/String;)Ljava/lang/Boolean;
03-10 01:43:25.604 22432 22482 D M_InsDal: Lcom/csipsimple/utils/PreferencesProviderWrapper;--->getPreferenceBooleanValue(Ljava/lang/String;)Z
03-10 01:43:25.604 22432 22482 D M_InsDal: Lcom/csipsimple/api/SipConfigManager;--->getPreferenceBooleanValue(Landroid/content/Context;Ljava/lang/String;)Ljava/lang/Boolean;
03-10 01:43:25.604 22432 22482 D M_InsDal: Lcom/csipsimple/api/SipConfigManager;--->getPreferenceBooleanValue(Landroid/content/Context;Ljava/lang/String;Ljava/lang/Boolean;)Ljava/lang/Boolean;
03-10 01:43:25.604 22432 22482 D M_InsDal: Lcom/csipsimple/api/SipConfigManager;--->getPrefUriForKey(Ljava/lang/String;)Landroid/net/Uri;
03-10 01:43:25.604 22432 22482 D M_InsDal: Lcom/csipsimple/service/PreferenceProvider;--->query(Landroid/net/Uri;[Ljava/lang/String;Ljava/lang/String;[Ljava/lang/String;Ljava/lang/String;)Landroid/database/Cursor;
03-10 01:43:25.604 22432 22482 D M_InsDal: Lcom/csipsimple/utils/PreferencesWrapper;--->getPreferenceBooleanValue(Ljava/lang/String;)Ljava/lang/Boolean;
03-10 01:43:25.604 22432 22482 D M_InsDal: Lcom/csipsimple/utils/PreferencesWrapper;--->gPrefBooleanValue(Landroid/content/SharedPreferences;Ljava/lang/String;)Ljava/lang/Boolean;
03-10 01:43:25.604 22432 22482 D M_InsDal: Lcom/csipsimple/ui/SipHome;--->applyWarning(Ljava/lang/String;Z)V
03-10 01:43:25.604 22432 22482 D M_InsDal: Lcom/csipsimple/ui/warnings/WarningUtils;--->shouldWarnVpnIcs(Lcom/csipsimple/utils/PreferencesProviderWrapper;)Z
03-10 01:43:25.604 22432 22482 D M_InsDal: Lcom/csipsimple/ui/warnings/WarningUtils;--->getIgnoreKey(Ljava/lang/String;)Ljava/lang/String;
03-10 01:43:25.604 22432 22482 D M_InsDal: Lcom/csipsimple/utils/PreferencesProviderWrapper;--->getPreferenceBooleanValue(Ljava/lang/String;Z)Z
03-10 01:43:25.604 22432 22482 D M_InsDal: Lcom/csipsimple/api/SipConfigManager;--->getPreferenceBooleanValue(Landroid/content/Context;Ljava/lang/String;Ljava/lang/Boolean;)Ljava/lang/Boolean;
03-10 01:43:25.604 22432 22482 D M_InsDal: Lcom/csipsimple/api/SipConfigManager;--->getPrefUriForKey(Ljava/lang/String;)Landroid/net/Uri;
03-10 01:43:25.604 22432 22482 D M_InsDal: Lcom/csipsimple/service/PreferenceProvider;--->query(Landroid/net/Uri;[Ljava/lang/String;Ljava/lang/String;[Ljava/lang/String;Ljava/lang/String;)Landroid/database/Cursor;
03-10 01:43:25.604 22432 22483 D M_InsDal: Lcom/csipsimple/ui/SipHome;--->postStartSipService()V
03-10 01:43:25.604 22432 22482 D M_InsDal: Lcom/csipsimple/utils/PreferencesWrapper;--->getPreferenceBooleanValue(Ljava/lang/String;)Ljava/lang/Boolean;
03-10 01:43:25.604 22432 22482 D M_InsDal: Lcom/csipsimple/utils/PreferencesWrapper;--->gPrefBooleanValue(Landroid/content/SharedPreferences;Ljava/lang/String;)Ljava/lang/Boolean;
03-10 01:43:25.604 22432 22483 D M_InsDal: Lcom/csipsimple/utils/CustomDistribution;--->showFirstSettingScreen()Z
03-10 01:43:25.604 22432 22483 D M_InsDal: Lcom/csipsimple/utils/PreferencesProviderWrapper;--->getPreferenceBooleanValue(Ljava/lang/String;Z)Z
03-10 01:43:25.604 22432 22483 D M_InsDal: Lcom/csipsimple/api/SipConfigManager;--->getPreferenceBooleanValue(Landroid/content/Context;Ljava/lang/String;Ljava/lang/Boolean;)Ljava/lang/Boolean;
03-10 01:43:25.604 22432 22483 D M_InsDal: Lcom/csipsimple/api/SipConfigManager;--->getPrefUriForKey(Ljava/lang/String;)Landroid/net/Uri;
03-10 01:43:25.604 22432 22482 D M_InsDal: Lcom/csipsimple/utils/Compatibility;--->isCompatible(I)Z
03-10 01:43:25.604 22432 22482 D M_InsDal: Lcom/csipsimple/utils/PreferencesProviderWrapper;--->getPreferenceIntegerValue(Ljava/lang/String;)I
03-10 01:43:25.604 22432 22482 D M_InsDal: Lcom/csipsimple/api/SipConfigManager;--->getPreferenceIntegerValue(Landroid/content/Context;Ljava/lang/String;)Ljava/lang/Integer;
03-10 01:43:25.604 22432 22483 D M_InsDal: Lcom/csipsimple/service/PreferenceProvider;--->query(Landroid/net/Uri;[Ljava/lang/String;Ljava/lang/String;[Ljava/lang/String;Ljava/lang/String;)Landroid/database/Cursor;
03-10 01:43:25.604 22432 22482 D M_InsDal: Lcom/csipsimple/api/SipConfigManager;--->getPreferenceIntegerValue(Landroid/content/Context;Ljava/lang/String;Ljava/lang/Integer;)Ljava/lang/Integer;
03-10 01:43:25.605 22432 22482 D M_InsDal: Lcom/csipsimple/api/SipConfigManager;--->getPrefUriForKey(Ljava/lang/String;)Landroid/net/Uri;
03-10 01:43:25.605 22432 22482 D M_InsDal: Lcom/csipsimple/service/PreferenceProvider;--->query(Landroid/net/Uri;[Ljava/lang/String;Ljava/lang/String;[Ljava/lang/String;Ljava/lang/String;)Landroid/database/Cursor;
03-10 01:43:25.605 22432 22483 D M_InsDal: Lcom/csipsimple/utils/PreferencesWrapper;--->getPreferenceBooleanValue(Ljava/lang/String;)Ljava/lang/Boolean;
03-10 01:43:25.605 22432 22483 D M_InsDal: Lcom/csipsimple/utils/PreferencesWrapper;--->gPrefBooleanValue(Landroid/content/SharedPreferences;Ljava/lang/String;)Ljava/lang/Boolean;
03-10 01:43:25.605 22432 22482 D M_InsDal: Lcom/csipsimple/utils/PreferencesWrapper;--->getPreferenceIntegerValue(Ljava/lang/String;)Ljava/lang/Integer;
03-10 01:43:25.605 22432 22482 D M_InsDal: Lcom/csipsimple/utils/PreferencesWrapper;--->getPreferenceStringValue(Ljava/lang/String;)Ljava/lang/String;
03-10 01:43:25.605 22432 22482 D M_InsDal: Lcom/csipsimple/utils/PreferencesWrapper;--->gPrefStringValue(Landroid/content/SharedPreferences;Ljava/lang/String;)Ljava/lang/String;
03-10 01:43:25.605 22432 22482 D M_InsDal: Lcom/csipsimple/utils/PreferencesProviderWrapper;--->getSystemProp(Ljava/lang/String;)Ljava/lang/String;
03-10 01:43:25.605 22432 22483 D M_InsDal: Lcom/csipsimple/api/SipProfile;---><clinit>()V
03-10 01:43:25.605 22432 22483 D M_InsDal: Lcom/csipsimple/api/SipProfile$1;---><init>()V
03-10 01:43:25.612 22432 22482 D M_InsDal: Lcom/csipsimple/utils/PreferencesProviderWrapper;--->getSystemProp(Ljava/lang/String;)Ljava/lang/String;
03-10 01:43:25.613 22432 22432 D M_InsDal: Lcom/csipsimple/ui/SipHome$1;--->run()V
03-10 01:43:25.613 22432 22432 D M_InsDal: Lcom/csipsimple/ui/SipHome;--->refreshWarningTabDisplay()V
03-10 01:43:25.613 22432 22432 D M_InsDal: Lcom/csipsimple/ui/SipHome$TabsAdapter;--->getPositionForId(I)Ljava/lang/Integer;
03-10 01:43:25.613 22432 22432 D M_InsDal: Lcom/csipsimple/ui/SipHome$1;--->run()V
03-10 01:43:25.613 22432 22432 D M_InsDal: Lcom/csipsimple/ui/SipHome;--->refreshWarningTabDisplay()V
03-10 01:43:25.613 22432 22432 D M_InsDal: Lcom/csipsimple/ui/SipHome$TabsAdapter;--->getPositionForId(I)Ljava/lang/Integer;
03-10 01:43:25.616 22432 22432 D M_InsDal: Lcom/csipsimple/ui/SipHome$TabsAdapter;--->getCount()I
03-10 01:43:25.616 22432 22432 D M_InsDal: Lcom/csipsimple/ui/SipHome$TabsAdapter;--->getItem(I)Landroid/support/v4/app/Fragment;
03-10 01:43:25.616 22432 22432 D M_InsDal: Lcom/csipsimple/ui/messages/ConversationsListFragment;---><init>()V
03-10 01:43:25.616 22432 22432 D M_InsDal: Lcom/csipsimple/widgets/CSSListFragment;---><init>()V
03-10 01:43:25.617 22432 22432 D M_InsDal: Lcom/csipsimple/ui/SipHome$TabsAdapter;--->getItem(I)Landroid/support/v4/app/Fragment;
03-10 01:43:25.617 22432 22432 D M_InsDal: Lcom/csipsimple/ui/favorites/FavListFragment;---><init>()V
03-10 01:43:25.617 22432 22432 D M_InsDal: Lcom/csipsimple/widgets/CSSListFragment;---><init>()V
03-10 01:43:25.617 22432 22432 D M_InsDal: Lcom/csipsimple/ui/SipHome$TabsAdapter;--->getCount()I
03-10 01:43:25.617 22432 22432 D M_InsDal: Lcom/csipsimple/ui/SipHome;--->onAttachFragment(Landroid/support/v4/app/Fragment;)V
03-10 01:43:25.617 22432 22432 D M_InsDal: Lcom/csipsimple/ui/SipHome$TabsAdapter;--->getIdForPosition(I)Ljava/lang/Integer;
03-10 01:43:25.617 22432 22432 D M_InsDal: Lcom/csipsimple/ui/messages/ConversationsListFragment;--->onVisibilityChanged(Z)V
03-10 01:43:25.617 22432 22432 D M_InsDal: Lcom/csipsimple/ui/messages/ConversationsListFragment;--->attachAdapter()V
03-10 01:43:25.617 22432 22432 D M_InsDal: Lcom/csipsimple/ui/messages/ConverstationsAdapter;---><clinit>()V
03-10 01:43:25.617 22432 22432 D M_InsDal: Lcom/csipsimple/ui/messages/ConverstationsAdapter;---><init>(Landroid/content/Context;Landroid/database/Cursor;)V
03-10 01:43:25.617 22432 22432 D M_InsDal: Lcom/csipsimple/ui/messages/ConversationsListFragment;--->onCreateLoader(ILandroid/os/Bundle;)Landroid/support/v4/content/Loader;
03-10 01:43:25.618 22432 22432 D M_InsDal: Lcom/csipsimple/api/SipMessage;---><clinit>()V
03-10 01:43:25.618 22432 22432 D M_InsDal: Lcom/csipsimple/ui/messages/ConversationsListFragment;--->onCreateView(Landroid/view/LayoutInflater;Landroid/view/ViewGroup;Landroid/os/Bundle;)Landroid/view/View;
03-10 01:43:25.618 22432 22482 D M_InsDal: Lcom/csipsimple/ui/SipHome;--->applyWarning(Ljava/lang/String;Z)V
03-10 01:43:25.619 22432 22482 D M_InsDal: Lcom/csipsimple/ui/warnings/WarningUtils;--->shouldWarnSDCard(Landroid/content/Context;Lcom/csipsimple/utils/PreferencesProviderWrapper;)Z
03-10 01:43:25.619 22432 22482 D M_InsDal: Lcom/csipsimple/utils/Compatibility;--->isInstalledOnSdCard(Landroid/content/Context;)Z
03-10 01:43:25.619 22432 22482 D M_InsDal: Lcom/csipsimple/utils/Compatibility;--->isCompatible(I)Z
03-10 01:43:25.619 22432 22482 D M_InsDal: Lcom/csipsimple/ui/SipHome;--->applyWarning(Ljava/lang/String;Z)V
03-10 01:43:25.626 22432 22432 D M_InsDal: Lcom/csipsimple/ui/messages/ConversationsListFragment$1;---><init>(Lcom/csipsimple/ui/messages/ConversationsListFragment;)V
03-10 01:43:25.626 22432 22432 D M_InsDal: Lcom/csipsimple/widgets/CheckableListItemView;---><init>(Landroid/content/Context;Landroid/util/AttributeSet;)V
03-10 01:43:25.627 22432 22432 D M_InsDal: Lcom/csipsimple/widgets/CheckableListItemView;--->requestLayout()V
03-10 01:43:25.627 22432 22432 D M_InsDal: Lcom/csipsimple/widgets/CheckableListItemView;--->requestLayout()V
03-10 01:43:25.629 22432 22432 D M_InsDal: Lcom/csipsimple/widgets/contactbadge/QuickContactBadge;---><init>(Landroid/content/Context;Landroid/util/AttributeSet;)V
03-10 01:43:25.629 22432 22432 D M_InsDal: Lcom/csipsimple/widgets/contactbadge/QuickContactBadge;---><init>(Landroid/content/Context;Landroid/util/AttributeSet;I)V
03-10 01:43:25.629 22432 22432 D M_InsDal: Lcom/csipsimple/widgets/contactbadge/QuickContactBadge$ArrowPosition;---><clinit>()V
03-10 01:43:25.629 22432 22432 D M_InsDal: Lcom/csipsimple/widgets/contactbadge/QuickContactBadge$ArrowPosition;---><init>(Ljava/lang/String;I)V
03-10 01:43:25.629 22432 22432 D M_InsDal: Lcom/csipsimple/widgets/contactbadge/QuickContactBadge$ArrowPosition;---><init>(Ljava/lang/String;I)V
03-10 01:43:25.629 22432 22432 D M_InsDal: Lcom/csipsimple/utils/Compatibility;--->isCompatible(I)Z
03-10 01:43:25.629 22432 22432 D M_InsDal: Lcom/csipsimple/widgets/contactbadge/ContactBadge5;---><init>(Landroid/content/Context;Landroid/util/AttributeSet;ILcom/csipsimple/widgets/contactbadge/QuickContactBadge;)V
03-10 01:43:25.629 22432 22432 D M_InsDal: Lcom/csipsimple/widgets/contactbadge/ContactBadgeContract;---><init>(Landroid/content/Context;Landroid/util/AttributeSet;ILcom/csipsimple/widgets/contactbadge/QuickContactBadge;)V
03-10 01:43:25.630 22432 22432 D M_InsDal: Lcom/csipsimple/widgets/contactbadge/OverlayedQuickContactBadge;---><init>(Landroid/content/Context;Landroid/util/AttributeSet;ILcom/csipsimple/widgets/contactbadge/QuickContactBadge;)V
03-10 01:43:25.636 22432 22432 D M_InsDal: Lcom/csipsimple/widgets/contactbadge/ContactBadge5;--->getImageView()Landroid/widget/ImageView;
03-10 01:43:25.636 22432 22432 D M_InsDal: Lcom/csipsimple/widgets/contactbadge/QuickContactBadge;--->setDrawable()V
03-10 01:43:25.638 22432 22432 D M_InsDal: Lcom/csipsimple/widgets/CheckableListItemView;--->requestLayout()V
03-10 01:43:25.639 22432 22432 D M_InsDal: Lcom/csipsimple/ui/messages/ConversationsListFragment;--->onViewCreated(Landroid/view/View;Landroid/os/Bundle;)V
03-10 01:43:25.639 22432 22432 D M_InsDal: Lcom/csipsimple/widgets/CSSListFragment;--->onActivityCreated(Landroid/os/Bundle;)V
03-10 01:43:25.639 22432 22432 D M_InsDal: Lcom/csipsimple/ui/messages/ConversationsListFragment;--->onActivityCreated(Landroid/os/Bundle;)V
03-10 01:43:25.640 22432 22432 D M_InsDal: Lcom/csipsimple/ui/messages/ConversationsListFragment;--->onResume()V
03-10 01:43:25.640 22432 22432 D M_InsDal: Lcom/csipsimple/service/SipNotifications;---><clinit>()V
03-10 01:43:25.640 22432 22432 D M_InsDal: Lcom/csipsimple/service/SipNotifications;---><init>(Landroid/content/Context;)V
03-10 01:43:25.640 22432 22432 D M_InsDal: Lcom/csipsimple/service/SipNotifications;--->cancelAll()V
03-10 01:43:25.640 22432 22432 D M_InsDal: Lcom/csipsimple/service/SipNotifications;--->cancelMessages()V
03-10 01:43:25.640 22432 22432 D M_InsDal: Lcom/csipsimple/service/SipNotifications;--->cancelMissedCalls()V
03-10 01:43:25.641 22432 22432 D M_InsDal: Lcom/csipsimple/service/SipNotifications;--->cancelVoicemails()V
03-10 01:43:25.641 22432 22432 D M_InsDal: Lcom/csipsimple/service/SipNotifications;--->cancelCalls()V
03-10 01:43:25.641 22432 22432 D M_InsDal: Lcom/csipsimple/utils/Compatibility;--->isCompatible(I)Z
03-10 01:43:25.641 22432 22432 D M_InsDal: Lcom/csipsimple/service/SipNotifications;--->cancelMessages()V
03-10 01:43:25.641 22432 22432 D M_InsDal: Lcom/csipsimple/ui/SipHome;--->onAttachFragment(Landroid/support/v4/app/Fragment;)V
03-10 01:43:25.641 22432 22432 D M_InsDal: Lcom/csipsimple/ui/SipHome$TabsAdapter;--->getIdForPosition(I)Ljava/lang/Integer;
03-10 01:43:25.641 22432 22432 D M_InsDal: Lcom/csipsimple/ui/favorites/FavListFragment;--->onCreate(Landroid/os/Bundle;)V
03-10 01:43:25.642 22432 22432 D M_InsDal: Lcom/csipsimple/ui/favorites/FavListFragment;--->onViewCreated(Landroid/view/View;Landroid/os/Bundle;)V
03-10 01:43:25.642 22432 22432 D M_InsDal: Lcom/csipsimple/widgets/CSSListFragment;--->onActivityCreated(Landroid/os/Bundle;)V
03-10 01:43:25.642 22432 22432 D M_InsDal: Lcom/csipsimple/ui/favorites/FavListFragment;--->onActivityCreated(Landroid/os/Bundle;)V
03-10 01:43:25.653 22432 22432 D M_InsDal: Lcom/csipsimple/ui/SipHome$TabsAdapter;--->getCount()I
03-10 01:43:25.653 22432 22432 D M_InsDal: Lcom/csipsimple/ui/SipHome$TabsAdapter;--->getCount()I
03-10 01:43:25.653 22432 22432 D M_InsDal: Lcom/csipsimple/ui/SipHome$TabsAdapter;--->getCount()I
03-10 01:43:25.653 22432 22432 D M_InsDal: Lcom/csipsimple/ui/SipHome$TabsAdapter;--->getCount()I
03-10 01:43:25.657 22491 22491 D M_InsDal: Lcom/csipsimple/db/DBProvider;---><clinit>()V
03-10 01:43:25.658 22491 22491 D M_InsDal: Lcom/csipsimple/db/DBProvider;---><init>()V
03-10 01:43:25.658 22491 22491 D M_InsDal: Lcom/csipsimple/db/DBProvider;--->onCreate()Z
03-10 01:43:25.658 22491 22491 D M_InsDal: Lcom/csipsimple/db/DBAdapter$DatabaseHelper;---><init>(Landroid/content/Context;)V
03-10 01:43:25.661 22491 22491 D M_InsDal: Lcom/csipsimple/service/SipService;---><clinit>()V
03-10 01:43:25.661 22491 22491 D M_InsDal: Lcom/csipsimple/service/SipService;---><init>()V
03-10 01:43:25.661 22491 22491 D M_InsDal: Lcom/csipsimple/service/SipService$1;---><init>(Lcom/csipsimple/service/SipService;)V
03-10 01:43:25.661 22491 22491 D M_InsDal: Lcom/csipsimple/api/ISipService$Stub;---><init>()V
03-10 01:43:25.662 22491 22491 D M_InsDal: Lcom/csipsimple/service/SipService$2;---><init>(Lcom/csipsimple/service/SipService;)V
03-10 01:43:25.662 22491 22491 D M_InsDal: Lcom/csipsimple/api/ISipConfiguration$Stub;---><init>()V
03-10 01:43:25.662 22491 22491 D M_InsDal: Lcom/csipsimple/service/SipService$ServiceHandler;---><init>(Lcom/csipsimple/service/SipService;)V
03-10 01:43:25.662 22491 22491 D M_InsDal: Lcom/csipsimple/api/SipManager$PresenceStatus;---><clinit>()V
03-10 01:43:25.662 22491 22491 D M_InsDal: Lcom/csipsimple/api/SipManager$PresenceStatus;---><init>(Ljava/lang/String;I)V
03-10 01:43:25.662 22491 22491 D M_InsDal: Lcom/csipsimple/api/SipManager$PresenceStatus;---><init>(Ljava/lang/String;I)V
03-10 01:43:25.662 22491 22491 D M_InsDal: Lcom/csipsimple/service/SipService;--->onCreate()V
03-10 01:43:25.662 22491 22491 D M_InsDal: Lcom/csipsimple/utils/Log;---><clinit>()V
03-10 01:43:25.662 22491 22491 D M_InsDal: Lcom/csipsimple/utils/Log;--->i(Ljava/lang/String;Ljava/lang/String;)V
03-10 01:43:25.662 22491 22491 D M_InsDal: Lcom/csipsimple/utils/PreferencesProviderWrapper;---><init>(Landroid/content/Context;)V
03-10 01:43:25.663 22491 22491 D M_InsDal: Lcom/csipsimple/utils/PreferencesProviderWrapper;--->getLogLevel()I
03-10 01:43:25.664 22491 22491 D M_InsDal: Lcom/csipsimple/api/SipConfigManager;---><clinit>()V
03-10 01:43:25.665 22491 22491 D M_InsDal: Lcom/csipsimple/api/SipConfigManager;--->getPreferenceIntegerValue(Landroid/content/Context;Ljava/lang/String;Ljava/lang/Integer;)Ljava/lang/Integer;
03-10 01:43:25.665 22491 22491 D M_InsDal: Lcom/csipsimple/api/SipConfigManager;--->getPrefUriForKey(Ljava/lang/String;)Landroid/net/Uri;
03-10 01:43:25.666 22491 22513 D M_InsDal: Lcom/csipsimple/db/DBProvider;--->query(Landroid/net/Uri;[Ljava/lang/String;Ljava/lang/String;[Ljava/lang/String;Ljava/lang/String;)Landroid/database/Cursor;
03-10 01:43:25.666 22491 22517 D M_InsDal: Lcom/csipsimple/db/DBProvider;--->query(Landroid/net/Uri;[Ljava/lang/String;Ljava/lang/String;[Ljava/lang/String;Ljava/lang/String;)Landroid/database/Cursor;
03-10 01:43:25.667 22491 22513 D M_InsDal: Lcom/csipsimple/api/SipMessage;---><clinit>()V
03-10 01:43:25.668 22432 22461 D M_InsDal: Lcom/csipsimple/service/PreferenceProvider;--->query(Landroid/net/Uri;[Ljava/lang/String;Ljava/lang/String;[Ljava/lang/String;Ljava/lang/String;)Landroid/database/Cursor;
03-10 01:43:25.668 22432 22461 D M_InsDal: Lcom/csipsimple/utils/PreferencesWrapper;--->getPreferenceIntegerValue(Ljava/lang/String;)Ljava/lang/Integer;
03-10 01:43:25.668 22432 22461 D M_InsDal: Lcom/csipsimple/utils/PreferencesWrapper;--->getPreferenceStringValue(Ljava/lang/String;)Ljava/lang/String;
03-10 01:43:25.668 22432 22461 D M_InsDal: Lcom/csipsimple/utils/PreferencesWrapper;--->gPrefStringValue(Landroid/content/SharedPreferences;Ljava/lang/String;)Ljava/lang/String;
03-10 01:43:25.668 22432 22432 D M_InsDal: Lcom/csipsimple/ui/SipHome$TabsAdapter;--->getCount()I
03-10 01:43:25.670 22491 22491 D M_InsDal: Lcom/csipsimple/utils/Log;--->setLogLevel(I)V
03-10 01:43:25.671 22491 22491 D M_InsDal: Lcom/csipsimple/service/SipNotifications;---><clinit>()V
03-10 01:43:25.671 22491 22491 D M_InsDal: Lcom/csipsimple/service/SipNotifications;---><init>(Landroid/content/Context;)V
03-10 01:43:25.671 22491 22491 D M_InsDal: Lcom/csipsimple/service/SipNotifications;--->cancelAll()V
03-10 01:43:25.671 22491 22491 D M_InsDal: Lcom/csipsimple/service/SipNotifications;--->cancelMessages()V
03-10 01:43:25.672 22491 22491 D M_InsDal: Lcom/csipsimple/service/SipNotifications;--->cancelMissedCalls()V
03-10 01:43:25.672 22491 22491 D M_InsDal: Lcom/csipsimple/service/SipNotifications;--->cancelVoicemails()V
03-10 01:43:25.672 22491 22491 D M_InsDal: Lcom/csipsimple/service/SipNotifications;--->cancelCalls()V
03-10 01:43:25.672 22491 22491 D M_InsDal: Lcom/csipsimple/utils/Compatibility;--->isCompatible(I)Z
03-10 01:43:25.672 22491 22491 D M_InsDal: Lcom/csipsimple/service/SipNotifications;--->onServiceCreate()V
03-10 01:43:25.673 22491 22491 D M_InsDal: Lcom/csipsimple/service/SipWakeLock;---><init>(Landroid/os/PowerManager;)V
03-10 01:43:25.673 22491 22491 D M_InsDal: Lcom/csipsimple/utils/PreferencesProviderWrapper;--->getPreferenceBooleanValue(Ljava/lang/String;Z)Z
03-10 01:43:25.673 22491 22491 D M_InsDal: Lcom/csipsimple/api/SipConfigManager;--->getPreferenceBooleanValue(Landroid/content/Context;Ljava/lang/String;Ljava/lang/Boolean;)Ljava/lang/Boolean;
03-10 01:43:25.673 22491 22491 D M_InsDal: Lcom/csipsimple/api/SipConfigManager;--->getPrefUriForKey(Ljava/lang/String;)Landroid/net/Uri;
03-10 01:43:25.673 22432 22461 D M_InsDal: Lcom/csipsimple/service/PreferenceProvider;--->query(Landroid/net/Uri;[Ljava/lang/String;Ljava/lang/String;[Ljava/lang/String;Ljava/lang/String;)Landroid/database/Cursor;
03-10 01:43:25.673 22432 22461 D M_InsDal: Lcom/csipsimple/utils/PreferencesWrapper;--->getPreferenceBooleanValue(Ljava/lang/String;)Ljava/lang/Boolean;
03-10 01:43:25.673 22432 22461 D M_InsDal: Lcom/csipsimple/utils/PreferencesWrapper;--->gPrefBooleanValue(Landroid/content/SharedPreferences;Ljava/lang/String;)Ljava/lang/Boolean;
03-10 01:43:25.674 22491 22491 D M_InsDal: Lcom/csipsimple/utils/Log;--->d(Ljava/lang/String;Ljava/lang/String;)V
03-10 01:43:25.675 22491 22491 D M_InsDal: Lcom/csipsimple/service/PresenceManager;---><clinit>()V
03-10 01:43:25.675 22491 22491 D M_InsDal: Lcom/csipsimple/service/PresenceManager;---><init>()V
03-10 01:43:25.675 22491 22491 D M_InsDal: Lcom/csipsimple/service/SipService;--->onStart(Landroid/content/Intent;I)V
03-10 01:43:25.675 22491 22491 D M_InsDal: Lcom/csipsimple/service/SipService;--->registerForOutgoing(Landroid/content/ComponentName;)V
03-10 01:43:25.675 22491 22491 D M_InsDal: Lcom/csipsimple/service/SipService;--->isConnectivityValid()Z
03-10 01:43:25.675 22491 22491 D M_InsDal: Lcom/csipsimple/utils/PreferencesProviderWrapper;--->getPreferenceBooleanValue(Ljava/lang/String;Z)Z
03-10 01:43:25.675 22491 22491 D M_InsDal: Lcom/csipsimple/api/SipConfigManager;--->getPreferenceBooleanValue(Landroid/content/Context;Ljava/lang/String;Ljava/lang/Boolean;)Ljava/lang/Boolean;
03-10 01:43:25.675 22491 22491 D M_InsDal: Lcom/csipsimple/api/SipConfigManager;--->getPrefUriForKey(Ljava/lang/String;)Landroid/net/Uri;
03-10 01:43:25.675 22432 22461 D M_InsDal: Lcom/csipsimple/service/PreferenceProvider;--->query(Landroid/net/Uri;[Ljava/lang/String;Ljava/lang/String;[Ljava/lang/String;Ljava/lang/String;)Landroid/database/Cursor;
03-10 01:43:25.675 22432 22461 D M_InsDal: Lcom/csipsimple/utils/PreferencesWrapper;--->getPreferenceBooleanValue(Ljava/lang/String;)Ljava/lang/Boolean;
03-10 01:43:25.676 22432 22461 D M_InsDal: Lcom/csipsimple/utils/PreferencesWrapper;--->gPrefBooleanValue(Landroid/content/SharedPreferences;Ljava/lang/String;)Ljava/lang/Boolean;
03-10 01:43:25.678 22491 22491 D M_InsDal: Lcom/csipsimple/utils/PreferencesProviderWrapper;--->isValidConnectionForIncoming()Z
03-10 01:43:25.678 22432 22483 D M_InsDal: Lcom/csipsimple/utils/CustomDistribution;--->getCustomDistributionWizard()Lcom/csipsimple/wizards/WizardUtils$WizardInfo;
03-10 01:43:25.678 22491 22491 D M_InsDal: Lcom/csipsimple/utils/PreferencesProviderWrapper;--->isValidConnectionFor(Landroid/net/NetworkInfo;Ljava/lang/String;)Z
03-10 01:43:25.678 22491 22491 D M_InsDal: Lcom/csipsimple/utils/PreferencesProviderWrapper;--->isValidWifiConnectionFor(Landroid/net/NetworkInfo;Ljava/lang/String;)Z
03-10 01:43:25.678 22491 22491 D M_InsDal: Lcom/csipsimple/utils/PreferencesProviderWrapper;--->getPreferenceBooleanValue(Ljava/lang/String;Z)Z
03-10 01:43:25.678 22491 22491 D M_InsDal: Lcom/csipsimple/api/SipConfigManager;--->getPreferenceBooleanValue(Landroid/content/Context;Ljava/lang/String;Ljava/lang/Boolean;)Ljava/lang/Boolean;
03-10 01:43:25.678 22491 22491 D M_InsDal: Lcom/csipsimple/api/SipConfigManager;--->getPrefUriForKey(Ljava/lang/String;)Landroid/net/Uri;
03-10 01:43:25.679 22432 22461 D M_InsDal: Lcom/csipsimple/service/PreferenceProvider;--->query(Landroid/net/Uri;[Ljava/lang/String;Ljava/lang/String;[Ljava/lang/String;Ljava/lang/String;)Landroid/database/Cursor;
03-10 01:43:25.679 22432 22461 D M_InsDal: Lcom/csipsimple/utils/PreferencesWrapper;--->getPreferenceBooleanValue(Ljava/lang/String;)Ljava/lang/Boolean;
03-10 01:43:25.679 22432 22461 D M_InsDal: Lcom/csipsimple/utils/PreferencesWrapper;--->gPrefBooleanValue(Landroid/content/SharedPreferences;Ljava/lang/String;)Ljava/lang/Boolean;
03-10 01:43:25.681 22491 22491 D M_InsDal: Lcom/csipsimple/utils/Log;--->d(Ljava/lang/String;Ljava/lang/String;)V
03-10 01:43:25.681 22491 22491 D M_InsDal: Lcom/csipsimple/utils/PreferencesProviderWrapper;--->isValidConnectionForOutgoing()Z
03-10 01:43:25.681 22491 22491 D M_InsDal: Lcom/csipsimple/utils/PreferencesProviderWrapper;--->getPreferenceBooleanValue(Ljava/lang/String;Z)Z
03-10 01:43:25.681 22491 22491 D M_InsDal: Lcom/csipsimple/api/SipConfigManager;--->getPreferenceBooleanValue(Landroid/content/Context;Ljava/lang/String;Ljava/lang/Boolean;)Ljava/lang/Boolean;
03-10 01:43:25.681 22491 22491 D M_InsDal: Lcom/csipsimple/api/SipConfigManager;--->getPrefUriForKey(Ljava/lang/String;)Landroid/net/Uri;
03-10 01:43:25.682 22432 22461 D M_InsDal: Lcom/csipsimple/service/PreferenceProvider;--->query(Landroid/net/Uri;[Ljava/lang/String;Ljava/lang/String;[Ljava/lang/String;Ljava/lang/String;)Landroid/database/Cursor;
03-10 01:43:25.682 22432 22461 D M_InsDal: Lcom/csipsimple/utils/PreferencesWrapper;--->getPreferenceBooleanValue(Ljava/lang/String;)Ljava/lang/Boolean;
03-10 01:43:25.682 22432 22461 D M_InsDal: Lcom/csipsimple/utils/PreferencesWrapper;--->gPrefBooleanValue(Landroid/content/SharedPreferences;Ljava/lang/String;)Ljava/lang/Boolean;
03-10 01:43:25.684 22491 22491 D M_InsDal: Lcom/csipsimple/utils/PreferencesProviderWrapper;--->isValidConnectionFor(Landroid/net/NetworkInfo;Ljava/lang/String;)Z
03-10 01:43:25.684 22491 22491 D M_InsDal: Lcom/csipsimple/utils/PreferencesProviderWrapper;--->isValidWifiConnectionFor(Landroid/net/NetworkInfo;Ljava/lang/String;)Z
03-10 01:43:25.684 22491 22491 D M_InsDal: Lcom/csipsimple/utils/PreferencesProviderWrapper;--->getPreferenceBooleanValue(Ljava/lang/String;Z)Z
03-10 01:43:25.684 22491 22491 D M_InsDal: Lcom/csipsimple/api/SipConfigManager;--->getPreferenceBooleanValue(Landroid/content/Context;Ljava/lang/String;Ljava/lang/Boolean;)Ljava/lang/Boolean;
03-10 01:43:25.684 22491 22491 D M_InsDal: Lcom/csipsimple/api/SipConfigManager;--->getPrefUriForKey(Ljava/lang/String;)Landroid/net/Uri;
03-10 01:43:25.684 22432 22461 D M_InsDal: Lcom/csipsimple/service/PreferenceProvider;--->query(Landroid/net/Uri;[Ljava/lang/String;Ljava/lang/String;[Ljava/lang/String;Ljava/lang/String;)Landroid/database/Cursor;
03-10 01:43:25.684 22432 22461 D M_InsDal: Lcom/csipsimple/utils/PreferencesWrapper;--->getPreferenceBooleanValue(Ljava/lang/String;)Ljava/lang/Boolean;
03-10 01:43:25.684 22432 22461 D M_InsDal: Lcom/csipsimple/utils/PreferencesWrapper;--->gPrefBooleanValue(Landroid/content/SharedPreferences;Ljava/lang/String;)Ljava/lang/Boolean;
03-10 01:43:25.688 22491 22491 D M_InsDal: Lcom/csipsimple/utils/Log;--->d(Ljava/lang/String;Ljava/lang/String;)V
03-10 01:43:25.689 22491 22491 D M_InsDal: Lcom/csipsimple/service/SipService;--->loadStack()Z
03-10 01:43:25.689 22491 22491 D M_InsDal: Lcom/csipsimple/pjsip/PjSipService;---><clinit>()V
03-10 01:43:25.689 22491 22491 D M_InsDal: Lcom/csipsimple/pjsip/PjSipService;---><init>()V
03-10 01:43:25.689 22491 22491 D M_InsDal: Lcom/csipsimple/pjsip/PjSipService;--->setService(Lcom/csipsimple/service/SipService;)V
03-10 01:43:25.689 22491 22491 D M_InsDal: Lcom/csipsimple/service/SipService;--->getPrefs()Lcom/csipsimple/utils/PreferencesProviderWrapper;
03-10 01:43:25.689 22491 22491 D M_InsDal: Lcom/csipsimple/pjsip/PjSipService;--->tryToLoadStack()Z
03-10 01:43:25.693 22491 22491 D M_InsDal: Lcom/csipsimple/utils/Log;--->e(Ljava/lang/String;Ljava/lang/String;Ljava/lang/Throwable;)V
03-10 01:43:25.693 22491 22491 D M_InsDal: Lcom/csipsimple/service/SipService;--->notifyUserOfMessage(Ljava/lang/String;)V
03-10 01:43:25.694 22491 22491 D M_InsDal: Lcom/csipsimple/service/SipService$ServiceHandler;--->handleMessage(Landroid/os/Message;)V
03-10 01:43:25.707 22432 22432 D M_InsDal: Lcom/csipsimple/ui/SipHome;--->onCreateOptionsMenu(Lcom/actionbarsherlock/view/Menu;)Z
03-10 01:43:25.707 22432 22432 D M_InsDal: Lcom/csipsimple/utils/CustomDistribution;--->getCustomDistributionWizard()Lcom/csipsimple/wizards/WizardUtils$WizardInfo;
03-10 01:43:25.707 22432 22432 D M_InsDal: Lcom/csipsimple/utils/CustomDistribution;--->distributionWantsOtherAccounts()Z
03-10 01:43:25.707 22432 22432 D M_InsDal: Lcom/csipsimple/utils/Compatibility;--->isCompatible(I)Z
03-10 01:43:25.708 22432 22432 D M_InsDal: Lcom/csipsimple/ui/messages/ConversationsListFragment;--->onCreateOptionsMenu(Lcom/actionbarsherlock/view/Menu;Lcom/actionbarsherlock/view/MenuInflater;)V
03-10 01:43:25.708 22432 22432 D M_InsDal: Lcom/csipsimple/ui/messages/ConversationsListFragment$2;---><init>(Lcom/csipsimple/ui/messages/ConversationsListFragment;)V
03-10 01:43:25.712 22432 22432 D M_InsDal: Lcom/csipsimple/ui/SipHome$1;--->run()V
03-10 01:43:25.712 22432 22432 D M_InsDal: Lcom/csipsimple/ui/SipHome;--->refreshWarningTabDisplay()V
03-10 01:43:25.712 22432 22432 D M_InsDal: Lcom/csipsimple/ui/SipHome$TabsAdapter;--->getPositionForId(I)Ljava/lang/Integer;
03-10 01:43:25.712 22432 22432 D M_InsDal: Lcom/csipsimple/ui/SipHome$1;--->run()V
03-10 01:43:25.712 22432 22432 D M_InsDal: Lcom/csipsimple/ui/SipHome;--->refreshWarningTabDisplay()V
03-10 01:43:25.712 22432 22432 D M_InsDal: Lcom/csipsimple/ui/SipHome$TabsAdapter;--->getPositionForId(I)Ljava/lang/Integer;
03-10 01:43:25.716 22432 22432 D M_InsDal: Lcom/csipsimple/widgets/CSSListFragment;--->onLoadFinished(Landroid/support/v4/content/Loader;Landroid/database/Cursor;)V
03-10 01:43:25.716 22432 22432 D M_InsDal: Lcom/csipsimple/ui/messages/ConversationsListFragment;--->changeCursor(Landroid/database/Cursor;)V
03-10 01:43:25.716 22432 22432 D M_InsDal: Lcom/csipsimple/widgets/CSSListFragment;--->setListShown(Z)V
03-10 01:43:25.716 22432 22432 D M_InsDal: Lcom/csipsimple/widgets/CSSListFragment;--->setListShown(ZZ)V
03-10 01:43:25.716 22432 22432 D M_InsDal: Lcom/csipsimple/widgets/CSSListFragment;--->ensureCustomList()V
03-10 01:43:25.718 22432 22432 D M_InsDal: Lcom/csipsimple/ui/SipHome;--->onPause()V
03-10 01:43:25.718 22432 22432 D M_InsDal: Lcom/csipsimple/utils/Log;--->d(Ljava/lang/String;Ljava/lang/String;)V
03-10 01:43:25.728 22432 22432 D M_InsDal: Lcom/csipsimple/ui/SipHome$TabsAdapter;--->getCount()I
03-10 01:43:25.728 22432 22432 D M_InsDal: Lcom/csipsimple/ui/SipHome$TabsAdapter;--->getCount()I
03-10 01:43:25.729 22432 22432 D M_InsDal: Lcom/csipsimple/ui/SipHome$TabsAdapter;--->getCount()I
03-10 01:43:25.729 22432 22432 D M_InsDal: Lcom/csipsimple/ui/SipHome$TabsAdapter;--->getCount()I
03-10 01:43:25.730 22432 22432 D M_InsDal: Lcom/csipsimple/ui/SipHome$TabsAdapter;--->getCount()I
03-10 01:43:25.737 22432 22432 D M_InsDal: Lcom/csipsimple/ui/account/AccountsEditList;---><init>()V
03-10 01:43:25.738 22432 22432 D M_InsDal: Lcom/csipsimple/ui/account/AccountsEditList;--->onCreate(Landroid/os/Bundle;)V
03-10 01:43:25.743 22432 22432 D M_InsDal: Lcom/csipsimple/ui/account/AccountsEditListFragment;---><clinit>()V
03-10 01:43:25.743 22432 22432 D M_InsDal: Lcom/csipsimple/ui/account/AccountsEditListFragment;---><init>()V
03-10 01:43:25.743 22432 22432 D M_InsDal: Lcom/csipsimple/widgets/CSSListFragment;---><init>()V
03-10 01:43:25.743 22432 22432 D M_InsDal: Lcom/csipsimple/ui/account/AccountsEditListFragment;--->onCreate(Landroid/os/Bundle;)V
03-10 01:43:25.743 22432 22432 D M_InsDal: Lcom/csipsimple/ui/account/AccountsEditListFragment;--->onCreateView(Landroid/view/LayoutInflater;Landroid/view/ViewGroup;Landroid/os/Bundle;)Landroid/view/View;
03-10 01:43:25.745 22432 22432 D M_InsDal: Lcom/csipsimple/widgets/DragnDropListView;---><init>(Landroid/content/Context;Landroid/util/AttributeSet;)V
03-10 01:43:25.746 22432 22432 D M_InsDal: Lcom/csipsimple/widgets/DragnDropListView;--->setGrabberId(I)V
03-10 01:43:25.746 22432 22432 D M_InsDal: Lcom/csipsimple/ui/account/AccountsEditListFragment$4;---><init>(Lcom/csipsimple/ui/account/AccountsEditListFragment;Lcom/csipsimple/widgets/DragnDropListView;)V
03-10 01:43:25.746 22432 22432 D M_InsDal: Lcom/csipsimple/widgets/DragnDropListView;--->setOnDropListener(Lcom/csipsimple/widgets/DragnDropListView$DropListener;)V
03-10 01:43:25.746 22432 22432 D M_InsDal: Lcom/csipsimple/ui/account/AccountsEditListFragment$5;---><init>(Lcom/csipsimple/ui/account/AccountsEditListFragment;)V
03-10 01:43:25.749 22432 22432 D M_InsDal: Lcom/csipsimple/widgets/CSSListFragment;--->onActivityCreated(Landroid/os/Bundle;)V
03-10 01:43:25.750 22432 22432 D M_InsDal: Lcom/csipsimple/ui/account/AccountsEditListFragment;--->onActivityCreated(Landroid/os/Bundle;)V
03-10 01:43:25.750 22432 22432 D M_InsDal: Lcom/csipsimple/widgets/CSSListFragment;--->setListShown(Z)V
03-10 01:43:25.750 22432 22432 D M_InsDal: Lcom/csipsimple/widgets/CSSListFragment;--->setListShown(ZZ)V
03-10 01:43:25.750 22432 22432 D M_InsDal: Lcom/csipsimple/widgets/CSSListFragment;--->ensureCustomList()V
