--------- beginning of system
--------- beginning of main
03-10 01:43:59.852 22889 22889 D M_InsDal: Lcom/csipsimple/service/PreferenceProvider;---><clinit>()V
03-10 01:43:59.852 22889 22889 D M_InsDal: Lcom/csipsimple/service/PreferenceProvider;---><init>()V
03-10 01:43:59.852 22889 22889 D M_InsDal: Lcom/csipsimple/service/PreferenceProvider;--->onCreate()Z
03-10 01:43:59.852 22889 22889 D M_InsDal: Lcom/csipsimple/utils/PreferencesWrapper;---><clinit>()V
03-10 01:43:59.853 22889 22889 D M_InsDal: Lcom/csipsimple/utils/PreferencesWrapper$1;---><init>()V
03-10 01:43:59.853 22889 22889 D M_InsDal: Lcom/csipsimple/utils/CustomDistribution;--->getUserAgent()Ljava/lang/String;
03-10 01:43:59.853 22889 22889 D M_InsDal: Lcom/csipsimple/utils/PreferencesWrapper$2;---><init>()V
03-10 01:43:59.854 22889 22889 D M_InsDal: Lcom/csipsimple/utils/PreferencesWrapper$3;---><init>()V
03-10 01:43:59.854 22889 22889 D M_InsDal: Lcom/csipsimple/utils/PreferencesWrapper;---><init>(Landroid/content/Context;)V
03-10 01:43:59.855 22889 22889 D M_InsDal: Lcom/csipsimple/utils/PreferencesWrapper;--->needUpgrade()Ljava/lang/Integer;
03-10 01:43:59.855 22889 22889 D M_InsDal: Lcom/csipsimple/utils/PreferencesProviderWrapper;--->getCurrentPackageInfos(Landroid/content/Context;)Landroid/content/pm/PackageInfo;
03-10 01:43:59.857 22889 22889 D M_InsDal: Lcom/csipsimple/utils/Log;---><clinit>()V
03-10 01:43:59.857 22889 22889 D M_InsDal: Lcom/csipsimple/utils/Log;--->d(Ljava/lang/String;Ljava/lang/String;)V
03-10 01:43:59.857 22889 22889 D M_InsDal: Lcom/csipsimple/utils/Log;--->d(Ljava/lang/String;Ljava/lang/String;)V
03-10 01:43:59.858 22889 22889 D M_InsDal: Lcom/csipsimple/utils/Compatibility;--->getApiLevel()I
03-10 01:43:59.871 22889 22889 D M_InsDal: Lcom/csipsimple/ui/SipHome;---><clinit>()V
03-10 01:43:59.871 22889 22889 D M_InsDal: Lcom/csipsimple/ui/SipHome;---><init>()V
03-10 01:43:59.872 22889 22889 D M_InsDal: Lcom/csipsimple/ui/SipHome$1;---><init>(Lcom/csipsimple/ui/SipHome;)V
03-10 01:43:59.876 22889 22889 D M_InsDal: Lcom/csipsimple/ui/SipHome;--->onCreate(Landroid/os/Bundle;)V
03-10 01:43:59.876 22889 22889 D M_InsDal: Lcom/csipsimple/utils/PreferencesProviderWrapper;---><init>(Landroid/content/Context;)V
03-10 01:43:59.909 22889 22889 D M_InsDal: Lcom/csipsimple/utils/CustomDistribution;--->supportMessaging()Z
03-10 01:43:59.911 22889 22889 D M_InsDal: Lcom/csipsimple/ui/SipHome$TabsAdapter;---><init>(Lcom/csipsimple/ui/SipHome;Landroid/support/v4/app/FragmentActivity;Lcom/actionbarsherlock/app/ActionBar;Landroid/support/v4/view/ViewPager;)V
03-10 01:43:59.912 22889 22889 D M_InsDal: Lcom/csipsimple/ui/SipHome$TabsAdapter;--->addTab(Lcom/actionbarsherlock/app/ActionBar$Tab;Ljava/lang/Class;I)V
03-10 01:43:59.913 22889 22889 D M_InsDal: Lcom/csipsimple/ui/SipHome$TabsAdapter;--->onTabSelected(Lcom/actionbarsherlock/app/ActionBar$Tab;Landroid/support/v4/app/FragmentTransaction;)V
03-10 01:43:59.913 22889 22889 D M_InsDal: Lcom/csipsimple/ui/SipHome$TabsAdapter;--->clearDetails()V
03-10 01:43:59.914 22889 22889 D M_InsDal: Lcom/csipsimple/ui/SipHome$TabsAdapter;--->getCount()I
03-10 01:43:59.914 22889 22889 D M_InsDal: Lcom/csipsimple/ui/SipHome$TabsAdapter;--->getCount()I
03-10 01:43:59.914 22889 22889 D M_InsDal: Lcom/csipsimple/ui/SipHome$TabsAdapter;--->addTab(Lcom/actionbarsherlock/app/ActionBar$Tab;Ljava/lang/Class;I)V
03-10 01:43:59.914 22889 22889 D M_InsDal: Lcom/csipsimple/ui/SipHome$TabsAdapter;--->getCount()I
03-10 01:43:59.914 22889 22889 D M_InsDal: Lcom/csipsimple/ui/SipHome$TabsAdapter;--->getCount()I
03-10 01:43:59.914 22889 22889 D M_InsDal: Lcom/csipsimple/ui/SipHome$TabsAdapter;--->addTab(Lcom/actionbarsherlock/app/ActionBar$Tab;Ljava/lang/Class;I)V
03-10 01:43:59.914 22889 22889 D M_InsDal: Lcom/csipsimple/ui/SipHome$TabsAdapter;--->getCount()I
03-10 01:43:59.914 22889 22889 D M_InsDal: Lcom/csipsimple/ui/SipHome$TabsAdapter;--->getCount()I
03-10 01:43:59.914 22889 22889 D M_InsDal: Lcom/csipsimple/ui/SipHome$TabsAdapter;--->addTab(Lcom/actionbarsherlock/app/ActionBar$Tab;Ljava/lang/Class;I)V
03-10 01:43:59.915 22889 22889 D M_InsDal: Lcom/csipsimple/ui/SipHome$TabsAdapter;--->getCount()I
03-10 01:43:59.915 22889 22889 D M_InsDal: Lcom/csipsimple/ui/SipHome$TabsAdapter;--->getCount()I
03-10 01:43:59.915 22889 22889 D M_InsDal: Lcom/csipsimple/utils/PreferencesProviderWrapper;--->getPreferenceBooleanValue(Ljava/lang/String;)Z
03-10 01:43:59.915 22889 22889 D M_InsDal: Lcom/csipsimple/api/SipConfigManager;---><clinit>()V
03-10 01:43:59.915 22889 22889 D M_InsDal: Lcom/csipsimple/api/SipConfigManager;--->getPreferenceBooleanValue(Landroid/content/Context;Ljava/lang/String;)Ljava/lang/Boolean;
03-10 01:43:59.915 22889 22889 D M_InsDal: Lcom/csipsimple/api/SipConfigManager;--->getPreferenceBooleanValue(Landroid/content/Context;Ljava/lang/String;Ljava/lang/Boolean;)Ljava/lang/Boolean;
03-10 01:43:59.915 22889 22889 D M_InsDal: Lcom/csipsimple/api/SipConfigManager;--->getPrefUriForKey(Ljava/lang/String;)Landroid/net/Uri;
03-10 01:43:59.919 22889 22889 D M_InsDal: Lcom/csipsimple/service/PreferenceProvider;--->query(Landroid/net/Uri;[Ljava/lang/String;Ljava/lang/String;[Ljava/lang/String;Ljava/lang/String;)Landroid/database/Cursor;
03-10 01:43:59.919 22889 22889 D M_InsDal: Lcom/csipsimple/utils/PreferencesWrapper;--->getPreferenceBooleanValue(Ljava/lang/String;)Ljava/lang/Boolean;
03-10 01:43:59.919 22889 22889 D M_InsDal: Lcom/csipsimple/utils/PreferencesWrapper;--->gPrefBooleanValue(Landroid/content/SharedPreferences;Ljava/lang/String;)Ljava/lang/Boolean;
03-10 01:43:59.920 22889 22889 D M_InsDal: Lcom/csipsimple/ui/SipHome;--->selectTabWithAction(Landroid/content/Intent;)V
03-10 01:43:59.920 22889 22889 D M_InsDal: Lcom/csipsimple/ui/SipHome$TabsAdapter;--->getPositionForId(I)Ljava/lang/Integer;
03-10 01:43:59.920 22889 22889 D M_InsDal: Lcom/csipsimple/ui/SipHome$TabsAdapter;--->onTabUnselected(Lcom/actionbarsherlock/app/ActionBar$Tab;Landroid/support/v4/app/FragmentTransaction;)V
03-10 01:43:59.920 22889 22889 D M_InsDal: Lcom/csipsimple/ui/SipHome$TabsAdapter;--->onTabSelected(Lcom/actionbarsherlock/app/ActionBar$Tab;Landroid/support/v4/app/FragmentTransaction;)V
03-10 01:43:59.920 22889 22889 D M_InsDal: Lcom/csipsimple/ui/SipHome$TabsAdapter;--->clearDetails()V
03-10 01:43:59.920 22889 22889 D M_InsDal: Lcom/csipsimple/ui/SipHome$TabsAdapter;--->getCount()I
03-10 01:43:59.920 22889 22889 D M_InsDal: Lcom/csipsimple/ui/SipHome$TabsAdapter;--->getCount()I
03-10 01:43:59.920 22889 22889 D M_InsDal: Lcom/csipsimple/ui/SipHome$TabsAdapter;--->onPageSelected(I)V
03-10 01:43:59.920 22889 22889 D M_InsDal: Lcom/csipsimple/ui/SipHome$TabsAdapter;--->onTabReselected(Lcom/actionbarsherlock/app/ActionBar$Tab;Landroid/support/v4/app/FragmentTransaction;)V
03-10 01:43:59.920 22889 22889 D M_InsDal: Lcom/csipsimple/utils/PreferencesProviderWrapper;--->getLogLevel()I
03-10 01:43:59.920 22889 22889 D M_InsDal: Lcom/csipsimple/api/SipConfigManager;--->getPreferenceIntegerValue(Landroid/content/Context;Ljava/lang/String;Ljava/lang/Integer;)Ljava/lang/Integer;
03-10 01:43:59.920 22889 22889 D M_InsDal: Lcom/csipsimple/api/SipConfigManager;--->getPrefUriForKey(Ljava/lang/String;)Landroid/net/Uri;
03-10 01:43:59.920 22889 22889 D M_InsDal: Lcom/csipsimple/service/PreferenceProvider;--->query(Landroid/net/Uri;[Ljava/lang/String;Ljava/lang/String;[Ljava/lang/String;Ljava/lang/String;)Landroid/database/Cursor;
03-10 01:43:59.920 22889 22889 D M_InsDal: Lcom/csipsimple/utils/PreferencesWrapper;--->getPreferenceIntegerValue(Ljava/lang/String;)Ljava/lang/Integer;
03-10 01:43:59.920 22889 22889 D M_InsDal: Lcom/csipsimple/utils/PreferencesWrapper;--->getPreferenceStringValue(Ljava/lang/String;)Ljava/lang/String;
03-10 01:43:59.920 22889 22889 D M_InsDal: Lcom/csipsimple/utils/PreferencesWrapper;--->gPrefStringValue(Landroid/content/SharedPreferences;Ljava/lang/String;)Ljava/lang/String;
03-10 01:43:59.920 22889 22889 D M_InsDal: Lcom/csipsimple/utils/Log;--->setLogLevel(I)V
03-10 01:43:59.920 22889 22889 D M_InsDal: Lcom/csipsimple/ui/SipHome$2;---><init>(Lcom/csipsimple/ui/SipHome;)V
03-10 01:43:59.921 22889 22922 D M_InsDal: Lcom/csipsimple/ui/SipHome$2;--->run()V
03-10 01:43:59.921 22889 22922 D M_InsDal: Lcom/csipsimple/ui/SipHome;--->asyncSanityCheck()V
03-10 01:43:59.921 22889 22922 D M_InsDal: Lcom/csipsimple/utils/NightlyUpdater;--->isNightlyBuild(Landroid/content/Context;)Z
03-10 01:43:59.921 22889 22922 D M_InsDal: Lcom/csipsimple/utils/NightlyUpdater;--->getApplicationMetaData(Landroid/content/Context;)Landroid/os/Bundle;
03-10 01:43:59.921 22889 22922 D M_InsDal: Lcom/csipsimple/ui/warnings/WarningUtils;---><clinit>()V
03-10 01:43:59.922 22889 22922 D M_InsDal: Lcom/csipsimple/ui/warnings/WarningUtils;--->shouldWarnPrivilegedIntent(Landroid/content/Context;Lcom/csipsimple/utils/PreferencesProviderWrapper;)Z
03-10 01:43:59.922 22889 22922 D M_InsDal: Lcom/csipsimple/ui/warnings/WarningUtils;--->getIgnoreKey(Ljava/lang/String;)Ljava/lang/String;
03-10 01:43:59.922 22889 22922 D M_InsDal: Lcom/csipsimple/utils/PreferencesProviderWrapper;--->getPreferenceBooleanValue(Ljava/lang/String;Z)Z
03-10 01:43:59.922 22889 22922 D M_InsDal: Lcom/csipsimple/api/SipConfigManager;--->getPreferenceBooleanValue(Landroid/content/Context;Ljava/lang/String;Ljava/lang/Boolean;)Ljava/lang/Boolean;
03-10 01:43:59.922 22889 22922 D M_InsDal: Lcom/csipsimple/api/SipConfigManager;--->getPrefUriForKey(Ljava/lang/String;)Landroid/net/Uri;
03-10 01:43:59.922 22889 22922 D M_InsDal: Lcom/csipsimple/service/PreferenceProvider;--->query(Landroid/net/Uri;[Ljava/lang/String;Ljava/lang/String;[Ljava/lang/String;Ljava/lang/String;)Landroid/database/Cursor;
03-10 01:43:59.922 22889 22922 D M_InsDal: Lcom/csipsimple/utils/PreferencesWrapper;--->getPreferenceBooleanValue(Ljava/lang/String;)Ljava/lang/Boolean;
03-10 01:43:59.922 22889 22922 D M_InsDal: Lcom/csipsimple/utils/PreferencesWrapper;--->gPrefBooleanValue(Landroid/content/SharedPreferences;Ljava/lang/String;)Ljava/lang/Boolean;
03-10 01:43:59.922 22889 22922 D M_InsDal: Lcom/csipsimple/utils/PreferencesProviderWrapper;--->getPreferenceBooleanValue(Ljava/lang/String;Z)Z
03-10 01:43:59.922 22889 22922 D M_InsDal: Lcom/csipsimple/api/SipConfigManager;--->getPreferenceBooleanValue(Landroid/content/Context;Ljava/lang/String;Ljava/lang/Boolean;)Ljava/lang/Boolean;
03-10 01:43:59.922 22889 22922 D M_InsDal: Lcom/csipsimple/api/SipConfigManager;--->getPrefUriForKey(Ljava/lang/String;)Landroid/net/Uri;
03-10 01:43:59.922 22889 22922 D M_InsDal: Lcom/csipsimple/service/PreferenceProvider;--->query(Landroid/net/Uri;[Ljava/lang/String;Ljava/lang/String;[Ljava/lang/String;Ljava/lang/String;)Landroid/database/Cursor;
03-10 01:43:59.922 22889 22922 D M_InsDal: Lcom/csipsimple/utils/PreferencesWrapper;--->getPreferenceBooleanValue(Ljava/lang/String;)Ljava/lang/Boolean;
03-10 01:43:59.922 22889 22922 D M_InsDal: Lcom/csipsimple/utils/PreferencesWrapper;--->gPrefBooleanValue(Landroid/content/SharedPreferences;Ljava/lang/String;)Ljava/lang/Boolean;
03-10 01:43:59.922 22889 22922 D M_InsDal: Lcom/csipsimple/utils/PhoneCapabilityTester;---><clinit>()V
03-10 01:43:59.922 22889 22922 D M_InsDal: Lcom/csipsimple/utils/PhoneCapabilityTester;--->isPhone(Landroid/content/Context;)Z
03-10 01:43:59.922 22889 22922 D M_InsDal: Lcom/csipsimple/utils/PhoneCapabilityTester;--->initialize(Landroid/content/Context;)V
03-10 01:43:59.923 22889 22889 D M_InsDal: Lcom/csipsimple/ui/SipHome;--->onResume()V
03-10 01:43:59.923 22889 22889 D M_InsDal: Lcom/csipsimple/utils/Log;--->d(Ljava/lang/String;Ljava/lang/String;)V
03-10 01:43:59.923 22889 22889 D M_InsDal: Lcom/csipsimple/utils/PreferencesProviderWrapper;--->setPreferenceBooleanValue(Ljava/lang/String;Z)V
03-10 01:43:59.923 22889 22889 D M_InsDal: Lcom/csipsimple/api/SipConfigManager;--->setPreferenceBooleanValue(Landroid/content/Context;Ljava/lang/String;Z)V
03-10 01:43:59.923 22889 22889 D M_InsDal: Lcom/csipsimple/api/SipConfigManager;--->getPrefUriForKey(Ljava/lang/String;)Landroid/net/Uri;
03-10 01:43:59.923 22889 22889 D M_InsDal: Lcom/csipsimple/service/PreferenceProvider;--->update(Landroid/net/Uri;Landroid/content/ContentValues;Ljava/lang/String;[Ljava/lang/String;)I
03-10 01:43:59.923 22889 22889 D M_InsDal: Lcom/csipsimple/utils/PreferencesWrapper;--->setPreferenceBooleanValue(Ljava/lang/String;Z)V
03-10 01:43:59.923 22889 22889 D M_InsDal: Lcom/csipsimple/ui/SipHome;--->sendFragmentVisibilityChange(IZ)V
03-10 01:43:59.923 22889 22889 D M_InsDal: Lcom/csipsimple/ui/SipHome;--->getFragmentAt(I)Landroid/support/v4/app/Fragment;
03-10 01:43:59.924 22889 22889 D M_InsDal: Lcom/csipsimple/ui/SipHome$TabsAdapter;--->getIdForPosition(I)Ljava/lang/Integer;
03-10 01:43:59.924 22889 22889 D M_InsDal: Lcom/csipsimple/utils/Log;--->d(Ljava/lang/String;Ljava/lang/String;)V
03-10 01:43:59.924 22889 22889 D M_InsDal: Lcom/csipsimple/ui/SipHome;--->startSipService()V
03-10 01:43:59.924 22889 22889 D M_InsDal: Lcom/csipsimple/ui/SipHome$3;---><init>(Lcom/csipsimple/ui/SipHome;Ljava/lang/String;)V
03-10 01:43:59.924 22889 22889 D M_InsDal: Lcom/csipsimple/ui/SipHome;--->applyTheme()V
03-10 01:43:59.924 22889 22889 D M_InsDal: Lcom/csipsimple/utils/Theme;--->getCurrentTheme(Landroid/content/Context;)Lcom/csipsimple/utils/Theme;
03-10 01:43:59.924 22889 22889 D M_InsDal: Lcom/csipsimple/api/SipConfigManager;--->getPreferenceStringValue(Landroid/content/Context;Ljava/lang/String;)Ljava/lang/String;
03-10 01:43:59.924 22889 22889 D M_InsDal: Lcom/csipsimple/api/SipConfigManager;--->getPreferenceStringValue(Landroid/content/Context;Ljava/lang/String;Ljava/lang/String;)Ljava/lang/String;
03-10 01:43:59.924 22889 22889 D M_InsDal: Lcom/csipsimple/api/SipConfigManager;--->getPrefUriForKey(Ljava/lang/String;)Landroid/net/Uri;
03-10 01:43:59.924 22889 22889 D M_InsDal: Lcom/csipsimple/service/PreferenceProvider;--->query(Landroid/net/Uri;[Ljava/lang/String;Ljava/lang/String;[Ljava/lang/String;Ljava/lang/String;)Landroid/database/Cursor;
03-10 01:43:59.924 22889 22923 D M_InsDal: Lcom/csipsimple/ui/SipHome$3;--->run()V
03-10 01:43:59.924 22889 22889 D M_InsDal: Lcom/csipsimple/utils/PreferencesWrapper;--->getPreferenceStringValue(Ljava/lang/String;)Ljava/lang/String;
03-10 01:43:59.924 22889 22889 D M_InsDal: Lcom/csipsimple/utils/PreferencesWrapper;--->gPrefStringValue(Landroid/content/SharedPreferences;Ljava/lang/String;)Ljava/lang/String;
03-10 01:43:59.925 22889 22922 D M_InsDal: Lcom/csipsimple/utils/PhoneCapabilityTester;--->getPriviledgedIntent(Ljava/lang/String;)Landroid/content/Intent;
03-10 01:43:59.925 22889 22922 D M_InsDal: Lcom/csipsimple/utils/PhoneCapabilityTester;--->getPossibleActivities(Landroid/content/Context;Landroid/content/Intent;)Ljava/util/List;
03-10 01:43:59.926 22889 22922 D M_InsDal: Lcom/csipsimple/utils/PhoneCapabilityTester;--->resolveActivitiesForPriviledgedCall(Landroid/content/Context;)Ljava/util/List;
03-10 01:43:59.926 22889 22922 D M_InsDal: Lcom/csipsimple/ui/SipHome;--->applyWarning(Ljava/lang/String;Z)V
03-10 01:43:59.926 22889 22922 D M_InsDal: Lcom/csipsimple/ui/warnings/WarningUtils;--->shouldWarnNoStun(Lcom/csipsimple/utils/PreferencesProviderWrapper;)Z
03-10 01:43:59.926 22889 22922 D M_InsDal: Lcom/csipsimple/ui/warnings/WarningUtils;--->getIgnoreKey(Ljava/lang/String;)Ljava/lang/String;
03-10 01:43:59.926 22889 22922 D M_InsDal: Lcom/csipsimple/utils/PreferencesProviderWrapper;--->getPreferenceBooleanValue(Ljava/lang/String;Z)Z
03-10 01:43:59.926 22889 22922 D M_InsDal: Lcom/csipsimple/api/SipConfigManager;--->getPreferenceBooleanValue(Landroid/content/Context;Ljava/lang/String;Ljava/lang/Boolean;)Ljava/lang/Boolean;
03-10 01:43:59.926 22889 22922 D M_InsDal: Lcom/csipsimple/api/SipConfigManager;--->getPrefUriForKey(Ljava/lang/String;)Landroid/net/Uri;
03-10 01:43:59.926 22889 22922 D M_InsDal: Lcom/csipsimple/service/PreferenceProvider;--->query(Landroid/net/Uri;[Ljava/lang/String;Ljava/lang/String;[Ljava/lang/String;Ljava/lang/String;)Landroid/database/Cursor;
03-10 01:43:59.926 22889 22922 D M_InsDal: Lcom/csipsimple/utils/PreferencesWrapper;--->getPreferenceBooleanValue(Ljava/lang/String;)Ljava/lang/Boolean;
03-10 01:43:59.926 22889 22922 D M_InsDal: Lcom/csipsimple/utils/PreferencesWrapper;--->gPrefBooleanValue(Landroid/content/SharedPreferences;Ljava/lang/String;)Ljava/lang/Boolean;
03-10 01:43:59.926 22889 22922 D M_InsDal: Lcom/csipsimple/utils/PreferencesProviderWrapper;--->getPreferenceBooleanValue(Ljava/lang/String;)Z
03-10 01:43:59.926 22889 22922 D M_InsDal: Lcom/csipsimple/api/SipConfigManager;--->getPreferenceBooleanValue(Landroid/content/Context;Ljava/lang/String;)Ljava/lang/Boolean;
03-10 01:43:59.926 22889 22922 D M_InsDal: Lcom/csipsimple/api/SipConfigManager;--->getPreferenceBooleanValue(Landroid/content/Context;Ljava/lang/String;Ljava/lang/Boolean;)Ljava/lang/Boolean;
03-10 01:43:59.926 22889 22922 D M_InsDal: Lcom/csipsimple/api/SipConfigManager;--->getPrefUriForKey(Ljava/lang/String;)Landroid/net/Uri;
03-10 01:43:59.926 22889 22922 D M_InsDal: Lcom/csipsimple/service/PreferenceProvider;--->query(Landroid/net/Uri;[Ljava/lang/String;Ljava/lang/String;[Ljava/lang/String;Ljava/lang/String;)Landroid/database/Cursor;
03-10 01:43:59.926 22889 22922 D M_InsDal: Lcom/csipsimple/utils/PreferencesWrapper;--->getPreferenceBooleanValue(Ljava/lang/String;)Ljava/lang/Boolean;
03-10 01:43:59.926 22889 22922 D M_InsDal: Lcom/csipsimple/utils/PreferencesWrapper;--->gPrefBooleanValue(Landroid/content/SharedPreferences;Ljava/lang/String;)Ljava/lang/Boolean;
03-10 01:43:59.926 22889 22922 D M_InsDal: Lcom/csipsimple/utils/PreferencesProviderWrapper;--->getPreferenceBooleanValue(Ljava/lang/String;)Z
03-10 01:43:59.926 22889 22922 D M_InsDal: Lcom/csipsimple/api/SipConfigManager;--->getPreferenceBooleanValue(Landroid/content/Context;Ljava/lang/String;)Ljava/lang/Boolean;
03-10 01:43:59.926 22889 22922 D M_InsDal: Lcom/csipsimple/api/SipConfigManager;--->getPreferenceBooleanValue(Landroid/content/Context;Ljava/lang/String;Ljava/lang/Boolean;)Ljava/lang/Boolean;
03-10 01:43:59.926 22889 22922 D M_InsDal: Lcom/csipsimple/api/SipConfigManager;--->getPrefUriForKey(Ljava/lang/String;)Landroid/net/Uri;
03-10 01:43:59.926 22889 22922 D M_InsDal: Lcom/csipsimple/service/PreferenceProvider;--->query(Landroid/net/Uri;[Ljava/lang/String;Ljava/lang/String;[Ljava/lang/String;Ljava/lang/String;)Landroid/database/Cursor;
03-10 01:43:59.926 22889 22922 D M_InsDal: Lcom/csipsimple/utils/PreferencesWrapper;--->getPreferenceBooleanValue(Ljava/lang/String;)Ljava/lang/Boolean;
03-10 01:43:59.926 22889 22922 D M_InsDal: Lcom/csipsimple/utils/PreferencesWrapper;--->gPrefBooleanValue(Landroid/content/SharedPreferences;Ljava/lang/String;)Ljava/lang/Boolean;
03-10 01:43:59.926 22889 22922 D M_InsDal: Lcom/csipsimple/ui/SipHome;--->applyWarning(Ljava/lang/String;Z)V
03-10 01:43:59.926 22889 22923 D M_InsDal: Lcom/csipsimple/ui/SipHome;--->postStartSipService()V
03-10 01:43:59.926 22889 22923 D M_InsDal: Lcom/csipsimple/utils/CustomDistribution;--->showFirstSettingScreen()Z
03-10 01:43:59.926 22889 22923 D M_InsDal: Lcom/csipsimple/utils/PreferencesProviderWrapper;--->getPreferenceBooleanValue(Ljava/lang/String;Z)Z
03-10 01:43:59.926 22889 22922 D M_InsDal: Lcom/csipsimple/ui/warnings/WarningUtils;--->shouldWarnVpnIcs(Lcom/csipsimple/utils/PreferencesProviderWrapper;)Z
03-10 01:43:59.926 22889 22923 D M_InsDal: Lcom/csipsimple/api/SipConfigManager;--->getPreferenceBooleanValue(Landroid/content/Context;Ljava/lang/String;Ljava/lang/Boolean;)Ljava/lang/Boolean;
03-10 01:43:59.926 22889 22922 D M_InsDal: Lcom/csipsimple/ui/warnings/WarningUtils;--->getIgnoreKey(Ljava/lang/String;)Ljava/lang/String;
03-10 01:43:59.926 22889 22923 D M_InsDal: Lcom/csipsimple/api/SipConfigManager;--->getPrefUriForKey(Ljava/lang/String;)Landroid/net/Uri;
03-10 01:43:59.926 22889 22922 D M_InsDal: Lcom/csipsimple/utils/PreferencesProviderWrapper;--->getPreferenceBooleanValue(Ljava/lang/String;Z)Z
03-10 01:43:59.926 22889 22922 D M_InsDal: Lcom/csipsimple/api/SipConfigManager;--->getPreferenceBooleanValue(Landroid/content/Context;Ljava/lang/String;Ljava/lang/Boolean;)Ljava/lang/Boolean;
03-10 01:43:59.926 22889 22922 D M_InsDal: Lcom/csipsimple/api/SipConfigManager;--->getPrefUriForKey(Ljava/lang/String;)Landroid/net/Uri;
03-10 01:43:59.926 22889 22923 D M_InsDal: Lcom/csipsimple/service/PreferenceProvider;--->query(Landroid/net/Uri;[Ljava/lang/String;Ljava/lang/String;[Ljava/lang/String;Ljava/lang/String;)Landroid/database/Cursor;
03-10 01:43:59.926 22889 22922 D M_InsDal: Lcom/csipsimple/service/PreferenceProvider;--->query(Landroid/net/Uri;[Ljava/lang/String;Ljava/lang/String;[Ljava/lang/String;Ljava/lang/String;)Landroid/database/Cursor;
03-10 01:43:59.927 22889 22923 D M_InsDal: Lcom/csipsimple/utils/PreferencesWrapper;--->getPreferenceBooleanValue(Ljava/lang/String;)Ljava/lang/Boolean;
03-10 01:43:59.927 22889 22922 D M_InsDal: Lcom/csipsimple/utils/PreferencesWrapper;--->getPreferenceBooleanValue(Ljava/lang/String;)Ljava/lang/Boolean;
03-10 01:43:59.927 22889 22923 D M_InsDal: Lcom/csipsimple/utils/PreferencesWrapper;--->gPrefBooleanValue(Landroid/content/SharedPreferences;Ljava/lang/String;)Ljava/lang/Boolean;
03-10 01:43:59.927 22889 22922 D M_InsDal: Lcom/csipsimple/utils/PreferencesWrapper;--->gPrefBooleanValue(Landroid/content/SharedPreferences;Ljava/lang/String;)Ljava/lang/Boolean;
03-10 01:43:59.927 22889 22922 D M_InsDal: Lcom/csipsimple/utils/Compatibility;--->isCompatible(I)Z
03-10 01:43:59.927 22889 22922 D M_InsDal: Lcom/csipsimple/utils/PreferencesProviderWrapper;--->getPreferenceIntegerValue(Ljava/lang/String;)I
03-10 01:43:59.927 22889 22922 D M_InsDal: Lcom/csipsimple/api/SipConfigManager;--->getPreferenceIntegerValue(Landroid/content/Context;Ljava/lang/String;)Ljava/lang/Integer;
03-10 01:43:59.927 22889 22922 D M_InsDal: Lcom/csipsimple/api/SipConfigManager;--->getPreferenceIntegerValue(Landroid/content/Context;Ljava/lang/String;Ljava/lang/Integer;)Ljava/lang/Integer;
03-10 01:43:59.927 22889 22922 D M_InsDal: Lcom/csipsimple/api/SipConfigManager;--->getPrefUriForKey(Ljava/lang/String;)Landroid/net/Uri;
03-10 01:43:59.927 22889 22922 D M_InsDal: Lcom/csipsimple/service/PreferenceProvider;--->query(Landroid/net/Uri;[Ljava/lang/String;Ljava/lang/String;[Ljava/lang/String;Ljava/lang/String;)Landroid/database/Cursor;
03-10 01:43:59.927 22889 22922 D M_InsDal: Lcom/csipsimple/utils/PreferencesWrapper;--->getPreferenceIntegerValue(Ljava/lang/String;)Ljava/lang/Integer;
03-10 01:43:59.927 22889 22922 D M_InsDal: Lcom/csipsimple/utils/PreferencesWrapper;--->getPreferenceStringValue(Ljava/lang/String;)Ljava/lang/String;
03-10 01:43:59.927 22889 22922 D M_InsDal: Lcom/csipsimple/utils/PreferencesWrapper;--->gPrefStringValue(Landroid/content/SharedPreferences;Ljava/lang/String;)Ljava/lang/String;
03-10 01:43:59.927 22889 22922 D M_InsDal: Lcom/csipsimple/utils/PreferencesProviderWrapper;--->getSystemProp(Ljava/lang/String;)Ljava/lang/String;
03-10 01:43:59.927 22889 22923 D M_InsDal: Lcom/csipsimple/api/SipProfile;---><clinit>()V
03-10 01:43:59.928 22889 22923 D M_InsDal: Lcom/csipsimple/api/SipProfile$1;---><init>()V
03-10 01:43:59.935 22889 22889 D M_InsDal: Lcom/csipsimple/ui/SipHome$1;--->run()V
03-10 01:43:59.935 22889 22889 D M_InsDal: Lcom/csipsimple/ui/SipHome;--->refreshWarningTabDisplay()V
03-10 01:43:59.935 22889 22889 D M_InsDal: Lcom/csipsimple/ui/SipHome$TabsAdapter;--->getPositionForId(I)Ljava/lang/Integer;
03-10 01:43:59.935 22889 22889 D M_InsDal: Lcom/csipsimple/ui/SipHome$1;--->run()V
03-10 01:43:59.935 22889 22889 D M_InsDal: Lcom/csipsimple/ui/SipHome;--->refreshWarningTabDisplay()V
03-10 01:43:59.935 22889 22889 D M_InsDal: Lcom/csipsimple/ui/SipHome$TabsAdapter;--->getPositionForId(I)Ljava/lang/Integer;
03-10 01:43:59.937 22889 22922 D M_InsDal: Lcom/csipsimple/utils/PreferencesProviderWrapper;--->getSystemProp(Ljava/lang/String;)Ljava/lang/String;
03-10 01:43:59.943 22889 22922 D M_InsDal: Lcom/csipsimple/ui/SipHome;--->applyWarning(Ljava/lang/String;Z)V
03-10 01:43:59.943 22889 22922 D M_InsDal: Lcom/csipsimple/ui/warnings/WarningUtils;--->shouldWarnSDCard(Landroid/content/Context;Lcom/csipsimple/utils/PreferencesProviderWrapper;)Z
03-10 01:43:59.943 22889 22922 D M_InsDal: Lcom/csipsimple/utils/Compatibility;--->isInstalledOnSdCard(Landroid/content/Context;)Z
03-10 01:43:59.943 22889 22922 D M_InsDal: Lcom/csipsimple/utils/Compatibility;--->isCompatible(I)Z
03-10 01:43:59.944 22889 22922 D M_InsDal: Lcom/csipsimple/ui/SipHome;--->applyWarning(Ljava/lang/String;Z)V
03-10 01:43:59.947 22889 22889 D M_InsDal: Lcom/csipsimple/ui/SipHome$TabsAdapter;--->getCount()I
03-10 01:43:59.948 22889 22889 D M_InsDal: Lcom/csipsimple/ui/SipHome$TabsAdapter;--->getItem(I)Landroid/support/v4/app/Fragment;
03-10 01:43:59.948 22889 22889 D M_InsDal: Lcom/csipsimple/ui/favorites/FavListFragment;---><init>()V
03-10 01:43:59.948 22889 22889 D M_InsDal: Lcom/csipsimple/widgets/CSSListFragment;---><init>()V
03-10 01:43:59.948 22889 22889 D M_InsDal: Lcom/csipsimple/ui/SipHome$TabsAdapter;--->getItem(I)Landroid/support/v4/app/Fragment;
03-10 01:43:59.948 22889 22889 D M_InsDal: Lcom/csipsimple/ui/calllog/CallLogListFragment;---><init>()V
03-10 01:43:59.948 22889 22889 D M_InsDal: Lcom/csipsimple/widgets/CSSListFragment;---><init>()V
03-10 01:43:59.948 22889 22889 D M_InsDal: Lcom/csipsimple/ui/SipHome$TabsAdapter;--->getItem(I)Landroid/support/v4/app/Fragment;
03-10 01:43:59.948 22889 22889 D M_InsDal: Lcom/csipsimple/ui/messages/ConversationsListFragment;---><init>()V
03-10 01:43:59.948 22889 22889 D M_InsDal: Lcom/csipsimple/widgets/CSSListFragment;---><init>()V
03-10 01:43:59.948 22889 22889 D M_InsDal: Lcom/csipsimple/ui/SipHome$TabsAdapter;--->getCount()I
03-10 01:43:59.948 22889 22889 D M_InsDal: Lcom/csipsimple/ui/SipHome;--->onAttachFragment(Landroid/support/v4/app/Fragment;)V
03-10 01:43:59.948 22889 22889 D M_InsDal: Lcom/csipsimple/ui/SipHome$TabsAdapter;--->getIdForPosition(I)Ljava/lang/Integer;
03-10 01:43:59.948 22889 22889 D M_InsDal: Lcom/csipsimple/ui/favorites/FavListFragment;--->onVisibilityChanged(Z)V
03-10 01:43:59.948 22889 22889 D M_InsDal: Lcom/csipsimple/ui/favorites/FavListFragment;--->attachAdapter()V
03-10 01:43:59.949 22889 22889 D M_InsDal: Lcom/csipsimple/ui/favorites/FavAdapter;---><init>(Landroid/content/Context;Landroid/database/Cursor;)V
03-10 01:43:59.949 22889 22889 D M_InsDal: Lcom/csipsimple/ui/favorites/FavAdapter$1;---><init>(Lcom/csipsimple/ui/favorites/FavAdapter;)V
03-10 01:43:59.949 22889 22889 D M_InsDal: Lcom/csipsimple/ui/favorites/FavAdapter$2;---><init>(Lcom/csipsimple/ui/favorites/FavAdapter;)V
03-10 01:43:59.949 22889 22889 D M_InsDal: Lcom/csipsimple/ui/favorites/FavListFragment;--->onCreateLoader(ILandroid/os/Bundle;)Landroid/support/v4/content/Loader;
03-10 01:43:59.949 22889 22889 D M_InsDal: Lcom/csipsimple/ui/favorites/FavLoader;---><init>(Landroid/content/Context;)V
03-10 01:43:59.949 22889 22889 D M_InsDal: Lcom/csipsimple/ui/favorites/FavListFragment;--->onCreate(Landroid/os/Bundle;)V
03-10 01:43:59.954 22889 22889 D M_InsDal: Lcom/csipsimple/ui/favorites/FavListFragment;--->onViewCreated(Landroid/view/View;Landroid/os/Bundle;)V
03-10 01:43:59.954 22889 22889 D M_InsDal: Lcom/csipsimple/widgets/CSSListFragment;--->onActivityCreated(Landroid/os/Bundle;)V
03-10 01:43:59.954 22889 22889 D M_InsDal: Lcom/csipsimple/ui/favorites/FavListFragment;--->onActivityCreated(Landroid/os/Bundle;)V
03-10 01:43:59.954 22889 22889 D M_InsDal: Lcom/csipsimple/ui/favorites/FavLoader;--->onStartLoading()V
03-10 01:43:59.955 22889 22889 D M_InsDal: Lcom/csipsimple/ui/SipHome;--->onAttachFragment(Landroid/support/v4/app/Fragment;)V
03-10 01:43:59.955 22889 22889 D M_InsDal: Lcom/csipsimple/ui/SipHome$TabsAdapter;--->getIdForPosition(I)Ljava/lang/Integer;
03-10 01:43:59.955 22889 22889 D M_InsDal: Lcom/csipsimple/ui/calllog/CallLogListFragment;--->onCreateView(Landroid/view/LayoutInflater;Landroid/view/ViewGroup;Landroid/os/Bundle;)Landroid/view/View;
03-10 01:43:59.955 22889 22948 D M_InsDal: Lcom/csipsimple/ui/favorites/FavLoader;--->loadInBackground()Landroid/database/Cursor;
03-10 01:43:59.955 22889 22948 D M_InsDal: Lcom/csipsimple/api/SipProfile;--->getAllProfiles(Landroid/content/Context;Z[Ljava/lang/String;)Ljava/util/ArrayList;
03-10 01:43:59.957 22889 22889 D M_InsDal: Lcom/csipsimple/ui/calllog/CallLogListFragment;--->onViewCreated(Landroid/view/View;Landroid/os/Bundle;)V
03-10 01:43:59.957 22889 22889 D M_InsDal: Lcom/csipsimple/ui/calllog/CallLogListFragment$1;---><init>(Lcom/csipsimple/ui/calllog/CallLogListFragment;)V
03-10 01:43:59.957 22889 22889 D M_InsDal: Lcom/csipsimple/widgets/CSSListFragment;--->onActivityCreated(Landroid/os/Bundle;)V
03-10 01:43:59.957 22889 22889 D M_InsDal: Lcom/csipsimple/ui/calllog/CallLogListFragment;--->onActivityCreated(Landroid/os/Bundle;)V
03-10 01:43:59.957 22889 22889 D M_InsDal: Lcom/csipsimple/ui/SipHome;--->onAttachFragment(Landroid/support/v4/app/Fragment;)V
03-10 01:43:59.957 22889 22889 D M_InsDal: Lcom/csipsimple/ui/SipHome$TabsAdapter;--->getIdForPosition(I)Ljava/lang/Integer;
03-10 01:43:59.957 22889 22889 D M_InsDal: Lcom/csipsimple/ui/messages/ConversationsListFragment;--->onCreateView(Landroid/view/LayoutInflater;Landroid/view/ViewGroup;Landroid/os/Bundle;)Landroid/view/View;
03-10 01:43:59.961 22889 22889 D M_InsDal: Lcom/csipsimple/ui/messages/ConversationsListFragment$1;---><init>(Lcom/csipsimple/ui/messages/ConversationsListFragment;)V
03-10 01:43:59.961 22889 22889 D M_InsDal: Lcom/csipsimple/widgets/CheckableListItemView;---><init>(Landroid/content/Context;Landroid/util/AttributeSet;)V
03-10 01:43:59.961 22889 22889 D M_InsDal: Lcom/csipsimple/widgets/CheckableListItemView;--->requestLayout()V
03-10 01:43:59.962 22889 22889 D M_InsDal: Lcom/csipsimple/widgets/CheckableListItemView;--->requestLayout()V
03-10 01:43:59.963 22889 22889 D M_InsDal: Lcom/csipsimple/widgets/contactbadge/QuickContactBadge;---><init>(Landroid/content/Context;Landroid/util/AttributeSet;)V
03-10 01:43:59.963 22889 22889 D M_InsDal: Lcom/csipsimple/widgets/contactbadge/QuickContactBadge;---><init>(Landroid/content/Context;Landroid/util/AttributeSet;I)V
03-10 01:43:59.964 22889 22889 D M_InsDal: Lcom/csipsimple/widgets/contactbadge/QuickContactBadge$ArrowPosition;---><clinit>()V
03-10 01:43:59.964 22889 22889 D M_InsDal: Lcom/csipsimple/widgets/contactbadge/QuickContactBadge$ArrowPosition;---><init>(Ljava/lang/String;I)V
03-10 01:43:59.964 22889 22889 D M_InsDal: Lcom/csipsimple/widgets/contactbadge/QuickContactBadge$ArrowPosition;---><init>(Ljava/lang/String;I)V
03-10 01:43:59.964 22889 22889 D M_InsDal: Lcom/csipsimple/utils/Compatibility;--->isCompatible(I)Z
03-10 01:43:59.964 22889 22889 D M_InsDal: Lcom/csipsimple/widgets/contactbadge/ContactBadge5;---><init>(Landroid/content/Context;Landroid/util/AttributeSet;ILcom/csipsimple/widgets/contactbadge/QuickContactBadge;)V
03-10 01:43:59.964 22889 22889 D M_InsDal: Lcom/csipsimple/widgets/contactbadge/ContactBadgeContract;---><init>(Landroid/content/Context;Landroid/util/AttributeSet;ILcom/csipsimple/widgets/contactbadge/QuickContactBadge;)V
03-10 01:43:59.964 22889 22889 D M_InsDal: Lcom/csipsimple/widgets/contactbadge/OverlayedQuickContactBadge;---><init>(Landroid/content/Context;Landroid/util/AttributeSet;ILcom/csipsimple/widgets/contactbadge/QuickContactBadge;)V
03-10 01:43:59.967 22889 22889 D M_InsDal: Lcom/csipsimple/widgets/contactbadge/ContactBadge5;--->getImageView()Landroid/widget/ImageView;
03-10 01:43:59.967 22889 22889 D M_InsDal: Lcom/csipsimple/widgets/contactbadge/QuickContactBadge;--->setDrawable()V
03-10 01:43:59.969 22889 22889 D M_InsDal: Lcom/csipsimple/widgets/CheckableListItemView;--->requestLayout()V
03-10 01:43:59.970 22889 22889 D M_InsDal: Lcom/csipsimple/ui/messages/ConversationsListFragment;--->onViewCreated(Landroid/view/View;Landroid/os/Bundle;)V
03-10 01:43:59.970 22889 22889 D M_InsDal: Lcom/csipsimple/widgets/CSSListFragment;--->onActivityCreated(Landroid/os/Bundle;)V
03-10 01:43:59.970 22889 22889 D M_InsDal: Lcom/csipsimple/ui/messages/ConversationsListFragment;--->onActivityCreated(Landroid/os/Bundle;)V
03-10 01:43:59.977 22889 22889 D M_InsDal: Lcom/csipsimple/ui/SipHome$TabsAdapter;--->getCount()I
03-10 01:43:59.977 22889 22889 D M_InsDal: Lcom/csipsimple/ui/SipHome$TabsAdapter;--->getCount()I
03-10 01:43:59.978 22889 22889 D M_InsDal: Lcom/csipsimple/ui/SipHome$TabsAdapter;--->getCount()I
03-10 01:43:59.978 22889 22889 D M_InsDal: Lcom/csipsimple/ui/SipHome$TabsAdapter;--->getCount()I
03-10 01:43:59.980 22928 22928 D M_InsDal: Lcom/csipsimple/db/DBProvider;---><clinit>()V
03-10 01:43:59.981 22928 22928 D M_InsDal: Lcom/csipsimple/db/DBProvider;---><init>()V
03-10 01:43:59.981 22928 22928 D M_InsDal: Lcom/csipsimple/db/DBProvider;--->onCreate()Z
03-10 01:43:59.982 22928 22928 D M_InsDal: Lcom/csipsimple/db/DBAdapter$DatabaseHelper;---><init>(Landroid/content/Context;)V
03-10 01:43:59.984 22928 22928 D M_InsDal: Lcom/csipsimple/service/SipService;---><clinit>()V
03-10 01:43:59.984 22928 22928 D M_InsDal: Lcom/csipsimple/service/SipService;---><init>()V
03-10 01:43:59.985 22928 22928 D M_InsDal: Lcom/csipsimple/service/SipService$1;---><init>(Lcom/csipsimple/service/SipService;)V
03-10 01:43:59.985 22928 22928 D M_InsDal: Lcom/csipsimple/api/ISipService$Stub;---><init>()V
03-10 01:43:59.985 22928 22928 D M_InsDal: Lcom/csipsimple/service/SipService$2;---><init>(Lcom/csipsimple/service/SipService;)V
03-10 01:43:59.985 22928 22928 D M_InsDal: Lcom/csipsimple/api/ISipConfiguration$Stub;---><init>()V
03-10 01:43:59.985 22928 22928 D M_InsDal: Lcom/csipsimple/service/SipService$ServiceHandler;---><init>(Lcom/csipsimple/service/SipService;)V
03-10 01:43:59.985 22928 22928 D M_InsDal: Lcom/csipsimple/api/SipManager$PresenceStatus;---><clinit>()V
03-10 01:43:59.985 22928 22928 D M_InsDal: Lcom/csipsimple/api/SipManager$PresenceStatus;---><init>(Ljava/lang/String;I)V
03-10 01:43:59.985 22928 22928 D M_InsDal: Lcom/csipsimple/api/SipManager$PresenceStatus;---><init>(Ljava/lang/String;I)V
03-10 01:43:59.985 22928 22928 D M_InsDal: Lcom/csipsimple/service/SipService;--->onCreate()V
03-10 01:43:59.986 22928 22928 D M_InsDal: Lcom/csipsimple/utils/Log;---><clinit>()V
03-10 01:43:59.986 22928 22928 D M_InsDal: Lcom/csipsimple/utils/Log;--->i(Ljava/lang/String;Ljava/lang/String;)V
03-10 01:43:59.986 22928 22928 D M_InsDal: Lcom/csipsimple/utils/PreferencesProviderWrapper;---><init>(Landroid/content/Context;)V
03-10 01:43:59.986 22928 22928 D M_InsDal: Lcom/csipsimple/utils/PreferencesProviderWrapper;--->getLogLevel()I
03-10 01:43:59.988 22928 22928 D M_InsDal: Lcom/csipsimple/api/SipConfigManager;---><clinit>()V
03-10 01:43:59.988 22928 22928 D M_InsDal: Lcom/csipsimple/api/SipConfigManager;--->getPreferenceIntegerValue(Landroid/content/Context;Ljava/lang/String;Ljava/lang/Integer;)Ljava/lang/Integer;
03-10 01:43:59.988 22928 22928 D M_InsDal: Lcom/csipsimple/api/SipConfigManager;--->getPrefUriForKey(Ljava/lang/String;)Landroid/net/Uri;
03-10 01:43:59.990 22928 22946 D M_InsDal: Lcom/csipsimple/db/DBProvider;--->query(Landroid/net/Uri;[Ljava/lang/String;Ljava/lang/String;[Ljava/lang/String;Ljava/lang/String;)Landroid/database/Cursor;
03-10 01:43:59.990 22928 22966 D M_InsDal: Lcom/csipsimple/db/DBProvider;--->query(Landroid/net/Uri;[Ljava/lang/String;Ljava/lang/String;[Ljava/lang/String;Ljava/lang/String;)Landroid/database/Cursor;
03-10 01:43:59.991 22889 22908 D M_InsDal: Lcom/csipsimple/service/PreferenceProvider;--->query(Landroid/net/Uri;[Ljava/lang/String;Ljava/lang/String;[Ljava/lang/String;Ljava/lang/String;)Landroid/database/Cursor;
03-10 01:43:59.991 22889 22908 D M_InsDal: Lcom/csipsimple/utils/PreferencesWrapper;--->getPreferenceIntegerValue(Ljava/lang/String;)Ljava/lang/Integer;
03-10 01:43:59.991 22889 22908 D M_InsDal: Lcom/csipsimple/utils/PreferencesWrapper;--->getPreferenceStringValue(Ljava/lang/String;)Ljava/lang/String;
03-10 01:43:59.991 22889 22908 D M_InsDal: Lcom/csipsimple/utils/PreferencesWrapper;--->gPrefStringValue(Landroid/content/SharedPreferences;Ljava/lang/String;)Ljava/lang/String;
03-10 01:43:59.994 22889 22889 D M_InsDal: Lcom/csipsimple/ui/SipHome$TabsAdapter;--->getCount()I
03-10 01:43:59.995 22928 22928 D M_InsDal: Lcom/csipsimple/utils/Log;--->setLogLevel(I)V
03-10 01:43:59.996 22928 22928 D M_InsDal: Lcom/csipsimple/service/SipNotifications;---><clinit>()V
03-10 01:43:59.996 22928 22928 D M_InsDal: Lcom/csipsimple/service/SipNotifications;---><init>(Landroid/content/Context;)V
03-10 01:43:59.996 22928 22928 D M_InsDal: Lcom/csipsimple/service/SipNotifications;--->cancelAll()V
03-10 01:43:59.996 22928 22928 D M_InsDal: Lcom/csipsimple/service/SipNotifications;--->cancelMessages()V
03-10 01:43:59.996 22928 22928 D M_InsDal: Lcom/csipsimple/service/SipNotifications;--->cancelMissedCalls()V
03-10 01:43:59.996 22928 22928 D M_InsDal: Lcom/csipsimple/service/SipNotifications;--->cancelVoicemails()V
03-10 01:43:59.997 22928 22928 D M_InsDal: Lcom/csipsimple/service/SipNotifications;--->cancelCalls()V
03-10 01:43:59.997 22928 22928 D M_InsDal: Lcom/csipsimple/utils/Compatibility;--->isCompatible(I)Z
03-10 01:43:59.997 22928 22928 D M_InsDal: Lcom/csipsimple/service/SipNotifications;--->onServiceCreate()V
03-10 01:43:59.998 22928 22928 D M_InsDal: Lcom/csipsimple/service/SipWakeLock;---><init>(Landroid/os/PowerManager;)V
03-10 01:43:59.998 22928 22928 D M_InsDal: Lcom/csipsimple/utils/PreferencesProviderWrapper;--->getPreferenceBooleanValue(Ljava/lang/String;Z)Z
03-10 01:43:59.998 22928 22928 D M_InsDal: Lcom/csipsimple/api/SipConfigManager;--->getPreferenceBooleanValue(Landroid/content/Context;Ljava/lang/String;Ljava/lang/Boolean;)Ljava/lang/Boolean;
03-10 01:43:59.998 22928 22928 D M_InsDal: Lcom/csipsimple/api/SipConfigManager;--->getPrefUriForKey(Ljava/lang/String;)Landroid/net/Uri;
03-10 01:43:59.998 22889 22908 D M_InsDal: Lcom/csipsimple/service/PreferenceProvider;--->query(Landroid/net/Uri;[Ljava/lang/String;Ljava/lang/String;[Ljava/lang/String;Ljava/lang/String;)Landroid/database/Cursor;
03-10 01:43:59.998 22889 22908 D M_InsDal: Lcom/csipsimple/utils/PreferencesWrapper;--->getPreferenceBooleanValue(Ljava/lang/String;)Ljava/lang/Boolean;
03-10 01:43:59.998 22889 22908 D M_InsDal: Lcom/csipsimple/utils/PreferencesWrapper;--->gPrefBooleanValue(Landroid/content/SharedPreferences;Ljava/lang/String;)Ljava/lang/Boolean;
03-10 01:44:00.001 22928 22928 D M_InsDal: Lcom/csipsimple/utils/Log;--->d(Ljava/lang/String;Ljava/lang/String;)V
03-10 01:44:00.002 22928 22928 D M_InsDal: Lcom/csipsimple/service/PresenceManager;---><clinit>()V
03-10 01:44:00.002 22928 22928 D M_InsDal: Lcom/csipsimple/service/PresenceManager;---><init>()V
03-10 01:44:00.002 22928 22928 D M_InsDal: Lcom/csipsimple/service/SipService;--->onStart(Landroid/content/Intent;I)V
03-10 01:44:00.002 22928 22928 D M_InsDal: Lcom/csipsimple/service/SipService;--->registerForOutgoing(Landroid/content/ComponentName;)V
03-10 01:44:00.002 22928 22928 D M_InsDal: Lcom/csipsimple/service/SipService;--->isConnectivityValid()Z
03-10 01:44:00.002 22928 22928 D M_InsDal: Lcom/csipsimple/utils/PreferencesProviderWrapper;--->getPreferenceBooleanValue(Ljava/lang/String;Z)Z
03-10 01:44:00.002 22928 22928 D M_InsDal: Lcom/csipsimple/api/SipConfigManager;--->getPreferenceBooleanValue(Landroid/content/Context;Ljava/lang/String;Ljava/lang/Boolean;)Ljava/lang/Boolean;
03-10 01:44:00.002 22928 22928 D M_InsDal: Lcom/csipsimple/api/SipConfigManager;--->getPrefUriForKey(Ljava/lang/String;)Landroid/net/Uri;
03-10 01:44:00.002 22889 22908 D M_InsDal: Lcom/csipsimple/service/PreferenceProvider;--->query(Landroid/net/Uri;[Ljava/lang/String;Ljava/lang/String;[Ljava/lang/String;Ljava/lang/String;)Landroid/database/Cursor;
03-10 01:44:00.003 22889 22908 D M_InsDal: Lcom/csipsimple/utils/PreferencesWrapper;--->getPreferenceBooleanValue(Ljava/lang/String;)Ljava/lang/Boolean;
03-10 01:44:00.003 22889 22908 D M_InsDal: Lcom/csipsimple/utils/PreferencesWrapper;--->gPrefBooleanValue(Landroid/content/SharedPreferences;Ljava/lang/String;)Ljava/lang/Boolean;
03-10 01:44:00.003 22889 22923 D M_InsDal: Lcom/csipsimple/utils/CustomDistribution;--->getCustomDistributionWizard()Lcom/csipsimple/wizards/WizardUtils$WizardInfo;
03-10 01:44:00.005 22928 22928 D M_InsDal: Lcom/csipsimple/utils/PreferencesProviderWrapper;--->isValidConnectionForIncoming()Z
03-10 01:44:00.006 22928 22928 D M_InsDal: Lcom/csipsimple/utils/PreferencesProviderWrapper;--->isValidConnectionFor(Landroid/net/NetworkInfo;Ljava/lang/String;)Z
03-10 01:44:00.006 22928 22928 D M_InsDal: Lcom/csipsimple/utils/PreferencesProviderWrapper;--->isValidWifiConnectionFor(Landroid/net/NetworkInfo;Ljava/lang/String;)Z
03-10 01:44:00.006 22928 22928 D M_InsDal: Lcom/csipsimple/utils/PreferencesProviderWrapper;--->getPreferenceBooleanValue(Ljava/lang/String;Z)Z
03-10 01:44:00.006 22928 22928 D M_InsDal: Lcom/csipsimple/api/SipConfigManager;--->getPreferenceBooleanValue(Landroid/content/Context;Ljava/lang/String;Ljava/lang/Boolean;)Ljava/lang/Boolean;
03-10 01:44:00.006 22928 22928 D M_InsDal: Lcom/csipsimple/api/SipConfigManager;--->getPrefUriForKey(Ljava/lang/String;)Landroid/net/Uri;
03-10 01:44:00.006 22889 22908 D M_InsDal: Lcom/csipsimple/service/PreferenceProvider;--->query(Landroid/net/Uri;[Ljava/lang/String;Ljava/lang/String;[Ljava/lang/String;Ljava/lang/String;)Landroid/database/Cursor;
03-10 01:44:00.006 22889 22908 D M_InsDal: Lcom/csipsimple/utils/PreferencesWrapper;--->getPreferenceBooleanValue(Ljava/lang/String;)Ljava/lang/Boolean;
03-10 01:44:00.006 22889 22908 D M_InsDal: Lcom/csipsimple/utils/PreferencesWrapper;--->gPrefBooleanValue(Landroid/content/SharedPreferences;Ljava/lang/String;)Ljava/lang/Boolean;
03-10 01:44:00.008 22928 22928 D M_InsDal: Lcom/csipsimple/utils/Log;--->d(Ljava/lang/String;Ljava/lang/String;)V
03-10 01:44:00.008 22928 22928 D M_InsDal: Lcom/csipsimple/utils/PreferencesProviderWrapper;--->isValidConnectionForOutgoing()Z
03-10 01:44:00.008 22928 22928 D M_InsDal: Lcom/csipsimple/utils/PreferencesProviderWrapper;--->getPreferenceBooleanValue(Ljava/lang/String;Z)Z
03-10 01:44:00.008 22928 22928 D M_InsDal: Lcom/csipsimple/api/SipConfigManager;--->getPreferenceBooleanValue(Landroid/content/Context;Ljava/lang/String;Ljava/lang/Boolean;)Ljava/lang/Boolean;
03-10 01:44:00.008 22928 22928 D M_InsDal: Lcom/csipsimple/api/SipConfigManager;--->getPrefUriForKey(Ljava/lang/String;)Landroid/net/Uri;
03-10 01:44:00.008 22889 22908 D M_InsDal: Lcom/csipsimple/service/PreferenceProvider;--->query(Landroid/net/Uri;[Ljava/lang/String;Ljava/lang/String;[Ljava/lang/String;Ljava/lang/String;)Landroid/database/Cursor;
03-10 01:44:00.008 22889 22908 D M_InsDal: Lcom/csipsimple/utils/PreferencesWrapper;--->getPreferenceBooleanValue(Ljava/lang/String;)Ljava/lang/Boolean;
03-10 01:44:00.008 22889 22908 D M_InsDal: Lcom/csipsimple/utils/PreferencesWrapper;--->gPrefBooleanValue(Landroid/content/SharedPreferences;Ljava/lang/String;)Ljava/lang/Boolean;
03-10 01:44:00.015 22928 22928 D M_InsDal: Lcom/csipsimple/utils/PreferencesProviderWrapper;--->isValidConnectionFor(Landroid/net/NetworkInfo;Ljava/lang/String;)Z
03-10 01:44:00.015 22928 22928 D M_InsDal: Lcom/csipsimple/utils/PreferencesProviderWrapper;--->isValidWifiConnectionFor(Landroid/net/NetworkInfo;Ljava/lang/String;)Z
03-10 01:44:00.015 22928 22928 D M_InsDal: Lcom/csipsimple/utils/PreferencesProviderWrapper;--->getPreferenceBooleanValue(Ljava/lang/String;Z)Z
03-10 01:44:00.015 22928 22928 D M_InsDal: Lcom/csipsimple/api/SipConfigManager;--->getPreferenceBooleanValue(Landroid/content/Context;Ljava/lang/String;Ljava/lang/Boolean;)Ljava/lang/Boolean;
03-10 01:44:00.015 22928 22928 D M_InsDal: Lcom/csipsimple/api/SipConfigManager;--->getPrefUriForKey(Ljava/lang/String;)Landroid/net/Uri;
03-10 01:44:00.016 22889 22913 D M_InsDal: Lcom/csipsimple/service/PreferenceProvider;--->query(Landroid/net/Uri;[Ljava/lang/String;Ljava/lang/String;[Ljava/lang/String;Ljava/lang/String;)Landroid/database/Cursor;
03-10 01:44:00.016 22889 22913 D M_InsDal: Lcom/csipsimple/utils/PreferencesWrapper;--->getPreferenceBooleanValue(Ljava/lang/String;)Ljava/lang/Boolean;
03-10 01:44:00.016 22889 22913 D M_InsDal: Lcom/csipsimple/utils/PreferencesWrapper;--->gPrefBooleanValue(Landroid/content/SharedPreferences;Ljava/lang/String;)Ljava/lang/Boolean;
03-10 01:44:00.019 22928 22928 D M_InsDal: Lcom/csipsimple/utils/Log;--->d(Ljava/lang/String;Ljava/lang/String;)V
03-10 01:44:00.019 22928 22928 D M_InsDal: Lcom/csipsimple/service/SipService;--->loadStack()Z
03-10 01:44:00.019 22928 22928 D M_InsDal: Lcom/csipsimple/pjsip/PjSipService;---><clinit>()V
03-10 01:44:00.019 22928 22928 D M_InsDal: Lcom/csipsimple/pjsip/PjSipService;---><init>()V
03-10 01:44:00.019 22928 22928 D M_InsDal: Lcom/csipsimple/pjsip/PjSipService;--->setService(Lcom/csipsimple/service/SipService;)V
03-10 01:44:00.019 22928 22928 D M_InsDal: Lcom/csipsimple/service/SipService;--->getPrefs()Lcom/csipsimple/utils/PreferencesProviderWrapper;
03-10 01:44:00.019 22928 22928 D M_InsDal: Lcom/csipsimple/pjsip/PjSipService;--->tryToLoadStack()Z
03-10 01:44:00.023 22928 22928 D M_InsDal: Lcom/csipsimple/utils/Log;--->e(Ljava/lang/String;Ljava/lang/String;Ljava/lang/Throwable;)V
03-10 01:44:00.024 22928 22928 D M_InsDal: Lcom/csipsimple/service/SipService;--->notifyUserOfMessage(Ljava/lang/String;)V
03-10 01:44:00.024 22928 22928 D M_InsDal: Lcom/csipsimple/service/SipService$ServiceHandler;--->handleMessage(Landroid/os/Message;)V
03-10 01:44:00.025 22889 22889 D M_InsDal: Lcom/csipsimple/ui/SipHome$1;--->run()V
03-10 01:44:00.025 22889 22889 D M_InsDal: Lcom/csipsimple/ui/SipHome;--->refreshWarningTabDisplay()V
03-10 01:44:00.025 22889 22889 D M_InsDal: Lcom/csipsimple/ui/SipHome$TabsAdapter;--->getPositionForId(I)Ljava/lang/Integer;
03-10 01:44:00.025 22889 22889 D M_InsDal: Lcom/csipsimple/ui/SipHome$1;--->run()V
03-10 01:44:00.025 22889 22889 D M_InsDal: Lcom/csipsimple/ui/SipHome;--->refreshWarningTabDisplay()V
03-10 01:44:00.025 22889 22889 D M_InsDal: Lcom/csipsimple/ui/SipHome$TabsAdapter;--->getPositionForId(I)Ljava/lang/Integer;
03-10 01:44:00.027 22889 22889 D M_InsDal: Lcom/csipsimple/ui/SipHome;--->onCreateOptionsMenu(Lcom/actionbarsherlock/view/Menu;)Z
03-10 01:44:00.027 22889 22889 D M_InsDal: Lcom/csipsimple/utils/CustomDistribution;--->getCustomDistributionWizard()Lcom/csipsimple/wizards/WizardUtils$WizardInfo;
03-10 01:44:00.027 22889 22889 D M_InsDal: Lcom/csipsimple/utils/CustomDistribution;--->distributionWantsOtherAccounts()Z
03-10 01:44:00.027 22889 22889 D M_InsDal: Lcom/csipsimple/utils/Compatibility;--->isCompatible(I)Z
03-10 01:44:00.032 22889 22889 D M_InsDal: Lcom/csipsimple/ui/SipHome$TabsAdapter;--->getCount()I
03-10 01:44:00.034 22889 22889 D M_InsDal: Lcom/csipsimple/ui/SipHome$TabsAdapter;--->getCount()I
03-10 01:44:00.036 22889 22889 D M_InsDal: Lcom/csipsimple/ui/favorites/FavLoader;--->deliverResult(Landroid/database/Cursor;)V
03-10 01:44:00.036 22889 22889 D M_InsDal: Lcom/csipsimple/widgets/CSSListFragment;--->onLoadFinished(Landroid/support/v4/content/Loader;Landroid/database/Cursor;)V
03-10 01:44:00.036 22889 22889 D M_InsDal: Lcom/csipsimple/ui/favorites/FavListFragment;--->changeCursor(Landroid/database/Cursor;)V
03-10 01:44:00.036 22889 22889 D M_InsDal: Lcom/csipsimple/widgets/CSSListFragment;--->setListShown(Z)V
03-10 01:44:00.036 22889 22889 D M_InsDal: Lcom/csipsimple/widgets/CSSListFragment;--->setListShown(ZZ)V
03-10 01:44:00.036 22889 22889 D M_InsDal: Lcom/csipsimple/widgets/CSSListFragment;--->ensureCustomList()V
03-10 01:44:00.036 22889 22889 D M_InsDal: Lcom/csipsimple/ui/messages/ConversationsListFragment;--->onResume()V
03-10 01:44:00.037 22889 22889 D M_InsDal: Lcom/csipsimple/service/SipNotifications;---><clinit>()V
03-10 01:44:00.037 22889 22889 D M_InsDal: Lcom/csipsimple/service/SipNotifications;---><init>(Landroid/content/Context;)V
03-10 01:44:00.037 22889 22889 D M_InsDal: Lcom/csipsimple/service/SipNotifications;--->cancelAll()V
03-10 01:44:00.037 22889 22889 D M_InsDal: Lcom/csipsimple/service/SipNotifications;--->cancelMessages()V
03-10 01:44:00.037 22889 22889 D M_InsDal: Lcom/csipsimple/service/SipNotifications;--->cancelMissedCalls()V
03-10 01:44:00.037 22889 22889 D M_InsDal: Lcom/csipsimple/service/SipNotifications;--->cancelVoicemails()V
03-10 01:44:00.037 22889 22889 D M_InsDal: Lcom/csipsimple/service/SipNotifications;--->cancelCalls()V
03-10 01:44:00.038 22889 22889 D M_InsDal: Lcom/csipsimple/utils/Compatibility;--->isCompatible(I)Z
03-10 01:44:00.038 22889 22889 D M_InsDal: Lcom/csipsimple/service/SipNotifications;--->cancelMessages()V
03-10 01:44:00.039 22889 22889 D M_InsDal: Lcom/csipsimple/ui/SipHome;--->onPause()V
03-10 01:44:00.039 22889 22889 D M_InsDal: Lcom/csipsimple/utils/Log;--->d(Ljava/lang/String;Ljava/lang/String;)V
03-10 01:44:00.050 22889 22889 D M_InsDal: Lcom/csipsimple/ui/account/AccountsEditList;---><init>()V
03-10 01:44:00.055 22889 22889 D M_InsDal: Lcom/csipsimple/ui/account/AccountsEditList;--->onCreate(Landroid/os/Bundle;)V
03-10 01:44:00.060 22889 22889 D M_InsDal: Lcom/csipsimple/ui/account/AccountsEditListFragment;---><clinit>()V
03-10 01:44:00.060 22889 22889 D M_InsDal: Lcom/csipsimple/ui/account/AccountsEditListFragment;---><init>()V
03-10 01:44:00.060 22889 22889 D M_InsDal: Lcom/csipsimple/widgets/CSSListFragment;---><init>()V
03-10 01:44:00.060 22889 22889 D M_InsDal: Lcom/csipsimple/ui/account/AccountsEditListFragment;--->onCreate(Landroid/os/Bundle;)V
03-10 01:44:00.060 22889 22889 D M_InsDal: Lcom/csipsimple/ui/account/AccountsEditListFragment;--->onCreateView(Landroid/view/LayoutInflater;Landroid/view/ViewGroup;Landroid/os/Bundle;)Landroid/view/View;
03-10 01:44:00.062 22889 22889 D M_InsDal: Lcom/csipsimple/widgets/DragnDropListView;---><init>(Landroid/content/Context;Landroid/util/AttributeSet;)V
