--------- beginning of main
--------- beginning of system
03-10 01:46:17.277 24527 24527 D M_InsDal: Lcom/csipsimple/service/PreferenceProvider;---><clinit>()V
03-10 01:46:17.277 24527 24527 D M_InsDal: Lcom/csipsimple/service/PreferenceProvider;---><init>()V
03-10 01:46:17.277 24527 24527 D M_InsDal: Lcom/csipsimple/service/PreferenceProvider;--->onCreate()Z
03-10 01:46:17.277 24527 24527 D M_InsDal: Lcom/csipsimple/utils/PreferencesWrapper;---><clinit>()V
03-10 01:46:17.277 24527 24527 D M_InsDal: Lcom/csipsimple/utils/PreferencesWrapper$1;---><init>()V
03-10 01:46:17.280 24527 24527 D M_InsDal: Lcom/csipsimple/utils/CustomDistribution;--->getUserAgent()Ljava/lang/String;
03-10 01:46:17.282 24527 24527 D M_InsDal: Lcom/csipsimple/utils/PreferencesWrapper$2;---><init>()V
03-10 01:46:17.284 24527 24527 D M_InsDal: Lcom/csipsimple/utils/PreferencesWrapper$3;---><init>()V
03-10 01:46:17.285 24527 24527 D M_InsDal: Lcom/csipsimple/utils/PreferencesWrapper;---><init>(Landroid/content/Context;)V
03-10 01:46:17.285 24527 24527 D M_InsDal: Lcom/csipsimple/utils/PreferencesWrapper;--->needUpgrade()Ljava/lang/Integer;
03-10 01:46:17.285 24527 24527 D M_InsDal: Lcom/csipsimple/utils/PreferencesProviderWrapper;--->getCurrentPackageInfos(Landroid/content/Context;)Landroid/content/pm/PackageInfo;
03-10 01:46:17.287 24527 24527 D M_InsDal: Lcom/csipsimple/utils/Log;---><clinit>()V
03-10 01:46:17.287 24527 24527 D M_InsDal: Lcom/csipsimple/utils/Log;--->d(Ljava/lang/String;Ljava/lang/String;)V
03-10 01:46:17.287 24527 24527 D M_InsDal: Lcom/csipsimple/utils/Log;--->d(Ljava/lang/String;Ljava/lang/String;)V
03-10 01:46:17.288 24527 24527 D M_InsDal: Lcom/csipsimple/utils/Compatibility;--->getApiLevel()I
03-10 01:46:17.299 24527 24527 D M_InsDal: Lcom/csipsimple/ui/SipHome;---><clinit>()V
03-10 01:46:17.300 24527 24527 D M_InsDal: Lcom/csipsimple/ui/SipHome;---><init>()V
03-10 01:46:17.300 24527 24527 D M_InsDal: Lcom/csipsimple/ui/SipHome$1;---><init>(Lcom/csipsimple/ui/SipHome;)V
03-10 01:46:17.304 24527 24527 D M_InsDal: Lcom/csipsimple/ui/SipHome;--->onCreate(Landroid/os/Bundle;)V
03-10 01:46:17.304 24527 24527 D M_InsDal: Lcom/csipsimple/utils/PreferencesProviderWrapper;---><init>(Landroid/content/Context;)V
03-10 01:46:17.337 24527 24527 D M_InsDal: Lcom/csipsimple/utils/CustomDistribution;--->supportMessaging()Z
03-10 01:46:17.339 24527 24527 D M_InsDal: Lcom/csipsimple/ui/SipHome$TabsAdapter;---><init>(Lcom/csipsimple/ui/SipHome;Landroid/support/v4/app/FragmentActivity;Lcom/actionbarsherlock/app/ActionBar;Landroid/support/v4/view/ViewPager;)V
03-10 01:46:17.339 24527 24527 D M_InsDal: Lcom/csipsimple/ui/SipHome$TabsAdapter;--->addTab(Lcom/actionbarsherlock/app/ActionBar$Tab;Ljava/lang/Class;I)V
03-10 01:46:17.341 24527 24527 D M_InsDal: Lcom/csipsimple/ui/SipHome$TabsAdapter;--->onTabSelected(Lcom/actionbarsherlock/app/ActionBar$Tab;Landroid/support/v4/app/FragmentTransaction;)V
03-10 01:46:17.341 24527 24527 D M_InsDal: Lcom/csipsimple/ui/SipHome$TabsAdapter;--->clearDetails()V
03-10 01:46:17.341 24527 24527 D M_InsDal: Lcom/csipsimple/ui/SipHome$TabsAdapter;--->getCount()I
03-10 01:46:17.341 24527 24527 D M_InsDal: Lcom/csipsimple/ui/SipHome$TabsAdapter;--->getCount()I
03-10 01:46:17.342 24527 24527 D M_InsDal: Lcom/csipsimple/ui/SipHome$TabsAdapter;--->addTab(Lcom/actionbarsherlock/app/ActionBar$Tab;Ljava/lang/Class;I)V
03-10 01:46:17.342 24527 24527 D M_InsDal: Lcom/csipsimple/ui/SipHome$TabsAdapter;--->getCount()I
03-10 01:46:17.342 24527 24527 D M_InsDal: Lcom/csipsimple/ui/SipHome$TabsAdapter;--->getCount()I
03-10 01:46:17.342 24527 24527 D M_InsDal: Lcom/csipsimple/ui/SipHome$TabsAdapter;--->addTab(Lcom/actionbarsherlock/app/ActionBar$Tab;Ljava/lang/Class;I)V
03-10 01:46:17.342 24527 24527 D M_InsDal: Lcom/csipsimple/ui/SipHome$TabsAdapter;--->getCount()I
03-10 01:46:17.342 24527 24527 D M_InsDal: Lcom/csipsimple/ui/SipHome$TabsAdapter;--->getCount()I
03-10 01:46:17.342 24527 24527 D M_InsDal: Lcom/csipsimple/ui/SipHome$TabsAdapter;--->addTab(Lcom/actionbarsherlock/app/ActionBar$Tab;Ljava/lang/Class;I)V
03-10 01:46:17.342 24527 24527 D M_InsDal: Lcom/csipsimple/ui/SipHome$TabsAdapter;--->getCount()I
03-10 01:46:17.342 24527 24527 D M_InsDal: Lcom/csipsimple/ui/SipHome$TabsAdapter;--->getCount()I
03-10 01:46:17.342 24527 24527 D M_InsDal: Lcom/csipsimple/utils/PreferencesProviderWrapper;--->getPreferenceBooleanValue(Ljava/lang/String;)Z
03-10 01:46:17.342 24527 24527 D M_InsDal: Lcom/csipsimple/api/SipConfigManager;---><clinit>()V
03-10 01:46:17.343 24527 24527 D M_InsDal: Lcom/csipsimple/api/SipConfigManager;--->getPreferenceBooleanValue(Landroid/content/Context;Ljava/lang/String;)Ljava/lang/Boolean;
03-10 01:46:17.343 24527 24527 D M_InsDal: Lcom/csipsimple/api/SipConfigManager;--->getPreferenceBooleanValue(Landroid/content/Context;Ljava/lang/String;Ljava/lang/Boolean;)Ljava/lang/Boolean;
03-10 01:46:17.343 24527 24527 D M_InsDal: Lcom/csipsimple/api/SipConfigManager;--->getPrefUriForKey(Ljava/lang/String;)Landroid/net/Uri;
03-10 01:46:17.347 24527 24527 D M_InsDal: Lcom/csipsimple/service/PreferenceProvider;--->query(Landroid/net/Uri;[Ljava/lang/String;Ljava/lang/String;[Ljava/lang/String;Ljava/lang/String;)Landroid/database/Cursor;
03-10 01:46:17.347 24527 24527 D M_InsDal: Lcom/csipsimple/utils/PreferencesWrapper;--->getPreferenceBooleanValue(Ljava/lang/String;)Ljava/lang/Boolean;
03-10 01:46:17.347 24527 24527 D M_InsDal: Lcom/csipsimple/utils/PreferencesWrapper;--->gPrefBooleanValue(Landroid/content/SharedPreferences;Ljava/lang/String;)Ljava/lang/Boolean;
03-10 01:46:17.347 24527 24527 D M_InsDal: Lcom/csipsimple/ui/SipHome;--->selectTabWithAction(Landroid/content/Intent;)V
03-10 01:46:17.347 24527 24527 D M_InsDal: Lcom/csipsimple/utils/PreferencesProviderWrapper;--->getLogLevel()I
03-10 01:46:17.347 24527 24527 D M_InsDal: Lcom/csipsimple/api/SipConfigManager;--->getPreferenceIntegerValue(Landroid/content/Context;Ljava/lang/String;Ljava/lang/Integer;)Ljava/lang/Integer;
03-10 01:46:17.347 24527 24527 D M_InsDal: Lcom/csipsimple/api/SipConfigManager;--->getPrefUriForKey(Ljava/lang/String;)Landroid/net/Uri;
03-10 01:46:17.347 24527 24527 D M_InsDal: Lcom/csipsimple/service/PreferenceProvider;--->query(Landroid/net/Uri;[Ljava/lang/String;Ljava/lang/String;[Ljava/lang/String;Ljava/lang/String;)Landroid/database/Cursor;
03-10 01:46:17.347 24527 24527 D M_InsDal: Lcom/csipsimple/utils/PreferencesWrapper;--->getPreferenceIntegerValue(Ljava/lang/String;)Ljava/lang/Integer;
03-10 01:46:17.347 24527 24527 D M_InsDal: Lcom/csipsimple/utils/PreferencesWrapper;--->getPreferenceStringValue(Ljava/lang/String;)Ljava/lang/String;
03-10 01:46:17.347 24527 24527 D M_InsDal: Lcom/csipsimple/utils/PreferencesWrapper;--->gPrefStringValue(Landroid/content/SharedPreferences;Ljava/lang/String;)Ljava/lang/String;
03-10 01:46:17.347 24527 24527 D M_InsDal: Lcom/csipsimple/utils/Log;--->setLogLevel(I)V
03-10 01:46:17.347 24527 24527 D M_InsDal: Lcom/csipsimple/ui/SipHome$2;---><init>(Lcom/csipsimple/ui/SipHome;)V
03-10 01:46:17.348 24527 24562 D M_InsDal: Lcom/csipsimple/ui/SipHome$2;--->run()V
03-10 01:46:17.348 24527 24562 D M_InsDal: Lcom/csipsimple/ui/SipHome;--->asyncSanityCheck()V
03-10 01:46:17.348 24527 24562 D M_InsDal: Lcom/csipsimple/utils/NightlyUpdater;--->isNightlyBuild(Landroid/content/Context;)Z
03-10 01:46:17.348 24527 24562 D M_InsDal: Lcom/csipsimple/utils/NightlyUpdater;--->getApplicationMetaData(Landroid/content/Context;)Landroid/os/Bundle;
03-10 01:46:17.349 24527 24562 D M_InsDal: Lcom/csipsimple/ui/warnings/WarningUtils;---><clinit>()V
03-10 01:46:17.349 24527 24562 D M_InsDal: Lcom/csipsimple/ui/warnings/WarningUtils;--->shouldWarnPrivilegedIntent(Landroid/content/Context;Lcom/csipsimple/utils/PreferencesProviderWrapper;)Z
03-10 01:46:17.349 24527 24562 D M_InsDal: Lcom/csipsimple/ui/warnings/WarningUtils;--->getIgnoreKey(Ljava/lang/String;)Ljava/lang/String;
03-10 01:46:17.349 24527 24562 D M_InsDal: Lcom/csipsimple/utils/PreferencesProviderWrapper;--->getPreferenceBooleanValue(Ljava/lang/String;Z)Z
03-10 01:46:17.349 24527 24562 D M_InsDal: Lcom/csipsimple/api/SipConfigManager;--->getPreferenceBooleanValue(Landroid/content/Context;Ljava/lang/String;Ljava/lang/Boolean;)Ljava/lang/Boolean;
03-10 01:46:17.349 24527 24562 D M_InsDal: Lcom/csipsimple/api/SipConfigManager;--->getPrefUriForKey(Ljava/lang/String;)Landroid/net/Uri;
03-10 01:46:17.349 24527 24562 D M_InsDal: Lcom/csipsimple/service/PreferenceProvider;--->query(Landroid/net/Uri;[Ljava/lang/String;Ljava/lang/String;[Ljava/lang/String;Ljava/lang/String;)Landroid/database/Cursor;
03-10 01:46:17.349 24527 24562 D M_InsDal: Lcom/csipsimple/utils/PreferencesWrapper;--->getPreferenceBooleanValue(Ljava/lang/String;)Ljava/lang/Boolean;
03-10 01:46:17.349 24527 24562 D M_InsDal: Lcom/csipsimple/utils/PreferencesWrapper;--->gPrefBooleanValue(Landroid/content/SharedPreferences;Ljava/lang/String;)Ljava/lang/Boolean;
03-10 01:46:17.349 24527 24562 D M_InsDal: Lcom/csipsimple/utils/PreferencesProviderWrapper;--->getPreferenceBooleanValue(Ljava/lang/String;Z)Z
03-10 01:46:17.349 24527 24562 D M_InsDal: Lcom/csipsimple/api/SipConfigManager;--->getPreferenceBooleanValue(Landroid/content/Context;Ljava/lang/String;Ljava/lang/Boolean;)Ljava/lang/Boolean;
03-10 01:46:17.349 24527 24562 D M_InsDal: Lcom/csipsimple/api/SipConfigManager;--->getPrefUriForKey(Ljava/lang/String;)Landroid/net/Uri;
03-10 01:46:17.349 24527 24562 D M_InsDal: Lcom/csipsimple/service/PreferenceProvider;--->query(Landroid/net/Uri;[Ljava/lang/String;Ljava/lang/String;[Ljava/lang/String;Ljava/lang/String;)Landroid/database/Cursor;
03-10 01:46:17.349 24527 24562 D M_InsDal: Lcom/csipsimple/utils/PreferencesWrapper;--->getPreferenceBooleanValue(Ljava/lang/String;)Ljava/lang/Boolean;
03-10 01:46:17.349 24527 24562 D M_InsDal: Lcom/csipsimple/utils/PreferencesWrapper;--->gPrefBooleanValue(Landroid/content/SharedPreferences;Ljava/lang/String;)Ljava/lang/Boolean;
03-10 01:46:17.349 24527 24562 D M_InsDal: Lcom/csipsimple/utils/PhoneCapabilityTester;---><clinit>()V
03-10 01:46:17.349 24527 24562 D M_InsDal: Lcom/csipsimple/utils/PhoneCapabilityTester;--->isPhone(Landroid/content/Context;)Z
03-10 01:46:17.349 24527 24562 D M_InsDal: Lcom/csipsimple/utils/PhoneCapabilityTester;--->initialize(Landroid/content/Context;)V
03-10 01:46:17.350 24527 24527 D M_InsDal: Lcom/csipsimple/ui/SipHome;--->onResume()V
03-10 01:46:17.350 24527 24527 D M_InsDal: Lcom/csipsimple/utils/Log;--->d(Ljava/lang/String;Ljava/lang/String;)V
03-10 01:46:17.350 24527 24527 D M_InsDal: Lcom/csipsimple/utils/PreferencesProviderWrapper;--->setPreferenceBooleanValue(Ljava/lang/String;Z)V
03-10 01:46:17.350 24527 24527 D M_InsDal: Lcom/csipsimple/api/SipConfigManager;--->setPreferenceBooleanValue(Landroid/content/Context;Ljava/lang/String;Z)V
03-10 01:46:17.350 24527 24527 D M_InsDal: Lcom/csipsimple/api/SipConfigManager;--->getPrefUriForKey(Ljava/lang/String;)Landroid/net/Uri;
03-10 01:46:17.350 24527 24527 D M_InsDal: Lcom/csipsimple/service/PreferenceProvider;--->update(Landroid/net/Uri;Landroid/content/ContentValues;Ljava/lang/String;[Ljava/lang/String;)I
03-10 01:46:17.350 24527 24527 D M_InsDal: Lcom/csipsimple/utils/PreferencesWrapper;--->setPreferenceBooleanValue(Ljava/lang/String;Z)V
03-10 01:46:17.351 24527 24527 D M_InsDal: Lcom/csipsimple/ui/SipHome;--->sendFragmentVisibilityChange(IZ)V
03-10 01:46:17.351 24527 24527 D M_InsDal: Lcom/csipsimple/ui/SipHome;--->getFragmentAt(I)Landroid/support/v4/app/Fragment;
03-10 01:46:17.351 24527 24527 D M_InsDal: Lcom/csipsimple/ui/SipHome$TabsAdapter;--->getIdForPosition(I)Ljava/lang/Integer;
03-10 01:46:17.351 24527 24527 D M_InsDal: Lcom/csipsimple/utils/Log;--->d(Ljava/lang/String;Ljava/lang/String;)V
03-10 01:46:17.351 24527 24527 D M_InsDal: Lcom/csipsimple/ui/SipHome;--->startSipService()V
03-10 01:46:17.351 24527 24527 D M_InsDal: Lcom/csipsimple/ui/SipHome$3;---><init>(Lcom/csipsimple/ui/SipHome;Ljava/lang/String;)V
03-10 01:46:17.351 24527 24527 D M_InsDal: Lcom/csipsimple/ui/SipHome;--->applyTheme()V
03-10 01:46:17.351 24527 24563 D M_InsDal: Lcom/csipsimple/ui/SipHome$3;--->run()V
03-10 01:46:17.351 24527 24527 D M_InsDal: Lcom/csipsimple/utils/Theme;--->getCurrentTheme(Landroid/content/Context;)Lcom/csipsimple/utils/Theme;
03-10 01:46:17.351 24527 24527 D M_InsDal: Lcom/csipsimple/api/SipConfigManager;--->getPreferenceStringValue(Landroid/content/Context;Ljava/lang/String;)Ljava/lang/String;
03-10 01:46:17.351 24527 24527 D M_InsDal: Lcom/csipsimple/api/SipConfigManager;--->getPreferenceStringValue(Landroid/content/Context;Ljava/lang/String;Ljava/lang/String;)Ljava/lang/String;
03-10 01:46:17.351 24527 24527 D M_InsDal: Lcom/csipsimple/api/SipConfigManager;--->getPrefUriForKey(Ljava/lang/String;)Landroid/net/Uri;
03-10 01:46:17.351 24527 24527 D M_InsDal: Lcom/csipsimple/service/PreferenceProvider;--->query(Landroid/net/Uri;[Ljava/lang/String;Ljava/lang/String;[Ljava/lang/String;Ljava/lang/String;)Landroid/database/Cursor;
03-10 01:46:17.351 24527 24527 D M_InsDal: Lcom/csipsimple/utils/PreferencesWrapper;--->getPreferenceStringValue(Ljava/lang/String;)Ljava/lang/String;
03-10 01:46:17.351 24527 24527 D M_InsDal: Lcom/csipsimple/utils/PreferencesWrapper;--->gPrefStringValue(Landroid/content/SharedPreferences;Ljava/lang/String;)Ljava/lang/String;
03-10 01:46:17.351 24527 24562 D M_InsDal: Lcom/csipsimple/utils/PhoneCapabilityTester;--->getPriviledgedIntent(Ljava/lang/String;)Landroid/content/Intent;
03-10 01:46:17.351 24527 24562 D M_InsDal: Lcom/csipsimple/utils/PhoneCapabilityTester;--->getPossibleActivities(Landroid/content/Context;Landroid/content/Intent;)Ljava/util/List;
03-10 01:46:17.352 24527 24562 D M_InsDal: Lcom/csipsimple/utils/PhoneCapabilityTester;--->resolveActivitiesForPriviledgedCall(Landroid/content/Context;)Ljava/util/List;
03-10 01:46:17.352 24527 24562 D M_InsDal: Lcom/csipsimple/ui/SipHome;--->applyWarning(Ljava/lang/String;Z)V
03-10 01:46:17.352 24527 24562 D M_InsDal: Lcom/csipsimple/ui/warnings/WarningUtils;--->shouldWarnNoStun(Lcom/csipsimple/utils/PreferencesProviderWrapper;)Z
03-10 01:46:17.353 24527 24563 D M_InsDal: Lcom/csipsimple/ui/SipHome;--->postStartSipService()V
03-10 01:46:17.353 24527 24563 D M_InsDal: Lcom/csipsimple/utils/CustomDistribution;--->showFirstSettingScreen()Z
03-10 01:46:17.353 24527 24563 D M_InsDal: Lcom/csipsimple/utils/PreferencesProviderWrapper;--->getPreferenceBooleanValue(Ljava/lang/String;Z)Z
03-10 01:46:17.353 24527 24563 D M_InsDal: Lcom/csipsimple/api/SipConfigManager;--->getPreferenceBooleanValue(Landroid/content/Context;Ljava/lang/String;Ljava/lang/Boolean;)Ljava/lang/Boolean;
03-10 01:46:17.353 24527 24563 D M_InsDal: Lcom/csipsimple/api/SipConfigManager;--->getPrefUriForKey(Ljava/lang/String;)Landroid/net/Uri;
03-10 01:46:17.353 24527 24562 D M_InsDal: Lcom/csipsimple/ui/warnings/WarningUtils;--->getIgnoreKey(Ljava/lang/String;)Ljava/lang/String;
03-10 01:46:17.353 24527 24562 D M_InsDal: Lcom/csipsimple/utils/PreferencesProviderWrapper;--->getPreferenceBooleanValue(Ljava/lang/String;Z)Z
03-10 01:46:17.353 24527 24562 D M_InsDal: Lcom/csipsimple/api/SipConfigManager;--->getPreferenceBooleanValue(Landroid/content/Context;Ljava/lang/String;Ljava/lang/Boolean;)Ljava/lang/Boolean;
03-10 01:46:17.353 24527 24562 D M_InsDal: Lcom/csipsimple/api/SipConfigManager;--->getPrefUriForKey(Ljava/lang/String;)Landroid/net/Uri;
03-10 01:46:17.353 24527 24562 D M_InsDal: Lcom/csipsimple/service/PreferenceProvider;--->query(Landroid/net/Uri;[Ljava/lang/String;Ljava/lang/String;[Ljava/lang/String;Ljava/lang/String;)Landroid/database/Cursor;
03-10 01:46:17.353 24527 24563 D M_InsDal: Lcom/csipsimple/service/PreferenceProvider;--->query(Landroid/net/Uri;[Ljava/lang/String;Ljava/lang/String;[Ljava/lang/String;Ljava/lang/String;)Landroid/database/Cursor;
03-10 01:46:17.353 24527 24563 D M_InsDal: Lcom/csipsimple/utils/PreferencesWrapper;--->getPreferenceBooleanValue(Ljava/lang/String;)Ljava/lang/Boolean;
03-10 01:46:17.353 24527 24563 D M_InsDal: Lcom/csipsimple/utils/PreferencesWrapper;--->gPrefBooleanValue(Landroid/content/SharedPreferences;Ljava/lang/String;)Ljava/lang/Boolean;
03-10 01:46:17.354 24527 24562 D M_InsDal: Lcom/csipsimple/utils/PreferencesWrapper;--->getPreferenceBooleanValue(Ljava/lang/String;)Ljava/lang/Boolean;
03-10 01:46:17.354 24527 24562 D M_InsDal: Lcom/csipsimple/utils/PreferencesWrapper;--->gPrefBooleanValue(Landroid/content/SharedPreferences;Ljava/lang/String;)Ljava/lang/Boolean;
03-10 01:46:17.354 24527 24562 D M_InsDal: Lcom/csipsimple/utils/PreferencesProviderWrapper;--->getPreferenceBooleanValue(Ljava/lang/String;)Z
03-10 01:46:17.354 24527 24562 D M_InsDal: Lcom/csipsimple/api/SipConfigManager;--->getPreferenceBooleanValue(Landroid/content/Context;Ljava/lang/String;)Ljava/lang/Boolean;
03-10 01:46:17.354 24527 24562 D M_InsDal: Lcom/csipsimple/api/SipConfigManager;--->getPreferenceBooleanValue(Landroid/content/Context;Ljava/lang/String;Ljava/lang/Boolean;)Ljava/lang/Boolean;
03-10 01:46:17.354 24527 24562 D M_InsDal: Lcom/csipsimple/api/SipConfigManager;--->getPrefUriForKey(Ljava/lang/String;)Landroid/net/Uri;
03-10 01:46:17.354 24527 24562 D M_InsDal: Lcom/csipsimple/service/PreferenceProvider;--->query(Landroid/net/Uri;[Ljava/lang/String;Ljava/lang/String;[Ljava/lang/String;Ljava/lang/String;)Landroid/database/Cursor;
03-10 01:46:17.354 24527 24562 D M_InsDal: Lcom/csipsimple/utils/PreferencesWrapper;--->getPreferenceBooleanValue(Ljava/lang/String;)Ljava/lang/Boolean;
03-10 01:46:17.354 24527 24562 D M_InsDal: Lcom/csipsimple/utils/PreferencesWrapper;--->gPrefBooleanValue(Landroid/content/SharedPreferences;Ljava/lang/String;)Ljava/lang/Boolean;
03-10 01:46:17.354 24527 24562 D M_InsDal: Lcom/csipsimple/utils/PreferencesProviderWrapper;--->getPreferenceBooleanValue(Ljava/lang/String;)Z
03-10 01:46:17.354 24527 24562 D M_InsDal: Lcom/csipsimple/api/SipConfigManager;--->getPreferenceBooleanValue(Landroid/content/Context;Ljava/lang/String;)Ljava/lang/Boolean;
03-10 01:46:17.354 24527 24563 D M_InsDal: Lcom/csipsimple/api/SipProfile;---><clinit>()V
03-10 01:46:17.354 24527 24562 D M_InsDal: Lcom/csipsimple/api/SipConfigManager;--->getPreferenceBooleanValue(Landroid/content/Context;Ljava/lang/String;Ljava/lang/Boolean;)Ljava/lang/Boolean;
03-10 01:46:17.354 24527 24562 D M_InsDal: Lcom/csipsimple/api/SipConfigManager;--->getPrefUriForKey(Ljava/lang/String;)Landroid/net/Uri;
03-10 01:46:17.354 24527 24562 D M_InsDal: Lcom/csipsimple/service/PreferenceProvider;--->query(Landroid/net/Uri;[Ljava/lang/String;Ljava/lang/String;[Ljava/lang/String;Ljava/lang/String;)Landroid/database/Cursor;
03-10 01:46:17.354 24527 24563 D M_InsDal: Lcom/csipsimple/api/SipProfile$1;---><init>()V
03-10 01:46:17.354 24527 24562 D M_InsDal: Lcom/csipsimple/utils/PreferencesWrapper;--->getPreferenceBooleanValue(Ljava/lang/String;)Ljava/lang/Boolean;
03-10 01:46:17.354 24527 24562 D M_InsDal: Lcom/csipsimple/utils/PreferencesWrapper;--->gPrefBooleanValue(Landroid/content/SharedPreferences;Ljava/lang/String;)Ljava/lang/Boolean;
03-10 01:46:17.354 24527 24562 D M_InsDal: Lcom/csipsimple/ui/SipHome;--->applyWarning(Ljava/lang/String;Z)V
03-10 01:46:17.354 24527 24562 D M_InsDal: Lcom/csipsimple/ui/warnings/WarningUtils;--->shouldWarnVpnIcs(Lcom/csipsimple/utils/PreferencesProviderWrapper;)Z
03-10 01:46:17.354 24527 24562 D M_InsDal: Lcom/csipsimple/ui/warnings/WarningUtils;--->getIgnoreKey(Ljava/lang/String;)Ljava/lang/String;
03-10 01:46:17.354 24527 24562 D M_InsDal: Lcom/csipsimple/utils/PreferencesProviderWrapper;--->getPreferenceBooleanValue(Ljava/lang/String;Z)Z
03-10 01:46:17.354 24527 24562 D M_InsDal: Lcom/csipsimple/api/SipConfigManager;--->getPreferenceBooleanValue(Landroid/content/Context;Ljava/lang/String;Ljava/lang/Boolean;)Ljava/lang/Boolean;
03-10 01:46:17.354 24527 24562 D M_InsDal: Lcom/csipsimple/api/SipConfigManager;--->getPrefUriForKey(Ljava/lang/String;)Landroid/net/Uri;
03-10 01:46:17.354 24527 24562 D M_InsDal: Lcom/csipsimple/service/PreferenceProvider;--->query(Landroid/net/Uri;[Ljava/lang/String;Ljava/lang/String;[Ljava/lang/String;Ljava/lang/String;)Landroid/database/Cursor;
03-10 01:46:17.355 24527 24562 D M_InsDal: Lcom/csipsimple/utils/PreferencesWrapper;--->getPreferenceBooleanValue(Ljava/lang/String;)Ljava/lang/Boolean;
03-10 01:46:17.355 24527 24562 D M_InsDal: Lcom/csipsimple/utils/PreferencesWrapper;--->gPrefBooleanValue(Landroid/content/SharedPreferences;Ljava/lang/String;)Ljava/lang/Boolean;
03-10 01:46:17.355 24527 24562 D M_InsDal: Lcom/csipsimple/utils/Compatibility;--->isCompatible(I)Z
03-10 01:46:17.355 24527 24562 D M_InsDal: Lcom/csipsimple/utils/PreferencesProviderWrapper;--->getPreferenceIntegerValue(Ljava/lang/String;)I
03-10 01:46:17.355 24527 24562 D M_InsDal: Lcom/csipsimple/api/SipConfigManager;--->getPreferenceIntegerValue(Landroid/content/Context;Ljava/lang/String;)Ljava/lang/Integer;
03-10 01:46:17.355 24527 24562 D M_InsDal: Lcom/csipsimple/api/SipConfigManager;--->getPreferenceIntegerValue(Landroid/content/Context;Ljava/lang/String;Ljava/lang/Integer;)Ljava/lang/Integer;
03-10 01:46:17.355 24527 24562 D M_InsDal: Lcom/csipsimple/api/SipConfigManager;--->getPrefUriForKey(Ljava/lang/String;)Landroid/net/Uri;
03-10 01:46:17.355 24527 24562 D M_InsDal: Lcom/csipsimple/service/PreferenceProvider;--->query(Landroid/net/Uri;[Ljava/lang/String;Ljava/lang/String;[Ljava/lang/String;Ljava/lang/String;)Landroid/database/Cursor;
03-10 01:46:17.355 24527 24562 D M_InsDal: Lcom/csipsimple/utils/PreferencesWrapper;--->getPreferenceIntegerValue(Ljava/lang/String;)Ljava/lang/Integer;
03-10 01:46:17.355 24527 24562 D M_InsDal: Lcom/csipsimple/utils/PreferencesWrapper;--->getPreferenceStringValue(Ljava/lang/String;)Ljava/lang/String;
03-10 01:46:17.355 24527 24562 D M_InsDal: Lcom/csipsimple/utils/PreferencesWrapper;--->gPrefStringValue(Landroid/content/SharedPreferences;Ljava/lang/String;)Ljava/lang/String;
03-10 01:46:17.355 24527 24562 D M_InsDal: Lcom/csipsimple/utils/PreferencesProviderWrapper;--->getSystemProp(Ljava/lang/String;)Ljava/lang/String;
03-10 01:46:17.364 24527 24527 D M_InsDal: Lcom/csipsimple/ui/SipHome$1;--->run()V
03-10 01:46:17.364 24527 24527 D M_InsDal: Lcom/csipsimple/ui/SipHome;--->refreshWarningTabDisplay()V
03-10 01:46:17.364 24527 24527 D M_InsDal: Lcom/csipsimple/ui/SipHome$TabsAdapter;--->getPositionForId(I)Ljava/lang/Integer;
03-10 01:46:17.364 24527 24527 D M_InsDal: Lcom/csipsimple/ui/SipHome$1;--->run()V
03-10 01:46:17.364 24527 24527 D M_InsDal: Lcom/csipsimple/ui/SipHome;--->refreshWarningTabDisplay()V
03-10 01:46:17.364 24527 24527 D M_InsDal: Lcom/csipsimple/ui/SipHome$TabsAdapter;--->getPositionForId(I)Ljava/lang/Integer;
03-10 01:46:17.365 24527 24562 D M_InsDal: Lcom/csipsimple/utils/PreferencesProviderWrapper;--->getSystemProp(Ljava/lang/String;)Ljava/lang/String;
03-10 01:46:17.371 24527 24527 D M_InsDal: Lcom/csipsimple/ui/SipHome$TabsAdapter;--->getCount()I
03-10 01:46:17.371 24527 24527 D M_InsDal: Lcom/csipsimple/ui/SipHome$TabsAdapter;--->getItem(I)Landroid/support/v4/app/Fragment;
03-10 01:46:17.371 24527 24527 D M_InsDal: Lcom/csipsimple/ui/dialpad/DialerFragment;---><init>()V
03-10 01:46:17.371 24527 24527 D M_InsDal: Lcom/csipsimple/ui/dialpad/DialerFragment$1;---><init>(Lcom/csipsimple/ui/dialpad/DialerFragment;)V
03-10 01:46:17.371 24527 24527 D M_InsDal: Lcom/csipsimple/ui/dialpad/DialerFragment$2;---><init>(Lcom/csipsimple/ui/dialpad/DialerFragment;)V
03-10 01:46:17.371 24527 24527 D M_InsDal: Lcom/csipsimple/ui/dialpad/DialerFragment$3;---><init>(Lcom/csipsimple/ui/dialpad/DialerFragment;)V
03-10 01:46:17.372 24527 24527 D M_InsDal: Lcom/csipsimple/ui/SipHome$TabsAdapter;--->getItem(I)Landroid/support/v4/app/Fragment;
03-10 01:46:17.372 24527 24527 D M_InsDal: Lcom/csipsimple/ui/calllog/CallLogListFragment;---><init>()V
03-10 01:46:17.372 24527 24527 D M_InsDal: Lcom/csipsimple/widgets/CSSListFragment;---><init>()V
03-10 01:46:17.372 24527 24527 D M_InsDal: Lcom/csipsimple/ui/SipHome$TabsAdapter;--->getCount()I
03-10 01:46:17.372 24527 24527 D M_InsDal: Lcom/csipsimple/ui/dialpad/DialerFragment;--->onAttach(Landroid/app/Activity;)V
03-10 01:46:17.373 24527 24562 D M_InsDal: Lcom/csipsimple/ui/SipHome;--->applyWarning(Ljava/lang/String;Z)V
03-10 01:46:17.373 24527 24562 D M_InsDal: Lcom/csipsimple/ui/warnings/WarningUtils;--->shouldWarnSDCard(Landroid/content/Context;Lcom/csipsimple/utils/PreferencesProviderWrapper;)Z
03-10 01:46:17.373 24527 24562 D M_InsDal: Lcom/csipsimple/utils/Compatibility;--->isInstalledOnSdCard(Landroid/content/Context;)Z
03-10 01:46:17.373 24527 24562 D M_InsDal: Lcom/csipsimple/utils/Compatibility;--->isCompatible(I)Z
03-10 01:46:17.374 24527 24527 D M_InsDal: Lcom/csipsimple/utils/PreferencesWrapper;---><init>(Landroid/content/Context;)V
03-10 01:46:17.374 24527 24527 D M_InsDal: Lcom/csipsimple/utils/DialingFeedback;---><init>(Landroid/app/Activity;Z)V
03-10 01:46:17.374 24527 24527 D M_InsDal: Lcom/csipsimple/utils/PreferencesWrapper;---><init>(Landroid/content/Context;)V
03-10 01:46:17.374 24527 24527 D M_InsDal: Lcom/csipsimple/utils/DialingFeedback;--->resume()V
03-10 01:46:17.374 24527 24527 D M_InsDal: Lcom/csipsimple/utils/PreferencesWrapper;--->dialPressTone()Z
03-10 01:46:17.374 24527 24527 D M_InsDal: Lcom/csipsimple/utils/PreferencesWrapper;--->getPreferenceIntegerValue(Ljava/lang/String;)Ljava/lang/Integer;
03-10 01:46:17.374 24527 24527 D M_InsDal: Lcom/csipsimple/utils/PreferencesWrapper;--->getPreferenceStringValue(Ljava/lang/String;)Ljava/lang/String;
03-10 01:46:17.374 24527 24527 D M_InsDal: Lcom/csipsimple/utils/PreferencesWrapper;--->gPrefStringValue(Landroid/content/SharedPreferences;Ljava/lang/String;)Ljava/lang/String;
03-10 01:46:17.374 24527 24562 D M_InsDal: Lcom/csipsimple/ui/SipHome;--->applyWarning(Ljava/lang/String;Z)V
03-10 01:46:17.375 24527 24527 D M_InsDal: Lcom/csipsimple/utils/PreferencesWrapper;--->dialPressVibrate()Z
03-10 01:46:17.375 24527 24527 D M_InsDal: Lcom/csipsimple/utils/PreferencesWrapper;--->getPreferenceIntegerValue(Ljava/lang/String;)Ljava/lang/Integer;
03-10 01:46:17.375 24527 24527 D M_InsDal: Lcom/csipsimple/utils/PreferencesWrapper;--->getPreferenceStringValue(Ljava/lang/String;)Ljava/lang/String;
03-10 01:46:17.375 24527 24527 D M_InsDal: Lcom/csipsimple/utils/PreferencesWrapper;--->gPrefStringValue(Landroid/content/SharedPreferences;Ljava/lang/String;)Ljava/lang/String;
03-10 01:46:17.386 24527 24527 D M_InsDal: Lcom/csipsimple/ui/SipHome;--->onAttachFragment(Landroid/support/v4/app/Fragment;)V
03-10 01:46:17.386 24527 24527 D M_InsDal: Lcom/csipsimple/ui/SipHome$TabsAdapter;--->getIdForPosition(I)Ljava/lang/Integer;
03-10 01:46:17.386 24527 24527 D M_InsDal: Lcom/csipsimple/ui/dialpad/DialerFragment;--->onCreate(Landroid/os/Bundle;)V
03-10 01:46:17.388 24527 24527 D M_InsDal: Lcom/csipsimple/utils/contacts/ContactsSearchAdapter;---><init>(Landroid/content/Context;)V
03-10 01:46:17.389 24527 24527 D M_InsDal: Lcom/csipsimple/ui/dialpad/DialerFragment$OnAutoCompleteListItemClicked;---><init>(Lcom/csipsimple/ui/dialpad/DialerFragment;Lcom/csipsimple/utils/contacts/ContactsSearchAdapter;)V
03-10 01:46:17.389 24527 24527 D M_InsDal: Lcom/csipsimple/utils/PreferencesWrapper;--->startIsDigit()Z
03-10 01:46:17.389 24527 24527 D M_InsDal: Lcom/csipsimple/ui/dialpad/DialerFragment;--->onCreateView(Landroid/view/LayoutInflater;Landroid/view/ViewGroup;Landroid/os/Bundle;)Landroid/view/View;
03-10 01:46:17.390 24527 24527 D M_InsDal: Lcom/csipsimple/ui/dialpad/DialerLayout;---><init>(Landroid/content/Context;Landroid/util/AttributeSet;)V
03-10 01:46:17.390 24527 24527 D M_InsDal: Lcom/csipsimple/ui/dialpad/DialerLayout;--->init()V
03-10 01:46:17.391 24527 24527 D M_InsDal: Lcom/csipsimple/ui/dialpad/DigitsEditText;---><init>(Landroid/content/Context;Landroid/util/AttributeSet;)V
03-10 01:46:17.394 24527 24527 D M_InsDal: Lcom/csipsimple/ui/dialpad/DigitsEditText;--->isTextSelectable()Z
03-10 01:46:17.394 24527 24527 D M_InsDal: Lcom/csipsimple/ui/dialpad/DigitsEditText;--->onSelectionChanged(II)V
03-10 01:46:17.402 24527 24527 D M_InsDal: Lcom/csipsimple/widgets/AccountChooserButton;---><clinit>()V
03-10 01:46:17.402 24527 24527 D M_InsDal: Lcom/csipsimple/widgets/AccountChooserButton;---><init>(Landroid/content/Context;Landroid/util/AttributeSet;)V
03-10 01:46:17.406 24527 24527 D M_InsDal: Lcom/csipsimple/widgets/AccountChooserButton;--->setAccount(Lcom/csipsimple/api/SipProfile;)V
03-10 01:46:17.406 24527 24527 D M_InsDal: Lcom/csipsimple/utils/Compatibility;--->canMakeGSMCall(Landroid/content/Context;)Z
03-10 01:46:17.406 24527 24527 D M_InsDal: Lcom/csipsimple/utils/PreferencesWrapper;---><init>(Landroid/content/Context;)V
03-10 01:46:17.406 24527 24527 D M_InsDal: Lcom/csipsimple/utils/PreferencesWrapper;--->getGsmIntegrationType()I
03-10 01:46:17.406 24527 24527 D M_InsDal: Lcom/csipsimple/utils/PreferencesWrapper;--->getPreferenceStringValue(Ljava/lang/String;)Ljava/lang/String;
03-10 01:46:17.406 24527 24527 D M_InsDal: Lcom/csipsimple/utils/PreferencesWrapper;--->gPrefStringValue(Landroid/content/SharedPreferences;Ljava/lang/String;)Ljava/lang/String;
03-10 01:46:17.406 24527 24527 D M_InsDal: Lcom/csipsimple/utils/PhoneCapabilityTester;--->isPhone(Landroid/content/Context;)Z
03-10 01:46:17.407 24576 24576 D M_InsDal: Lcom/csipsimple/db/DBProvider;---><clinit>()V
03-10 01:46:17.408 24576 24576 D M_InsDal: Lcom/csipsimple/db/DBProvider;---><init>()V
03-10 01:46:17.408 24576 24576 D M_InsDal: Lcom/csipsimple/db/DBProvider;--->onCreate()Z
03-10 01:46:17.408 24576 24576 D M_InsDal: Lcom/csipsimple/db/DBAdapter$DatabaseHelper;---><init>(Landroid/content/Context;)V
03-10 01:46:17.409 24527 24527 D M_InsDal: Lcom/csipsimple/widgets/Dialpad;---><clinit>()V
03-10 01:46:17.409 24527 24527 D M_InsDal: Lcom/csipsimple/widgets/Dialpad;---><init>(Landroid/content/Context;Landroid/util/AttributeSet;)V
03-10 01:46:17.412 24576 24576 D M_InsDal: Lcom/csipsimple/service/SipService;---><clinit>()V
03-10 01:46:17.412 24576 24576 D M_InsDal: Lcom/csipsimple/service/SipService;---><init>()V
03-10 01:46:17.412 24576 24576 D M_InsDal: Lcom/csipsimple/service/SipService$1;---><init>(Lcom/csipsimple/service/SipService;)V
03-10 01:46:17.412 24576 24576 D M_InsDal: Lcom/csipsimple/api/ISipService$Stub;---><init>()V
03-10 01:46:17.413 24576 24576 D M_InsDal: Lcom/csipsimple/service/SipService$2;---><init>(Lcom/csipsimple/service/SipService;)V
03-10 01:46:17.413 24576 24576 D M_InsDal: Lcom/csipsimple/api/ISipConfiguration$Stub;---><init>()V
03-10 01:46:17.413 24576 24576 D M_InsDal: Lcom/csipsimple/service/SipService$ServiceHandler;---><init>(Lcom/csipsimple/service/SipService;)V
03-10 01:46:17.413 24576 24576 D M_InsDal: Lcom/csipsimple/api/SipManager$PresenceStatus;---><clinit>()V
03-10 01:46:17.413 24576 24576 D M_InsDal: Lcom/csipsimple/api/SipManager$PresenceStatus;---><init>(Ljava/lang/String;I)V
03-10 01:46:17.413 24576 24576 D M_InsDal: Lcom/csipsimple/api/SipManager$PresenceStatus;---><init>(Ljava/lang/String;I)V
03-10 01:46:17.413 24576 24576 D M_InsDal: Lcom/csipsimple/service/SipService;--->onCreate()V
03-10 01:46:17.413 24576 24576 D M_InsDal: Lcom/csipsimple/utils/Log;---><clinit>()V
03-10 01:46:17.413 24576 24576 D M_InsDal: Lcom/csipsimple/utils/Log;--->i(Ljava/lang/String;Ljava/lang/String;)V
03-10 01:46:17.414 24576 24576 D M_InsDal: Lcom/csipsimple/utils/PreferencesProviderWrapper;---><init>(Landroid/content/Context;)V
03-10 01:46:17.414 24576 24576 D M_InsDal: Lcom/csipsimple/utils/PreferencesProviderWrapper;--->getLogLevel()I
03-10 01:46:17.416 24576 24576 D M_InsDal: Lcom/csipsimple/api/SipConfigManager;---><clinit>()V
03-10 01:46:17.416 24576 24576 D M_InsDal: Lcom/csipsimple/api/SipConfigManager;--->getPreferenceIntegerValue(Landroid/content/Context;Ljava/lang/String;Ljava/lang/Integer;)Ljava/lang/Integer;
03-10 01:46:17.416 24576 24576 D M_InsDal: Lcom/csipsimple/api/SipConfigManager;--->getPrefUriForKey(Ljava/lang/String;)Landroid/net/Uri;
03-10 01:46:17.417 24576 24618 D M_InsDal: Lcom/csipsimple/db/DBProvider;--->query(Landroid/net/Uri;[Ljava/lang/String;Ljava/lang/String;[Ljava/lang/String;Ljava/lang/String;)Landroid/database/Cursor;
03-10 01:46:17.418 24527 24544 D M_InsDal: Lcom/csipsimple/service/PreferenceProvider;--->query(Landroid/net/Uri;[Ljava/lang/String;Ljava/lang/String;[Ljava/lang/String;Ljava/lang/String;)Landroid/database/Cursor;
03-10 01:46:17.418 24527 24544 D M_InsDal: Lcom/csipsimple/utils/PreferencesWrapper;--->getPreferenceIntegerValue(Ljava/lang/String;)Ljava/lang/Integer;
03-10 01:46:17.418 24527 24544 D M_InsDal: Lcom/csipsimple/utils/PreferencesWrapper;--->getPreferenceStringValue(Ljava/lang/String;)Ljava/lang/String;
03-10 01:46:17.418 24527 24544 D M_InsDal: Lcom/csipsimple/utils/PreferencesWrapper;--->gPrefStringValue(Landroid/content/SharedPreferences;Ljava/lang/String;)Ljava/lang/String;
03-10 01:46:17.421 24576 24576 D M_InsDal: Lcom/csipsimple/utils/Log;--->setLogLevel(I)V
03-10 01:46:17.423 24576 24576 D M_InsDal: Lcom/csipsimple/service/SipNotifications;---><clinit>()V
03-10 01:46:17.424 24576 24576 D M_InsDal: Lcom/csipsimple/service/SipNotifications;---><init>(Landroid/content/Context;)V
03-10 01:46:17.424 24576 24576 D M_InsDal: Lcom/csipsimple/service/SipNotifications;--->cancelAll()V
03-10 01:46:17.424 24576 24576 D M_InsDal: Lcom/csipsimple/service/SipNotifications;--->cancelMessages()V
03-10 01:46:17.425 24576 24576 D M_InsDal: Lcom/csipsimple/service/SipNotifications;--->cancelMissedCalls()V
03-10 01:46:17.425 24576 24576 D M_InsDal: Lcom/csipsimple/service/SipNotifications;--->cancelVoicemails()V
03-10 01:46:17.426 24576 24576 D M_InsDal: Lcom/csipsimple/service/SipNotifications;--->cancelCalls()V
03-10 01:46:17.426 24576 24576 D M_InsDal: Lcom/csipsimple/utils/Compatibility;--->isCompatible(I)Z
03-10 01:46:17.426 24576 24576 D M_InsDal: Lcom/csipsimple/service/SipNotifications;--->onServiceCreate()V
03-10 01:46:17.427 24576 24576 D M_InsDal: Lcom/csipsimple/service/SipWakeLock;---><init>(Landroid/os/PowerManager;)V
03-10 01:46:17.427 24576 24576 D M_InsDal: Lcom/csipsimple/utils/PreferencesProviderWrapper;--->getPreferenceBooleanValue(Ljava/lang/String;Z)Z
03-10 01:46:17.427 24576 24576 D M_InsDal: Lcom/csipsimple/api/SipConfigManager;--->getPreferenceBooleanValue(Landroid/content/Context;Ljava/lang/String;Ljava/lang/Boolean;)Ljava/lang/Boolean;
03-10 01:46:17.427 24576 24576 D M_InsDal: Lcom/csipsimple/api/SipConfigManager;--->getPrefUriForKey(Ljava/lang/String;)Landroid/net/Uri;
03-10 01:46:17.427 24527 24544 D M_InsDal: Lcom/csipsimple/service/PreferenceProvider;--->query(Landroid/net/Uri;[Ljava/lang/String;Ljava/lang/String;[Ljava/lang/String;Ljava/lang/String;)Landroid/database/Cursor;
03-10 01:46:17.427 24527 24544 D M_InsDal: Lcom/csipsimple/utils/PreferencesWrapper;--->getPreferenceBooleanValue(Ljava/lang/String;)Ljava/lang/Boolean;
03-10 01:46:17.427 24527 24544 D M_InsDal: Lcom/csipsimple/utils/PreferencesWrapper;--->gPrefBooleanValue(Landroid/content/SharedPreferences;Ljava/lang/String;)Ljava/lang/Boolean;
03-10 01:46:17.429 24576 24576 D M_InsDal: Lcom/csipsimple/utils/Log;--->d(Ljava/lang/String;Ljava/lang/String;)V
03-10 01:46:17.430 24576 24576 D M_InsDal: Lcom/csipsimple/service/PresenceManager;---><clinit>()V
03-10 01:46:17.430 24576 24576 D M_InsDal: Lcom/csipsimple/service/PresenceManager;---><init>()V
03-10 01:46:17.430 24576 24576 D M_InsDal: Lcom/csipsimple/service/SipService;--->onBind(Landroid/content/Intent;)Landroid/os/IBinder;
03-10 01:46:17.430 24576 24576 D M_InsDal: Lcom/csipsimple/utils/Log;--->d(Ljava/lang/String;Ljava/lang/String;)V
03-10 01:46:17.430 24576 24576 D M_InsDal: Lcom/csipsimple/utils/Log;--->d(Ljava/lang/String;Ljava/lang/String;)V
03-10 01:46:17.431 24527 24563 D M_InsDal: Lcom/csipsimple/utils/CustomDistribution;--->getCustomDistributionWizard()Lcom/csipsimple/wizards/WizardUtils$WizardInfo;
03-10 01:46:17.431 24576 24576 D M_InsDal: Lcom/csipsimple/service/SipService;--->onStart(Landroid/content/Intent;I)V
03-10 01:46:17.431 24576 24576 D M_InsDal: Lcom/csipsimple/service/SipService;--->registerForOutgoing(Landroid/content/ComponentName;)V
03-10 01:46:17.431 24576 24576 D M_InsDal: Lcom/csipsimple/service/SipService;--->isConnectivityValid()Z
03-10 01:46:17.431 24576 24576 D M_InsDal: Lcom/csipsimple/utils/PreferencesProviderWrapper;--->getPreferenceBooleanValue(Ljava/lang/String;Z)Z
03-10 01:46:17.431 24576 24576 D M_InsDal: Lcom/csipsimple/api/SipConfigManager;--->getPreferenceBooleanValue(Landroid/content/Context;Ljava/lang/String;Ljava/lang/Boolean;)Ljava/lang/Boolean;
03-10 01:46:17.431 24576 24576 D M_InsDal: Lcom/csipsimple/api/SipConfigManager;--->getPrefUriForKey(Ljava/lang/String;)Landroid/net/Uri;
03-10 01:46:17.431 24527 24544 D M_InsDal: Lcom/csipsimple/service/PreferenceProvider;--->query(Landroid/net/Uri;[Ljava/lang/String;Ljava/lang/String;[Ljava/lang/String;Ljava/lang/String;)Landroid/database/Cursor;
03-10 01:46:17.431 24527 24544 D M_InsDal: Lcom/csipsimple/utils/PreferencesWrapper;--->getPreferenceBooleanValue(Ljava/lang/String;)Ljava/lang/Boolean;
03-10 01:46:17.431 24527 24544 D M_InsDal: Lcom/csipsimple/utils/PreferencesWrapper;--->gPrefBooleanValue(Landroid/content/SharedPreferences;Ljava/lang/String;)Ljava/lang/Boolean;
03-10 01:46:17.433 24576 24576 D M_InsDal: Lcom/csipsimple/utils/PreferencesProviderWrapper;--->isValidConnectionForIncoming()Z
03-10 01:46:17.434 24576 24576 D M_InsDal: Lcom/csipsimple/utils/PreferencesProviderWrapper;--->isValidConnectionFor(Landroid/net/NetworkInfo;Ljava/lang/String;)Z
03-10 01:46:17.434 24576 24576 D M_InsDal: Lcom/csipsimple/utils/PreferencesProviderWrapper;--->isValidWifiConnectionFor(Landroid/net/NetworkInfo;Ljava/lang/String;)Z
03-10 01:46:17.434 24576 24576 D M_InsDal: Lcom/csipsimple/utils/PreferencesProviderWrapper;--->getPreferenceBooleanValue(Ljava/lang/String;Z)Z
03-10 01:46:17.434 24576 24576 D M_InsDal: Lcom/csipsimple/api/SipConfigManager;--->getPreferenceBooleanValue(Landroid/content/Context;Ljava/lang/String;Ljava/lang/Boolean;)Ljava/lang/Boolean;
03-10 01:46:17.434 24576 24576 D M_InsDal: Lcom/csipsimple/api/SipConfigManager;--->getPrefUriForKey(Ljava/lang/String;)Landroid/net/Uri;
03-10 01:46:17.434 24527 24544 D M_InsDal: Lcom/csipsimple/service/PreferenceProvider;--->query(Landroid/net/Uri;[Ljava/lang/String;Ljava/lang/String;[Ljava/lang/String;Ljava/lang/String;)Landroid/database/Cursor;
03-10 01:46:17.434 24527 24544 D M_InsDal: Lcom/csipsimple/utils/PreferencesWrapper;--->getPreferenceBooleanValue(Ljava/lang/String;)Ljava/lang/Boolean;
03-10 01:46:17.434 24527 24544 D M_InsDal: Lcom/csipsimple/utils/PreferencesWrapper;--->gPrefBooleanValue(Landroid/content/SharedPreferences;Ljava/lang/String;)Ljava/lang/Boolean;
03-10 01:46:17.435 24527 24527 D M_InsDal: Lcom/csipsimple/widgets/Dialpad;--->onFinishInflate()V
03-10 01:46:17.435 24576 24576 D M_InsDal: Lcom/csipsimple/utils/Log;--->d(Ljava/lang/String;Ljava/lang/String;)V
03-10 01:46:17.435 24576 24576 D M_InsDal: Lcom/csipsimple/utils/PreferencesProviderWrapper;--->isValidConnectionForOutgoing()Z
03-10 01:46:17.435 24576 24576 D M_InsDal: Lcom/csipsimple/utils/PreferencesProviderWrapper;--->getPreferenceBooleanValue(Ljava/lang/String;Z)Z
03-10 01:46:17.435 24576 24576 D M_InsDal: Lcom/csipsimple/api/SipConfigManager;--->getPreferenceBooleanValue(Landroid/content/Context;Ljava/lang/String;Ljava/lang/Boolean;)Ljava/lang/Boolean;
03-10 01:46:17.435 24576 24576 D M_InsDal: Lcom/csipsimple/api/SipConfigManager;--->getPrefUriForKey(Ljava/lang/String;)Landroid/net/Uri;
03-10 01:46:17.436 24527 24544 D M_InsDal: Lcom/csipsimple/service/PreferenceProvider;--->query(Landroid/net/Uri;[Ljava/lang/String;Ljava/lang/String;[Ljava/lang/String;Ljava/lang/String;)Landroid/database/Cursor;
03-10 01:46:17.436 24527 24544 D M_InsDal: Lcom/csipsimple/utils/PreferencesWrapper;--->getPreferenceBooleanValue(Ljava/lang/String;)Ljava/lang/Boolean;
03-10 01:46:17.436 24527 24544 D M_InsDal: Lcom/csipsimple/utils/PreferencesWrapper;--->gPrefBooleanValue(Landroid/content/SharedPreferences;Ljava/lang/String;)Ljava/lang/Boolean;
03-10 01:46:17.436 24527 24527 D M_InsDal: Lcom/csipsimple/widgets/DialerCallBar;---><init>(Landroid/content/Context;Landroid/util/AttributeSet;)V
03-10 01:46:17.436 24527 24527 D M_InsDal: Lcom/csipsimple/widgets/DialerCallBar;---><init>(Landroid/content/Context;Landroid/util/AttributeSet;I)V
03-10 01:46:17.443 24576 24576 D M_InsDal: Lcom/csipsimple/utils/PreferencesProviderWrapper;--->isValidConnectionFor(Landroid/net/NetworkInfo;Ljava/lang/String;)Z
03-10 01:46:17.443 24576 24576 D M_InsDal: Lcom/csipsimple/utils/PreferencesProviderWrapper;--->isValidWifiConnectionFor(Landroid/net/NetworkInfo;Ljava/lang/String;)Z
03-10 01:46:17.443 24576 24576 D M_InsDal: Lcom/csipsimple/utils/PreferencesProviderWrapper;--->getPreferenceBooleanValue(Ljava/lang/String;Z)Z
03-10 01:46:17.443 24576 24576 D M_InsDal: Lcom/csipsimple/api/SipConfigManager;--->getPreferenceBooleanValue(Landroid/content/Context;Ljava/lang/String;Ljava/lang/Boolean;)Ljava/lang/Boolean;
03-10 01:46:17.443 24576 24576 D M_InsDal: Lcom/csipsimple/api/SipConfigManager;--->getPrefUriForKey(Ljava/lang/String;)Landroid/net/Uri;
03-10 01:46:17.443 24527 24544 D M_InsDal: Lcom/csipsimple/service/PreferenceProvider;--->query(Landroid/net/Uri;[Ljava/lang/String;Ljava/lang/String;[Ljava/lang/String;Ljava/lang/String;)Landroid/database/Cursor;
03-10 01:46:17.443 24527 24544 D M_InsDal: Lcom/csipsimple/utils/PreferencesWrapper;--->getPreferenceBooleanValue(Ljava/lang/String;)Ljava/lang/Boolean;
03-10 01:46:17.443 24527 24544 D M_InsDal: Lcom/csipsimple/utils/PreferencesWrapper;--->gPrefBooleanValue(Landroid/content/SharedPreferences;Ljava/lang/String;)Ljava/lang/Boolean;
03-10 01:46:17.445 24576 24576 D M_InsDal: Lcom/csipsimple/utils/Log;--->d(Ljava/lang/String;Ljava/lang/String;)V
03-10 01:46:17.445 24576 24576 D M_InsDal: Lcom/csipsimple/service/SipService;--->loadStack()Z
03-10 01:46:17.445 24576 24576 D M_InsDal: Lcom/csipsimple/pjsip/PjSipService;---><clinit>()V
03-10 01:46:17.445 24576 24576 D M_InsDal: Lcom/csipsimple/pjsip/PjSipService;---><init>()V
03-10 01:46:17.445 24576 24576 D M_InsDal: Lcom/csipsimple/pjsip/PjSipService;--->setService(Lcom/csipsimple/service/SipService;)V
03-10 01:46:17.445 24576 24576 D M_InsDal: Lcom/csipsimple/service/SipService;--->getPrefs()Lcom/csipsimple/utils/PreferencesProviderWrapper;
03-10 01:46:17.445 24576 24576 D M_InsDal: Lcom/csipsimple/pjsip/PjSipService;--->tryToLoadStack()Z
03-10 01:46:17.446 24527 24527 D M_InsDal: Lcom/csipsimple/ui/dialpad/DialerLayout;--->setForceNoList(Z)V
03-10 01:46:17.446 24527 24527 D M_InsDal: Lcom/csipsimple/widgets/AccountChooserButton;--->setShowExternals(Z)V
03-10 01:46:17.446 24527 24527 D M_InsDal: Lcom/csipsimple/widgets/AccountChooserButton;--->setOnAccountChangeListener(Lcom/csipsimple/widgets/AccountChooserButton$OnAccountChangeListener;)V
03-10 01:46:17.446 24527 24527 D M_InsDal: Lcom/csipsimple/widgets/Dialpad;--->setOnDialKeyListener(Lcom/csipsimple/widgets/Dialpad$OnDialKeyListener;)V
03-10 01:46:17.446 24527 24527 D M_InsDal: Lcom/csipsimple/widgets/DialerCallBar;--->setOnDialActionListener(Lcom/csipsimple/widgets/DialerCallBar$OnDialActionListener;)V
03-10 01:46:17.446 24527 24527 D M_InsDal: Lcom/csipsimple/utils/PreferencesWrapper;--->getPreferenceBooleanValue(Ljava/lang/String;)Ljava/lang/Boolean;
03-10 01:46:17.446 24527 24527 D M_InsDal: Lcom/csipsimple/utils/PreferencesWrapper;--->gPrefBooleanValue(Landroid/content/SharedPreferences;Ljava/lang/String;)Ljava/lang/Boolean;
03-10 01:46:17.446 24527 24527 D M_InsDal: Lcom/csipsimple/widgets/DialerCallBar;--->setVideoEnabled(Z)V
03-10 01:46:17.446 24527 24527 D M_InsDal: Lcom/csipsimple/ui/dialpad/DialerFragment;--->initButtons(Landroid/view/View;)V
03-10 01:46:17.446 24527 24527 D M_InsDal: Lcom/csipsimple/ui/dialpad/DialerFragment;--->attachButtonListener(Landroid/view/View;IZ)V
03-10 01:46:17.446 24527 24527 D M_InsDal: Lcom/csipsimple/ui/dialpad/DialerFragment;--->attachButtonListener(Landroid/view/View;IZ)V
03-10 01:46:17.447 24527 24527 D M_InsDal: Lcom/csipsimple/ui/dialpad/DialerFragment;--->afterTextChanged(Landroid/text/Editable;)V
03-10 01:46:17.447 24527 24527 D M_InsDal: Lcom/csipsimple/widgets/DialerCallBar;--->setEnabled(Z)V
03-10 01:46:17.447 24527 24527 D M_InsDal: Lcom/csipsimple/ui/dialpad/DialerFragment;--->hasAutocompleteList()Z
03-10 01:46:17.447 24527 24527 D M_InsDal: Lcom/csipsimple/ui/dialpad/DialerLayout;--->canShowList()Z
03-10 01:46:17.447 24527 24527 D M_InsDal: Lcom/csipsimple/ui/dialpad/DialerFragment;--->setTextDialing(ZZ)V
03-10 01:46:17.447 24527 24527 D M_InsDal: Lcom/csipsimple/ui/dialpad/DigitsEditText;--->setIsDigit(ZZ)V
03-10 01:46:17.447 24527 24527 D M_InsDal: Lcom/csipsimple/ui/dialpad/DialerFragment;--->hasAutocompleteList()Z
03-10 01:46:17.447 24527 24527 D M_InsDal: Lcom/csipsimple/ui/dialpad/DialerLayout;--->canShowList()Z
03-10 01:46:17.447 24527 24527 D M_InsDal: Lcom/csipsimple/ui/dialpad/DialerFragment;--->applyTheme(Landroid/view/View;)V
03-10 01:46:17.447 24527 24527 D M_InsDal: Lcom/csipsimple/utils/Theme;--->getCurrentTheme(Landroid/content/Context;)Lcom/csipsimple/utils/Theme;
03-10 01:46:17.447 24527 24527 D M_InsDal: Lcom/csipsimple/api/SipConfigManager;--->getPreferenceStringValue(Landroid/content/Context;Ljava/lang/String;)Ljava/lang/String;
03-10 01:46:17.447 24527 24527 D M_InsDal: Lcom/csipsimple/api/SipConfigManager;--->getPreferenceStringValue(Landroid/content/Context;Ljava/lang/String;Ljava/lang/String;)Ljava/lang/String;
03-10 01:46:17.447 24527 24527 D M_InsDal: Lcom/csipsimple/api/SipConfigManager;--->getPrefUriForKey(Ljava/lang/String;)Landroid/net/Uri;
03-10 01:46:17.447 24527 24527 D M_InsDal: Lcom/csipsimple/service/PreferenceProvider;--->query(Landroid/net/Uri;[Ljava/lang/String;Ljava/lang/String;[Ljava/lang/String;Ljava/lang/String;)Landroid/database/Cursor;
03-10 01:46:17.447 24527 24527 D M_InsDal: Lcom/csipsimple/utils/PreferencesWrapper;--->getPreferenceStringValue(Ljava/lang/String;)Ljava/lang/String;
03-10 01:46:17.447 24527 24527 D M_InsDal: Lcom/csipsimple/utils/PreferencesWrapper;--->gPrefStringValue(Landroid/content/SharedPreferences;Ljava/lang/String;)Ljava/lang/String;
03-10 01:46:17.447 24527 24527 D M_InsDal: Lcom/csipsimple/utils/Theme;--->fixRepeatableBackground(Landroid/view/View;)V
03-10 01:46:17.447 24527 24527 D M_InsDal: Lcom/csipsimple/utils/Theme;--->needRepeatableFix()Z
03-10 01:46:17.447 24527 24527 D M_InsDal: Lcom/csipsimple/utils/Compatibility;--->isCompatible(I)Z
03-10 01:46:17.448 24527 24527 D M_InsDal: Lcom/csipsimple/ui/dialpad/DigitsEditText;--->isTextSelectable()Z
03-10 01:46:17.448 24527 24527 D M_InsDal: Lcom/csipsimple/widgets/AccountChooserButton;--->onAttachedToWindow()V
03-10 01:46:17.448 24527 24527 D M_InsDal: Lcom/csipsimple/widgets/AccountChooserButton$AccountStatusContentObserver;---><init>(Lcom/csipsimple/widgets/AccountChooserButton;Landroid/os/Handler;)V
03-10 01:46:17.449 24576 24576 D M_InsDal: Lcom/csipsimple/utils/Log;--->e(Ljava/lang/String;Ljava/lang/String;Ljava/lang/Throwable;)V
03-10 01:46:17.449 24576 24576 D M_InsDal: Lcom/csipsimple/service/SipService;--->notifyUserOfMessage(Ljava/lang/String;)V
03-10 01:46:17.449 24576 24576 D M_InsDal: Lcom/csipsimple/service/SipService$ServiceHandler;--->handleMessage(Landroid/os/Message;)V
03-10 01:46:17.450 24527 24527 D M_InsDal: Lcom/csipsimple/widgets/AccountChooserButton;--->updateRegistration()V
03-10 01:46:17.450 24576 24618 D M_InsDal: Lcom/csipsimple/db/DBProvider;--->query(Landroid/net/Uri;[Ljava/lang/String;Ljava/lang/String;[Ljava/lang/String;Ljava/lang/String;)Landroid/database/Cursor;
03-10 01:46:17.452 24527 24527 D M_InsDal: Lcom/csipsimple/widgets/AccountChooserButton;--->setAccount(Lcom/csipsimple/api/SipProfile;)V
03-10 01:46:17.452 24527 24527 D M_InsDal: Lcom/csipsimple/utils/Compatibility;--->canMakeGSMCall(Landroid/content/Context;)Z
03-10 01:46:17.452 24527 24527 D M_InsDal: Lcom/csipsimple/utils/PreferencesWrapper;---><init>(Landroid/content/Context;)V
03-10 01:46:17.452 24527 24527 D M_InsDal: Lcom/csipsimple/utils/PreferencesWrapper;--->getGsmIntegrationType()I
03-10 01:46:17.452 24527 24527 D M_InsDal: Lcom/csipsimple/utils/PreferencesWrapper;--->getPreferenceStringValue(Ljava/lang/String;)Ljava/lang/String;
03-10 01:46:17.452 24527 24527 D M_InsDal: Lcom/csipsimple/utils/PreferencesWrapper;--->gPrefStringValue(Landroid/content/SharedPreferences;Ljava/lang/String;)Ljava/lang/String;
03-10 01:46:17.452 24527 24527 D M_InsDal: Lcom/csipsimple/utils/PhoneCapabilityTester;--->isPhone(Landroid/content/Context;)Z
03-10 01:46:17.452 24527 24527 D M_InsDal: Lcom/csipsimple/ui/dialpad/DialerFragment$3;--->onChooseAccount(Lcom/csipsimple/api/SipProfile;)V
03-10 01:46:17.452 24527 24527 D M_InsDal: Lcom/csipsimple/utils/contacts/ContactsSearchAdapter;--->setSelectedAccount(J)V
03-10 01:46:17.453 24527 24527 D M_InsDal: Lcom/csipsimple/ui/dialpad/DialerFragment;--->onResume()V
03-10 01:46:17.453 24527 24527 D M_InsDal: Lcom/csipsimple/utils/PreferencesWrapper;--->getPreferenceBooleanValue(Ljava/lang/String;)Ljava/lang/Boolean;
03-10 01:46:17.453 24527 24527 D M_InsDal: Lcom/csipsimple/utils/PreferencesWrapper;--->gPrefBooleanValue(Landroid/content/SharedPreferences;Ljava/lang/String;)Ljava/lang/Boolean;
03-10 01:46:17.453 24527 24527 D M_InsDal: Lcom/csipsimple/widgets/DialerCallBar;--->setVideoEnabled(Z)V
03-10 01:46:17.453 24527 24527 D M_InsDal: Lcom/csipsimple/ui/SipHome;--->onAttachFragment(Landroid/support/v4/app/Fragment;)V
03-10 01:46:17.453 24527 24527 D M_InsDal: Lcom/csipsimple/ui/SipHome$TabsAdapter;--->getIdForPosition(I)Ljava/lang/Integer;
03-10 01:46:17.453 24527 24527 D M_InsDal: Lcom/csipsimple/ui/calllog/CallLogListFragment;--->onCreateView(Landroid/view/LayoutInflater;Landroid/view/ViewGroup;Landroid/os/Bundle;)Landroid/view/View;
