--------- beginning of main
--------- beginning of system
03-10 01:54:34.474 28867 28867 D M_InsDal: Lcom/csipsimple/service/PreferenceProvider;---><clinit>()V
03-10 01:54:34.474 28867 28867 D M_InsDal: Lcom/csipsimple/service/PreferenceProvider;---><init>()V
03-10 01:54:34.474 28867 28867 D M_InsDal: Lcom/csipsimple/service/PreferenceProvider;--->onCreate()Z
03-10 01:54:34.474 28867 28867 D M_InsDal: Lcom/csipsimple/utils/PreferencesWrapper;---><clinit>()V
03-10 01:54:34.475 28867 28867 D M_InsDal: Lcom/csipsimple/utils/PreferencesWrapper$1;---><init>()V
03-10 01:54:34.475 28867 28867 D M_InsDal: Lcom/csipsimple/utils/CustomDistribution;--->getUserAgent()Ljava/lang/String;
03-10 01:54:34.475 28867 28867 D M_InsDal: Lcom/csipsimple/utils/PreferencesWrapper$2;---><init>()V
03-10 01:54:34.476 28867 28867 D M_InsDal: Lcom/csipsimple/utils/PreferencesWrapper$3;---><init>()V
03-10 01:54:34.476 28867 28867 D M_InsDal: Lcom/csipsimple/utils/PreferencesWrapper;---><init>(Landroid/content/Context;)V
03-10 01:54:34.477 28867 28867 D M_InsDal: Lcom/csipsimple/utils/PreferencesWrapper;--->needUpgrade()Ljava/lang/Integer;
03-10 01:54:34.477 28867 28867 D M_InsDal: Lcom/csipsimple/utils/PreferencesProviderWrapper;--->getCurrentPackageInfos(Landroid/content/Context;)Landroid/content/pm/PackageInfo;
03-10 01:54:34.481 28867 28867 D M_InsDal: Lcom/csipsimple/utils/Log;---><clinit>()V
03-10 01:54:34.481 28867 28867 D M_InsDal: Lcom/csipsimple/utils/Log;--->d(Ljava/lang/String;Ljava/lang/String;)V
03-10 01:54:34.481 28867 28867 D M_InsDal: Lcom/csipsimple/utils/Log;--->d(Ljava/lang/String;Ljava/lang/String;)V
03-10 01:54:34.481 28867 28867 D M_InsDal: Lcom/csipsimple/utils/Compatibility;--->getApiLevel()I
03-10 01:54:34.492 28867 28867 D M_InsDal: Lcom/csipsimple/ui/incall/InCallMediaControl;---><init>()V
03-10 01:54:34.493 28867 28867 D M_InsDal: Lcom/csipsimple/ui/incall/InCallMediaControl$1;---><init>(Lcom/csipsimple/ui/incall/InCallMediaControl;)V
03-10 01:54:34.493 28867 28867 D M_InsDal: Lcom/csipsimple/ui/incall/InCallMediaControl$2;---><init>(Lcom/csipsimple/ui/incall/InCallMediaControl;)V
03-10 01:54:34.498 28867 28867 D M_InsDal: Lcom/csipsimple/ui/incall/InCallMediaControl;--->onCreate(Landroid/os/Bundle;)V
03-10 01:54:34.525 28867 28867 D M_InsDal: Lcom/csipsimple/ui/incall/InCallMediaControl;--->onResume()V
03-10 01:54:34.531 28867 28867 D M_InsDal: Lcom/csipsimple/ui/incall/InCallMediaControl$MonitorThread;---><init>(Lcom/csipsimple/ui/incall/InCallMediaControl;)V
03-10 01:54:34.531 28867 28899 D M_InsDal: Lcom/csipsimple/ui/incall/InCallMediaControl$MonitorThread;--->run()V
03-10 01:54:34.589 28900 28900 D M_InsDal: Lcom/csipsimple/db/DBProvider;---><clinit>()V
03-10 01:54:34.590 28900 28900 D M_InsDal: Lcom/csipsimple/db/DBProvider;---><init>()V
03-10 01:54:34.590 28900 28900 D M_InsDal: Lcom/csipsimple/db/DBProvider;--->onCreate()Z
03-10 01:54:34.591 28900 28900 D M_InsDal: Lcom/csipsimple/db/DBAdapter$DatabaseHelper;---><init>(Landroid/content/Context;)V
03-10 01:54:34.593 28900 28900 D M_InsDal: Lcom/csipsimple/service/SipService;---><clinit>()V
03-10 01:54:34.593 28900 28900 D M_InsDal: Lcom/csipsimple/service/SipService;---><init>()V
03-10 01:54:34.594 28900 28900 D M_InsDal: Lcom/csipsimple/service/SipService$1;---><init>(Lcom/csipsimple/service/SipService;)V
03-10 01:54:34.594 28900 28900 D M_InsDal: Lcom/csipsimple/api/ISipService$Stub;---><init>()V
03-10 01:54:34.594 28900 28900 D M_InsDal: Lcom/csipsimple/service/SipService$2;---><init>(Lcom/csipsimple/service/SipService;)V
03-10 01:54:34.594 28900 28900 D M_InsDal: Lcom/csipsimple/api/ISipConfiguration$Stub;---><init>()V
03-10 01:54:34.594 28900 28900 D M_InsDal: Lcom/csipsimple/service/SipService$ServiceHandler;---><init>(Lcom/csipsimple/service/SipService;)V
03-10 01:54:34.594 28900 28900 D M_InsDal: Lcom/csipsimple/api/SipManager$PresenceStatus;---><clinit>()V
03-10 01:54:34.594 28900 28900 D M_InsDal: Lcom/csipsimple/api/SipManager$PresenceStatus;---><init>(Ljava/lang/String;I)V
03-10 01:54:34.594 28900 28900 D M_InsDal: Lcom/csipsimple/api/SipManager$PresenceStatus;---><init>(Ljava/lang/String;I)V
03-10 01:54:34.595 28900 28900 D M_InsDal: Lcom/csipsimple/service/SipService;--->onCreate()V
03-10 01:54:34.595 28900 28900 D M_InsDal: Lcom/csipsimple/utils/Log;---><clinit>()V
03-10 01:54:34.595 28900 28900 D M_InsDal: Lcom/csipsimple/utils/Log;--->i(Ljava/lang/String;Ljava/lang/String;)V
03-10 01:54:34.595 28900 28900 D M_InsDal: Lcom/csipsimple/utils/PreferencesProviderWrapper;---><init>(Landroid/content/Context;)V
03-10 01:54:34.595 28900 28900 D M_InsDal: Lcom/csipsimple/utils/PreferencesProviderWrapper;--->getLogLevel()I
03-10 01:54:34.597 28900 28900 D M_InsDal: Lcom/csipsimple/api/SipConfigManager;---><clinit>()V
03-10 01:54:34.597 28900 28900 D M_InsDal: Lcom/csipsimple/api/SipConfigManager;--->getPreferenceIntegerValue(Landroid/content/Context;Ljava/lang/String;Ljava/lang/Integer;)Ljava/lang/Integer;
03-10 01:54:34.597 28900 28900 D M_InsDal: Lcom/csipsimple/api/SipConfigManager;--->getPrefUriForKey(Ljava/lang/String;)Landroid/net/Uri;
03-10 01:54:34.609 28867 28886 D M_InsDal: Lcom/csipsimple/service/PreferenceProvider;--->query(Landroid/net/Uri;[Ljava/lang/String;Ljava/lang/String;[Ljava/lang/String;Ljava/lang/String;)Landroid/database/Cursor;
03-10 01:54:34.609 28867 28886 D M_InsDal: Lcom/csipsimple/utils/PreferencesWrapper;--->getPreferenceIntegerValue(Ljava/lang/String;)Ljava/lang/Integer;
03-10 01:54:34.609 28867 28886 D M_InsDal: Lcom/csipsimple/utils/PreferencesWrapper;--->getPreferenceStringValue(Ljava/lang/String;)Ljava/lang/String;
03-10 01:54:34.609 28867 28886 D M_InsDal: Lcom/csipsimple/utils/PreferencesWrapper;--->gPrefStringValue(Landroid/content/SharedPreferences;Ljava/lang/String;)Ljava/lang/String;
03-10 01:54:34.612 28900 28900 D M_InsDal: Lcom/csipsimple/utils/Log;--->setLogLevel(I)V
03-10 01:54:34.613 28900 28900 D M_InsDal: Lcom/csipsimple/service/SipNotifications;---><clinit>()V
03-10 01:54:34.613 28900 28900 D M_InsDal: Lcom/csipsimple/service/SipNotifications;---><init>(Landroid/content/Context;)V
03-10 01:54:34.613 28900 28900 D M_InsDal: Lcom/csipsimple/service/SipNotifications;--->cancelAll()V
03-10 01:54:34.613 28900 28900 D M_InsDal: Lcom/csipsimple/service/SipNotifications;--->cancelMessages()V
03-10 01:54:34.615 28900 28900 D M_InsDal: Lcom/csipsimple/service/SipNotifications;--->cancelMissedCalls()V
03-10 01:54:34.615 28900 28900 D M_InsDal: Lcom/csipsimple/service/SipNotifications;--->cancelVoicemails()V
03-10 01:54:34.616 28900 28900 D M_InsDal: Lcom/csipsimple/service/SipNotifications;--->cancelCalls()V
03-10 01:54:34.616 28900 28900 D M_InsDal: Lcom/csipsimple/utils/Compatibility;--->isCompatible(I)Z
03-10 01:54:34.616 28900 28900 D M_InsDal: Lcom/csipsimple/service/SipNotifications;--->onServiceCreate()V
03-10 01:54:34.617 28900 28900 D M_InsDal: Lcom/csipsimple/service/SipWakeLock;---><init>(Landroid/os/PowerManager;)V
03-10 01:54:34.617 28900 28900 D M_InsDal: Lcom/csipsimple/utils/PreferencesProviderWrapper;--->getPreferenceBooleanValue(Ljava/lang/String;Z)Z
03-10 01:54:34.617 28900 28900 D M_InsDal: Lcom/csipsimple/api/SipConfigManager;--->getPreferenceBooleanValue(Landroid/content/Context;Ljava/lang/String;Ljava/lang/Boolean;)Ljava/lang/Boolean;
03-10 01:54:34.617 28900 28900 D M_InsDal: Lcom/csipsimple/api/SipConfigManager;--->getPrefUriForKey(Ljava/lang/String;)Landroid/net/Uri;
03-10 01:54:34.617 28867 28886 D M_InsDal: Lcom/csipsimple/service/PreferenceProvider;--->query(Landroid/net/Uri;[Ljava/lang/String;Ljava/lang/String;[Ljava/lang/String;Ljava/lang/String;)Landroid/database/Cursor;
03-10 01:54:34.617 28867 28886 D M_InsDal: Lcom/csipsimple/utils/PreferencesWrapper;--->getPreferenceBooleanValue(Ljava/lang/String;)Ljava/lang/Boolean;
03-10 01:54:34.617 28867 28886 D M_InsDal: Lcom/csipsimple/utils/PreferencesWrapper;--->gPrefBooleanValue(Landroid/content/SharedPreferences;Ljava/lang/String;)Ljava/lang/Boolean;
03-10 01:54:34.619 28900 28900 D M_InsDal: Lcom/csipsimple/utils/Log;--->d(Ljava/lang/String;Ljava/lang/String;)V
03-10 01:54:34.619 28900 28900 D M_InsDal: Lcom/csipsimple/service/PresenceManager;---><clinit>()V
03-10 01:54:34.619 28900 28900 D M_InsDal: Lcom/csipsimple/service/PresenceManager;---><init>()V
03-10 01:54:34.619 28900 28900 D M_InsDal: Lcom/csipsimple/service/SipService;--->onBind(Landroid/content/Intent;)Landroid/os/IBinder;
03-10 01:54:34.619 28900 28900 D M_InsDal: Lcom/csipsimple/utils/Log;--->d(Ljava/lang/String;Ljava/lang/String;)V
03-10 01:54:34.619 28900 28900 D M_InsDal: Lcom/csipsimple/utils/Log;--->d(Ljava/lang/String;Ljava/lang/String;)V
03-10 01:54:34.623 28867 28867 D M_InsDal: Lcom/csipsimple/ui/incall/InCallMediaControl$2;--->onServiceConnected(Landroid/content/ComponentName;Landroid/os/IBinder;)V
03-10 01:54:34.623 28867 28867 D M_InsDal: Lcom/csipsimple/utils/Log;--->d(Ljava/lang/String;Ljava/lang/String;)V
03-10 01:54:34.624 28867 28867 D M_InsDal: Lcom/csipsimple/api/ISipService$Stub;--->asInterface(Landroid/os/IBinder;)Lcom/csipsimple/api/ISipService;
03-10 01:54:34.624 28867 28867 D M_InsDal: Lcom/csipsimple/api/ISipService$Stub$Proxy;---><init>(Landroid/os/IBinder;)V
03-10 01:54:34.624 28867 28867 D M_InsDal: Lcom/csipsimple/ui/incall/InCallMediaControl;--->updateUIFromMedia()V
03-10 01:54:34.624 28867 28867 D M_InsDal: Lcom/csipsimple/api/ISipService$Stub$Proxy;--->getCurrentMediaState()Lcom/csipsimple/api/MediaState;
03-10 01:54:34.624 28900 28941 D M_InsDal: Lcom/csipsimple/service/SipService$1;--->getCurrentMediaState()Lcom/csipsimple/api/MediaState;
03-10 01:54:34.624 28900 28941 D M_InsDal: Lcom/csipsimple/api/MediaState;---><clinit>()V
03-10 01:54:34.624 28900 28941 D M_InsDal: Lcom/csipsimple/api/MediaState$1;---><init>()V
03-10 01:54:34.624 28900 28941 D M_InsDal: Lcom/csipsimple/api/MediaState;---><init>()V
03-10 01:54:34.624 28900 28941 D M_InsDal: Lcom/csipsimple/api/MediaState;--->writeToParcel(Landroid/os/Parcel;I)V
03-10 01:54:34.625 28867 28867 D M_InsDal: Lcom/csipsimple/api/MediaState;---><clinit>()V
03-10 01:54:34.625 28867 28867 D M_InsDal: Lcom/csipsimple/api/MediaState$1;---><init>()V
03-10 01:54:34.625 28867 28867 D M_InsDal: Lcom/csipsimple/api/MediaState$1;--->createFromParcel(Landroid/os/Parcel;)Lcom/csipsimple/api/MediaState;
03-10 01:54:34.625 28867 28867 D M_InsDal: Lcom/csipsimple/api/MediaState;---><init>(Landroid/os/Parcel;)V
03-10 01:54:34.625 28867 28867 D M_InsDal: Lcom/csipsimple/api/SipConfigManager;---><clinit>()V
03-10 01:54:34.625 28867 28867 D M_InsDal: Lcom/csipsimple/api/SipConfigManager;--->getPreferenceFloatValue(Landroid/content/Context;Ljava/lang/String;)Ljava/lang/Float;
03-10 01:54:34.625 28867 28867 D M_InsDal: Lcom/csipsimple/api/SipConfigManager;--->getPreferenceFloatValue(Landroid/content/Context;Ljava/lang/String;Ljava/lang/Float;)Ljava/lang/Float;
03-10 01:54:34.625 28867 28867 D M_InsDal: Lcom/csipsimple/api/SipConfigManager;--->getPrefUriForKey(Ljava/lang/String;)Landroid/net/Uri;
03-10 01:54:34.625 28867 28867 D M_InsDal: Lcom/csipsimple/service/PreferenceProvider;--->query(Landroid/net/Uri;[Ljava/lang/String;Ljava/lang/String;[Ljava/lang/String;Ljava/lang/String;)Landroid/database/Cursor;
03-10 01:54:34.626 28867 28867 D M_InsDal: Lcom/csipsimple/utils/PreferencesWrapper;--->getPreferenceFloatValue(Ljava/lang/String;)Ljava/lang/Float;
03-10 01:54:34.626 28867 28867 D M_InsDal: Lcom/csipsimple/utils/PreferencesWrapper;--->gPrefFloatValue(Landroid/content/SharedPreferences;Ljava/lang/String;)Ljava/lang/Float;
03-10 01:54:34.626 28867 28867 D M_InsDal: Lcom/csipsimple/ui/incall/InCallMediaControl;--->onProgressChanged(Landroid/widget/SeekBar;IZ)V
03-10 01:54:34.626 28867 28867 D M_InsDal: Lcom/csipsimple/utils/Log;--->d(Ljava/lang/String;Ljava/lang/String;)V
03-10 01:54:34.626 28867 28867 D M_InsDal: Lcom/csipsimple/api/ISipService$Stub$Proxy;--->getCurrentMediaState()Lcom/csipsimple/api/MediaState;
03-10 01:54:34.626 28900 28941 D M_InsDal: Lcom/csipsimple/service/SipService$1;--->getCurrentMediaState()Lcom/csipsimple/api/MediaState;
03-10 01:54:34.626 28900 28941 D M_InsDal: Lcom/csipsimple/api/MediaState;---><init>()V
03-10 01:54:34.626 28900 28941 D M_InsDal: Lcom/csipsimple/api/MediaState;--->writeToParcel(Landroid/os/Parcel;I)V
03-10 01:54:34.626 28867 28867 D M_InsDal: Lcom/csipsimple/api/MediaState$1;--->createFromParcel(Landroid/os/Parcel;)Lcom/csipsimple/api/MediaState;
03-10 01:54:34.626 28867 28867 D M_InsDal: Lcom/csipsimple/api/MediaState;---><init>(Landroid/os/Parcel;)V
03-10 01:54:34.626 28867 28867 D M_InsDal: Lcom/csipsimple/api/ISipService$Stub$Proxy;--->confAdjustTxLevel(IF)V
03-10 01:54:34.626 28900 28925 D M_InsDal: Lcom/csipsimple/service/SipService$1;--->confAdjustTxLevel(IF)V
03-10 01:54:34.627 28900 28925 D M_InsDal: Lcom/csipsimple/service/SipService;--->getExecutor()Lcom/csipsimple/service/SipService$SipServiceExecutor;
03-10 01:54:34.627 28900 28925 D M_InsDal: Lcom/csipsimple/service/SipService$SipServiceExecutor;---><init>(Lcom/csipsimple/service/SipService;)V
03-10 01:54:34.627 28900 28925 D M_InsDal: Lcom/csipsimple/service/SipService;--->createLooper()Landroid/os/Looper;
03-10 01:54:34.627 28900 28925 D M_InsDal: Lcom/csipsimple/utils/Log;--->d(Ljava/lang/String;Ljava/lang/String;)V
03-10 01:54:34.627 28900 28925 D M_InsDal: Lcom/csipsimple/service/SipService$1$17;---><init>(Lcom/csipsimple/service/SipService$1;IF)V
03-10 01:54:34.627 28900 28925 D M_InsDal: Lcom/csipsimple/service/SipService$SipRunnable;---><init>()V
03-10 01:54:34.627 28900 28925 D M_InsDal: Lcom/csipsimple/service/SipService$SipServiceExecutor;--->execute(Ljava/lang/Runnable;)V
03-10 01:54:34.627 28900 28925 D M_InsDal: Lcom/csipsimple/service/SipWakeLock;--->acquire(Ljava/lang/Object;)V
03-10 01:54:34.628 28900 28925 D M_InsDal: Lcom/csipsimple/utils/Log;--->v(Ljava/lang/String;Ljava/lang/String;)V
03-10 01:54:34.628 28900 28943 D M_InsDal: Lcom/csipsimple/service/SipService$SipServiceExecutor;--->handleMessage(Landroid/os/Message;)V
03-10 01:54:34.628 28900 28943 D M_InsDal: Lcom/csipsimple/service/SipService$SipServiceExecutor;--->executeInternal(Ljava/lang/Runnable;)V
03-10 01:54:34.628 28867 28867 D M_InsDal: Lcom/csipsimple/api/SipConfigManager;--->setPreferenceFloatValue(Landroid/content/Context;Ljava/lang/String;Ljava/lang/Float;)V
03-10 01:54:34.628 28900 28943 D M_InsDal: Lcom/csipsimple/service/SipService$SipRunnable;--->run()V
03-10 01:54:34.628 28867 28867 D M_InsDal: Lcom/csipsimple/api/SipConfigManager;--->getPrefUriForKey(Ljava/lang/String;)Landroid/net/Uri;
03-10 01:54:34.629 28900 28943 D M_InsDal: Lcom/csipsimple/service/SipService$1$17;--->doRun()V
03-10 01:54:34.629 28900 28943 D M_InsDal: Lcom/csipsimple/service/SipWakeLock;--->release(Ljava/lang/Object;)V
03-10 01:54:34.629 28867 28867 D M_InsDal: Lcom/csipsimple/service/PreferenceProvider;--->update(Landroid/net/Uri;Landroid/content/ContentValues;Ljava/lang/String;[Ljava/lang/String;)I
03-10 01:54:34.629 28867 28867 D M_InsDal: Lcom/csipsimple/utils/PreferencesWrapper;--->setPreferenceFloatValue(Ljava/lang/String;F)V
03-10 01:54:34.629 28867 28867 D M_InsDal: Lcom/csipsimple/api/SipConfigManager;--->getPreferenceFloatValue(Landroid/content/Context;Ljava/lang/String;)Ljava/lang/Float;
03-10 01:54:34.629 28867 28867 D M_InsDal: Lcom/csipsimple/api/SipConfigManager;--->getPreferenceFloatValue(Landroid/content/Context;Ljava/lang/String;Ljava/lang/Float;)Ljava/lang/Float;
03-10 01:54:34.629 28867 28867 D M_InsDal: Lcom/csipsimple/api/SipConfigManager;--->getPrefUriForKey(Ljava/lang/String;)Landroid/net/Uri;
03-10 01:54:34.629 28867 28867 D M_InsDal: Lcom/csipsimple/service/PreferenceProvider;--->query(Landroid/net/Uri;[Ljava/lang/String;Ljava/lang/String;[Ljava/lang/String;Ljava/lang/String;)Landroid/database/Cursor;
03-10 01:54:34.629 28867 28867 D M_InsDal: Lcom/csipsimple/utils/PreferencesWrapper;--->getPreferenceFloatValue(Ljava/lang/String;)Ljava/lang/Float;
03-10 01:54:34.629 28867 28867 D M_InsDal: Lcom/csipsimple/utils/PreferencesWrapper;--->gPrefFloatValue(Landroid/content/SharedPreferences;Ljava/lang/String;)Ljava/lang/Float;
03-10 01:54:34.629 28900 28943 D M_InsDal: Lcom/csipsimple/utils/Log;--->v(Ljava/lang/String;Ljava/lang/String;)V
03-10 01:54:34.629 28867 28867 D M_InsDal: Lcom/csipsimple/ui/incall/InCallMediaControl;--->onProgressChanged(Landroid/widget/SeekBar;IZ)V
03-10 01:54:34.629 28867 28867 D M_InsDal: Lcom/csipsimple/utils/Log;--->d(Ljava/lang/String;Ljava/lang/String;)V
03-10 01:54:34.629 28867 28867 D M_InsDal: Lcom/csipsimple/api/ISipService$Stub$Proxy;--->getCurrentMediaState()Lcom/csipsimple/api/MediaState;
03-10 01:54:34.629 28900 28925 D M_InsDal: Lcom/csipsimple/service/SipService$1;--->getCurrentMediaState()Lcom/csipsimple/api/MediaState;
03-10 01:54:34.629 28900 28925 D M_InsDal: Lcom/csipsimple/api/MediaState;---><init>()V
03-10 01:54:34.629 28900 28925 D M_InsDal: Lcom/csipsimple/api/MediaState;--->writeToParcel(Landroid/os/Parcel;I)V
03-10 01:54:34.629 28867 28867 D M_InsDal: Lcom/csipsimple/api/MediaState$1;--->createFromParcel(Landroid/os/Parcel;)Lcom/csipsimple/api/MediaState;
03-10 01:54:34.630 28867 28867 D M_InsDal: Lcom/csipsimple/api/MediaState;---><init>(Landroid/os/Parcel;)V
03-10 01:54:34.630 28867 28867 D M_InsDal: Lcom/csipsimple/api/ISipService$Stub$Proxy;--->confAdjustRxLevel(IF)V
03-10 01:54:34.630 28900 28925 D M_InsDal: Lcom/csipsimple/service/SipService$1;--->confAdjustRxLevel(IF)V
03-10 01:54:34.630 28900 28925 D M_InsDal: Lcom/csipsimple/service/SipService;--->getExecutor()Lcom/csipsimple/service/SipService$SipServiceExecutor;
03-10 01:54:34.630 28900 28925 D M_InsDal: Lcom/csipsimple/service/SipService$1$18;---><init>(Lcom/csipsimple/service/SipService$1;IF)V
03-10 01:54:34.630 28900 28925 D M_InsDal: Lcom/csipsimple/service/SipService$SipRunnable;---><init>()V
03-10 01:54:34.630 28900 28925 D M_InsDal: Lcom/csipsimple/service/SipService$SipServiceExecutor;--->execute(Ljava/lang/Runnable;)V
03-10 01:54:34.630 28900 28925 D M_InsDal: Lcom/csipsimple/service/SipWakeLock;--->acquire(Ljava/lang/Object;)V
03-10 01:54:34.630 28900 28925 D M_InsDal: Lcom/csipsimple/utils/Log;--->v(Ljava/lang/String;Ljava/lang/String;)V
03-10 01:54:34.630 28900 28943 D M_InsDal: Lcom/csipsimple/service/SipService$SipServiceExecutor;--->handleMessage(Landroid/os/Message;)V
03-10 01:54:34.630 28900 28943 D M_InsDal: Lcom/csipsimple/service/SipService$SipServiceExecutor;--->executeInternal(Ljava/lang/Runnable;)V
03-10 01:54:34.630 28867 28867 D M_InsDal: Lcom/csipsimple/api/SipConfigManager;--->setPreferenceFloatValue(Landroid/content/Context;Ljava/lang/String;Ljava/lang/Float;)V
03-10 01:54:34.630 28900 28943 D M_InsDal: Lcom/csipsimple/service/SipService$SipRunnable;--->run()V
03-10 01:54:34.630 28867 28867 D M_InsDal: Lcom/csipsimple/api/SipConfigManager;--->getPrefUriForKey(Ljava/lang/String;)Landroid/net/Uri;
03-10 01:54:34.630 28900 28943 D M_InsDal: Lcom/csipsimple/service/SipService$1$18;--->doRun()V
03-10 01:54:34.630 28900 28943 D M_InsDal: Lcom/csipsimple/service/SipWakeLock;--->release(Ljava/lang/Object;)V
03-10 01:54:34.630 28867 28867 D M_InsDal: Lcom/csipsimple/service/PreferenceProvider;--->update(Landroid/net/Uri;Landroid/content/ContentValues;Ljava/lang/String;[Ljava/lang/String;)I
03-10 01:54:34.631 28867 28867 D M_InsDal: Lcom/csipsimple/utils/PreferencesWrapper;--->setPreferenceFloatValue(Ljava/lang/String;F)V
03-10 01:54:34.631 28867 28867 D M_InsDal: Lcom/csipsimple/api/SipConfigManager;--->getPreferenceBooleanValue(Landroid/content/Context;Ljava/lang/String;)Ljava/lang/Boolean;
03-10 01:54:34.631 28867 28867 D M_InsDal: Lcom/csipsimple/api/SipConfigManager;--->getPreferenceBooleanValue(Landroid/content/Context;Ljava/lang/String;Ljava/lang/Boolean;)Ljava/lang/Boolean;
03-10 01:54:34.631 28867 28867 D M_InsDal: Lcom/csipsimple/api/SipConfigManager;--->getPrefUriForKey(Ljava/lang/String;)Landroid/net/Uri;
03-10 01:54:34.631 28867 28867 D M_InsDal: Lcom/csipsimple/service/PreferenceProvider;--->query(Landroid/net/Uri;[Ljava/lang/String;Ljava/lang/String;[Ljava/lang/String;Ljava/lang/String;)Landroid/database/Cursor;
03-10 01:54:34.631 28867 28867 D M_InsDal: Lcom/csipsimple/utils/PreferencesWrapper;--->getPreferenceBooleanValue(Ljava/lang/String;)Ljava/lang/Boolean;
03-10 01:54:34.631 28867 28867 D M_InsDal: Lcom/csipsimple/utils/PreferencesWrapper;--->gPrefBooleanValue(Landroid/content/SharedPreferences;Ljava/lang/String;)Ljava/lang/Boolean;
03-10 01:54:34.631 28867 28867 D M_InsDal: Lcom/csipsimple/ui/incall/InCallMediaControl;--->onCheckedChanged(Landroid/widget/CompoundButton;Z)V
03-10 01:54:34.631 28867 28867 D M_InsDal: Lcom/csipsimple/api/ISipService$Stub$Proxy;--->setEchoCancellation(Z)V
03-10 01:54:34.631 28900 28925 D M_InsDal: Lcom/csipsimple/service/SipService$1;--->setEchoCancellation(Z)V
03-10 01:54:34.631 28867 28867 D M_InsDal: Lcom/csipsimple/api/SipConfigManager;--->setPreferenceBooleanValue(Landroid/content/Context;Ljava/lang/String;Z)V
03-10 01:54:34.631 28867 28867 D M_InsDal: Lcom/csipsimple/api/SipConfigManager;--->getPrefUriForKey(Ljava/lang/String;)Landroid/net/Uri;
03-10 01:54:34.631 28867 28867 D M_InsDal: Lcom/csipsimple/service/PreferenceProvider;--->update(Landroid/net/Uri;Landroid/content/ContentValues;Ljava/lang/String;[Ljava/lang/String;)I
03-10 01:54:34.632 28900 28943 D M_InsDal: Lcom/csipsimple/utils/Log;--->v(Ljava/lang/String;Ljava/lang/String;)V
03-10 01:54:34.632 28867 28867 D M_InsDal: Lcom/csipsimple/utils/PreferencesWrapper;--->setPreferenceBooleanValue(Ljava/lang/String;Z)V
03-10 01:54:34.632 28867 28899 D M_InsDal: Lcom/csipsimple/api/ISipService$Stub$Proxy;--->confGetRxTxLevel(I)J
03-10 01:54:34.632 28900 28925 D M_InsDal: Lcom/csipsimple/service/SipService$1;--->confGetRxTxLevel(I)J
03-10 01:54:34.632 28900 28925 D M_InsDal: Lcom/csipsimple/service/SipService$1$28;---><init>(Lcom/csipsimple/service/SipService$1;Lcom/csipsimple/service/SipService;I)V
03-10 01:54:34.632 28900 28925 D M_InsDal: Lcom/csipsimple/service/SipService$ReturnRunnable;---><init>(Lcom/csipsimple/service/SipService;)V
03-10 01:54:34.632 28900 28925 D M_InsDal: Lcom/csipsimple/service/SipService$SipRunnable;---><init>()V
03-10 01:54:34.632 28900 28925 D M_InsDal: Lcom/csipsimple/service/SipService;--->getExecutor()Lcom/csipsimple/service/SipService$SipServiceExecutor;
03-10 01:54:34.632 28900 28925 D M_InsDal: Lcom/csipsimple/service/SipService$SipServiceExecutor;--->execute(Ljava/lang/Runnable;)V
03-10 01:54:34.632 28900 28925 D M_InsDal: Lcom/csipsimple/service/SipWakeLock;--->acquire(Ljava/lang/Object;)V
03-10 01:54:34.633 28900 28925 D M_InsDal: Lcom/csipsimple/utils/Log;--->v(Ljava/lang/String;Ljava/lang/String;)V
03-10 01:54:34.633 28900 28925 D M_InsDal: Lcom/csipsimple/service/SipService$ReturnRunnable;--->getResult()Ljava/lang/Object;
03-10 01:54:34.633 28900 28943 D M_InsDal: Lcom/csipsimple/service/SipService$SipServiceExecutor;--->handleMessage(Landroid/os/Message;)V
03-10 01:54:34.633 28900 28943 D M_InsDal: Lcom/csipsimple/service/SipService$SipServiceExecutor;--->executeInternal(Ljava/lang/Runnable;)V
03-10 01:54:34.633 28900 28943 D M_InsDal: Lcom/csipsimple/service/SipService$SipRunnable;--->run()V
03-10 01:54:34.633 28900 28943 D M_InsDal: Lcom/csipsimple/service/SipService$ReturnRunnable;--->doRun()V
03-10 01:54:34.633 28900 28943 D M_InsDal: Lcom/csipsimple/service/SipService$1$28;--->runWithReturn()Ljava/lang/Object;
03-10 01:54:34.633 28900 28943 D M_InsDal: Lcom/csipsimple/utils/Log;--->e(Ljava/lang/String;Ljava/lang/String;Ljava/lang/Throwable;)V
03-10 01:54:34.634 28900 28943 D M_InsDal: Lcom/csipsimple/service/SipWakeLock;--->release(Ljava/lang/Object;)V
03-10 01:54:34.634 28900 28943 D M_InsDal: Lcom/csipsimple/utils/Log;--->v(Ljava/lang/String;Ljava/lang/String;)V
03-10 01:54:46.545 28900 28900 D M_InsDal: Lcom/csipsimple/service/SipService;--->onDestroy()V
03-10 01:54:46.545 28900 28900 D M_InsDal: Lcom/csipsimple/utils/Log;--->i(Ljava/lang/String;Ljava/lang/String;)V
03-10 01:54:46.545 28900 28900 D M_InsDal: Lcom/csipsimple/service/SipService;--->unregisterBroadcasts()V
03-10 01:54:46.545 28900 28900 D M_InsDal: Lcom/csipsimple/service/SipNotifications;--->onServiceDestroy()V
03-10 01:54:46.546 28900 28900 D M_InsDal: Lcom/csipsimple/service/SipNotifications;--->cancelAll()V
03-10 01:54:46.546 28900 28900 D M_InsDal: Lcom/csipsimple/service/SipNotifications;--->cancelRegisters()V
03-10 01:54:46.546 28900 28900 D M_InsDal: Lcom/csipsimple/service/SipNotifications;--->stopForegroundCompat(I)V
03-10 01:54:46.546 28900 28900 D M_InsDal: Lcom/csipsimple/service/SipNotifications;--->invokeMethod(Ljava/lang/reflect/Method;[Ljava/lang/Object;)V
