--------- beginning of main
--------- beginning of system
03-10 01:58:52.241 31304 31304 D M_InsDal: Lcom/csipsimple/service/PreferenceProvider;---><clinit>()V
03-10 01:58:52.241 31304 31304 D M_InsDal: Lcom/csipsimple/service/PreferenceProvider;---><init>()V
03-10 01:58:52.241 31304 31304 D M_InsDal: Lcom/csipsimple/service/PreferenceProvider;--->onCreate()Z
03-10 01:58:52.241 31304 31304 D M_InsDal: Lcom/csipsimple/utils/PreferencesWrapper;---><clinit>()V
03-10 01:58:52.241 31304 31304 D M_InsDal: Lcom/csipsimple/utils/PreferencesWrapper$1;---><init>()V
03-10 01:58:52.241 31304 31304 D M_InsDal: Lcom/csipsimple/utils/CustomDistribution;--->getUserAgent()Ljava/lang/String;
03-10 01:58:52.242 31304 31304 D M_InsDal: Lcom/csipsimple/utils/PreferencesWrapper$2;---><init>()V
03-10 01:58:52.243 31304 31304 D M_InsDal: Lcom/csipsimple/utils/PreferencesWrapper$3;---><init>()V
03-10 01:58:52.243 31304 31304 D M_InsDal: Lcom/csipsimple/utils/PreferencesWrapper;---><init>(Landroid/content/Context;)V
03-10 01:58:52.243 31304 31304 D M_InsDal: Lcom/csipsimple/utils/PreferencesWrapper;--->needUpgrade()Ljava/lang/Integer;
03-10 01:58:52.243 31304 31304 D M_InsDal: Lcom/csipsimple/utils/PreferencesProviderWrapper;--->getCurrentPackageInfos(Landroid/content/Context;)Landroid/content/pm/PackageInfo;
03-10 01:58:52.245 31304 31304 D M_InsDal: Lcom/csipsimple/utils/Log;---><clinit>()V
03-10 01:58:52.245 31304 31304 D M_InsDal: Lcom/csipsimple/utils/Log;--->d(Ljava/lang/String;Ljava/lang/String;)V
03-10 01:58:52.245 31304 31304 D M_InsDal: Lcom/csipsimple/utils/Log;--->d(Ljava/lang/String;Ljava/lang/String;)V
03-10 01:58:52.245 31304 31304 D M_InsDal: Lcom/csipsimple/utils/Compatibility;--->getApiLevel()I
03-10 01:58:52.256 31304 31304 D M_InsDal: Lcom/csipsimple/ui/messages/MessageActivity;---><init>()V
03-10 01:58:52.266 31304 31304 D M_InsDal: Lcom/csipsimple/ui/messages/MessageActivity;--->onCreate(Landroid/os/Bundle;)V
03-10 01:58:52.266 31304 31304 D M_InsDal: Lcom/csipsimple/ui/messages/MessageFragment;---><init>()V
03-10 01:58:52.266 31304 31304 D M_InsDal: Lcom/csipsimple/ui/messages/MessageFragment$1;---><init>(Lcom/csipsimple/ui/messages/MessageFragment;)V
03-10 01:58:52.267 31304 31304 D M_InsDal: Lcom/csipsimple/ui/messages/MessageFragment;--->setOnQuitListener(Lcom/csipsimple/ui/messages/MessageFragment$OnQuitListener;)V
03-10 01:58:52.285 31304 31304 D M_InsDal: Lcom/csipsimple/ui/messages/MessageFragment;--->onAttach(Landroid/app/Activity;)V
03-10 01:58:52.288 31304 31304 D M_InsDal: Lcom/csipsimple/ui/messages/MessageFragment;--->onCreate(Landroid/os/Bundle;)V
03-10 01:58:52.288 31304 31304 D M_InsDal: Lcom/csipsimple/utils/SmileyParser;---><clinit>()V
03-10 01:58:52.288 31304 31304 D M_InsDal: Lcom/csipsimple/utils/SmileyParser$Smileys;---><clinit>()V
03-10 01:58:52.288 31304 31304 D M_InsDal: Lcom/csipsimple/utils/SmileyParser$Smileys;--->getSmileyResource(I)I
03-10 01:58:52.288 31304 31304 D M_InsDal: Lcom/csipsimple/utils/SmileyParser$Smileys;--->getSmileyResource(I)I
03-10 01:58:52.288 31304 31304 D M_InsDal: Lcom/csipsimple/utils/SmileyParser;--->init(Landroid/content/Context;)V
03-10 01:58:52.288 31304 31304 D M_InsDal: Lcom/csipsimple/utils/SmileyParser;---><init>(Landroid/content/Context;)V
03-10 01:58:52.288 31304 31304 D M_InsDal: Lcom/csipsimple/utils/SmileyParser;--->buildSmileyToRes()Ljava/util/Map;
03-10 01:58:52.288 31304 31304 D M_InsDal: Lcom/csipsimple/utils/SmileyParser;--->buildPattern()Ljava/util/regex/Pattern;
03-10 01:58:52.288 31304 31304 D M_InsDal: Lcom/csipsimple/service/SipNotifications;---><clinit>()V
03-10 01:58:52.288 31304 31304 D M_InsDal: Lcom/csipsimple/service/SipNotifications;---><init>(Landroid/content/Context;)V
03-10 01:58:52.289 31304 31304 D M_InsDal: Lcom/csipsimple/service/SipNotifications;--->cancelAll()V
03-10 01:58:52.289 31304 31304 D M_InsDal: Lcom/csipsimple/service/SipNotifications;--->cancelMessages()V
03-10 01:58:52.289 31304 31304 D M_InsDal: Lcom/csipsimple/service/SipNotifications;--->cancelMissedCalls()V
03-10 01:58:52.289 31304 31304 D M_InsDal: Lcom/csipsimple/service/SipNotifications;--->cancelVoicemails()V
03-10 01:58:52.289 31304 31304 D M_InsDal: Lcom/csipsimple/service/SipNotifications;--->cancelCalls()V
03-10 01:58:52.290 31304 31304 D M_InsDal: Lcom/csipsimple/utils/Compatibility;--->isCompatible(I)Z
03-10 01:58:52.290 31304 31304 D M_InsDal: Lcom/csipsimple/utils/clipboard/ClipboardWrapper;--->getInstance(Landroid/content/Context;)Lcom/csipsimple/utils/clipboard/ClipboardWrapper;
03-10 01:58:52.290 31304 31304 D M_InsDal: Lcom/csipsimple/utils/Compatibility;--->isCompatible(I)Z
03-10 01:58:52.290 31304 31304 D M_InsDal: Lcom/csipsimple/utils/clipboard/Clipboard11;---><init>()V
03-10 01:58:52.290 31304 31304 D M_InsDal: Lcom/csipsimple/utils/clipboard/ClipboardWrapper;---><init>()V
03-10 01:58:52.290 31304 31304 D M_InsDal: Lcom/csipsimple/utils/clipboard/Clipboard11;--->setContext(Landroid/content/Context;)V
03-10 01:58:52.290 31304 31304 D M_InsDal: Lcom/csipsimple/ui/messages/MessageFragment;--->onCreateView(Landroid/view/LayoutInflater;Landroid/view/ViewGroup;Landroid/os/Bundle;)Landroid/view/View;
03-10 01:58:52.292 31304 31304 D M_InsDal: Lcom/csipsimple/widgets/AccountChooserButton;---><clinit>()V
03-10 01:58:52.292 31304 31304 D M_InsDal: Lcom/csipsimple/widgets/AccountChooserButton;---><init>(Landroid/content/Context;Landroid/util/AttributeSet;)V
03-10 01:58:52.294 31304 31304 D M_InsDal: Lcom/csipsimple/widgets/AccountChooserButton;--->setAccount(Lcom/csipsimple/api/SipProfile;)V
03-10 01:58:52.294 31304 31304 D M_InsDal: Lcom/csipsimple/utils/Compatibility;--->canMakeGSMCall(Landroid/content/Context;)Z
03-10 01:58:52.294 31304 31304 D M_InsDal: Lcom/csipsimple/utils/PreferencesWrapper;---><init>(Landroid/content/Context;)V
03-10 01:58:52.294 31304 31304 D M_InsDal: Lcom/csipsimple/utils/PreferencesWrapper;--->getGsmIntegrationType()I
03-10 01:58:52.294 31304 31304 D M_InsDal: Lcom/csipsimple/utils/PreferencesWrapper;--->getPreferenceStringValue(Ljava/lang/String;)Ljava/lang/String;
03-10 01:58:52.294 31304 31304 D M_InsDal: Lcom/csipsimple/utils/PreferencesWrapper;--->gPrefStringValue(Landroid/content/SharedPreferences;Ljava/lang/String;)Ljava/lang/String;
03-10 01:58:52.294 31304 31304 D M_InsDal: Lcom/csipsimple/utils/PhoneCapabilityTester;---><clinit>()V
03-10 01:58:52.294 31304 31304 D M_InsDal: Lcom/csipsimple/utils/PhoneCapabilityTester;--->isPhone(Landroid/content/Context;)Z
03-10 01:58:52.294 31304 31304 D M_InsDal: Lcom/csipsimple/utils/PhoneCapabilityTester;--->initialize(Landroid/content/Context;)V
03-10 01:58:52.296 31304 31304 D M_InsDal: Lcom/csipsimple/utils/PhoneCapabilityTester;--->getPriviledgedIntent(Ljava/lang/String;)Landroid/content/Intent;
03-10 01:58:52.297 31304 31304 D M_InsDal: Lcom/csipsimple/utils/PhoneCapabilityTester;--->getPossibleActivities(Landroid/content/Context;Landroid/content/Intent;)Ljava/util/List;
03-10 01:58:52.316 31304 31304 D M_InsDal: Lcom/csipsimple/widgets/AccountChooserButton;--->setShowExternals(Z)V
03-10 01:58:52.317 31304 31304 D M_InsDal: Lcom/csipsimple/ui/messages/MessageFragment;--->onViewCreated(Landroid/view/View;Landroid/os/Bundle;)V
03-10 01:58:52.317 31304 31304 D M_InsDal: Lcom/csipsimple/ui/messages/MessageAdapter;---><clinit>()V
03-10 01:58:52.317 31304 31304 D M_InsDal: Lcom/csipsimple/ui/messages/MessageAdapter;---><init>(Landroid/content/Context;Landroid/database/Cursor;)V
03-10 01:58:52.317 31304 31304 D M_InsDal: Lcom/csipsimple/models/CallerInfo;---><clinit>()V
03-10 01:58:52.317 31304 31304 D M_InsDal: Lcom/csipsimple/models/CallerInfo;---><init>()V
03-10 01:58:52.317 31304 31304 D M_InsDal: Lcom/csipsimple/models/CallerInfo;--->getCallerInfoForSelf(Landroid/content/Context;)Lcom/csipsimple/models/CallerInfo;
03-10 01:58:52.318 31304 31304 D M_InsDal: Lcom/csipsimple/utils/contacts/ContactsWrapper;---><clinit>()V
03-10 01:58:52.318 31304 31304 D M_InsDal: Lcom/csipsimple/utils/contacts/ContactsWrapper;--->getInstance()Lcom/csipsimple/utils/contacts/ContactsWrapper;
03-10 01:58:52.318 31304 31304 D M_InsDal: Lcom/csipsimple/utils/Compatibility;--->isCompatible(I)Z
03-10 01:58:52.318 31304 31304 D M_InsDal: Lcom/csipsimple/utils/contacts/ContactsUtils5;---><clinit>()V
03-10 01:58:52.318 31304 31304 D M_InsDal: Lcom/csipsimple/utils/contacts/ContactsUtils14;---><init>()V
03-10 01:58:52.318 31304 31304 D M_InsDal: Lcom/csipsimple/utils/contacts/ContactsUtils5;---><init>()V
03-10 01:58:52.318 31304 31304 D M_InsDal: Lcom/csipsimple/utils/contacts/ContactsWrapper;---><init>()V
03-10 01:58:52.318 31304 31304 D M_InsDal: Lcom/csipsimple/utils/contacts/ContactsUtils14;--->findSelfInfo(Landroid/content/Context;)Lcom/csipsimple/models/CallerInfo;
03-10 01:58:52.318 31304 31304 D M_InsDal: Lcom/csipsimple/models/CallerInfo;---><init>()V
03-10 01:58:52.327 31304 31304 D M_InsDal: Lcom/csipsimple/ui/messages/MessageFragment;--->setupFrom(Ljava/lang/String;Ljava/lang/String;)V
03-10 01:58:52.327 31304 31304 D M_InsDal: Lcom/csipsimple/ui/messages/MessageFragment;--->chooseSipUri()V
03-10 01:58:52.338 31304 31304 D M_InsDal: Lcom/csipsimple/ui/messages/MessageFragment;--->onActivityCreated(Landroid/os/Bundle;)V
03-10 01:58:52.339 31304 31304 D M_InsDal: Lcom/csipsimple/ui/messages/MessageActivity;--->onStart()V
03-10 01:58:52.340 31337 31337 D M_InsDal: Lcom/csipsimple/db/DBProvider;---><clinit>()V
03-10 01:58:52.343 31337 31337 D M_InsDal: Lcom/csipsimple/db/DBProvider;---><init>()V
03-10 01:58:52.343 31337 31337 D M_InsDal: Lcom/csipsimple/db/DBProvider;--->onCreate()Z
03-10 01:58:52.343 31337 31337 D M_InsDal: Lcom/csipsimple/db/DBAdapter$DatabaseHelper;---><init>(Landroid/content/Context;)V
03-10 01:58:52.346 31337 31337 D M_InsDal: Lcom/csipsimple/service/SipService;---><clinit>()V
03-10 01:58:52.346 31337 31337 D M_InsDal: Lcom/csipsimple/service/SipService;---><init>()V
03-10 01:58:52.347 31337 31337 D M_InsDal: Lcom/csipsimple/service/SipService$1;---><init>(Lcom/csipsimple/service/SipService;)V
03-10 01:58:52.347 31337 31337 D M_InsDal: Lcom/csipsimple/api/ISipService$Stub;---><init>()V
03-10 01:58:52.347 31337 31337 D M_InsDal: Lcom/csipsimple/service/SipService$2;---><init>(Lcom/csipsimple/service/SipService;)V
03-10 01:58:52.347 31337 31337 D M_InsDal: Lcom/csipsimple/api/ISipConfiguration$Stub;---><init>()V
03-10 01:58:52.347 31337 31337 D M_InsDal: Lcom/csipsimple/service/SipService$ServiceHandler;---><init>(Lcom/csipsimple/service/SipService;)V
03-10 01:58:52.347 31337 31337 D M_InsDal: Lcom/csipsimple/api/SipManager$PresenceStatus;---><clinit>()V
03-10 01:58:52.347 31337 31337 D M_InsDal: Lcom/csipsimple/api/SipManager$PresenceStatus;---><init>(Ljava/lang/String;I)V
03-10 01:58:52.348 31337 31337 D M_InsDal: Lcom/csipsimple/api/SipManager$PresenceStatus;---><init>(Ljava/lang/String;I)V
03-10 01:58:52.348 31337 31337 D M_InsDal: Lcom/csipsimple/service/SipService;--->onCreate()V
03-10 01:58:52.348 31337 31337 D M_InsDal: Lcom/csipsimple/utils/Log;---><clinit>()V
03-10 01:58:52.348 31337 31337 D M_InsDal: Lcom/csipsimple/utils/Log;--->i(Ljava/lang/String;Ljava/lang/String;)V
03-10 01:58:52.348 31337 31337 D M_InsDal: Lcom/csipsimple/utils/PreferencesProviderWrapper;---><init>(Landroid/content/Context;)V
03-10 01:58:52.348 31337 31337 D M_InsDal: Lcom/csipsimple/utils/PreferencesProviderWrapper;--->getLogLevel()I
03-10 01:58:52.349 31337 31337 D M_InsDal: Lcom/csipsimple/api/SipConfigManager;---><clinit>()V
03-10 01:58:52.349 31337 31337 D M_InsDal: Lcom/csipsimple/api/SipConfigManager;--->getPreferenceIntegerValue(Landroid/content/Context;Ljava/lang/String;Ljava/lang/Integer;)Ljava/lang/Integer;
03-10 01:58:52.350 31337 31337 D M_InsDal: Lcom/csipsimple/api/SipConfigManager;--->getPrefUriForKey(Ljava/lang/String;)Landroid/net/Uri;
03-10 01:58:52.350 31304 31304 D M_InsDal: Lcom/csipsimple/ui/messages/MessageFragment;--->onResume()V
03-10 01:58:52.350 31304 31304 D M_InsDal: Lcom/csipsimple/utils/Log;--->d(Ljava/lang/String;Ljava/lang/String;)V
03-10 01:58:52.350 31304 31304 D M_InsDal: Lcom/csipsimple/service/SipNotifications;--->setViewingMessageFrom(Ljava/lang/String;)V
03-10 01:58:52.356 31304 31324 D M_InsDal: Lcom/csipsimple/service/PreferenceProvider;--->query(Landroid/net/Uri;[Ljava/lang/String;Ljava/lang/String;[Ljava/lang/String;Ljava/lang/String;)Landroid/database/Cursor;
03-10 01:58:52.356 31304 31324 D M_InsDal: Lcom/csipsimple/utils/PreferencesWrapper;--->getPreferenceIntegerValue(Ljava/lang/String;)Ljava/lang/Integer;
03-10 01:58:52.356 31304 31324 D M_InsDal: Lcom/csipsimple/utils/PreferencesWrapper;--->getPreferenceStringValue(Ljava/lang/String;)Ljava/lang/String;
03-10 01:58:52.356 31304 31324 D M_InsDal: Lcom/csipsimple/utils/PreferencesWrapper;--->gPrefStringValue(Landroid/content/SharedPreferences;Ljava/lang/String;)Ljava/lang/String;
03-10 01:58:52.358 31337 31337 D M_InsDal: Lcom/csipsimple/utils/Log;--->setLogLevel(I)V
03-10 01:58:52.359 31337 31337 D M_InsDal: Lcom/csipsimple/service/SipNotifications;---><clinit>()V
03-10 01:58:52.359 31337 31337 D M_InsDal: Lcom/csipsimple/service/SipNotifications;---><init>(Landroid/content/Context;)V
03-10 01:58:52.359 31337 31337 D M_InsDal: Lcom/csipsimple/service/SipNotifications;--->cancelAll()V
03-10 01:58:52.359 31337 31337 D M_InsDal: Lcom/csipsimple/service/SipNotifications;--->cancelMessages()V
03-10 01:58:52.360 31337 31337 D M_InsDal: Lcom/csipsimple/service/SipNotifications;--->cancelMissedCalls()V
03-10 01:58:52.360 31337 31337 D M_InsDal: Lcom/csipsimple/service/SipNotifications;--->cancelVoicemails()V
03-10 01:58:52.360 31337 31337 D M_InsDal: Lcom/csipsimple/service/SipNotifications;--->cancelCalls()V
03-10 01:58:52.361 31337 31337 D M_InsDal: Lcom/csipsimple/utils/Compatibility;--->isCompatible(I)Z
03-10 01:58:52.361 31337 31337 D M_InsDal: Lcom/csipsimple/service/SipNotifications;--->onServiceCreate()V
03-10 01:58:52.362 31337 31337 D M_InsDal: Lcom/csipsimple/service/SipWakeLock;---><init>(Landroid/os/PowerManager;)V
03-10 01:58:52.362 31304 31304 D M_InsDal: Lcom/csipsimple/ui/messages/MessageFragment;--->onPause()V
03-10 01:58:52.362 31304 31304 D M_InsDal: Lcom/csipsimple/service/SipNotifications;--->setViewingMessageFrom(Ljava/lang/String;)V
03-10 01:58:52.362 31337 31337 D M_InsDal: Lcom/csipsimple/utils/PreferencesProviderWrapper;--->getPreferenceBooleanValue(Ljava/lang/String;Z)Z
03-10 01:58:52.362 31337 31337 D M_InsDal: Lcom/csipsimple/api/SipConfigManager;--->getPreferenceBooleanValue(Landroid/content/Context;Ljava/lang/String;Ljava/lang/Boolean;)Ljava/lang/Boolean;
03-10 01:58:52.362 31337 31337 D M_InsDal: Lcom/csipsimple/api/SipConfigManager;--->getPrefUriForKey(Ljava/lang/String;)Landroid/net/Uri;
03-10 01:58:52.363 31304 31324 D M_InsDal: Lcom/csipsimple/service/PreferenceProvider;--->query(Landroid/net/Uri;[Ljava/lang/String;Ljava/lang/String;[Ljava/lang/String;Ljava/lang/String;)Landroid/database/Cursor;
03-10 01:58:52.363 31304 31324 D M_InsDal: Lcom/csipsimple/utils/PreferencesWrapper;--->getPreferenceBooleanValue(Ljava/lang/String;)Ljava/lang/Boolean;
03-10 01:58:52.363 31304 31324 D M_InsDal: Lcom/csipsimple/utils/PreferencesWrapper;--->gPrefBooleanValue(Landroid/content/SharedPreferences;Ljava/lang/String;)Ljava/lang/Boolean;
03-10 01:58:52.366 31337 31337 D M_InsDal: Lcom/csipsimple/utils/Log;--->d(Ljava/lang/String;Ljava/lang/String;)V
03-10 01:58:52.367 31337 31337 D M_InsDal: Lcom/csipsimple/service/PresenceManager;---><clinit>()V
03-10 01:58:52.367 31337 31337 D M_InsDal: Lcom/csipsimple/service/PresenceManager;---><init>()V
03-10 01:58:52.367 31337 31337 D M_InsDal: Lcom/csipsimple/service/SipService;--->onBind(Landroid/content/Intent;)Landroid/os/IBinder;
03-10 01:58:52.367 31337 31337 D M_InsDal: Lcom/csipsimple/utils/Log;--->d(Ljava/lang/String;Ljava/lang/String;)V
03-10 01:58:52.367 31337 31337 D M_InsDal: Lcom/csipsimple/utils/Log;--->d(Ljava/lang/String;Ljava/lang/String;)V
03-10 01:58:52.371 31304 31304 D M_InsDal: Lcom/csipsimple/widgets/AccountChooserButton;--->onAttachedToWindow()V
03-10 01:58:52.372 31304 31304 D M_InsDal: Lcom/csipsimple/widgets/AccountChooserButton$AccountStatusContentObserver;---><init>(Lcom/csipsimple/widgets/AccountChooserButton;Landroid/os/Handler;)V
03-10 01:58:52.372 31304 31304 D M_InsDal: Lcom/csipsimple/api/SipProfile;---><clinit>()V
03-10 01:58:52.372 31304 31304 D M_InsDal: Lcom/csipsimple/api/SipProfile$1;---><init>()V
03-10 01:58:52.378 31304 31304 D M_InsDal: Lcom/csipsimple/widgets/AccountChooserButton;--->updateRegistration()V
03-10 01:58:52.385 31337 31361 D M_InsDal: Lcom/csipsimple/db/DBProvider;--->query(Landroid/net/Uri;[Ljava/lang/String;Ljava/lang/String;[Ljava/lang/String;Ljava/lang/String;)Landroid/database/Cursor;
03-10 01:58:52.392 31304 31304 D M_InsDal: Lcom/csipsimple/widgets/AccountChooserButton;--->setAccount(Lcom/csipsimple/api/SipProfile;)V
03-10 01:58:52.392 31304 31304 D M_InsDal: Lcom/csipsimple/utils/Compatibility;--->canMakeGSMCall(Landroid/content/Context;)Z
03-10 01:58:52.392 31304 31304 D M_InsDal: Lcom/csipsimple/utils/PreferencesWrapper;---><init>(Landroid/content/Context;)V
03-10 01:58:52.392 31304 31304 D M_InsDal: Lcom/csipsimple/utils/PreferencesWrapper;--->getGsmIntegrationType()I
03-10 01:58:52.392 31304 31304 D M_InsDal: Lcom/csipsimple/utils/PreferencesWrapper;--->getPreferenceStringValue(Ljava/lang/String;)Ljava/lang/String;
03-10 01:58:52.392 31304 31304 D M_InsDal: Lcom/csipsimple/utils/PreferencesWrapper;--->gPrefStringValue(Landroid/content/SharedPreferences;Ljava/lang/String;)Ljava/lang/String;
03-10 01:58:52.392 31304 31304 D M_InsDal: Lcom/csipsimple/utils/PhoneCapabilityTester;--->isPhone(Landroid/content/Context;)Z
03-10 01:58:52.402 31304 31304 D M_InsDal: Lcom/csipsimple/ui/PickupSipUri;---><init>()V
03-10 01:58:52.403 31304 31304 D M_InsDal: Lcom/csipsimple/ui/PickupSipUri;--->onCreate(Landroid/os/Bundle;)V
03-10 01:58:52.410 31304 31304 D M_InsDal: Lcom/csipsimple/widgets/EditSipUri;---><init>(Landroid/content/Context;Landroid/util/AttributeSet;)V
03-10 01:58:52.415 31304 31304 D M_InsDal: Lcom/csipsimple/widgets/AccountChooserButton;---><init>(Landroid/content/Context;Landroid/util/AttributeSet;)V
03-10 01:58:52.415 31304 31304 D M_InsDal: Lcom/csipsimple/widgets/AccountChooserButton;--->setAccount(Lcom/csipsimple/api/SipProfile;)V
03-10 01:58:52.415 31304 31304 D M_InsDal: Lcom/csipsimple/utils/Compatibility;--->canMakeGSMCall(Landroid/content/Context;)Z
03-10 01:58:52.415 31304 31304 D M_InsDal: Lcom/csipsimple/utils/PreferencesWrapper;---><init>(Landroid/content/Context;)V
03-10 01:58:52.415 31304 31304 D M_InsDal: Lcom/csipsimple/utils/PreferencesWrapper;--->getGsmIntegrationType()I
03-10 01:58:52.415 31304 31304 D M_InsDal: Lcom/csipsimple/utils/PreferencesWrapper;--->getPreferenceStringValue(Ljava/lang/String;)Ljava/lang/String;
03-10 01:58:52.415 31304 31304 D M_InsDal: Lcom/csipsimple/utils/PreferencesWrapper;--->gPrefStringValue(Landroid/content/SharedPreferences;Ljava/lang/String;)Ljava/lang/String;
03-10 01:58:52.415 31304 31304 D M_InsDal: Lcom/csipsimple/utils/PhoneCapabilityTester;--->isPhone(Landroid/content/Context;)Z
03-10 01:58:52.421 31304 31304 D M_InsDal: Lcom/csipsimple/utils/contacts/ContactsAutocompleteAdapter;---><init>(Landroid/content/Context;)V
03-10 01:58:52.421 31304 31304 D M_InsDal: Lcom/csipsimple/widgets/EditSipUri$1;---><init>(Lcom/csipsimple/widgets/EditSipUri;)V
03-10 01:58:52.421 31304 31304 D M_InsDal: Lcom/csipsimple/widgets/AccountChooserButton;--->setOnAccountChangeListener(Lcom/csipsimple/widgets/AccountChooserButton$OnAccountChangeListener;)V
03-10 01:58:52.421 31304 31304 D M_InsDal: Lcom/csipsimple/utils/contacts/ContactsWrapper;--->getInstance()Lcom/csipsimple/utils/contacts/ContactsWrapper;
03-10 01:58:52.421 31304 31304 D M_InsDal: Lcom/csipsimple/utils/contacts/ContactsUtils5;--->getContactsPhones(Landroid/content/Context;)Landroid/database/Cursor;
03-10 01:58:52.421 31304 31304 D M_InsDal: Lcom/csipsimple/utils/Compatibility;--->isCompatible(I)Z
03-10 01:58:52.421 31304 31304 D M_InsDal: Lcom/csipsimple/utils/Compatibility;--->isCompatible(I)Z
03-10 01:58:52.425 31304 31304 D M_InsDal: Lcom/csipsimple/widgets/EditSipUri$ContactAdapter;---><init>(Lcom/csipsimple/widgets/EditSipUri;Landroid/content/Context;Landroid/database/Cursor;)V
03-10 01:58:52.425 31304 31304 D M_InsDal: Lcom/csipsimple/utils/contacts/ContactsWrapper;--->getInstance()Lcom/csipsimple/utils/contacts/ContactsWrapper;
03-10 01:58:52.425 31304 31304 D M_InsDal: Lcom/csipsimple/utils/contacts/ContactsUtils5;--->getContactIndexableColumnIndex(Landroid/database/Cursor;)I
03-10 01:58:52.431 31304 31304 D M_InsDal: Lcom/csipsimple/widgets/EditSipUri;--->getTextField()Landroid/widget/EditText;
03-10 01:58:52.431 31304 31304 D M_InsDal: Lcom/csipsimple/ui/PickupSipUri$1;---><init>(Lcom/csipsimple/ui/PickupSipUri;)V
03-10 01:58:52.431 31304 31304 D M_InsDal: Lcom/csipsimple/widgets/EditSipUri;--->setShowExternals(Z)V
03-10 01:58:52.431 31304 31304 D M_InsDal: Lcom/csipsimple/widgets/AccountChooserButton;--->setShowExternals(Z)V
03-10 01:58:52.437 31304 31304 D M_InsDal: Lcom/csipsimple/widgets/AccountChooserButton;--->onAttachedToWindow()V
03-10 01:58:52.437 31304 31304 D M_InsDal: Lcom/csipsimple/widgets/AccountChooserButton$AccountStatusContentObserver;---><init>(Lcom/csipsimple/widgets/AccountChooserButton;Landroid/os/Handler;)V
03-10 01:58:52.438 31304 31304 D M_InsDal: Lcom/csipsimple/widgets/AccountChooserButton;--->updateRegistration()V
03-10 01:58:52.439 31337 31361 D M_InsDal: Lcom/csipsimple/db/DBProvider;--->query(Landroid/net/Uri;[Ljava/lang/String;Ljava/lang/String;[Ljava/lang/String;Ljava/lang/String;)Landroid/database/Cursor;
03-10 01:58:52.441 31304 31304 D M_InsDal: Lcom/csipsimple/widgets/AccountChooserButton;--->setAccount(Lcom/csipsimple/api/SipProfile;)V
03-10 01:58:52.441 31304 31304 D M_InsDal: Lcom/csipsimple/utils/Compatibility;--->canMakeGSMCall(Landroid/content/Context;)Z
03-10 01:58:52.441 31304 31304 D M_InsDal: Lcom/csipsimple/utils/PreferencesWrapper;---><init>(Landroid/content/Context;)V
03-10 01:58:52.441 31304 31304 D M_InsDal: Lcom/csipsimple/utils/PreferencesWrapper;--->getGsmIntegrationType()I
03-10 01:58:52.441 31304 31304 D M_InsDal: Lcom/csipsimple/utils/PreferencesWrapper;--->getPreferenceStringValue(Ljava/lang/String;)Ljava/lang/String;
03-10 01:58:52.441 31304 31304 D M_InsDal: Lcom/csipsimple/utils/PreferencesWrapper;--->gPrefStringValue(Landroid/content/SharedPreferences;Ljava/lang/String;)Ljava/lang/String;
03-10 01:58:52.441 31304 31304 D M_InsDal: Lcom/csipsimple/utils/PhoneCapabilityTester;--->isPhone(Landroid/content/Context;)Z
03-10 01:58:52.441 31304 31304 D M_InsDal: Lcom/csipsimple/widgets/EditSipUri$1;--->onChooseAccount(Lcom/csipsimple/api/SipProfile;)V
03-10 01:58:52.441 31304 31304 D M_InsDal: Lcom/csipsimple/widgets/EditSipUri;--->updateDialTextHelper()V
03-10 01:58:52.441 31304 31304 D M_InsDal: Lcom/csipsimple/widgets/AccountChooserButton;--->setChangeable(Z)V
03-10 01:58:52.441 31304 31304 D M_InsDal: Lcom/csipsimple/widgets/AccountChooserButton;--->getSelectedAccount()Lcom/csipsimple/api/SipProfile;
03-10 01:58:52.441 31304 31304 D M_InsDal: Lcom/csipsimple/api/SipProfile;---><init>()V
03-10 01:58:52.441 31304 31304 D M_InsDal: Lcom/csipsimple/utils/contacts/ContactsAutocompleteAdapter;--->setSelectedAccount(J)V
03-10 01:58:52.444 31304 31304 D M_InsDal: Lcom/csipsimple/widgets/EditSipUri$ContactAdapter;--->bindView(Landroid/view/View;Landroid/content/Context;Landroid/database/Cursor;)V
03-10 01:58:52.445 31304 31304 D M_InsDal: Lcom/csipsimple/utils/contacts/ContactsWrapper;--->getInstance()Lcom/csipsimple/utils/contacts/ContactsWrapper;
03-10 01:58:52.445 31304 31304 D M_InsDal: Lcom/csipsimple/utils/contacts/ContactsUtils5;--->bindContactPhoneView(Landroid/view/View;Landroid/content/Context;Landroid/database/Cursor;)V
03-10 01:58:52.445 31304 31304 D M_InsDal: Lcom/csipsimple/utils/contacts/ContactsUtils14;--->getContactPhoto(Landroid/content/Context;Landroid/net/Uri;ZLjava/lang/Integer;)Landroid/graphics/Bitmap;
03-10 01:58:52.449 31304 31304 D M_InsDal: Lcom/csipsimple/widgets/EditSipUri$ContactAdapter;--->bindView(Landroid/view/View;Landroid/content/Context;Landroid/database/Cursor;)V
03-10 01:58:52.449 31304 31304 D M_InsDal: Lcom/csipsimple/utils/contacts/ContactsWrapper;--->getInstance()Lcom/csipsimple/utils/contacts/ContactsWrapper;
03-10 01:58:52.449 31304 31304 D M_InsDal: Lcom/csipsimple/utils/contacts/ContactsUtils5;--->bindContactPhoneView(Landroid/view/View;Landroid/content/Context;Landroid/database/Cursor;)V
03-10 01:58:52.449 31304 31304 D M_InsDal: Lcom/csipsimple/utils/contacts/ContactsUtils14;--->getContactPhoto(Landroid/content/Context;Landroid/net/Uri;ZLjava/lang/Integer;)Landroid/graphics/Bitmap;
03-10 01:58:52.453 31304 31304 D M_InsDal: Lcom/csipsimple/widgets/EditSipUri$ContactAdapter;--->bindView(Landroid/view/View;Landroid/content/Context;Landroid/database/Cursor;)V
03-10 01:58:52.453 31304 31304 D M_InsDal: Lcom/csipsimple/utils/contacts/ContactsWrapper;--->getInstance()Lcom/csipsimple/utils/contacts/ContactsWrapper;
03-10 01:58:52.453 31304 31304 D M_InsDal: Lcom/csipsimple/utils/contacts/ContactsUtils5;--->bindContactPhoneView(Landroid/view/View;Landroid/content/Context;Landroid/database/Cursor;)V
03-10 01:58:52.453 31304 31304 D M_InsDal: Lcom/csipsimple/utils/contacts/ContactsUtils14;--->getContactPhoto(Landroid/content/Context;Landroid/net/Uri;ZLjava/lang/Integer;)Landroid/graphics/Bitmap;
03-10 01:58:52.457 31304 31304 D M_InsDal: Lcom/csipsimple/widgets/EditSipUri$ContactAdapter;--->bindView(Landroid/view/View;Landroid/content/Context;Landroid/database/Cursor;)V
03-10 01:58:52.457 31304 31304 D M_InsDal: Lcom/csipsimple/utils/contacts/ContactsWrapper;--->getInstance()Lcom/csipsimple/utils/contacts/ContactsWrapper;
03-10 01:58:52.457 31304 31304 D M_InsDal: Lcom/csipsimple/utils/contacts/ContactsUtils5;--->bindContactPhoneView(Landroid/view/View;Landroid/content/Context;Landroid/database/Cursor;)V
03-10 01:58:52.458 31304 31304 D M_InsDal: Lcom/csipsimple/utils/contacts/ContactsUtils14;--->getContactPhoto(Landroid/content/Context;Landroid/net/Uri;ZLjava/lang/Integer;)Landroid/graphics/Bitmap;
03-10 01:58:52.461 31304 31304 D M_InsDal: Lcom/csipsimple/widgets/EditSipUri$ContactAdapter;--->bindView(Landroid/view/View;Landroid/content/Context;Landroid/database/Cursor;)V
03-10 01:58:52.461 31304 31304 D M_InsDal: Lcom/csipsimple/utils/contacts/ContactsWrapper;--->getInstance()Lcom/csipsimple/utils/contacts/ContactsWrapper;
03-10 01:58:52.461 31304 31304 D M_InsDal: Lcom/csipsimple/utils/contacts/ContactsUtils5;--->bindContactPhoneView(Landroid/view/View;Landroid/content/Context;Landroid/database/Cursor;)V
03-10 01:58:52.462 31304 31304 D M_InsDal: Lcom/csipsimple/utils/contacts/ContactsUtils14;--->getContactPhoto(Landroid/content/Context;Landroid/net/Uri;ZLjava/lang/Integer;)Landroid/graphics/Bitmap;
03-10 01:58:52.465 31304 31304 D M_InsDal: Lcom/csipsimple/widgets/EditSipUri$ContactAdapter;--->bindView(Landroid/view/View;Landroid/content/Context;Landroid/database/Cursor;)V
03-10 01:58:52.465 31304 31304 D M_InsDal: Lcom/csipsimple/utils/contacts/ContactsWrapper;--->getInstance()Lcom/csipsimple/utils/contacts/ContactsWrapper;
03-10 01:58:52.465 31304 31304 D M_InsDal: Lcom/csipsimple/utils/contacts/ContactsUtils5;--->bindContactPhoneView(Landroid/view/View;Landroid/content/Context;Landroid/database/Cursor;)V
03-10 01:58:52.465 31304 31304 D M_InsDal: Lcom/csipsimple/utils/contacts/ContactsUtils14;--->getContactPhoto(Landroid/content/Context;Landroid/net/Uri;ZLjava/lang/Integer;)Landroid/graphics/Bitmap;
03-10 01:58:52.469 31304 31304 D M_InsDal: Lcom/csipsimple/widgets/EditSipUri$ContactAdapter;--->bindView(Landroid/view/View;Landroid/content/Context;Landroid/database/Cursor;)V
03-10 01:58:52.469 31304 31304 D M_InsDal: Lcom/csipsimple/utils/contacts/ContactsWrapper;--->getInstance()Lcom/csipsimple/utils/contacts/ContactsWrapper;
03-10 01:58:52.469 31304 31304 D M_InsDal: Lcom/csipsimple/utils/contacts/ContactsUtils5;--->bindContactPhoneView(Landroid/view/View;Landroid/content/Context;Landroid/database/Cursor;)V
03-10 01:58:52.469 31304 31304 D M_InsDal: Lcom/csipsimple/utils/contacts/ContactsUtils14;--->getContactPhoto(Landroid/content/Context;Landroid/net/Uri;ZLjava/lang/Integer;)Landroid/graphics/Bitmap;
03-10 01:58:52.480 31304 31304 D M_InsDal: Lcom/csipsimple/widgets/EditSipUri$ContactAdapter;--->bindView(Landroid/view/View;Landroid/content/Context;Landroid/database/Cursor;)V
03-10 01:58:52.480 31304 31304 D M_InsDal: Lcom/csipsimple/utils/contacts/ContactsWrapper;--->getInstance()Lcom/csipsimple/utils/contacts/ContactsWrapper;
03-10 01:58:52.480 31304 31304 D M_InsDal: Lcom/csipsimple/utils/contacts/ContactsUtils5;--->bindContactPhoneView(Landroid/view/View;Landroid/content/Context;Landroid/database/Cursor;)V
03-10 01:58:52.480 31304 31304 D M_InsDal: Lcom/csipsimple/utils/contacts/ContactsUtils14;--->getContactPhoto(Landroid/content/Context;Landroid/net/Uri;ZLjava/lang/Integer;)Landroid/graphics/Bitmap;
03-10 01:58:52.485 31304 31304 D M_InsDal: Lcom/csipsimple/widgets/EditSipUri$ContactAdapter;--->bindView(Landroid/view/View;Landroid/content/Context;Landroid/database/Cursor;)V
03-10 01:58:52.485 31304 31304 D M_InsDal: Lcom/csipsimple/utils/contacts/ContactsWrapper;--->getInstance()Lcom/csipsimple/utils/contacts/ContactsWrapper;
03-10 01:58:52.485 31304 31304 D M_InsDal: Lcom/csipsimple/utils/contacts/ContactsUtils5;--->bindContactPhoneView(Landroid/view/View;Landroid/content/Context;Landroid/database/Cursor;)V
03-10 01:58:52.485 31304 31304 D M_InsDal: Lcom/csipsimple/utils/contacts/ContactsUtils14;--->getContactPhoto(Landroid/content/Context;Landroid/net/Uri;ZLjava/lang/Integer;)Landroid/graphics/Bitmap;
03-10 01:58:52.492 31304 31304 D M_InsDal: Lcom/csipsimple/widgets/EditSipUri$ContactAdapter;--->bindView(Landroid/view/View;Landroid/content/Context;Landroid/database/Cursor;)V
03-10 01:58:52.492 31304 31304 D M_InsDal: Lcom/csipsimple/utils/contacts/ContactsWrapper;--->getInstance()Lcom/csipsimple/utils/contacts/ContactsWrapper;
03-10 01:58:52.492 31304 31304 D M_InsDal: Lcom/csipsimple/utils/contacts/ContactsUtils5;--->bindContactPhoneView(Landroid/view/View;Landroid/content/Context;Landroid/database/Cursor;)V
03-10 01:58:52.492 31304 31304 D M_InsDal: Lcom/csipsimple/utils/contacts/ContactsUtils14;--->getContactPhoto(Landroid/content/Context;Landroid/net/Uri;ZLjava/lang/Integer;)Landroid/graphics/Bitmap;
03-10 01:58:52.496 31304 31304 D M_InsDal: Lcom/csipsimple/widgets/EditSipUri$ContactAdapter;--->bindView(Landroid/view/View;Landroid/content/Context;Landroid/database/Cursor;)V
03-10 01:58:52.496 31304 31304 D M_InsDal: Lcom/csipsimple/utils/contacts/ContactsWrapper;--->getInstance()Lcom/csipsimple/utils/contacts/ContactsWrapper;
03-10 01:58:52.496 31304 31304 D M_InsDal: Lcom/csipsimple/utils/contacts/ContactsUtils5;--->bindContactPhoneView(Landroid/view/View;Landroid/content/Context;Landroid/database/Cursor;)V
03-10 01:58:52.496 31304 31304 D M_InsDal: Lcom/csipsimple/utils/contacts/ContactsUtils14;--->getContactPhoto(Landroid/content/Context;Landroid/net/Uri;ZLjava/lang/Integer;)Landroid/graphics/Bitmap;
03-10 01:58:52.499 31304 31304 D M_InsDal: Lcom/csipsimple/widgets/EditSipUri$ContactAdapter;--->bindView(Landroid/view/View;Landroid/content/Context;Landroid/database/Cursor;)V
03-10 01:58:52.499 31304 31304 D M_InsDal: Lcom/csipsimple/utils/contacts/ContactsWrapper;--->getInstance()Lcom/csipsimple/utils/contacts/ContactsWrapper;
03-10 01:58:52.499 31304 31304 D M_InsDal: Lcom/csipsimple/utils/contacts/ContactsUtils5;--->bindContactPhoneView(Landroid/view/View;Landroid/content/Context;Landroid/database/Cursor;)V
03-10 01:58:52.500 31304 31304 D M_InsDal: Lcom/csipsimple/utils/contacts/ContactsUtils14;--->getContactPhoto(Landroid/content/Context;Landroid/net/Uri;ZLjava/lang/Integer;)Landroid/graphics/Bitmap;
03-10 01:58:52.503 31304 31304 D M_InsDal: Lcom/csipsimple/widgets/EditSipUri$ContactAdapter;--->bindView(Landroid/view/View;Landroid/content/Context;Landroid/database/Cursor;)V
03-10 01:58:52.503 31304 31304 D M_InsDal: Lcom/csipsimple/utils/contacts/ContactsWrapper;--->getInstance()Lcom/csipsimple/utils/contacts/ContactsWrapper;
03-10 01:58:52.503 31304 31304 D M_InsDal: Lcom/csipsimple/utils/contacts/ContactsUtils5;--->bindContactPhoneView(Landroid/view/View;Landroid/content/Context;Landroid/database/Cursor;)V
03-10 01:58:52.504 31304 31304 D M_InsDal: Lcom/csipsimple/utils/contacts/ContactsUtils14;--->getContactPhoto(Landroid/content/Context;Landroid/net/Uri;ZLjava/lang/Integer;)Landroid/graphics/Bitmap;
03-10 01:58:52.507 31304 31304 D M_InsDal: Lcom/csipsimple/widgets/EditSipUri$ContactAdapter;--->bindView(Landroid/view/View;Landroid/content/Context;Landroid/database/Cursor;)V
03-10 01:58:52.507 31304 31304 D M_InsDal: Lcom/csipsimple/utils/contacts/ContactsWrapper;--->getInstance()Lcom/csipsimple/utils/contacts/ContactsWrapper;
03-10 01:58:52.507 31304 31304 D M_InsDal: Lcom/csipsimple/utils/contacts/ContactsUtils5;--->bindContactPhoneView(Landroid/view/View;Landroid/content/Context;Landroid/database/Cursor;)V
03-10 01:58:52.507 31304 31304 D M_InsDal: Lcom/csipsimple/utils/contacts/ContactsUtils14;--->getContactPhoto(Landroid/content/Context;Landroid/net/Uri;ZLjava/lang/Integer;)Landroid/graphics/Bitmap;
03-10 01:58:52.512 31304 31304 D M_InsDal: Lcom/csipsimple/widgets/EditSipUri$ContactAdapter;--->bindView(Landroid/view/View;Landroid/content/Context;Landroid/database/Cursor;)V
03-10 01:58:52.512 31304 31304 D M_InsDal: Lcom/csipsimple/utils/contacts/ContactsWrapper;--->getInstance()Lcom/csipsimple/utils/contacts/ContactsWrapper;
03-10 01:58:52.512 31304 31304 D M_InsDal: Lcom/csipsimple/utils/contacts/ContactsUtils5;--->bindContactPhoneView(Landroid/view/View;Landroid/content/Context;Landroid/database/Cursor;)V
03-10 01:58:52.512 31304 31304 D M_InsDal: Lcom/csipsimple/utils/contacts/ContactsUtils14;--->getContactPhoto(Landroid/content/Context;Landroid/net/Uri;ZLjava/lang/Integer;)Landroid/graphics/Bitmap;
03-10 01:58:52.517 31304 31304 D M_InsDal: Lcom/csipsimple/widgets/EditSipUri$ContactAdapter;--->bindView(Landroid/view/View;Landroid/content/Context;Landroid/database/Cursor;)V
03-10 01:58:52.517 31304 31304 D M_InsDal: Lcom/csipsimple/utils/contacts/ContactsWrapper;--->getInstance()Lcom/csipsimple/utils/contacts/ContactsWrapper;
03-10 01:58:52.517 31304 31304 D M_InsDal: Lcom/csipsimple/utils/contacts/ContactsUtils5;--->bindContactPhoneView(Landroid/view/View;Landroid/content/Context;Landroid/database/Cursor;)V
03-10 01:58:52.517 31304 31304 D M_InsDal: Lcom/csipsimple/utils/contacts/ContactsUtils14;--->getContactPhoto(Landroid/content/Context;Landroid/net/Uri;ZLjava/lang/Integer;)Landroid/graphics/Bitmap;
03-10 01:58:52.521 31304 31304 D M_InsDal: Lcom/csipsimple/widgets/EditSipUri$ContactAdapter;--->bindView(Landroid/view/View;Landroid/content/Context;Landroid/database/Cursor;)V
03-10 01:58:52.522 31304 31304 D M_InsDal: Lcom/csipsimple/utils/contacts/ContactsWrapper;--->getInstance()Lcom/csipsimple/utils/contacts/ContactsWrapper;
03-10 01:58:52.522 31304 31304 D M_InsDal: Lcom/csipsimple/utils/contacts/ContactsUtils5;--->bindContactPhoneView(Landroid/view/View;Landroid/content/Context;Landroid/database/Cursor;)V
03-10 01:58:52.522 31304 31304 D M_InsDal: Lcom/csipsimple/utils/contacts/ContactsUtils14;--->getContactPhoto(Landroid/content/Context;Landroid/net/Uri;ZLjava/lang/Integer;)Landroid/graphics/Bitmap;
03-10 01:58:52.526 31304 31304 D M_InsDal: Lcom/csipsimple/widgets/EditSipUri$ContactAdapter;--->bindView(Landroid/view/View;Landroid/content/Context;Landroid/database/Cursor;)V
03-10 01:58:52.526 31304 31304 D M_InsDal: Lcom/csipsimple/utils/contacts/ContactsWrapper;--->getInstance()Lcom/csipsimple/utils/contacts/ContactsWrapper;
03-10 01:58:52.526 31304 31304 D M_InsDal: Lcom/csipsimple/utils/contacts/ContactsUtils5;--->bindContactPhoneView(Landroid/view/View;Landroid/content/Context;Landroid/database/Cursor;)V
03-10 01:58:52.526 31304 31304 D M_InsDal: Lcom/csipsimple/utils/contacts/ContactsUtils14;--->getContactPhoto(Landroid/content/Context;Landroid/net/Uri;ZLjava/lang/Integer;)Landroid/graphics/Bitmap;
03-10 01:58:52.531 31304 31304 D M_InsDal: Lcom/csipsimple/widgets/EditSipUri$ContactAdapter;--->bindView(Landroid/view/View;Landroid/content/Context;Landroid/database/Cursor;)V
03-10 01:58:52.531 31304 31304 D M_InsDal: Lcom/csipsimple/utils/contacts/ContactsWrapper;--->getInstance()Lcom/csipsimple/utils/contacts/ContactsWrapper;
03-10 01:58:52.531 31304 31304 D M_InsDal: Lcom/csipsimple/utils/contacts/ContactsUtils5;--->bindContactPhoneView(Landroid/view/View;Landroid/content/Context;Landroid/database/Cursor;)V
03-10 01:58:52.531 31304 31304 D M_InsDal: Lcom/csipsimple/utils/contacts/ContactsUtils14;--->getContactPhoto(Landroid/content/Context;Landroid/net/Uri;ZLjava/lang/Integer;)Landroid/graphics/Bitmap;
03-10 01:58:52.535 31304 31304 D M_InsDal: Lcom/csipsimple/widgets/EditSipUri$ContactAdapter;--->bindView(Landroid/view/View;Landroid/content/Context;Landroid/database/Cursor;)V
03-10 01:58:52.535 31304 31304 D M_InsDal: Lcom/csipsimple/utils/contacts/ContactsWrapper;--->getInstance()Lcom/csipsimple/utils/contacts/ContactsWrapper;
03-10 01:58:52.535 31304 31304 D M_InsDal: Lcom/csipsimple/utils/contacts/ContactsUtils5;--->bindContactPhoneView(Landroid/view/View;Landroid/content/Context;Landroid/database/Cursor;)V
03-10 01:58:52.535 31304 31304 D M_InsDal: Lcom/csipsimple/utils/contacts/ContactsUtils14;--->getContactPhoto(Landroid/content/Context;Landroid/net/Uri;ZLjava/lang/Integer;)Landroid/graphics/Bitmap;
03-10 01:58:52.540 31304 31304 D M_InsDal: Lcom/csipsimple/widgets/EditSipUri$ContactAdapter;--->bindView(Landroid/view/View;Landroid/content/Context;Landroid/database/Cursor;)V
03-10 01:58:52.540 31304 31304 D M_InsDal: Lcom/csipsimple/utils/contacts/ContactsWrapper;--->getInstance()Lcom/csipsimple/utils/contacts/ContactsWrapper;
03-10 01:58:52.540 31304 31304 D M_InsDal: Lcom/csipsimple/utils/contacts/ContactsUtils5;--->bindContactPhoneView(Landroid/view/View;Landroid/content/Context;Landroid/database/Cursor;)V
03-10 01:58:52.540 31304 31304 D M_InsDal: Lcom/csipsimple/utils/contacts/ContactsUtils14;--->getContactPhoto(Landroid/content/Context;Landroid/net/Uri;ZLjava/lang/Integer;)Landroid/graphics/Bitmap;
03-10 01:58:52.544 31304 31304 D M_InsDal: Lcom/csipsimple/widgets/EditSipUri$ContactAdapter;--->getSections()[Ljava/lang/Object;
03-10 01:58:52.574 31304 31304 D M_InsDal: Lcom/csipsimple/ui/messages/MessageFragment$1;--->onServiceConnected(Landroid/content/ComponentName;Landroid/os/IBinder;)V
03-10 01:58:52.574 31304 31304 D M_InsDal: Lcom/csipsimple/api/ISipService$Stub;--->asInterface(Landroid/os/IBinder;)Lcom/csipsimple/api/ISipService;
03-10 01:58:52.575 31304 31304 D M_InsDal: Lcom/csipsimple/api/ISipService$Stub$Proxy;---><init>(Landroid/os/IBinder;)V
03-10 01:58:52.578 31304 31304 D M_InsDal: Lcom/csipsimple/ui/messages/MessageFragment;--->onCreateOptionsMenu(Lcom/actionbarsherlock/view/Menu;Lcom/actionbarsherlock/view/MenuInflater;)V
03-10 01:58:52.579 31304 31304 D M_InsDal: Lcom/csipsimple/ui/messages/MessageFragment$2;---><init>(Lcom/csipsimple/ui/messages/MessageFragment;)V
03-10 01:58:52.605 31304 31304 D M_InsDal: Lcom/csipsimple/widgets/EditSipUri$ContactAdapter;--->bindView(Landroid/view/View;Landroid/content/Context;Landroid/database/Cursor;)V
03-10 01:58:52.606 31304 31304 D M_InsDal: Lcom/csipsimple/utils/contacts/ContactsWrapper;--->getInstance()Lcom/csipsimple/utils/contacts/ContactsWrapper;
03-10 01:58:52.606 31304 31304 D M_InsDal: Lcom/csipsimple/utils/contacts/ContactsUtils5;--->bindContactPhoneView(Landroid/view/View;Landroid/content/Context;Landroid/database/Cursor;)V
03-10 01:58:52.606 31304 31304 D M_InsDal: Lcom/csipsimple/utils/contacts/ContactsUtils14;--->getContactPhoto(Landroid/content/Context;Landroid/net/Uri;ZLjava/lang/Integer;)Landroid/graphics/Bitmap;
03-10 01:58:52.621 31304 31304 D M_InsDal: Lcom/csipsimple/widgets/EditSipUri$ContactAdapter;--->bindView(Landroid/view/View;Landroid/content/Context;Landroid/database/Cursor;)V
03-10 01:58:52.621 31304 31304 D M_InsDal: Lcom/csipsimple/utils/contacts/ContactsWrapper;--->getInstance()Lcom/csipsimple/utils/contacts/ContactsWrapper;
03-10 01:58:52.621 31304 31304 D M_InsDal: Lcom/csipsimple/utils/contacts/ContactsUtils5;--->bindContactPhoneView(Landroid/view/View;Landroid/content/Context;Landroid/database/Cursor;)V
03-10 01:58:52.621 31304 31304 D M_InsDal: Lcom/csipsimple/utils/contacts/ContactsUtils14;--->getContactPhoto(Landroid/content/Context;Landroid/net/Uri;ZLjava/lang/Integer;)Landroid/graphics/Bitmap;
03-10 01:58:52.625 31304 31304 D M_InsDal: Lcom/csipsimple/widgets/EditSipUri$ContactAdapter;--->bindView(Landroid/view/View;Landroid/content/Context;Landroid/database/Cursor;)V
03-10 01:58:52.625 31304 31304 D M_InsDal: Lcom/csipsimple/utils/contacts/ContactsWrapper;--->getInstance()Lcom/csipsimple/utils/contacts/ContactsWrapper;
03-10 01:58:52.625 31304 31304 D M_InsDal: Lcom/csipsimple/utils/contacts/ContactsUtils5;--->bindContactPhoneView(Landroid/view/View;Landroid/content/Context;Landroid/database/Cursor;)V
03-10 01:58:52.625 31304 31304 D M_InsDal: Lcom/csipsimple/utils/contacts/ContactsUtils14;--->getContactPhoto(Landroid/content/Context;Landroid/net/Uri;ZLjava/lang/Integer;)Landroid/graphics/Bitmap;
03-10 01:58:52.629 31304 31304 D M_InsDal: Lcom/csipsimple/widgets/EditSipUri$ContactAdapter;--->bindView(Landroid/view/View;Landroid/content/Context;Landroid/database/Cursor;)V
03-10 01:58:52.629 31304 31304 D M_InsDal: Lcom/csipsimple/utils/contacts/ContactsWrapper;--->getInstance()Lcom/csipsimple/utils/contacts/ContactsWrapper;
03-10 01:58:52.629 31304 31304 D M_InsDal: Lcom/csipsimple/utils/contacts/ContactsUtils5;--->bindContactPhoneView(Landroid/view/View;Landroid/content/Context;Landroid/database/Cursor;)V
03-10 01:58:52.629 31304 31304 D M_InsDal: Lcom/csipsimple/utils/contacts/ContactsUtils14;--->getContactPhoto(Landroid/content/Context;Landroid/net/Uri;ZLjava/lang/Integer;)Landroid/graphics/Bitmap;
03-10 01:58:52.633 31304 31304 D M_InsDal: Lcom/csipsimple/widgets/EditSipUri$ContactAdapter;--->bindView(Landroid/view/View;Landroid/content/Context;Landroid/database/Cursor;)V
03-10 01:58:52.633 31304 31304 D M_InsDal: Lcom/csipsimple/utils/contacts/ContactsWrapper;--->getInstance()Lcom/csipsimple/utils/contacts/ContactsWrapper;
03-10 01:58:52.633 31304 31304 D M_InsDal: Lcom/csipsimple/utils/contacts/ContactsUtils5;--->bindContactPhoneView(Landroid/view/View;Landroid/content/Context;Landroid/database/Cursor;)V
03-10 01:58:52.633 31304 31304 D M_InsDal: Lcom/csipsimple/utils/contacts/ContactsUtils14;--->getContactPhoto(Landroid/content/Context;Landroid/net/Uri;ZLjava/lang/Integer;)Landroid/graphics/Bitmap;
03-10 01:58:52.637 31304 31304 D M_InsDal: Lcom/csipsimple/widgets/EditSipUri$ContactAdapter;--->bindView(Landroid/view/View;Landroid/content/Context;Landroid/database/Cursor;)V
03-10 01:58:52.637 31304 31304 D M_InsDal: Lcom/csipsimple/utils/contacts/ContactsWrapper;--->getInstance()Lcom/csipsimple/utils/contacts/ContactsWrapper;
03-10 01:58:52.637 31304 31304 D M_InsDal: Lcom/csipsimple/utils/contacts/ContactsUtils5;--->bindContactPhoneView(Landroid/view/View;Landroid/content/Context;Landroid/database/Cursor;)V
03-10 01:58:52.637 31304 31304 D M_InsDal: Lcom/csipsimple/utils/contacts/ContactsUtils14;--->getContactPhoto(Landroid/content/Context;Landroid/net/Uri;ZLjava/lang/Integer;)Landroid/graphics/Bitmap;
03-10 01:58:52.642 31304 31304 D M_InsDal: Lcom/csipsimple/widgets/EditSipUri$ContactAdapter;--->bindView(Landroid/view/View;Landroid/content/Context;Landroid/database/Cursor;)V
03-10 01:58:52.642 31304 31304 D M_InsDal: Lcom/csipsimple/utils/contacts/ContactsWrapper;--->getInstance()Lcom/csipsimple/utils/contacts/ContactsWrapper;
03-10 01:58:52.642 31304 31304 D M_InsDal: Lcom/csipsimple/utils/contacts/ContactsUtils5;--->bindContactPhoneView(Landroid/view/View;Landroid/content/Context;Landroid/database/Cursor;)V
03-10 01:58:52.642 31304 31304 D M_InsDal: Lcom/csipsimple/utils/contacts/ContactsUtils14;--->getContactPhoto(Landroid/content/Context;Landroid/net/Uri;ZLjava/lang/Integer;)Landroid/graphics/Bitmap;
03-10 01:58:52.647 31304 31304 D M_InsDal: Lcom/csipsimple/widgets/EditSipUri$ContactAdapter;--->getSectionForPosition(I)I
03-10 01:58:52.648 31304 31304 D M_InsDal: Lcom/csipsimple/widgets/EditSipUri$ContactAdapter;--->getPositionForSection(I)I
03-10 01:58:52.648 31304 31304 D M_InsDal: Lcom/csipsimple/widgets/EditSipUri$ContactAdapter;--->getPositionForSection(I)I
03-10 01:58:52.692 31304 31304 D M_InsDal: Lcom/csipsimple/widgets/EditSipUri$ContactAdapter;--->bindView(Landroid/view/View;Landroid/content/Context;Landroid/database/Cursor;)V
03-10 01:58:52.692 31304 31304 D M_InsDal: Lcom/csipsimple/utils/contacts/ContactsWrapper;--->getInstance()Lcom/csipsimple/utils/contacts/ContactsWrapper;
03-10 01:58:52.692 31304 31304 D M_InsDal: Lcom/csipsimple/utils/contacts/ContactsUtils5;--->bindContactPhoneView(Landroid/view/View;Landroid/content/Context;Landroid/database/Cursor;)V
03-10 01:58:52.692 31304 31304 D M_InsDal: Lcom/csipsimple/utils/contacts/ContactsUtils14;--->getContactPhoto(Landroid/content/Context;Landroid/net/Uri;ZLjava/lang/Integer;)Landroid/graphics/Bitmap;
03-10 01:58:52.696 31304 31304 D M_InsDal: Lcom/csipsimple/widgets/EditSipUri$ContactAdapter;--->bindView(Landroid/view/View;Landroid/content/Context;Landroid/database/Cursor;)V
03-10 01:58:52.696 31304 31304 D M_InsDal: Lcom/csipsimple/utils/contacts/ContactsWrapper;--->getInstance()Lcom/csipsimple/utils/contacts/ContactsWrapper;
03-10 01:58:52.696 31304 31304 D M_InsDal: Lcom/csipsimple/utils/contacts/ContactsUtils5;--->bindContactPhoneView(Landroid/view/View;Landroid/content/Context;Landroid/database/Cursor;)V
03-10 01:58:52.697 31304 31304 D M_InsDal: Lcom/csipsimple/utils/contacts/ContactsUtils14;--->getContactPhoto(Landroid/content/Context;Landroid/net/Uri;ZLjava/lang/Integer;)Landroid/graphics/Bitmap;
03-10 01:58:52.701 31304 31304 D M_InsDal: Lcom/csipsimple/widgets/EditSipUri$ContactAdapter;--->bindView(Landroid/view/View;Landroid/content/Context;Landroid/database/Cursor;)V
03-10 01:58:52.701 31304 31304 D M_InsDal: Lcom/csipsimple/utils/contacts/ContactsWrapper;--->getInstance()Lcom/csipsimple/utils/contacts/ContactsWrapper;
03-10 01:58:52.701 31304 31304 D M_InsDal: Lcom/csipsimple/utils/contacts/ContactsUtils5;--->bindContactPhoneView(Landroid/view/View;Landroid/content/Context;Landroid/database/Cursor;)V
03-10 01:58:52.701 31304 31304 D M_InsDal: Lcom/csipsimple/utils/contacts/ContactsUtils14;--->getContactPhoto(Landroid/content/Context;Landroid/net/Uri;ZLjava/lang/Integer;)Landroid/graphics/Bitmap;
03-10 01:58:52.707 31304 31304 D M_InsDal: Lcom/csipsimple/widgets/EditSipUri$ContactAdapter;--->bindView(Landroid/view/View;Landroid/content/Context;Landroid/database/Cursor;)V
03-10 01:58:52.707 31304 31304 D M_InsDal: Lcom/csipsimple/utils/contacts/ContactsWrapper;--->getInstance()Lcom/csipsimple/utils/contacts/ContactsWrapper;
03-10 01:58:52.707 31304 31304 D M_InsDal: Lcom/csipsimple/utils/contacts/ContactsUtils5;--->bindContactPhoneView(Landroid/view/View;Landroid/content/Context;Landroid/database/Cursor;)V
03-10 01:58:52.707 31304 31304 D M_InsDal: Lcom/csipsimple/utils/contacts/ContactsUtils14;--->getContactPhoto(Landroid/content/Context;Landroid/net/Uri;ZLjava/lang/Integer;)Landroid/graphics/Bitmap;
03-10 01:58:52.712 31304 31304 D M_InsDal: Lcom/csipsimple/widgets/EditSipUri$ContactAdapter;--->bindView(Landroid/view/View;Landroid/content/Context;Landroid/database/Cursor;)V
03-10 01:58:52.712 31304 31304 D M_InsDal: Lcom/csipsimple/utils/contacts/ContactsWrapper;--->getInstance()Lcom/csipsimple/utils/contacts/ContactsWrapper;
03-10 01:58:52.712 31304 31304 D M_InsDal: Lcom/csipsimple/utils/contacts/ContactsUtils5;--->bindContactPhoneView(Landroid/view/View;Landroid/content/Context;Landroid/database/Cursor;)V
03-10 01:58:52.712 31304 31304 D M_InsDal: Lcom/csipsimple/utils/contacts/ContactsUtils14;--->getContactPhoto(Landroid/content/Context;Landroid/net/Uri;ZLjava/lang/Integer;)Landroid/graphics/Bitmap;
03-10 01:58:52.722 31304 31304 D M_InsDal: Lcom/csipsimple/widgets/EditSipUri$ContactAdapter;--->bindView(Landroid/view/View;Landroid/content/Context;Landroid/database/Cursor;)V
03-10 01:58:52.722 31304 31304 D M_InsDal: Lcom/csipsimple/utils/contacts/ContactsWrapper;--->getInstance()Lcom/csipsimple/utils/contacts/ContactsWrapper;
03-10 01:58:52.722 31304 31304 D M_InsDal: Lcom/csipsimple/utils/contacts/ContactsUtils5;--->bindContactPhoneView(Landroid/view/View;Landroid/content/Context;Landroid/database/Cursor;)V
03-10 01:58:52.722 31304 31304 D M_InsDal: Lcom/csipsimple/utils/contacts/ContactsUtils14;--->getContactPhoto(Landroid/content/Context;Landroid/net/Uri;ZLjava/lang/Integer;)Landroid/graphics/Bitmap;
03-10 01:58:52.736 31304 31304 D M_InsDal: Lcom/csipsimple/widgets/EditSipUri$ContactAdapter;--->bindView(Landroid/view/View;Landroid/content/Context;Landroid/database/Cursor;)V
03-10 01:58:52.736 31304 31304 D M_InsDal: Lcom/csipsimple/utils/contacts/ContactsWrapper;--->getInstance()Lcom/csipsimple/utils/contacts/ContactsWrapper;
03-10 01:58:52.736 31304 31304 D M_InsDal: Lcom/csipsimple/utils/contacts/ContactsUtils5;--->bindContactPhoneView(Landroid/view/View;Landroid/content/Context;Landroid/database/Cursor;)V
03-10 01:58:52.736 31304 31304 D M_InsDal: Lcom/csipsimple/utils/contacts/ContactsUtils14;--->getContactPhoto(Landroid/content/Context;Landroid/net/Uri;ZLjava/lang/Integer;)Landroid/graphics/Bitmap;
03-10 01:58:52.746 31304 31304 D M_InsDal: Lcom/csipsimple/widgets/EditSipUri$ContactAdapter;--->bindView(Landroid/view/View;Landroid/content/Context;Landroid/database/Cursor;)V
