--------- beginning of main
--------- beginning of system
03-10 03:33:43.402 16441 16441 D M_InsDal: Lcom/ichi2/anki/AnkiDroidApp;---><clinit>()V
03-10 03:33:43.402 16441 16441 D M_InsDal: Lcom/ichi2/anki/AnkiDroidApp;---><init>()V
03-10 03:33:43.405 16441 16441 D M_InsDal: Lcom/ichi2/anki/provider/CardContentProvider;---><clinit>()V
03-10 03:33:43.405 16441 16441 D M_InsDal: Lcom/ichi2/anki/FlashCardsContract$Note;---><clinit>()V
03-10 03:33:43.405 16441 16441 D M_InsDal: Lcom/ichi2/anki/FlashCardsContract;---><clinit>()V
03-10 03:33:43.406 16441 16441 D M_InsDal: Lcom/ichi2/anki/provider/CardContentProvider;---><init>()V
03-10 03:33:43.406 16441 16441 D M_InsDal: Lcom/ichi2/anki/provider/CardContentProvider;--->onCreate()Z
03-10 03:33:43.409 16441 16441 D M_InsDal: Lcom/ichi2/anki/AnkiDroidApp;--->onCreate()V
03-10 03:33:43.409 16441 16441 D M_InsDal: Lcom/ichi2/anki/AnkiDroidApp;--->getSharedPrefs(Landroid/content/Context;)Landroid/content/SharedPreferences;
03-10 03:33:43.413 16441 16441 D M_InsDal: Lcom/ichi2/anki/AnkiDroidApp$ProductionCrashReportingTree;---><clinit>()V
03-10 03:33:43.413 16441 16441 D M_InsDal: Lcom/ichi2/anki/AnkiDroidApp$ProductionCrashReportingTree;---><init>()V
03-10 03:33:43.413 16441 16441 D M_InsDal: Lcom/ichi2/anki/AnkiDroidApp;--->setAcraReportingMode(Ljava/lang/String;)V
03-10 03:33:43.413 16441 16441 D M_InsDal: Lcom/ichi2/anki/AnkiDroidApp;--->setLanguage(Ljava/lang/String;)V
03-10 03:33:43.413 16441 16441 D M_InsDal: Lcom/ichi2/anki/AnkiDroidApp;--->getInstance()Lcom/ichi2/anki/AnkiDroidApp;
03-10 03:33:43.413 16441 16441 D M_InsDal: Lcom/ichi2/anki/AnkiDroidApp;--->getInstance()Lcom/ichi2/anki/AnkiDroidApp;
03-10 03:33:43.413 16441 16441 D M_InsDal: Lcom/ichi2/anki/AnkiDroidApp;--->getSharedPrefs(Landroid/content/Context;)Landroid/content/SharedPreferences;
03-10 03:33:43.413 16441 16441 D M_InsDal: Lcom/ichi2/anki/AnkiDroidApp;--->getInstance()Lcom/ichi2/anki/AnkiDroidApp;
03-10 03:33:43.413 16441 16441 D M_InsDal: Lcom/ichi2/anki/AnkiDroidApp;--->getInstance()Lcom/ichi2/anki/AnkiDroidApp;
03-10 03:33:43.466 16441 16441 D M_InsDal: Lcom/ichi2/anki/CollectionHelper;--->hasStorageAccessPermission(Landroid/content/Context;)Z
03-10 03:33:43.466 16441 16441 D M_InsDal: Lcom/ichi2/anki/CollectionHelper;--->getCurrentAnkiDroidDirectory(Landroid/content/Context;)Ljava/lang/String;
03-10 03:33:43.466 16441 16441 D M_InsDal: Lcom/ichi2/anki/CollectionHelper;--->getDefaultAnkiDroidDirectory()Ljava/lang/String;
03-10 03:33:43.466 16441 16441 D M_InsDal: Lcom/ichi2/anki/CollectionHelper;--->initializeAnkiDroidDirectory(Ljava/lang/String;)V
03-10 03:33:43.473 16441 16441 D M_InsDal: Lcom/ichi2/anki/CardBrowser;---><clinit>()V
03-10 03:33:43.473 16441 16441 D M_InsDal: Lcom/ichi2/anki/CardBrowser;---><init>()V
03-10 03:33:43.473 16441 16441 D M_InsDal: Lcom/ichi2/anki/NavigationDrawerActivity;---><init>()V
03-10 03:33:43.473 16441 16441 D M_InsDal: Lcom/ichi2/anki/AnkiActivity;---><init>()V
03-10 03:33:43.473 16441 16441 D M_InsDal: Lcom/ichi2/anki/dialogs/DialogHandler;---><init>(Lcom/ichi2/anki/AnkiActivity;)V
03-10 03:33:43.473 16441 16441 D M_InsDal: Lcom/ichi2/anki/CardBrowser$1;---><init>(Lcom/ichi2/anki/CardBrowser;)V
03-10 03:33:43.474 16441 16441 D M_InsDal: Lcom/ichi2/anki/CardBrowser$2;---><init>(Lcom/ichi2/anki/CardBrowser;)V
03-10 03:33:43.474 16441 16441 D M_InsDal: Lcom/ichi2/anki/CardBrowser$3;---><init>(Lcom/ichi2/anki/CardBrowser;)V
03-10 03:33:43.474 16441 16441 D M_InsDal: Lcom/ichi2/anki/CardBrowser$13;---><init>(Lcom/ichi2/anki/CardBrowser;)V
03-10 03:33:43.474 16441 16441 D M_InsDal: Lcom/ichi2/anki/CardBrowser$14;---><init>(Lcom/ichi2/anki/CardBrowser;)V
03-10 03:33:43.474 16441 16441 D M_InsDal: Lcom/ichi2/anki/CardBrowser$15;---><init>(Lcom/ichi2/anki/CardBrowser;)V
03-10 03:33:43.474 16441 16441 D M_InsDal: Lcom/ichi2/anki/CardBrowser$16;---><init>(Lcom/ichi2/anki/CardBrowser;)V
03-10 03:33:43.474 16441 16441 D M_InsDal: Lcom/ichi2/anki/CardBrowser$17;---><init>(Lcom/ichi2/anki/CardBrowser;)V
03-10 03:33:43.477 16441 16441 D M_InsDal: Lcom/ichi2/anki/AnkiActivity;--->onCreate(Landroid/os/Bundle;)V
03-10 03:33:43.477 16441 16441 D M_InsDal: Lcom/ichi2/anki/AnkiDroidApp;--->getSharedPrefs(Landroid/content/Context;)Landroid/content/SharedPreferences;
03-10 03:33:43.479 16441 16441 D M_InsDal: Lcom/ichi2/anki/CardBrowser;--->onCreate(Landroid/os/Bundle;)V
03-10 03:33:43.517 16441 16441 D M_InsDal: Lcom/ichi2/anki/NavigationDrawerActivity;--->initNavigationDrawer(Landroid/view/View;)V
03-10 03:33:43.518 16441 16441 D M_InsDal: Lcom/ichi2/anki/NavigationDrawerActivity$1;---><init>(Lcom/ichi2/anki/NavigationDrawerActivity;)V
03-10 03:33:43.518 16441 16441 D M_InsDal: Lcom/ichi2/anki/AnkiDroidApp;--->getSharedPrefs(Landroid/content/Context;)Landroid/content/SharedPreferences;
03-10 03:33:43.518 16441 16441 D M_InsDal: Lcom/ichi2/anki/NavigationDrawerActivity$2;---><init>(Lcom/ichi2/anki/NavigationDrawerActivity;Landroid/content/SharedPreferences;)V
03-10 03:33:43.519 16441 16441 D M_InsDal: Lcom/ichi2/anki/NavigationDrawerActivity$3;---><init>(Lcom/ichi2/anki/NavigationDrawerActivity;Landroid/app/Activity;Landroid/support/v4/widget/DrawerLayout;II)V
03-10 03:33:43.519 16441 16441 D M_InsDal: Lcom/ichi2/anki/AnkiActivity;--->startLoadingCollection()V
03-10 03:33:43.519 16441 16441 D M_InsDal: Lcom/ichi2/anki/AnkiActivity;--->colIsOpen()Z
03-10 03:33:43.519 16441 16441 D M_InsDal: Lcom/ichi2/anki/CollectionHelper;--->getInstance()Lcom/ichi2/anki/CollectionHelper;
03-10 03:33:43.519 16441 16441 D M_InsDal: Lcom/ichi2/anki/CollectionHelper$LazyHolder;---><clinit>()V
03-10 03:33:43.519 16441 16441 D M_InsDal: Lcom/ichi2/anki/CollectionHelper;---><init>()V
03-10 03:33:43.519 16441 16441 D M_InsDal: Lcom/ichi2/anki/CollectionHelper;--->colIsOpen()Z
03-10 03:33:43.519 16441 16441 D M_InsDal: Lcom/ichi2/anki/AnkiActivity;--->showProgressBar()V
03-10 03:33:43.519 16441 16441 D M_InsDal: Lcom/ichi2/anki/AnkiActivity;--->onCreateLoader(ILandroid/os/Bundle;)Landroid/support/v4/content/Loader;
03-10 03:33:43.521 16441 16441 D M_InsDal: Lcom/ichi2/anki/CollectionHelper;--->getInstance()Lcom/ichi2/anki/CollectionHelper;
03-10 03:33:43.521 16441 16441 D M_InsDal: Lcom/ichi2/anki/CollectionHelper;--->isCollectionLocked()Z
03-10 03:33:43.522 16441 16441 D M_InsDal: Lcom/ichi2/anki/AnkiActivity;--->onStart()V
03-10 03:33:43.522 16441 16477 D M_InsDal: Lcom/ichi2/anki/CollectionHelper;--->getInstance()Lcom/ichi2/anki/CollectionHelper;
03-10 03:33:43.522 16441 16477 D M_InsDal: Lcom/ichi2/anki/CollectionHelper;--->getCol(Landroid/content/Context;)Lcom/ichi2/libanki/Collection;
03-10 03:33:43.522 16441 16477 D M_InsDal: Lcom/ichi2/anki/CollectionHelper;--->getCollectionPath(Landroid/content/Context;)Ljava/lang/String;
03-10 03:33:43.522 16441 16477 D M_InsDal: Lcom/ichi2/anki/CollectionHelper;--->getCurrentAnkiDroidDirectory(Landroid/content/Context;)Ljava/lang/String;
03-10 03:33:43.522 16441 16477 D M_InsDal: Lcom/ichi2/anki/CollectionHelper;--->getDefaultAnkiDroidDirectory()Ljava/lang/String;
03-10 03:33:43.523 16441 16477 D M_InsDal: Lcom/ichi2/anki/CollectionHelper;--->colIsOpen()Z
03-10 03:33:43.523 16441 16477 D M_InsDal: Lcom/ichi2/anki/CollectionHelper;--->getParentDirectory(Ljava/lang/String;)Ljava/lang/String;
03-10 03:33:43.523 16441 16477 D M_InsDal: Lcom/ichi2/anki/CollectionHelper;--->initializeAnkiDroidDirectory(Ljava/lang/String;)V
03-10 03:33:43.523 16441 16477 D M_InsDal: Lcom/ichi2/anki/AnkiDroidApp$ProductionCrashReportingTree;--->i(Ljava/lang/String;[Ljava/lang/Object;)V
03-10 03:33:43.523 16441 16477 D M_InsDal: Lcom/ichi2/anki/AnkiDroidApp$ProductionCrashReportingTree;--->formatString(Ljava/lang/String;[Ljava/lang/Object;)Ljava/lang/String;
03-10 03:33:43.528 16441 16477 D M_InsDal: Lcom/ichi2/anki/AnkiDroidApp;--->getInstance()Lcom/ichi2/anki/AnkiDroidApp;
03-10 03:33:43.536 16441 16441 D M_InsDal: Lcom/ichi2/anki/NavigationDrawerActivity;--->onPostCreate(Landroid/os/Bundle;)V
03-10 03:33:43.536 16441 16441 D M_InsDal: Lcom/ichi2/anki/CardBrowser;--->onResume()V
03-10 03:33:43.536 16441 16441 D M_InsDal: Lcom/ichi2/anki/AnkiActivity;--->onResume()V
03-10 03:33:43.536 16441 16441 D M_InsDal: Lcom/ichi2/anki/dialogs/DialogHandler;--->readMessage()V
03-10 03:33:43.536 16441 16441 D M_InsDal: Lcom/ichi2/anki/NavigationDrawerActivity;--->selectNavigationItem(I)V
03-10 03:33:43.616 16441 16441 D M_InsDal: Lcom/ichi2/anki/AnkiActivity;--->onLoadFinished(Landroid/support/v4/content/Loader;Lcom/ichi2/libanki/Collection;)V
03-10 03:33:43.616 16441 16441 D M_InsDal: Lcom/ichi2/anki/AnkiActivity;--->hideProgressBar()V
03-10 03:33:43.616 16441 16441 D M_InsDal: Lcom/ichi2/anki/AnkiActivity;--->colIsOpen()Z
03-10 03:33:43.616 16441 16441 D M_InsDal: Lcom/ichi2/anki/CollectionHelper;--->getInstance()Lcom/ichi2/anki/CollectionHelper;
03-10 03:33:43.616 16441 16441 D M_InsDal: Lcom/ichi2/anki/CollectionHelper;--->colIsOpen()Z
03-10 03:33:43.616 16441 16441 D M_InsDal: Lcom/ichi2/anki/AnkiActivity;--->onCollectionLoaded(Lcom/ichi2/libanki/Collection;)V
03-10 03:33:43.616 16441 16441 D M_InsDal: Lcom/ichi2/anki/CardBrowser;--->onCollectionLoaded(Lcom/ichi2/libanki/Collection;)V
03-10 03:33:43.616 16441 16441 D M_InsDal: Lcom/ichi2/anki/AnkiActivity;--->getCol()Lcom/ichi2/libanki/Collection;
03-10 03:33:43.616 16441 16441 D M_InsDal: Lcom/ichi2/anki/CollectionHelper;--->getInstance()Lcom/ichi2/anki/CollectionHelper;
03-10 03:33:43.616 16441 16441 D M_InsDal: Lcom/ichi2/anki/CollectionHelper;--->getCol(Landroid/content/Context;)Lcom/ichi2/libanki/Collection;
03-10 03:33:43.616 16441 16441 D M_InsDal: Lcom/ichi2/anki/CollectionHelper;--->getCollectionPath(Landroid/content/Context;)Ljava/lang/String;
03-10 03:33:43.616 16441 16441 D M_InsDal: Lcom/ichi2/anki/CollectionHelper;--->getCurrentAnkiDroidDirectory(Landroid/content/Context;)Ljava/lang/String;
03-10 03:33:43.616 16441 16441 D M_InsDal: Lcom/ichi2/anki/CollectionHelper;--->getDefaultAnkiDroidDirectory()Ljava/lang/String;
03-10 03:33:43.616 16441 16441 D M_InsDal: Lcom/ichi2/anki/CollectionHelper;--->colIsOpen()Z
03-10 03:33:43.616 16441 16441 D M_InsDal: Lcom/ichi2/anki/AnkiActivity;--->getCol()Lcom/ichi2/libanki/Collection;
03-10 03:33:43.616 16441 16441 D M_InsDal: Lcom/ichi2/anki/CollectionHelper;--->getInstance()Lcom/ichi2/anki/CollectionHelper;
03-10 03:33:43.616 16441 16441 D M_InsDal: Lcom/ichi2/anki/CollectionHelper;--->getCol(Landroid/content/Context;)Lcom/ichi2/libanki/Collection;
03-10 03:33:43.616 16441 16441 D M_InsDal: Lcom/ichi2/anki/CollectionHelper;--->getCollectionPath(Landroid/content/Context;)Ljava/lang/String;
03-10 03:33:43.616 16441 16441 D M_InsDal: Lcom/ichi2/anki/CollectionHelper;--->getCurrentAnkiDroidDirectory(Landroid/content/Context;)Ljava/lang/String;
03-10 03:33:43.616 16441 16441 D M_InsDal: Lcom/ichi2/anki/CollectionHelper;--->getDefaultAnkiDroidDirectory()Ljava/lang/String;
03-10 03:33:43.616 16441 16441 D M_InsDal: Lcom/ichi2/anki/CollectionHelper;--->colIsOpen()Z
03-10 03:33:43.616 16441 16441 D M_InsDal: Lcom/ichi2/anki/CardBrowser;--->registerExternalStorageListener()V
03-10 03:33:43.616 16441 16441 D M_InsDal: Lcom/ichi2/anki/CardBrowser$18;---><init>(Lcom/ichi2/anki/CardBrowser;)V
03-10 03:33:43.618 16441 16441 D M_InsDal: Lcom/ichi2/anki/AnkiDroidApp;--->getSharedPrefs(Landroid/content/Context;)Landroid/content/SharedPreferences;
03-10 03:33:43.618 16441 16441 D M_InsDal: Lcom/ichi2/anki/AnkiActivity;--->getCol()Lcom/ichi2/libanki/Collection;
03-10 03:33:43.618 16441 16441 D M_InsDal: Lcom/ichi2/anki/CollectionHelper;--->getInstance()Lcom/ichi2/anki/CollectionHelper;
03-10 03:33:43.618 16441 16441 D M_InsDal: Lcom/ichi2/anki/CollectionHelper;--->getCol(Landroid/content/Context;)Lcom/ichi2/libanki/Collection;
03-10 03:33:43.618 16441 16441 D M_InsDal: Lcom/ichi2/anki/CollectionHelper;--->getCollectionPath(Landroid/content/Context;)Ljava/lang/String;
03-10 03:33:43.618 16441 16441 D M_InsDal: Lcom/ichi2/anki/CollectionHelper;--->getCurrentAnkiDroidDirectory(Landroid/content/Context;)Ljava/lang/String;
03-10 03:33:43.618 16441 16441 D M_InsDal: Lcom/ichi2/anki/CollectionHelper;--->getDefaultAnkiDroidDirectory()Ljava/lang/String;
03-10 03:33:43.618 16441 16441 D M_InsDal: Lcom/ichi2/anki/CollectionHelper;--->colIsOpen()Z
03-10 03:33:43.618 16441 16441 D M_InsDal: Lcom/ichi2/anki/widgets/DeckDropDownAdapter;---><init>(Landroid/content/Context;Ljava/util/ArrayList;)V
03-10 03:33:43.618 16441 16441 D M_InsDal: Lcom/ichi2/anki/widgets/DeckDropDownAdapter;--->getCount()I
03-10 03:33:43.618 16441 16441 D M_InsDal: Lcom/ichi2/anki/widgets/DeckDropDownAdapter;--->getCount()I
03-10 03:33:43.618 16441 16441 D M_InsDal: Lcom/ichi2/anki/widgets/DeckDropDownAdapter;--->getItemId(I)J
03-10 03:33:43.618 16441 16441 D M_InsDal: Lcom/ichi2/anki/widgets/DeckDropDownAdapter;--->getItemId(I)J
03-10 03:33:43.619 16441 16441 D M_InsDal: Lcom/ichi2/anki/CardBrowser$4;---><init>(Lcom/ichi2/anki/CardBrowser;)V
03-10 03:33:43.619 16441 16441 D M_InsDal: Lcom/ichi2/anki/AnkiActivity;--->getCol()Lcom/ichi2/libanki/Collection;
03-10 03:33:43.619 16441 16441 D M_InsDal: Lcom/ichi2/anki/CollectionHelper;--->getInstance()Lcom/ichi2/anki/CollectionHelper;
03-10 03:33:43.619 16441 16441 D M_InsDal: Lcom/ichi2/anki/CollectionHelper;--->getCol(Landroid/content/Context;)Lcom/ichi2/libanki/Collection;
03-10 03:33:43.619 16441 16441 D M_InsDal: Lcom/ichi2/anki/CollectionHelper;--->getCollectionPath(Landroid/content/Context;)Ljava/lang/String;
03-10 03:33:43.619 16441 16441 D M_InsDal: Lcom/ichi2/anki/CollectionHelper;--->getCurrentAnkiDroidDirectory(Landroid/content/Context;)Ljava/lang/String;
03-10 03:33:43.619 16441 16441 D M_InsDal: Lcom/ichi2/anki/CollectionHelper;--->getDefaultAnkiDroidDirectory()Ljava/lang/String;
03-10 03:33:43.619 16441 16441 D M_InsDal: Lcom/ichi2/anki/CollectionHelper;--->colIsOpen()Z
03-10 03:33:43.619 16441 16441 D M_InsDal: Lcom/ichi2/anki/AnkiActivity;--->getCol()Lcom/ichi2/libanki/Collection;
03-10 03:33:43.619 16441 16441 D M_InsDal: Lcom/ichi2/anki/CollectionHelper;--->getInstance()Lcom/ichi2/anki/CollectionHelper;
03-10 03:33:43.619 16441 16441 D M_InsDal: Lcom/ichi2/anki/CollectionHelper;--->getCol(Landroid/content/Context;)Lcom/ichi2/libanki/Collection;
03-10 03:33:43.619 16441 16441 D M_InsDal: Lcom/ichi2/anki/CollectionHelper;--->getCollectionPath(Landroid/content/Context;)Ljava/lang/String;
03-10 03:33:43.619 16441 16441 D M_InsDal: Lcom/ichi2/anki/CollectionHelper;--->getCurrentAnkiDroidDirectory(Landroid/content/Context;)Ljava/lang/String;
03-10 03:33:43.619 16441 16441 D M_InsDal: Lcom/ichi2/anki/CollectionHelper;--->getDefaultAnkiDroidDirectory()Ljava/lang/String;
03-10 03:33:43.619 16441 16441 D M_InsDal: Lcom/ichi2/anki/CollectionHelper;--->colIsOpen()Z
03-10 03:33:43.619 16441 16441 D M_InsDal: Lcom/ichi2/anki/AnkiActivity;--->getCol()Lcom/ichi2/libanki/Collection;
03-10 03:33:43.619 16441 16441 D M_InsDal: Lcom/ichi2/anki/CollectionHelper;--->getInstance()Lcom/ichi2/anki/CollectionHelper;
03-10 03:33:43.619 16441 16441 D M_InsDal: Lcom/ichi2/anki/CollectionHelper;--->getCol(Landroid/content/Context;)Lcom/ichi2/libanki/Collection;
03-10 03:33:43.619 16441 16441 D M_InsDal: Lcom/ichi2/anki/CollectionHelper;--->getCollectionPath(Landroid/content/Context;)Ljava/lang/String;
03-10 03:33:43.619 16441 16441 D M_InsDal: Lcom/ichi2/anki/CollectionHelper;--->getCurrentAnkiDroidDirectory(Landroid/content/Context;)Ljava/lang/String;
03-10 03:33:43.619 16441 16441 D M_InsDal: Lcom/ichi2/anki/CollectionHelper;--->getDefaultAnkiDroidDirectory()Ljava/lang/String;
03-10 03:33:43.619 16441 16441 D M_InsDal: Lcom/ichi2/anki/CollectionHelper;--->colIsOpen()Z
03-10 03:33:43.620 16441 16441 D M_InsDal: Lcom/ichi2/anki/AnkiDroidApp;--->getSharedPrefs(Landroid/content/Context;)Landroid/content/SharedPreferences;
03-10 03:33:43.620 16441 16441 D M_InsDal: Lcom/ichi2/anki/CardBrowser$5;---><init>(Lcom/ichi2/anki/CardBrowser;)V
03-10 03:33:43.620 16441 16441 D M_InsDal: Lcom/ichi2/anki/AnkiDroidApp;--->getSharedPrefs(Landroid/content/Context;)Landroid/content/SharedPreferences;
03-10 03:33:43.620 16441 16441 D M_InsDal: Lcom/ichi2/anki/CardBrowser$6;---><init>(Lcom/ichi2/anki/CardBrowser;)V
03-10 03:33:43.620 16441 16441 D M_InsDal: Lcom/ichi2/anki/CardBrowser$MultiColumnListAdapter;---><init>(Lcom/ichi2/anki/CardBrowser;Landroid/content/Context;I[Ljava/lang/String;[ILjava/lang/String;ILjava/lang/String;)V
03-10 03:33:43.622 16441 16441 D M_InsDal: Lcom/ichi2/anki/CardBrowser$MultiColumnListAdapter;--->getCount()I
03-10 03:33:43.623 16441 16441 D M_InsDal: Lcom/ichi2/anki/CardBrowser;--->getCards()Ljava/util/List;
03-10 03:33:43.623 16441 16441 D M_InsDal: Lcom/ichi2/anki/CardBrowser$MultiColumnListAdapter;--->getCount()I
03-10 03:33:43.623 16441 16441 D M_InsDal: Lcom/ichi2/anki/CardBrowser;--->getCards()Ljava/util/List;
03-10 03:33:43.623 16441 16441 D M_InsDal: Lcom/ichi2/anki/CardBrowser$RenderOnScroll;---><init>(Lcom/ichi2/anki/CardBrowser;)V
03-10 03:33:43.623 16441 16441 D M_InsDal: Lcom/ichi2/anki/CardBrowser$RenderOnScroll;--->onScroll(Landroid/widget/AbsListView;III)V
03-10 03:33:43.623 16441 16441 D M_InsDal: Lcom/ichi2/anki/CardBrowser;--->getCards()Ljava/util/List;
03-10 03:33:43.623 16441 16441 D M_InsDal: Lcom/ichi2/anki/CardBrowser$7;---><init>(Lcom/ichi2/anki/CardBrowser;)V
03-10 03:33:43.623 16441 16441 D M_InsDal: Lcom/ichi2/anki/CardBrowser$8;---><init>(Lcom/ichi2/anki/CardBrowser;)V
03-10 03:33:43.623 16441 16441 D M_InsDal: Lcom/ichi2/anki/CardBrowser;--->getDeckPositionFromDeckId(J)I
03-10 03:33:43.623 16441 16441 D M_InsDal: Lcom/ichi2/anki/CardBrowser;--->selectDropDownItem(I)V
03-10 03:33:43.623 16441 16441 D M_InsDal: Lcom/ichi2/anki/widgets/DeckDropDownAdapter;--->getItemId(I)J
03-10 03:33:43.623 16441 16441 D M_InsDal: Lcom/ichi2/anki/CardBrowser;--->searchCards()V
03-10 03:33:43.623 16441 16441 D M_InsDal: Lcom/ichi2/anki/AnkiActivity;--->colIsOpen()Z
03-10 03:33:43.623 16441 16441 D M_InsDal: Lcom/ichi2/anki/CollectionHelper;--->getInstance()Lcom/ichi2/anki/CollectionHelper;
03-10 03:33:43.623 16441 16441 D M_InsDal: Lcom/ichi2/anki/CollectionHelper;--->colIsOpen()Z
03-10 03:33:43.623 16441 16441 D M_InsDal: Lcom/ichi2/anki/CardBrowser;--->getCards()Ljava/util/List;
03-10 03:33:43.624 16441 16441 D M_InsDal: Lcom/ichi2/anki/CardBrowser$MultiColumnListAdapter;--->getCount()I
03-10 03:33:43.624 16441 16441 D M_InsDal: Lcom/ichi2/anki/CardBrowser;--->getCards()Ljava/util/List;
03-10 03:33:43.624 16441 16441 D M_InsDal: Lcom/ichi2/anki/CardBrowser$MultiColumnListAdapter;--->getCount()I
03-10 03:33:43.624 16441 16441 D M_InsDal: Lcom/ichi2/anki/CardBrowser;--->getCards()Ljava/util/List;
03-10 03:33:43.624 16441 16441 D M_InsDal: Lcom/ichi2/anki/CardBrowser$16;--->onPreExecute()V
03-10 03:33:43.624 16441 16441 D M_InsDal: Lcom/ichi2/anki/AnkiActivity;--->showProgressBar()V
03-10 03:33:43.624 16441 16497 D M_InsDal: Lcom/ichi2/anki/AnkiDroidApp;--->getInstance()Lcom/ichi2/anki/AnkiDroidApp;
03-10 03:33:43.624 16441 16497 D M_InsDal: Lcom/ichi2/anki/CollectionHelper;--->getInstance()Lcom/ichi2/anki/CollectionHelper;
03-10 03:33:43.624 16441 16497 D M_InsDal: Lcom/ichi2/anki/CollectionHelper;--->getColSafe(Landroid/content/Context;)Lcom/ichi2/libanki/Collection;
03-10 03:33:43.624 16441 16497 D M_InsDal: Lcom/ichi2/anki/CollectionHelper;--->getCol(Landroid/content/Context;)Lcom/ichi2/libanki/Collection;
03-10 03:33:43.624 16441 16497 D M_InsDal: Lcom/ichi2/anki/CollectionHelper;--->getCollectionPath(Landroid/content/Context;)Ljava/lang/String;
03-10 03:33:43.624 16441 16497 D M_InsDal: Lcom/ichi2/anki/CollectionHelper;--->getCurrentAnkiDroidDirectory(Landroid/content/Context;)Ljava/lang/String;
03-10 03:33:43.624 16441 16441 D M_InsDal: Lcom/ichi2/anki/widgets/DeckDropDownAdapter;--->getCount()I
03-10 03:33:43.624 16441 16497 D M_InsDal: Lcom/ichi2/anki/CollectionHelper;--->getDefaultAnkiDroidDirectory()Ljava/lang/String;
03-10 03:33:43.624 16441 16441 D M_InsDal: Lcom/ichi2/anki/widgets/DeckDropDownAdapter;--->getView(ILandroid/view/View;Landroid/view/ViewGroup;)Landroid/view/View;
03-10 03:33:43.625 16441 16497 D M_InsDal: Lcom/ichi2/anki/CollectionHelper;--->colIsOpen()Z
03-10 03:33:43.625 16441 16497 D M_InsDal: Lcom/ichi2/anki/CollectionHelper;--->getInstance()Lcom/ichi2/anki/CollectionHelper;
03-10 03:33:43.625 16441 16497 D M_InsDal: Lcom/ichi2/anki/CollectionHelper;--->getCol(Landroid/content/Context;)Lcom/ichi2/libanki/Collection;
03-10 03:33:43.625 16441 16497 D M_InsDal: Lcom/ichi2/anki/CollectionHelper;--->getCollectionPath(Landroid/content/Context;)Ljava/lang/String;
03-10 03:33:43.625 16441 16497 D M_InsDal: Lcom/ichi2/anki/CollectionHelper;--->getCurrentAnkiDroidDirectory(Landroid/content/Context;)Ljava/lang/String;
03-10 03:33:43.625 16441 16497 D M_InsDal: Lcom/ichi2/anki/CollectionHelper;--->getDefaultAnkiDroidDirectory()Ljava/lang/String;
03-10 03:33:43.625 16441 16497 D M_InsDal: Lcom/ichi2/anki/CollectionHelper;--->colIsOpen()Z
03-10 03:33:43.626 16441 16441 D M_InsDal: Lcom/ichi2/anki/widgets/DeckDropDownAdapter$DeckDropDownViewHolder;---><init>()V
03-10 03:33:43.626 16441 16441 D M_InsDal: Lcom/ichi2/anki/CardBrowser;--->getSubtitleText()Ljava/lang/String;
03-10 03:33:43.626 16441 16441 D M_InsDal: Lcom/ichi2/anki/CardBrowser;--->getCards()Ljava/util/List;
03-10 03:33:43.633 16441 16441 D M_InsDal: Lcom/ichi2/anki/CardBrowser$MultiColumnListAdapter;--->getCount()I
03-10 03:33:43.633 16441 16441 D M_InsDal: Lcom/ichi2/anki/CardBrowser;--->getCards()Ljava/util/List;
03-10 03:33:43.637 16441 16441 D M_InsDal: Lcom/ichi2/anki/widgets/DeckDropDownAdapter;--->getItemId(I)J
03-10 03:33:43.637 16441 16441 D M_InsDal: Lcom/ichi2/anki/widgets/DeckDropDownAdapter;--->getItemId(I)J
03-10 03:33:43.638 16441 16441 D M_InsDal: Lcom/ichi2/anki/CardBrowser$RenderOnScroll;--->onScroll(Landroid/widget/AbsListView;III)V
03-10 03:33:43.638 16441 16441 D M_InsDal: Lcom/ichi2/anki/CardBrowser;--->getCards()Ljava/util/List;
03-10 03:33:43.648 16441 16441 D M_InsDal: Lcom/ichi2/anki/CardBrowser;--->onCreateOptionsMenu(Landroid/view/Menu;)Z
03-10 03:33:43.667 16441 16441 D M_InsDal: Lcom/ichi2/anki/AnkiActivity;--->getCol()Lcom/ichi2/libanki/Collection;
03-10 03:33:43.667 16441 16441 D M_InsDal: Lcom/ichi2/anki/CollectionHelper;--->getInstance()Lcom/ichi2/anki/CollectionHelper;
03-10 03:33:43.667 16441 16441 D M_InsDal: Lcom/ichi2/anki/CollectionHelper;--->getCol(Landroid/content/Context;)Lcom/ichi2/libanki/Collection;
03-10 03:33:43.667 16441 16441 D M_InsDal: Lcom/ichi2/anki/CollectionHelper;--->getCollectionPath(Landroid/content/Context;)Ljava/lang/String;
03-10 03:33:43.667 16441 16441 D M_InsDal: Lcom/ichi2/anki/CollectionHelper;--->getCurrentAnkiDroidDirectory(Landroid/content/Context;)Ljava/lang/String;
03-10 03:33:43.667 16441 16441 D M_InsDal: Lcom/ichi2/anki/CollectionHelper;--->getDefaultAnkiDroidDirectory()Ljava/lang/String;
03-10 03:33:43.667 16441 16441 D M_InsDal: Lcom/ichi2/anki/CollectionHelper;--->colIsOpen()Z
03-10 03:33:43.667 16441 16441 D M_InsDal: Lcom/ichi2/anki/CardBrowser$9;---><init>(Lcom/ichi2/anki/CardBrowser;)V
03-10 03:33:43.667 16441 16441 D M_InsDal: Lcom/ichi2/anki/CardBrowser$10;---><init>(Lcom/ichi2/anki/CardBrowser;)V
03-10 03:33:43.667 16441 16441 D M_InsDal: Lcom/ichi2/anki/CardBrowser$11;---><init>(Lcom/ichi2/anki/CardBrowser;)V
03-10 03:33:43.670 16441 16441 D M_InsDal: Lcom/ichi2/anki/widgets/DeckDropDownAdapter;--->getCount()I
03-10 03:33:43.670 16441 16441 D M_InsDal: Lcom/ichi2/anki/widgets/DeckDropDownAdapter;--->getView(ILandroid/view/View;Landroid/view/ViewGroup;)Landroid/view/View;
03-10 03:33:43.670 16441 16441 D M_InsDal: Lcom/ichi2/anki/widgets/DeckDropDownAdapter$DeckDropDownViewHolder;---><init>()V
03-10 03:33:43.670 16441 16441 D M_InsDal: Lcom/ichi2/anki/CardBrowser;--->getSubtitleText()Ljava/lang/String;
03-10 03:33:43.670 16441 16441 D M_InsDal: Lcom/ichi2/anki/CardBrowser;--->getCards()Ljava/util/List;
03-10 03:33:43.671 16441 16441 D M_InsDal: Lcom/ichi2/anki/widgets/DeckDropDownAdapter;--->getItemId(I)J
03-10 03:33:43.671 16441 16441 D M_InsDal: Lcom/ichi2/anki/widgets/DeckDropDownAdapter;--->getItemId(I)J
03-10 03:33:43.674 16441 16441 D M_InsDal: Lcom/ichi2/anki/CardBrowser$16;--->onProgressUpdate([Lcom/ichi2/async/DeckTask$TaskData;)V
03-10 03:33:43.674 16441 16441 D M_InsDal: Lcom/ichi2/anki/CardBrowser;--->updateList()V
03-10 03:33:43.674 16441 16441 D M_InsDal: Lcom/ichi2/anki/CardBrowser$MultiColumnListAdapter;--->getCount()I
03-10 03:33:43.674 16441 16441 D M_InsDal: Lcom/ichi2/anki/CardBrowser;--->getCards()Ljava/util/List;
03-10 03:33:43.674 16441 16441 D M_InsDal: Lcom/ichi2/anki/CardBrowser$MultiColumnListAdapter;--->getCount()I
03-10 03:33:43.674 16441 16441 D M_InsDal: Lcom/ichi2/anki/CardBrowser;--->getCards()Ljava/util/List;
03-10 03:33:43.674 16441 16441 D M_InsDal: Lcom/ichi2/anki/widgets/DeckDropDownAdapter;--->getCount()I
03-10 03:33:43.674 16441 16441 D M_InsDal: Lcom/ichi2/anki/widgets/DeckDropDownAdapter;--->getCount()I
03-10 03:33:43.674 16441 16441 D M_InsDal: Lcom/ichi2/anki/CardBrowser$16;--->onPostExecute(Lcom/ichi2/async/DeckTask$TaskData;)V
03-10 03:33:43.674 16441 16441 D M_InsDal: Lcom/ichi2/anki/AnkiDroidApp$ProductionCrashReportingTree;--->i(Ljava/lang/String;[Ljava/lang/Object;)V
03-10 03:33:43.674 16441 16441 D M_InsDal: Lcom/ichi2/anki/AnkiDroidApp$ProductionCrashReportingTree;--->formatString(Ljava/lang/String;[Ljava/lang/Object;)Ljava/lang/String;
03-10 03:33:43.674 16441 16441 D M_InsDal: Lcom/ichi2/anki/CardBrowser;--->updateList()V
03-10 03:33:43.674 16441 16441 D M_InsDal: Lcom/ichi2/anki/CardBrowser$MultiColumnListAdapter;--->getCount()I
03-10 03:33:43.674 16441 16441 D M_InsDal: Lcom/ichi2/anki/CardBrowser;--->getCards()Ljava/util/List;
03-10 03:33:43.674 16441 16441 D M_InsDal: Lcom/ichi2/anki/CardBrowser$MultiColumnListAdapter;--->getCount()I
03-10 03:33:43.674 16441 16441 D M_InsDal: Lcom/ichi2/anki/CardBrowser;--->getCards()Ljava/util/List;
03-10 03:33:43.674 16441 16441 D M_InsDal: Lcom/ichi2/anki/widgets/DeckDropDownAdapter;--->getCount()I
03-10 03:33:43.674 16441 16441 D M_InsDal: Lcom/ichi2/anki/widgets/DeckDropDownAdapter;--->getCount()I
03-10 03:33:43.674 16441 16441 D M_InsDal: Lcom/ichi2/anki/AnkiActivity;--->hideProgressBar()V
03-10 03:33:43.676 16441 16441 D M_InsDal: Lcom/ichi2/anki/CardBrowser$5;--->onItemSelected(Landroid/widget/AdapterView;Landroid/view/View;IJ)V
03-10 03:33:43.676 16441 16441 D M_InsDal: Lcom/ichi2/anki/CardBrowser$6;--->onItemSelected(Landroid/widget/AdapterView;Landroid/view/View;IJ)V
03-10 03:33:43.676 16441 16441 D M_InsDal: Lcom/ichi2/anki/widgets/DeckDropDownAdapter;--->getItemId(I)J
03-10 03:33:43.676 16441 16441 D M_InsDal: Lcom/ichi2/anki/widgets/DeckDropDownAdapter;--->getItemId(I)J
03-10 03:33:43.676 16441 16441 D M_InsDal: Lcom/ichi2/anki/widgets/DeckDropDownAdapter;--->getCount()I
03-10 03:33:43.676 16441 16441 D M_InsDal: Lcom/ichi2/anki/widgets/DeckDropDownAdapter;--->getView(ILandroid/view/View;Landroid/view/ViewGroup;)Landroid/view/View;
03-10 03:33:43.677 16441 16441 D M_InsDal: Lcom/ichi2/anki/widgets/DeckDropDownAdapter$DeckDropDownViewHolder;---><init>()V
03-10 03:33:43.677 16441 16441 D M_InsDal: Lcom/ichi2/anki/CardBrowser;--->getSubtitleText()Ljava/lang/String;
03-10 03:33:43.677 16441 16441 D M_InsDal: Lcom/ichi2/anki/CardBrowser;--->getCards()Ljava/util/List;
03-10 03:33:43.678 16441 16441 D M_InsDal: Lcom/ichi2/anki/CardBrowser$MultiColumnListAdapter;--->getCount()I
03-10 03:33:43.678 16441 16441 D M_InsDal: Lcom/ichi2/anki/CardBrowser;--->getCards()Ljava/util/List;
03-10 03:33:43.678 16441 16441 D M_InsDal: Lcom/ichi2/anki/widgets/DeckDropDownAdapter;--->getItemId(I)J
03-10 03:33:43.678 16441 16441 D M_InsDal: Lcom/ichi2/anki/widgets/DeckDropDownAdapter;--->getItemId(I)J
03-10 03:33:43.678 16441 16441 D M_InsDal: Lcom/ichi2/anki/CardBrowser$4;--->onItemSelected(Landroid/widget/AdapterView;Landroid/view/View;IJ)V
03-10 03:33:43.678 16441 16441 D M_InsDal: Lcom/ichi2/anki/CardBrowser;--->selectDropDownItem(I)V
03-10 03:33:43.678 16441 16441 D M_InsDal: Lcom/ichi2/anki/widgets/DeckDropDownAdapter;--->getItemId(I)J
03-10 03:33:43.678 16441 16441 D M_InsDal: Lcom/ichi2/anki/CardBrowser;--->searchCards()V
03-10 03:33:43.679 16441 16441 D M_InsDal: Lcom/ichi2/anki/AnkiActivity;--->colIsOpen()Z
03-10 03:33:43.679 16441 16441 D M_InsDal: Lcom/ichi2/anki/CollectionHelper;--->getInstance()Lcom/ichi2/anki/CollectionHelper;
03-10 03:33:43.679 16441 16441 D M_InsDal: Lcom/ichi2/anki/CollectionHelper;--->colIsOpen()Z
03-10 03:33:43.679 16441 16441 D M_InsDal: Lcom/ichi2/anki/CardBrowser;--->getCards()Ljava/util/List;
03-10 03:33:43.679 16441 16441 D M_InsDal: Lcom/ichi2/anki/CardBrowser$MultiColumnListAdapter;--->getCount()I
03-10 03:33:43.679 16441 16441 D M_InsDal: Lcom/ichi2/anki/CardBrowser;--->getCards()Ljava/util/List;
03-10 03:33:43.679 16441 16441 D M_InsDal: Lcom/ichi2/anki/CardBrowser$MultiColumnListAdapter;--->getCount()I
03-10 03:33:43.679 16441 16441 D M_InsDal: Lcom/ichi2/anki/CardBrowser;--->getCards()Ljava/util/List;
03-10 03:33:43.679 16441 16441 D M_InsDal: Lcom/ichi2/anki/CardBrowser$16;--->onPreExecute()V
03-10 03:33:43.679 16441 16441 D M_InsDal: Lcom/ichi2/anki/AnkiActivity;--->showProgressBar()V
03-10 03:33:43.679 16441 16441 D M_InsDal: Lcom/ichi2/anki/widgets/DeckDropDownAdapter;--->getItemId(I)J
03-10 03:33:43.679 16441 16497 D M_InsDal: Lcom/ichi2/anki/AnkiDroidApp;--->getInstance()Lcom/ichi2/anki/AnkiDroidApp;
03-10 03:33:43.679 16441 16497 D M_InsDal: Lcom/ichi2/anki/CollectionHelper;--->getInstance()Lcom/ichi2/anki/CollectionHelper;
03-10 03:33:43.679 16441 16497 D M_InsDal: Lcom/ichi2/anki/CollectionHelper;--->getColSafe(Landroid/content/Context;)Lcom/ichi2/libanki/Collection;
03-10 03:33:43.679 16441 16497 D M_InsDal: Lcom/ichi2/anki/CollectionHelper;--->getCol(Landroid/content/Context;)Lcom/ichi2/libanki/Collection;
03-10 03:33:43.679 16441 16497 D M_InsDal: Lcom/ichi2/anki/CollectionHelper;--->getCollectionPath(Landroid/content/Context;)Ljava/lang/String;
03-10 03:33:43.679 16441 16441 D M_InsDal: Lcom/ichi2/anki/widgets/DeckDropDownAdapter;--->getView(ILandroid/view/View;Landroid/view/ViewGroup;)Landroid/view/View;
03-10 03:33:43.679 16441 16497 D M_InsDal: Lcom/ichi2/anki/CollectionHelper;--->getCurrentAnkiDroidDirectory(Landroid/content/Context;)Ljava/lang/String;
03-10 03:33:43.679 16441 16497 D M_InsDal: Lcom/ichi2/anki/CollectionHelper;--->getDefaultAnkiDroidDirectory()Ljava/lang/String;
03-10 03:33:43.679 16441 16497 D M_InsDal: Lcom/ichi2/anki/CollectionHelper;--->colIsOpen()Z
03-10 03:33:43.679 16441 16497 D M_InsDal: Lcom/ichi2/anki/CollectionHelper;--->getInstance()Lcom/ichi2/anki/CollectionHelper;
03-10 03:33:43.679 16441 16497 D M_InsDal: Lcom/ichi2/anki/CollectionHelper;--->getCol(Landroid/content/Context;)Lcom/ichi2/libanki/Collection;
03-10 03:33:43.679 16441 16497 D M_InsDal: Lcom/ichi2/anki/CollectionHelper;--->getCollectionPath(Landroid/content/Context;)Ljava/lang/String;
03-10 03:33:43.679 16441 16497 D M_InsDal: Lcom/ichi2/anki/CollectionHelper;--->getCurrentAnkiDroidDirectory(Landroid/content/Context;)Ljava/lang/String;
03-10 03:33:43.679 16441 16497 D M_InsDal: Lcom/ichi2/anki/CollectionHelper;--->getDefaultAnkiDroidDirectory()Ljava/lang/String;
03-10 03:33:43.679 16441 16497 D M_InsDal: Lcom/ichi2/anki/CollectionHelper;--->colIsOpen()Z
03-10 03:33:43.679 16441 16441 D M_InsDal: Lcom/ichi2/anki/widgets/DeckDropDownAdapter$DeckDropDownViewHolder;---><init>()V
03-10 03:33:43.679 16441 16441 D M_InsDal: Lcom/ichi2/anki/CardBrowser;--->getSubtitleText()Ljava/lang/String;
03-10 03:33:43.679 16441 16441 D M_InsDal: Lcom/ichi2/anki/CardBrowser;--->getCards()Ljava/util/List;
03-10 03:33:43.680 16441 16441 D M_InsDal: Lcom/ichi2/anki/widgets/DeckDropDownAdapter;--->getItemId(I)J
03-10 03:33:43.680 16441 16441 D M_InsDal: Lcom/ichi2/anki/CardBrowser$RenderOnScroll;--->onScroll(Landroid/widget/AbsListView;III)V
03-10 03:33:43.680 16441 16441 D M_InsDal: Lcom/ichi2/anki/CardBrowser;--->getCards()Ljava/util/List;
03-10 03:33:43.682 16441 16441 D M_InsDal: Lcom/ichi2/anki/CardBrowser$16;--->onProgressUpdate([Lcom/ichi2/async/DeckTask$TaskData;)V
03-10 03:33:43.682 16441 16441 D M_InsDal: Lcom/ichi2/anki/CardBrowser;--->updateList()V
03-10 03:33:43.682 16441 16441 D M_InsDal: Lcom/ichi2/anki/CardBrowser$MultiColumnListAdapter;--->getCount()I
03-10 03:33:43.682 16441 16441 D M_InsDal: Lcom/ichi2/anki/CardBrowser;--->getCards()Ljava/util/List;
03-10 03:33:43.682 16441 16441 D M_InsDal: Lcom/ichi2/anki/CardBrowser$MultiColumnListAdapter;--->getCount()I
03-10 03:33:43.682 16441 16441 D M_InsDal: Lcom/ichi2/anki/CardBrowser;--->getCards()Ljava/util/List;
03-10 03:33:43.682 16441 16441 D M_InsDal: Lcom/ichi2/anki/widgets/DeckDropDownAdapter;--->getCount()I
03-10 03:33:43.682 16441 16441 D M_InsDal: Lcom/ichi2/anki/widgets/DeckDropDownAdapter;--->getCount()I
03-10 03:33:43.682 16441 16441 D M_InsDal: Lcom/ichi2/anki/CardBrowser$16;--->onPostExecute(Lcom/ichi2/async/DeckTask$TaskData;)V
03-10 03:33:43.682 16441 16441 D M_InsDal: Lcom/ichi2/anki/AnkiDroidApp$ProductionCrashReportingTree;--->i(Ljava/lang/String;[Ljava/lang/Object;)V
03-10 03:33:43.682 16441 16441 D M_InsDal: Lcom/ichi2/anki/AnkiDroidApp$ProductionCrashReportingTree;--->formatString(Ljava/lang/String;[Ljava/lang/Object;)Ljava/lang/String;
03-10 03:33:43.682 16441 16441 D M_InsDal: Lcom/ichi2/anki/CardBrowser;--->updateList()V
03-10 03:33:43.682 16441 16441 D M_InsDal: Lcom/ichi2/anki/CardBrowser$MultiColumnListAdapter;--->getCount()I
03-10 03:33:43.682 16441 16441 D M_InsDal: Lcom/ichi2/anki/CardBrowser;--->getCards()Ljava/util/List;
03-10 03:33:43.682 16441 16441 D M_InsDal: Lcom/ichi2/anki/CardBrowser$MultiColumnListAdapter;--->getCount()I
03-10 03:33:43.682 16441 16441 D M_InsDal: Lcom/ichi2/anki/CardBrowser;--->getCards()Ljava/util/List;
03-10 03:33:43.682 16441 16441 D M_InsDal: Lcom/ichi2/anki/widgets/DeckDropDownAdapter;--->getCount()I
03-10 03:33:43.682 16441 16441 D M_InsDal: Lcom/ichi2/anki/widgets/DeckDropDownAdapter;--->getCount()I
03-10 03:33:43.682 16441 16441 D M_InsDal: Lcom/ichi2/anki/AnkiActivity;--->hideProgressBar()V
03-10 03:33:43.688 16441 16441 D M_InsDal: Lcom/ichi2/anki/widgets/DeckDropDownAdapter;--->getItemId(I)J
03-10 03:33:43.688 16441 16441 D M_InsDal: Lcom/ichi2/anki/widgets/DeckDropDownAdapter;--->getItemId(I)J
03-10 03:33:43.688 16441 16441 D M_InsDal: Lcom/ichi2/anki/widgets/DeckDropDownAdapter;--->getCount()I
03-10 03:33:43.688 16441 16441 D M_InsDal: Lcom/ichi2/anki/widgets/DeckDropDownAdapter;--->getView(ILandroid/view/View;Landroid/view/ViewGroup;)Landroid/view/View;
03-10 03:33:43.689 16441 16441 D M_InsDal: Lcom/ichi2/anki/widgets/DeckDropDownAdapter$DeckDropDownViewHolder;---><init>()V
03-10 03:33:43.689 16441 16441 D M_InsDal: Lcom/ichi2/anki/CardBrowser;--->getSubtitleText()Ljava/lang/String;
03-10 03:33:43.689 16441 16441 D M_InsDal: Lcom/ichi2/anki/CardBrowser;--->getCards()Ljava/util/List;
03-10 03:33:43.689 16441 16441 D M_InsDal: Lcom/ichi2/anki/CardBrowser$MultiColumnListAdapter;--->getCount()I
03-10 03:33:43.689 16441 16441 D M_InsDal: Lcom/ichi2/anki/CardBrowser;--->getCards()Ljava/util/List;
03-10 03:33:43.689 16441 16441 D M_InsDal: Lcom/ichi2/anki/widgets/DeckDropDownAdapter;--->getItemId(I)J
03-10 03:33:43.689 16441 16441 D M_InsDal: Lcom/ichi2/anki/widgets/DeckDropDownAdapter;--->getItemId(I)J
03-10 03:33:43.689 16441 16441 D M_InsDal: Lcom/ichi2/anki/widgets/DeckDropDownAdapter;--->getView(ILandroid/view/View;Landroid/view/ViewGroup;)Landroid/view/View;
03-10 03:33:43.690 16441 16441 D M_InsDal: Lcom/ichi2/anki/widgets/DeckDropDownAdapter$DeckDropDownViewHolder;---><init>()V
03-10 03:33:43.690 16441 16441 D M_InsDal: Lcom/ichi2/anki/CardBrowser;--->getSubtitleText()Ljava/lang/String;
03-10 03:33:43.690 16441 16441 D M_InsDal: Lcom/ichi2/anki/CardBrowser;--->getCards()Ljava/util/List;
03-10 03:33:43.690 16441 16441 D M_InsDal: Lcom/ichi2/anki/widgets/DeckDropDownAdapter;--->getItemId(I)J
03-10 03:33:43.690 16441 16441 D M_InsDal: Lcom/ichi2/anki/CardBrowser$RenderOnScroll;--->onScroll(Landroid/widget/AbsListView;III)V
03-10 03:33:43.690 16441 16441 D M_InsDal: Lcom/ichi2/anki/CardBrowser;--->getCards()Ljava/util/List;
