--------- beginning of main
--------- beginning of system
03-10 03:34:17.639 16742 16742 D M_InsDal: Lcom/ichi2/anki/AnkiDroidApp;---><clinit>()V
03-10 03:34:17.639 16742 16742 D M_InsDal: Lcom/ichi2/anki/AnkiDroidApp;---><init>()V
03-10 03:34:17.642 16742 16742 D M_InsDal: Lcom/ichi2/anki/provider/CardContentProvider;---><clinit>()V
03-10 03:34:17.642 16742 16742 D M_InsDal: Lcom/ichi2/anki/FlashCardsContract$Note;---><clinit>()V
03-10 03:34:17.642 16742 16742 D M_InsDal: Lcom/ichi2/anki/FlashCardsContract;---><clinit>()V
03-10 03:34:17.642 16742 16742 D M_InsDal: Lcom/ichi2/anki/provider/CardContentProvider;---><init>()V
03-10 03:34:17.642 16742 16742 D M_InsDal: Lcom/ichi2/anki/provider/CardContentProvider;--->onCreate()Z
03-10 03:34:17.646 16742 16742 D M_InsDal: Lcom/ichi2/anki/AnkiDroidApp;--->onCreate()V
03-10 03:34:17.646 16742 16742 D M_InsDal: Lcom/ichi2/anki/AnkiDroidApp;--->getSharedPrefs(Landroid/content/Context;)Landroid/content/SharedPreferences;
03-10 03:34:17.649 16742 16742 D M_InsDal: Lcom/ichi2/anki/AnkiDroidApp$ProductionCrashReportingTree;---><clinit>()V
03-10 03:34:17.650 16742 16742 D M_InsDal: Lcom/ichi2/anki/AnkiDroidApp$ProductionCrashReportingTree;---><init>()V
03-10 03:34:17.650 16742 16742 D M_InsDal: Lcom/ichi2/anki/AnkiDroidApp;--->setAcraReportingMode(Ljava/lang/String;)V
03-10 03:34:17.650 16742 16742 D M_InsDal: Lcom/ichi2/anki/AnkiDroidApp;--->setLanguage(Ljava/lang/String;)V
03-10 03:34:17.650 16742 16742 D M_InsDal: Lcom/ichi2/anki/AnkiDroidApp;--->getInstance()Lcom/ichi2/anki/AnkiDroidApp;
03-10 03:34:17.650 16742 16742 D M_InsDal: Lcom/ichi2/anki/AnkiDroidApp;--->getInstance()Lcom/ichi2/anki/AnkiDroidApp;
03-10 03:34:17.650 16742 16742 D M_InsDal: Lcom/ichi2/anki/AnkiDroidApp;--->getSharedPrefs(Landroid/content/Context;)Landroid/content/SharedPreferences;
03-10 03:34:17.650 16742 16742 D M_InsDal: Lcom/ichi2/anki/AnkiDroidApp;--->getInstance()Lcom/ichi2/anki/AnkiDroidApp;
03-10 03:34:17.650 16742 16742 D M_InsDal: Lcom/ichi2/anki/AnkiDroidApp;--->getInstance()Lcom/ichi2/anki/AnkiDroidApp;
03-10 03:34:17.702 16742 16742 D M_InsDal: Lcom/ichi2/anki/CollectionHelper;--->hasStorageAccessPermission(Landroid/content/Context;)Z
03-10 03:34:17.702 16742 16742 D M_InsDal: Lcom/ichi2/anki/CollectionHelper;--->getCurrentAnkiDroidDirectory(Landroid/content/Context;)Ljava/lang/String;
03-10 03:34:17.702 16742 16742 D M_InsDal: Lcom/ichi2/anki/CollectionHelper;--->getDefaultAnkiDroidDirectory()Ljava/lang/String;
03-10 03:34:17.702 16742 16742 D M_InsDal: Lcom/ichi2/anki/CollectionHelper;--->initializeAnkiDroidDirectory(Ljava/lang/String;)V
03-10 03:34:17.708 16742 16742 D M_InsDal: Lcom/ichi2/anki/CardBrowser;---><clinit>()V
03-10 03:34:17.708 16742 16742 D M_InsDal: Lcom/ichi2/anki/CardBrowser;---><init>()V
03-10 03:34:17.708 16742 16742 D M_InsDal: Lcom/ichi2/anki/NavigationDrawerActivity;---><init>()V
03-10 03:34:17.708 16742 16742 D M_InsDal: Lcom/ichi2/anki/AnkiActivity;---><init>()V
03-10 03:34:17.708 16742 16742 D M_InsDal: Lcom/ichi2/anki/dialogs/DialogHandler;---><init>(Lcom/ichi2/anki/AnkiActivity;)V
03-10 03:34:17.708 16742 16742 D M_InsDal: Lcom/ichi2/anki/CardBrowser$1;---><init>(Lcom/ichi2/anki/CardBrowser;)V
03-10 03:34:17.708 16742 16742 D M_InsDal: Lcom/ichi2/anki/CardBrowser$2;---><init>(Lcom/ichi2/anki/CardBrowser;)V
03-10 03:34:17.708 16742 16742 D M_InsDal: Lcom/ichi2/anki/CardBrowser$3;---><init>(Lcom/ichi2/anki/CardBrowser;)V
03-10 03:34:17.708 16742 16742 D M_InsDal: Lcom/ichi2/anki/CardBrowser$13;---><init>(Lcom/ichi2/anki/CardBrowser;)V
03-10 03:34:17.709 16742 16742 D M_InsDal: Lcom/ichi2/anki/CardBrowser$14;---><init>(Lcom/ichi2/anki/CardBrowser;)V
03-10 03:34:17.709 16742 16742 D M_InsDal: Lcom/ichi2/anki/CardBrowser$15;---><init>(Lcom/ichi2/anki/CardBrowser;)V
03-10 03:34:17.709 16742 16742 D M_InsDal: Lcom/ichi2/anki/CardBrowser$16;---><init>(Lcom/ichi2/anki/CardBrowser;)V
03-10 03:34:17.709 16742 16742 D M_InsDal: Lcom/ichi2/anki/CardBrowser$17;---><init>(Lcom/ichi2/anki/CardBrowser;)V
03-10 03:34:17.712 16742 16742 D M_InsDal: Lcom/ichi2/anki/AnkiActivity;--->onCreate(Landroid/os/Bundle;)V
03-10 03:34:17.712 16742 16742 D M_InsDal: Lcom/ichi2/anki/AnkiDroidApp;--->getSharedPrefs(Landroid/content/Context;)Landroid/content/SharedPreferences;
03-10 03:34:17.715 16742 16742 D M_InsDal: Lcom/ichi2/anki/CardBrowser;--->onCreate(Landroid/os/Bundle;)V
03-10 03:34:17.751 16742 16742 D M_InsDal: Lcom/ichi2/anki/NavigationDrawerActivity;--->initNavigationDrawer(Landroid/view/View;)V
03-10 03:34:17.752 16742 16742 D M_InsDal: Lcom/ichi2/anki/NavigationDrawerActivity$1;---><init>(Lcom/ichi2/anki/NavigationDrawerActivity;)V
03-10 03:34:17.752 16742 16742 D M_InsDal: Lcom/ichi2/anki/AnkiDroidApp;--->getSharedPrefs(Landroid/content/Context;)Landroid/content/SharedPreferences;
03-10 03:34:17.752 16742 16742 D M_InsDal: Lcom/ichi2/anki/NavigationDrawerActivity$2;---><init>(Lcom/ichi2/anki/NavigationDrawerActivity;Landroid/content/SharedPreferences;)V
03-10 03:34:17.752 16742 16742 D M_InsDal: Lcom/ichi2/anki/NavigationDrawerActivity$3;---><init>(Lcom/ichi2/anki/NavigationDrawerActivity;Landroid/app/Activity;Landroid/support/v4/widget/DrawerLayout;II)V
03-10 03:34:17.753 16742 16742 D M_InsDal: Lcom/ichi2/anki/AnkiActivity;--->startLoadingCollection()V
03-10 03:34:17.753 16742 16742 D M_InsDal: Lcom/ichi2/anki/AnkiActivity;--->colIsOpen()Z
03-10 03:34:17.753 16742 16742 D M_InsDal: Lcom/ichi2/anki/CollectionHelper;--->getInstance()Lcom/ichi2/anki/CollectionHelper;
03-10 03:34:17.753 16742 16742 D M_InsDal: Lcom/ichi2/anki/CollectionHelper$LazyHolder;---><clinit>()V
03-10 03:34:17.753 16742 16742 D M_InsDal: Lcom/ichi2/anki/CollectionHelper;---><init>()V
03-10 03:34:17.753 16742 16742 D M_InsDal: Lcom/ichi2/anki/CollectionHelper;--->colIsOpen()Z
03-10 03:34:17.753 16742 16742 D M_InsDal: Lcom/ichi2/anki/AnkiActivity;--->showProgressBar()V
03-10 03:34:17.753 16742 16742 D M_InsDal: Lcom/ichi2/anki/AnkiActivity;--->onCreateLoader(ILandroid/os/Bundle;)Landroid/support/v4/content/Loader;
03-10 03:34:17.755 16742 16742 D M_InsDal: Lcom/ichi2/anki/CollectionHelper;--->getInstance()Lcom/ichi2/anki/CollectionHelper;
03-10 03:34:17.755 16742 16742 D M_InsDal: Lcom/ichi2/anki/CollectionHelper;--->isCollectionLocked()Z
03-10 03:34:17.755 16742 16742 D M_InsDal: Lcom/ichi2/anki/AnkiActivity;--->onStart()V
03-10 03:34:17.755 16742 16779 D M_InsDal: Lcom/ichi2/anki/CollectionHelper;--->getInstance()Lcom/ichi2/anki/CollectionHelper;
03-10 03:34:17.756 16742 16779 D M_InsDal: Lcom/ichi2/anki/CollectionHelper;--->getCol(Landroid/content/Context;)Lcom/ichi2/libanki/Collection;
03-10 03:34:17.756 16742 16779 D M_InsDal: Lcom/ichi2/anki/CollectionHelper;--->getCollectionPath(Landroid/content/Context;)Ljava/lang/String;
03-10 03:34:17.756 16742 16779 D M_InsDal: Lcom/ichi2/anki/CollectionHelper;--->getCurrentAnkiDroidDirectory(Landroid/content/Context;)Ljava/lang/String;
03-10 03:34:17.756 16742 16779 D M_InsDal: Lcom/ichi2/anki/CollectionHelper;--->getDefaultAnkiDroidDirectory()Ljava/lang/String;
03-10 03:34:17.757 16742 16779 D M_InsDal: Lcom/ichi2/anki/CollectionHelper;--->colIsOpen()Z
03-10 03:34:17.757 16742 16779 D M_InsDal: Lcom/ichi2/anki/CollectionHelper;--->getParentDirectory(Ljava/lang/String;)Ljava/lang/String;
03-10 03:34:17.757 16742 16779 D M_InsDal: Lcom/ichi2/anki/CollectionHelper;--->initializeAnkiDroidDirectory(Ljava/lang/String;)V
03-10 03:34:17.757 16742 16779 D M_InsDal: Lcom/ichi2/anki/AnkiDroidApp$ProductionCrashReportingTree;--->i(Ljava/lang/String;[Ljava/lang/Object;)V
03-10 03:34:17.757 16742 16779 D M_InsDal: Lcom/ichi2/anki/AnkiDroidApp$ProductionCrashReportingTree;--->formatString(Ljava/lang/String;[Ljava/lang/Object;)Ljava/lang/String;
03-10 03:34:17.762 16742 16779 D M_InsDal: Lcom/ichi2/anki/AnkiDroidApp;--->getInstance()Lcom/ichi2/anki/AnkiDroidApp;
03-10 03:34:17.768 16742 16742 D M_InsDal: Lcom/ichi2/anki/NavigationDrawerActivity;--->onPostCreate(Landroid/os/Bundle;)V
03-10 03:34:17.769 16742 16742 D M_InsDal: Lcom/ichi2/anki/CardBrowser;--->onResume()V
03-10 03:34:17.769 16742 16742 D M_InsDal: Lcom/ichi2/anki/AnkiActivity;--->onResume()V
03-10 03:34:17.769 16742 16742 D M_InsDal: Lcom/ichi2/anki/dialogs/DialogHandler;--->readMessage()V
03-10 03:34:17.769 16742 16742 D M_InsDal: Lcom/ichi2/anki/NavigationDrawerActivity;--->selectNavigationItem(I)V
03-10 03:34:17.842 16742 16742 D M_InsDal: Lcom/ichi2/anki/AnkiActivity;--->onLoadFinished(Landroid/support/v4/content/Loader;Lcom/ichi2/libanki/Collection;)V
03-10 03:34:17.842 16742 16742 D M_InsDal: Lcom/ichi2/anki/AnkiActivity;--->hideProgressBar()V
03-10 03:34:17.842 16742 16742 D M_InsDal: Lcom/ichi2/anki/AnkiActivity;--->colIsOpen()Z
03-10 03:34:17.842 16742 16742 D M_InsDal: Lcom/ichi2/anki/CollectionHelper;--->getInstance()Lcom/ichi2/anki/CollectionHelper;
03-10 03:34:17.842 16742 16742 D M_InsDal: Lcom/ichi2/anki/CollectionHelper;--->colIsOpen()Z
03-10 03:34:17.842 16742 16742 D M_InsDal: Lcom/ichi2/anki/AnkiActivity;--->onCollectionLoaded(Lcom/ichi2/libanki/Collection;)V
03-10 03:34:17.842 16742 16742 D M_InsDal: Lcom/ichi2/anki/CardBrowser;--->onCollectionLoaded(Lcom/ichi2/libanki/Collection;)V
03-10 03:34:17.842 16742 16742 D M_InsDal: Lcom/ichi2/anki/AnkiActivity;--->getCol()Lcom/ichi2/libanki/Collection;
03-10 03:34:17.842 16742 16742 D M_InsDal: Lcom/ichi2/anki/CollectionHelper;--->getInstance()Lcom/ichi2/anki/CollectionHelper;
03-10 03:34:17.842 16742 16742 D M_InsDal: Lcom/ichi2/anki/CollectionHelper;--->getCol(Landroid/content/Context;)Lcom/ichi2/libanki/Collection;
03-10 03:34:17.842 16742 16742 D M_InsDal: Lcom/ichi2/anki/CollectionHelper;--->getCollectionPath(Landroid/content/Context;)Ljava/lang/String;
03-10 03:34:17.842 16742 16742 D M_InsDal: Lcom/ichi2/anki/CollectionHelper;--->getCurrentAnkiDroidDirectory(Landroid/content/Context;)Ljava/lang/String;
03-10 03:34:17.842 16742 16742 D M_InsDal: Lcom/ichi2/anki/CollectionHelper;--->getDefaultAnkiDroidDirectory()Ljava/lang/String;
03-10 03:34:17.842 16742 16742 D M_InsDal: Lcom/ichi2/anki/CollectionHelper;--->colIsOpen()Z
03-10 03:34:17.842 16742 16742 D M_InsDal: Lcom/ichi2/anki/AnkiActivity;--->getCol()Lcom/ichi2/libanki/Collection;
03-10 03:34:17.842 16742 16742 D M_InsDal: Lcom/ichi2/anki/CollectionHelper;--->getInstance()Lcom/ichi2/anki/CollectionHelper;
03-10 03:34:17.842 16742 16742 D M_InsDal: Lcom/ichi2/anki/CollectionHelper;--->getCol(Landroid/content/Context;)Lcom/ichi2/libanki/Collection;
03-10 03:34:17.842 16742 16742 D M_InsDal: Lcom/ichi2/anki/CollectionHelper;--->getCollectionPath(Landroid/content/Context;)Ljava/lang/String;
03-10 03:34:17.842 16742 16742 D M_InsDal: Lcom/ichi2/anki/CollectionHelper;--->getCurrentAnkiDroidDirectory(Landroid/content/Context;)Ljava/lang/String;
03-10 03:34:17.842 16742 16742 D M_InsDal: Lcom/ichi2/anki/CollectionHelper;--->getDefaultAnkiDroidDirectory()Ljava/lang/String;
03-10 03:34:17.843 16742 16742 D M_InsDal: Lcom/ichi2/anki/CollectionHelper;--->colIsOpen()Z
03-10 03:34:17.843 16742 16742 D M_InsDal: Lcom/ichi2/anki/CardBrowser;--->registerExternalStorageListener()V
03-10 03:34:17.843 16742 16742 D M_InsDal: Lcom/ichi2/anki/CardBrowser$18;---><init>(Lcom/ichi2/anki/CardBrowser;)V
03-10 03:34:17.844 16742 16742 D M_InsDal: Lcom/ichi2/anki/AnkiDroidApp;--->getSharedPrefs(Landroid/content/Context;)Landroid/content/SharedPreferences;
03-10 03:34:17.844 16742 16742 D M_InsDal: Lcom/ichi2/anki/AnkiActivity;--->getCol()Lcom/ichi2/libanki/Collection;
03-10 03:34:17.844 16742 16742 D M_InsDal: Lcom/ichi2/anki/CollectionHelper;--->getInstance()Lcom/ichi2/anki/CollectionHelper;
03-10 03:34:17.844 16742 16742 D M_InsDal: Lcom/ichi2/anki/CollectionHelper;--->getCol(Landroid/content/Context;)Lcom/ichi2/libanki/Collection;
03-10 03:34:17.844 16742 16742 D M_InsDal: Lcom/ichi2/anki/CollectionHelper;--->getCollectionPath(Landroid/content/Context;)Ljava/lang/String;
03-10 03:34:17.844 16742 16742 D M_InsDal: Lcom/ichi2/anki/CollectionHelper;--->getCurrentAnkiDroidDirectory(Landroid/content/Context;)Ljava/lang/String;
03-10 03:34:17.844 16742 16742 D M_InsDal: Lcom/ichi2/anki/CollectionHelper;--->getDefaultAnkiDroidDirectory()Ljava/lang/String;
03-10 03:34:17.844 16742 16742 D M_InsDal: Lcom/ichi2/anki/CollectionHelper;--->colIsOpen()Z
03-10 03:34:17.844 16742 16742 D M_InsDal: Lcom/ichi2/anki/widgets/DeckDropDownAdapter;---><init>(Landroid/content/Context;Ljava/util/ArrayList;)V
03-10 03:34:17.844 16742 16742 D M_InsDal: Lcom/ichi2/anki/widgets/DeckDropDownAdapter;--->getCount()I
03-10 03:34:17.844 16742 16742 D M_InsDal: Lcom/ichi2/anki/widgets/DeckDropDownAdapter;--->getCount()I
03-10 03:34:17.844 16742 16742 D M_InsDal: Lcom/ichi2/anki/widgets/DeckDropDownAdapter;--->getItemId(I)J
03-10 03:34:17.844 16742 16742 D M_InsDal: Lcom/ichi2/anki/widgets/DeckDropDownAdapter;--->getItemId(I)J
03-10 03:34:17.845 16742 16742 D M_InsDal: Lcom/ichi2/anki/CardBrowser$4;---><init>(Lcom/ichi2/anki/CardBrowser;)V
03-10 03:34:17.845 16742 16742 D M_InsDal: Lcom/ichi2/anki/AnkiActivity;--->getCol()Lcom/ichi2/libanki/Collection;
03-10 03:34:17.845 16742 16742 D M_InsDal: Lcom/ichi2/anki/CollectionHelper;--->getInstance()Lcom/ichi2/anki/CollectionHelper;
03-10 03:34:17.845 16742 16742 D M_InsDal: Lcom/ichi2/anki/CollectionHelper;--->getCol(Landroid/content/Context;)Lcom/ichi2/libanki/Collection;
03-10 03:34:17.845 16742 16742 D M_InsDal: Lcom/ichi2/anki/CollectionHelper;--->getCollectionPath(Landroid/content/Context;)Ljava/lang/String;
03-10 03:34:17.845 16742 16742 D M_InsDal: Lcom/ichi2/anki/CollectionHelper;--->getCurrentAnkiDroidDirectory(Landroid/content/Context;)Ljava/lang/String;
03-10 03:34:17.845 16742 16742 D M_InsDal: Lcom/ichi2/anki/CollectionHelper;--->getDefaultAnkiDroidDirectory()Ljava/lang/String;
03-10 03:34:17.845 16742 16742 D M_InsDal: Lcom/ichi2/anki/CollectionHelper;--->colIsOpen()Z
03-10 03:34:17.845 16742 16742 D M_InsDal: Lcom/ichi2/anki/AnkiActivity;--->getCol()Lcom/ichi2/libanki/Collection;
03-10 03:34:17.845 16742 16742 D M_InsDal: Lcom/ichi2/anki/CollectionHelper;--->getInstance()Lcom/ichi2/anki/CollectionHelper;
03-10 03:34:17.845 16742 16742 D M_InsDal: Lcom/ichi2/anki/CollectionHelper;--->getCol(Landroid/content/Context;)Lcom/ichi2/libanki/Collection;
03-10 03:34:17.845 16742 16742 D M_InsDal: Lcom/ichi2/anki/CollectionHelper;--->getCollectionPath(Landroid/content/Context;)Ljava/lang/String;
03-10 03:34:17.845 16742 16742 D M_InsDal: Lcom/ichi2/anki/CollectionHelper;--->getCurrentAnkiDroidDirectory(Landroid/content/Context;)Ljava/lang/String;
03-10 03:34:17.845 16742 16742 D M_InsDal: Lcom/ichi2/anki/CollectionHelper;--->getDefaultAnkiDroidDirectory()Ljava/lang/String;
03-10 03:34:17.845 16742 16742 D M_InsDal: Lcom/ichi2/anki/CollectionHelper;--->colIsOpen()Z
03-10 03:34:17.845 16742 16742 D M_InsDal: Lcom/ichi2/anki/AnkiActivity;--->getCol()Lcom/ichi2/libanki/Collection;
03-10 03:34:17.845 16742 16742 D M_InsDal: Lcom/ichi2/anki/CollectionHelper;--->getInstance()Lcom/ichi2/anki/CollectionHelper;
03-10 03:34:17.845 16742 16742 D M_InsDal: Lcom/ichi2/anki/CollectionHelper;--->getCol(Landroid/content/Context;)Lcom/ichi2/libanki/Collection;
03-10 03:34:17.845 16742 16742 D M_InsDal: Lcom/ichi2/anki/CollectionHelper;--->getCollectionPath(Landroid/content/Context;)Ljava/lang/String;
03-10 03:34:17.845 16742 16742 D M_InsDal: Lcom/ichi2/anki/CollectionHelper;--->getCurrentAnkiDroidDirectory(Landroid/content/Context;)Ljava/lang/String;
03-10 03:34:17.845 16742 16742 D M_InsDal: Lcom/ichi2/anki/CollectionHelper;--->getDefaultAnkiDroidDirectory()Ljava/lang/String;
03-10 03:34:17.845 16742 16742 D M_InsDal: Lcom/ichi2/anki/CollectionHelper;--->colIsOpen()Z
03-10 03:34:17.846 16742 16742 D M_InsDal: Lcom/ichi2/anki/AnkiDroidApp;--->getSharedPrefs(Landroid/content/Context;)Landroid/content/SharedPreferences;
03-10 03:34:17.846 16742 16742 D M_InsDal: Lcom/ichi2/anki/CardBrowser$5;---><init>(Lcom/ichi2/anki/CardBrowser;)V
03-10 03:34:17.846 16742 16742 D M_InsDal: Lcom/ichi2/anki/AnkiDroidApp;--->getSharedPrefs(Landroid/content/Context;)Landroid/content/SharedPreferences;
03-10 03:34:17.846 16742 16742 D M_InsDal: Lcom/ichi2/anki/CardBrowser$6;---><init>(Lcom/ichi2/anki/CardBrowser;)V
03-10 03:34:17.846 16742 16742 D M_InsDal: Lcom/ichi2/anki/CardBrowser$MultiColumnListAdapter;---><init>(Lcom/ichi2/anki/CardBrowser;Landroid/content/Context;I[Ljava/lang/String;[ILjava/lang/String;ILjava/lang/String;)V
03-10 03:34:17.846 16742 16742 D M_InsDal: Lcom/ichi2/anki/CardBrowser$MultiColumnListAdapter;--->getCount()I
03-10 03:34:17.846 16742 16742 D M_InsDal: Lcom/ichi2/anki/CardBrowser;--->getCards()Ljava/util/List;
03-10 03:34:17.846 16742 16742 D M_InsDal: Lcom/ichi2/anki/CardBrowser$MultiColumnListAdapter;--->getCount()I
03-10 03:34:17.846 16742 16742 D M_InsDal: Lcom/ichi2/anki/CardBrowser;--->getCards()Ljava/util/List;
03-10 03:34:17.846 16742 16742 D M_InsDal: Lcom/ichi2/anki/CardBrowser$RenderOnScroll;---><init>(Lcom/ichi2/anki/CardBrowser;)V
03-10 03:34:17.846 16742 16742 D M_InsDal: Lcom/ichi2/anki/CardBrowser$RenderOnScroll;--->onScroll(Landroid/widget/AbsListView;III)V
03-10 03:34:17.846 16742 16742 D M_InsDal: Lcom/ichi2/anki/CardBrowser;--->getCards()Ljava/util/List;
03-10 03:34:17.847 16742 16742 D M_InsDal: Lcom/ichi2/anki/CardBrowser$7;---><init>(Lcom/ichi2/anki/CardBrowser;)V
03-10 03:34:17.847 16742 16742 D M_InsDal: Lcom/ichi2/anki/CardBrowser$8;---><init>(Lcom/ichi2/anki/CardBrowser;)V
03-10 03:34:17.848 16742 16742 D M_InsDal: Lcom/ichi2/anki/CardBrowser;--->getDeckPositionFromDeckId(J)I
03-10 03:34:17.848 16742 16742 D M_InsDal: Lcom/ichi2/anki/CardBrowser;--->selectDropDownItem(I)V
03-10 03:34:17.848 16742 16742 D M_InsDal: Lcom/ichi2/anki/widgets/DeckDropDownAdapter;--->getItemId(I)J
03-10 03:34:17.848 16742 16742 D M_InsDal: Lcom/ichi2/anki/CardBrowser;--->searchCards()V
03-10 03:34:17.848 16742 16742 D M_InsDal: Lcom/ichi2/anki/AnkiActivity;--->colIsOpen()Z
03-10 03:34:17.848 16742 16742 D M_InsDal: Lcom/ichi2/anki/CollectionHelper;--->getInstance()Lcom/ichi2/anki/CollectionHelper;
03-10 03:34:17.848 16742 16742 D M_InsDal: Lcom/ichi2/anki/CollectionHelper;--->colIsOpen()Z
03-10 03:34:17.848 16742 16742 D M_InsDal: Lcom/ichi2/anki/CardBrowser;--->getCards()Ljava/util/List;
03-10 03:34:17.848 16742 16742 D M_InsDal: Lcom/ichi2/anki/CardBrowser$MultiColumnListAdapter;--->getCount()I
03-10 03:34:17.848 16742 16742 D M_InsDal: Lcom/ichi2/anki/CardBrowser;--->getCards()Ljava/util/List;
03-10 03:34:17.848 16742 16742 D M_InsDal: Lcom/ichi2/anki/CardBrowser$MultiColumnListAdapter;--->getCount()I
03-10 03:34:17.848 16742 16742 D M_InsDal: Lcom/ichi2/anki/CardBrowser;--->getCards()Ljava/util/List;
03-10 03:34:17.848 16742 16742 D M_InsDal: Lcom/ichi2/anki/CardBrowser$16;--->onPreExecute()V
03-10 03:34:17.848 16742 16742 D M_InsDal: Lcom/ichi2/anki/AnkiActivity;--->showProgressBar()V
03-10 03:34:17.849 16742 16742 D M_InsDal: Lcom/ichi2/anki/widgets/DeckDropDownAdapter;--->getCount()I
03-10 03:34:17.849 16742 16742 D M_InsDal: Lcom/ichi2/anki/widgets/DeckDropDownAdapter;--->getView(ILandroid/view/View;Landroid/view/ViewGroup;)Landroid/view/View;
03-10 03:34:17.850 16742 16742 D M_InsDal: Lcom/ichi2/anki/widgets/DeckDropDownAdapter$DeckDropDownViewHolder;---><init>()V
03-10 03:34:17.850 16742 16742 D M_InsDal: Lcom/ichi2/anki/CardBrowser;--->getSubtitleText()Ljava/lang/String;
03-10 03:34:17.850 16742 16742 D M_InsDal: Lcom/ichi2/anki/CardBrowser;--->getCards()Ljava/util/List;
03-10 03:34:17.851 16742 16800 D M_InsDal: Lcom/ichi2/anki/AnkiDroidApp;--->getInstance()Lcom/ichi2/anki/AnkiDroidApp;
03-10 03:34:17.851 16742 16800 D M_InsDal: Lcom/ichi2/anki/CollectionHelper;--->getInstance()Lcom/ichi2/anki/CollectionHelper;
03-10 03:34:17.851 16742 16800 D M_InsDal: Lcom/ichi2/anki/CollectionHelper;--->getColSafe(Landroid/content/Context;)Lcom/ichi2/libanki/Collection;
03-10 03:34:17.851 16742 16800 D M_InsDal: Lcom/ichi2/anki/CollectionHelper;--->getCol(Landroid/content/Context;)Lcom/ichi2/libanki/Collection;
03-10 03:34:17.851 16742 16800 D M_InsDal: Lcom/ichi2/anki/CollectionHelper;--->getCollectionPath(Landroid/content/Context;)Ljava/lang/String;
03-10 03:34:17.851 16742 16800 D M_InsDal: Lcom/ichi2/anki/CollectionHelper;--->getCurrentAnkiDroidDirectory(Landroid/content/Context;)Ljava/lang/String;
03-10 03:34:17.851 16742 16800 D M_InsDal: Lcom/ichi2/anki/CollectionHelper;--->getDefaultAnkiDroidDirectory()Ljava/lang/String;
03-10 03:34:17.852 16742 16800 D M_InsDal: Lcom/ichi2/anki/CollectionHelper;--->colIsOpen()Z
03-10 03:34:17.852 16742 16800 D M_InsDal: Lcom/ichi2/anki/CollectionHelper;--->getInstance()Lcom/ichi2/anki/CollectionHelper;
03-10 03:34:17.852 16742 16800 D M_InsDal: Lcom/ichi2/anki/CollectionHelper;--->getCol(Landroid/content/Context;)Lcom/ichi2/libanki/Collection;
03-10 03:34:17.852 16742 16800 D M_InsDal: Lcom/ichi2/anki/CollectionHelper;--->getCollectionPath(Landroid/content/Context;)Ljava/lang/String;
03-10 03:34:17.852 16742 16800 D M_InsDal: Lcom/ichi2/anki/CollectionHelper;--->getCurrentAnkiDroidDirectory(Landroid/content/Context;)Ljava/lang/String;
03-10 03:34:17.852 16742 16800 D M_InsDal: Lcom/ichi2/anki/CollectionHelper;--->getDefaultAnkiDroidDirectory()Ljava/lang/String;
03-10 03:34:17.852 16742 16800 D M_InsDal: Lcom/ichi2/anki/CollectionHelper;--->colIsOpen()Z
03-10 03:34:17.855 16742 16742 D M_InsDal: Lcom/ichi2/anki/CardBrowser$MultiColumnListAdapter;--->getCount()I
03-10 03:34:17.855 16742 16742 D M_InsDal: Lcom/ichi2/anki/CardBrowser;--->getCards()Ljava/util/List;
03-10 03:34:17.859 16742 16742 D M_InsDal: Lcom/ichi2/anki/widgets/DeckDropDownAdapter;--->getItemId(I)J
03-10 03:34:17.859 16742 16742 D M_InsDal: Lcom/ichi2/anki/widgets/DeckDropDownAdapter;--->getItemId(I)J
03-10 03:34:17.860 16742 16742 D M_InsDal: Lcom/ichi2/anki/CardBrowser$RenderOnScroll;--->onScroll(Landroid/widget/AbsListView;III)V
03-10 03:34:17.860 16742 16742 D M_InsDal: Lcom/ichi2/anki/CardBrowser;--->getCards()Ljava/util/List;
03-10 03:34:17.872 16742 16742 D M_InsDal: Lcom/ichi2/anki/CardBrowser;--->onCreateOptionsMenu(Landroid/view/Menu;)Z
03-10 03:34:17.885 16742 16742 D M_InsDal: Lcom/ichi2/anki/AnkiActivity;--->getCol()Lcom/ichi2/libanki/Collection;
03-10 03:34:17.885 16742 16742 D M_InsDal: Lcom/ichi2/anki/CollectionHelper;--->getInstance()Lcom/ichi2/anki/CollectionHelper;
03-10 03:34:17.885 16742 16742 D M_InsDal: Lcom/ichi2/anki/CollectionHelper;--->getCol(Landroid/content/Context;)Lcom/ichi2/libanki/Collection;
03-10 03:34:17.885 16742 16742 D M_InsDal: Lcom/ichi2/anki/CollectionHelper;--->getCollectionPath(Landroid/content/Context;)Ljava/lang/String;
03-10 03:34:17.885 16742 16742 D M_InsDal: Lcom/ichi2/anki/CollectionHelper;--->getCurrentAnkiDroidDirectory(Landroid/content/Context;)Ljava/lang/String;
03-10 03:34:17.885 16742 16742 D M_InsDal: Lcom/ichi2/anki/CollectionHelper;--->getDefaultAnkiDroidDirectory()Ljava/lang/String;
03-10 03:34:17.885 16742 16742 D M_InsDal: Lcom/ichi2/anki/CollectionHelper;--->colIsOpen()Z
03-10 03:34:17.885 16742 16742 D M_InsDal: Lcom/ichi2/anki/CardBrowser$9;---><init>(Lcom/ichi2/anki/CardBrowser;)V
03-10 03:34:17.885 16742 16742 D M_InsDal: Lcom/ichi2/anki/CardBrowser$10;---><init>(Lcom/ichi2/anki/CardBrowser;)V
03-10 03:34:17.885 16742 16742 D M_InsDal: Lcom/ichi2/anki/CardBrowser$11;---><init>(Lcom/ichi2/anki/CardBrowser;)V
03-10 03:34:17.887 16742 16742 D M_InsDal: Lcom/ichi2/anki/widgets/DeckDropDownAdapter;--->getCount()I
03-10 03:34:17.887 16742 16742 D M_InsDal: Lcom/ichi2/anki/widgets/DeckDropDownAdapter;--->getView(ILandroid/view/View;Landroid/view/ViewGroup;)Landroid/view/View;
03-10 03:34:17.888 16742 16742 D M_InsDal: Lcom/ichi2/anki/widgets/DeckDropDownAdapter$DeckDropDownViewHolder;---><init>()V
03-10 03:34:17.888 16742 16742 D M_InsDal: Lcom/ichi2/anki/CardBrowser;--->getSubtitleText()Ljava/lang/String;
03-10 03:34:17.888 16742 16742 D M_InsDal: Lcom/ichi2/anki/CardBrowser;--->getCards()Ljava/util/List;
03-10 03:34:17.889 16742 16742 D M_InsDal: Lcom/ichi2/anki/widgets/DeckDropDownAdapter;--->getItemId(I)J
03-10 03:34:17.889 16742 16742 D M_InsDal: Lcom/ichi2/anki/widgets/DeckDropDownAdapter;--->getItemId(I)J
03-10 03:34:17.892 16742 16742 D M_InsDal: Lcom/ichi2/anki/CardBrowser$16;--->onProgressUpdate([Lcom/ichi2/async/DeckTask$TaskData;)V
03-10 03:34:17.892 16742 16742 D M_InsDal: Lcom/ichi2/anki/CardBrowser;--->updateList()V
03-10 03:34:17.892 16742 16742 D M_InsDal: Lcom/ichi2/anki/CardBrowser$MultiColumnListAdapter;--->getCount()I
03-10 03:34:17.892 16742 16742 D M_InsDal: Lcom/ichi2/anki/CardBrowser;--->getCards()Ljava/util/List;
03-10 03:34:17.892 16742 16742 D M_InsDal: Lcom/ichi2/anki/CardBrowser$MultiColumnListAdapter;--->getCount()I
03-10 03:34:17.892 16742 16742 D M_InsDal: Lcom/ichi2/anki/CardBrowser;--->getCards()Ljava/util/List;
03-10 03:34:17.892 16742 16742 D M_InsDal: Lcom/ichi2/anki/widgets/DeckDropDownAdapter;--->getCount()I
03-10 03:34:17.892 16742 16742 D M_InsDal: Lcom/ichi2/anki/widgets/DeckDropDownAdapter;--->getCount()I
03-10 03:34:17.893 16742 16742 D M_InsDal: Lcom/ichi2/anki/CardBrowser$16;--->onPostExecute(Lcom/ichi2/async/DeckTask$TaskData;)V
03-10 03:34:17.893 16742 16742 D M_InsDal: Lcom/ichi2/anki/AnkiDroidApp$ProductionCrashReportingTree;--->i(Ljava/lang/String;[Ljava/lang/Object;)V
03-10 03:34:17.893 16742 16742 D M_InsDal: Lcom/ichi2/anki/AnkiDroidApp$ProductionCrashReportingTree;--->formatString(Ljava/lang/String;[Ljava/lang/Object;)Ljava/lang/String;
03-10 03:34:17.893 16742 16742 D M_InsDal: Lcom/ichi2/anki/CardBrowser;--->updateList()V
03-10 03:34:17.893 16742 16742 D M_InsDal: Lcom/ichi2/anki/CardBrowser$MultiColumnListAdapter;--->getCount()I
03-10 03:34:17.893 16742 16742 D M_InsDal: Lcom/ichi2/anki/CardBrowser;--->getCards()Ljava/util/List;
03-10 03:34:17.893 16742 16742 D M_InsDal: Lcom/ichi2/anki/CardBrowser$MultiColumnListAdapter;--->getCount()I
03-10 03:34:17.893 16742 16742 D M_InsDal: Lcom/ichi2/anki/CardBrowser;--->getCards()Ljava/util/List;
03-10 03:34:17.893 16742 16742 D M_InsDal: Lcom/ichi2/anki/widgets/DeckDropDownAdapter;--->getCount()I
03-10 03:34:17.893 16742 16742 D M_InsDal: Lcom/ichi2/anki/widgets/DeckDropDownAdapter;--->getCount()I
03-10 03:34:17.893 16742 16742 D M_InsDal: Lcom/ichi2/anki/AnkiActivity;--->hideProgressBar()V
03-10 03:34:17.893 16742 16742 D M_InsDal: Lcom/ichi2/anki/CardBrowser$5;--->onItemSelected(Landroid/widget/AdapterView;Landroid/view/View;IJ)V
03-10 03:34:17.893 16742 16742 D M_InsDal: Lcom/ichi2/anki/CardBrowser$6;--->onItemSelected(Landroid/widget/AdapterView;Landroid/view/View;IJ)V
03-10 03:34:17.903 16742 16742 D M_InsDal: Lcom/ichi2/anki/widgets/DeckDropDownAdapter;--->getItemId(I)J
03-10 03:34:17.903 16742 16742 D M_InsDal: Lcom/ichi2/anki/widgets/DeckDropDownAdapter;--->getItemId(I)J
03-10 03:34:17.903 16742 16742 D M_InsDal: Lcom/ichi2/anki/widgets/DeckDropDownAdapter;--->getCount()I
03-10 03:34:17.903 16742 16742 D M_InsDal: Lcom/ichi2/anki/widgets/DeckDropDownAdapter;--->getView(ILandroid/view/View;Landroid/view/ViewGroup;)Landroid/view/View;
03-10 03:34:17.904 16742 16742 D M_InsDal: Lcom/ichi2/anki/widgets/DeckDropDownAdapter$DeckDropDownViewHolder;---><init>()V
03-10 03:34:17.904 16742 16742 D M_InsDal: Lcom/ichi2/anki/CardBrowser;--->getSubtitleText()Ljava/lang/String;
03-10 03:34:17.904 16742 16742 D M_InsDal: Lcom/ichi2/anki/CardBrowser;--->getCards()Ljava/util/List;
03-10 03:34:17.905 16742 16742 D M_InsDal: Lcom/ichi2/anki/CardBrowser$MultiColumnListAdapter;--->getCount()I
03-10 03:34:17.905 16742 16742 D M_InsDal: Lcom/ichi2/anki/CardBrowser;--->getCards()Ljava/util/List;
03-10 03:34:17.905 16742 16742 D M_InsDal: Lcom/ichi2/anki/widgets/DeckDropDownAdapter;--->getItemId(I)J
03-10 03:34:17.905 16742 16742 D M_InsDal: Lcom/ichi2/anki/widgets/DeckDropDownAdapter;--->getItemId(I)J
03-10 03:34:17.905 16742 16742 D M_InsDal: Lcom/ichi2/anki/CardBrowser$4;--->onItemSelected(Landroid/widget/AdapterView;Landroid/view/View;IJ)V
03-10 03:34:17.905 16742 16742 D M_InsDal: Lcom/ichi2/anki/CardBrowser;--->selectDropDownItem(I)V
03-10 03:34:17.905 16742 16742 D M_InsDal: Lcom/ichi2/anki/widgets/DeckDropDownAdapter;--->getItemId(I)J
03-10 03:34:17.905 16742 16742 D M_InsDal: Lcom/ichi2/anki/CardBrowser;--->searchCards()V
03-10 03:34:17.905 16742 16742 D M_InsDal: Lcom/ichi2/anki/AnkiActivity;--->colIsOpen()Z
03-10 03:34:17.905 16742 16742 D M_InsDal: Lcom/ichi2/anki/CollectionHelper;--->getInstance()Lcom/ichi2/anki/CollectionHelper;
03-10 03:34:17.905 16742 16742 D M_InsDal: Lcom/ichi2/anki/CollectionHelper;--->colIsOpen()Z
03-10 03:34:17.905 16742 16742 D M_InsDal: Lcom/ichi2/anki/CardBrowser;--->getCards()Ljava/util/List;
03-10 03:34:17.905 16742 16742 D M_InsDal: Lcom/ichi2/anki/CardBrowser$MultiColumnListAdapter;--->getCount()I
03-10 03:34:17.905 16742 16742 D M_InsDal: Lcom/ichi2/anki/CardBrowser;--->getCards()Ljava/util/List;
03-10 03:34:17.905 16742 16742 D M_InsDal: Lcom/ichi2/anki/CardBrowser$MultiColumnListAdapter;--->getCount()I
03-10 03:34:17.905 16742 16742 D M_InsDal: Lcom/ichi2/anki/CardBrowser;--->getCards()Ljava/util/List;
03-10 03:34:17.905 16742 16742 D M_InsDal: Lcom/ichi2/anki/CardBrowser$16;--->onPreExecute()V
03-10 03:34:17.905 16742 16742 D M_InsDal: Lcom/ichi2/anki/AnkiActivity;--->showProgressBar()V
03-10 03:34:17.906 16742 16742 D M_InsDal: Lcom/ichi2/anki/widgets/DeckDropDownAdapter;--->getItemId(I)J
03-10 03:34:17.906 16742 16742 D M_InsDal: Lcom/ichi2/anki/widgets/DeckDropDownAdapter;--->getView(ILandroid/view/View;Landroid/view/ViewGroup;)Landroid/view/View;
03-10 03:34:17.906 16742 16800 D M_InsDal: Lcom/ichi2/anki/AnkiDroidApp;--->getInstance()Lcom/ichi2/anki/AnkiDroidApp;
03-10 03:34:17.906 16742 16800 D M_InsDal: Lcom/ichi2/anki/CollectionHelper;--->getInstance()Lcom/ichi2/anki/CollectionHelper;
03-10 03:34:17.906 16742 16800 D M_InsDal: Lcom/ichi2/anki/CollectionHelper;--->getColSafe(Landroid/content/Context;)Lcom/ichi2/libanki/Collection;
03-10 03:34:17.906 16742 16800 D M_InsDal: Lcom/ichi2/anki/CollectionHelper;--->getCol(Landroid/content/Context;)Lcom/ichi2/libanki/Collection;
03-10 03:34:17.906 16742 16800 D M_InsDal: Lcom/ichi2/anki/CollectionHelper;--->getCollectionPath(Landroid/content/Context;)Ljava/lang/String;
03-10 03:34:17.906 16742 16800 D M_InsDal: Lcom/ichi2/anki/CollectionHelper;--->getCurrentAnkiDroidDirectory(Landroid/content/Context;)Ljava/lang/String;
03-10 03:34:17.906 16742 16800 D M_InsDal: Lcom/ichi2/anki/CollectionHelper;--->getDefaultAnkiDroidDirectory()Ljava/lang/String;
03-10 03:34:17.906 16742 16800 D M_InsDal: Lcom/ichi2/anki/CollectionHelper;--->colIsOpen()Z
03-10 03:34:17.906 16742 16742 D M_InsDal: Lcom/ichi2/anki/widgets/DeckDropDownAdapter$DeckDropDownViewHolder;---><init>()V
03-10 03:34:17.906 16742 16800 D M_InsDal: Lcom/ichi2/anki/CollectionHelper;--->getInstance()Lcom/ichi2/anki/CollectionHelper;
03-10 03:34:17.906 16742 16800 D M_InsDal: Lcom/ichi2/anki/CollectionHelper;--->getCol(Landroid/content/Context;)Lcom/ichi2/libanki/Collection;
03-10 03:34:17.906 16742 16800 D M_InsDal: Lcom/ichi2/anki/CollectionHelper;--->getCollectionPath(Landroid/content/Context;)Ljava/lang/String;
03-10 03:34:17.906 16742 16800 D M_InsDal: Lcom/ichi2/anki/CollectionHelper;--->getCurrentAnkiDroidDirectory(Landroid/content/Context;)Ljava/lang/String;
03-10 03:34:17.906 16742 16742 D M_InsDal: Lcom/ichi2/anki/CardBrowser;--->getSubtitleText()Ljava/lang/String;
03-10 03:34:17.906 16742 16800 D M_InsDal: Lcom/ichi2/anki/CollectionHelper;--->getDefaultAnkiDroidDirectory()Ljava/lang/String;
03-10 03:34:17.906 16742 16742 D M_InsDal: Lcom/ichi2/anki/CardBrowser;--->getCards()Ljava/util/List;
03-10 03:34:17.906 16742 16800 D M_InsDal: Lcom/ichi2/anki/CollectionHelper;--->colIsOpen()Z
03-10 03:34:17.906 16742 16742 D M_InsDal: Lcom/ichi2/anki/widgets/DeckDropDownAdapter;--->getItemId(I)J
03-10 03:34:17.907 16742 16742 D M_InsDal: Lcom/ichi2/anki/CardBrowser$RenderOnScroll;--->onScroll(Landroid/widget/AbsListView;III)V
03-10 03:34:17.907 16742 16742 D M_InsDal: Lcom/ichi2/anki/CardBrowser;--->getCards()Ljava/util/List;
03-10 03:34:17.910 16742 16742 D M_InsDal: Lcom/ichi2/anki/CardBrowser$16;--->onProgressUpdate([Lcom/ichi2/async/DeckTask$TaskData;)V
03-10 03:34:17.910 16742 16742 D M_InsDal: Lcom/ichi2/anki/CardBrowser;--->updateList()V
03-10 03:34:17.910 16742 16742 D M_InsDal: Lcom/ichi2/anki/CardBrowser$MultiColumnListAdapter;--->getCount()I
03-10 03:34:17.910 16742 16742 D M_InsDal: Lcom/ichi2/anki/CardBrowser;--->getCards()Ljava/util/List;
03-10 03:34:17.910 16742 16742 D M_InsDal: Lcom/ichi2/anki/CardBrowser$MultiColumnListAdapter;--->getCount()I
03-10 03:34:17.910 16742 16742 D M_InsDal: Lcom/ichi2/anki/CardBrowser;--->getCards()Ljava/util/List;
03-10 03:34:17.910 16742 16742 D M_InsDal: Lcom/ichi2/anki/widgets/DeckDropDownAdapter;--->getCount()I
03-10 03:34:17.910 16742 16742 D M_InsDal: Lcom/ichi2/anki/widgets/DeckDropDownAdapter;--->getCount()I
03-10 03:34:17.910 16742 16742 D M_InsDal: Lcom/ichi2/anki/CardBrowser$16;--->onPostExecute(Lcom/ichi2/async/DeckTask$TaskData;)V
03-10 03:34:17.910 16742 16742 D M_InsDal: Lcom/ichi2/anki/AnkiDroidApp$ProductionCrashReportingTree;--->i(Ljava/lang/String;[Ljava/lang/Object;)V
03-10 03:34:17.910 16742 16742 D M_InsDal: Lcom/ichi2/anki/AnkiDroidApp$ProductionCrashReportingTree;--->formatString(Ljava/lang/String;[Ljava/lang/Object;)Ljava/lang/String;
03-10 03:34:17.911 16742 16742 D M_InsDal: Lcom/ichi2/anki/CardBrowser;--->updateList()V
03-10 03:34:17.911 16742 16742 D M_InsDal: Lcom/ichi2/anki/CardBrowser$MultiColumnListAdapter;--->getCount()I
03-10 03:34:17.911 16742 16742 D M_InsDal: Lcom/ichi2/anki/CardBrowser;--->getCards()Ljava/util/List;
03-10 03:34:17.911 16742 16742 D M_InsDal: Lcom/ichi2/anki/CardBrowser$MultiColumnListAdapter;--->getCount()I
03-10 03:34:17.911 16742 16742 D M_InsDal: Lcom/ichi2/anki/CardBrowser;--->getCards()Ljava/util/List;
03-10 03:34:17.911 16742 16742 D M_InsDal: Lcom/ichi2/anki/widgets/DeckDropDownAdapter;--->getCount()I
03-10 03:34:17.911 16742 16742 D M_InsDal: Lcom/ichi2/anki/widgets/DeckDropDownAdapter;--->getCount()I
03-10 03:34:17.911 16742 16742 D M_InsDal: Lcom/ichi2/anki/AnkiActivity;--->hideProgressBar()V
03-10 03:34:17.919 16742 16742 D M_InsDal: Lcom/ichi2/anki/widgets/DeckDropDownAdapter;--->getItemId(I)J
03-10 03:34:17.919 16742 16742 D M_InsDal: Lcom/ichi2/anki/widgets/DeckDropDownAdapter;--->getItemId(I)J
03-10 03:34:17.919 16742 16742 D M_InsDal: Lcom/ichi2/anki/widgets/DeckDropDownAdapter;--->getCount()I
03-10 03:34:17.919 16742 16742 D M_InsDal: Lcom/ichi2/anki/widgets/DeckDropDownAdapter;--->getView(ILandroid/view/View;Landroid/view/ViewGroup;)Landroid/view/View;
03-10 03:34:17.920 16742 16742 D M_InsDal: Lcom/ichi2/anki/widgets/DeckDropDownAdapter$DeckDropDownViewHolder;---><init>()V
03-10 03:34:17.920 16742 16742 D M_InsDal: Lcom/ichi2/anki/CardBrowser;--->getSubtitleText()Ljava/lang/String;
03-10 03:34:17.920 16742 16742 D M_InsDal: Lcom/ichi2/anki/CardBrowser;--->getCards()Ljava/util/List;
03-10 03:34:17.920 16742 16742 D M_InsDal: Lcom/ichi2/anki/CardBrowser$MultiColumnListAdapter;--->getCount()I
03-10 03:34:17.920 16742 16742 D M_InsDal: Lcom/ichi2/anki/CardBrowser;--->getCards()Ljava/util/List;
03-10 03:34:17.921 16742 16742 D M_InsDal: Lcom/ichi2/anki/widgets/DeckDropDownAdapter;--->getItemId(I)J
03-10 03:34:17.921 16742 16742 D M_InsDal: Lcom/ichi2/anki/widgets/DeckDropDownAdapter;--->getItemId(I)J
03-10 03:34:17.921 16742 16742 D M_InsDal: Lcom/ichi2/anki/widgets/DeckDropDownAdapter;--->getView(ILandroid/view/View;Landroid/view/ViewGroup;)Landroid/view/View;
03-10 03:34:17.921 16742 16742 D M_InsDal: Lcom/ichi2/anki/widgets/DeckDropDownAdapter$DeckDropDownViewHolder;---><init>()V
03-10 03:34:17.921 16742 16742 D M_InsDal: Lcom/ichi2/anki/CardBrowser;--->getSubtitleText()Ljava/lang/String;
03-10 03:34:17.921 16742 16742 D M_InsDal: Lcom/ichi2/anki/CardBrowser;--->getCards()Ljava/util/List;
03-10 03:34:17.921 16742 16742 D M_InsDal: Lcom/ichi2/anki/widgets/DeckDropDownAdapter;--->getItemId(I)J
03-10 03:34:17.921 16742 16742 D M_InsDal: Lcom/ichi2/anki/CardBrowser$RenderOnScroll;--->onScroll(Landroid/widget/AbsListView;III)V
03-10 03:34:17.921 16742 16742 D M_InsDal: Lcom/ichi2/anki/CardBrowser;--->getCards()Ljava/util/List;
