--------- beginning of main
--------- beginning of system
03-10 03:42:18.556 22104 22104 D M_InsDal: Lcom/ichi2/anki/AnkiDroidApp;---><clinit>()V
03-10 03:42:18.556 22104 22104 D M_InsDal: Lcom/ichi2/anki/AnkiDroidApp;---><init>()V
03-10 03:42:18.558 22104 22104 D M_InsDal: Lcom/ichi2/anki/provider/CardContentProvider;---><clinit>()V
03-10 03:42:18.558 22104 22104 D M_InsDal: Lcom/ichi2/anki/FlashCardsContract$Note;---><clinit>()V
03-10 03:42:18.558 22104 22104 D M_InsDal: Lcom/ichi2/anki/FlashCardsContract;---><clinit>()V
03-10 03:42:18.559 22104 22104 D M_InsDal: Lcom/ichi2/anki/provider/CardContentProvider;---><init>()V
03-10 03:42:18.559 22104 22104 D M_InsDal: Lcom/ichi2/anki/provider/CardContentProvider;--->onCreate()Z
03-10 03:42:18.564 22104 22104 D M_InsDal: Lcom/ichi2/anki/AnkiDroidApp;--->onCreate()V
03-10 03:42:18.564 22104 22104 D M_InsDal: Lcom/ichi2/anki/AnkiDroidApp;--->getSharedPrefs(Landroid/content/Context;)Landroid/content/SharedPreferences;
03-10 03:42:18.567 22104 22104 D M_InsDal: Lcom/ichi2/anki/AnkiDroidApp$ProductionCrashReportingTree;---><clinit>()V
03-10 03:42:18.567 22104 22104 D M_InsDal: Lcom/ichi2/anki/AnkiDroidApp$ProductionCrashReportingTree;---><init>()V
03-10 03:42:18.567 22104 22104 D M_InsDal: Lcom/ichi2/anki/AnkiDroidApp;--->setAcraReportingMode(Ljava/lang/String;)V
03-10 03:42:18.567 22104 22104 D M_InsDal: Lcom/ichi2/anki/AnkiDroidApp;--->setLanguage(Ljava/lang/String;)V
03-10 03:42:18.567 22104 22104 D M_InsDal: Lcom/ichi2/anki/AnkiDroidApp;--->getInstance()Lcom/ichi2/anki/AnkiDroidApp;
03-10 03:42:18.567 22104 22104 D M_InsDal: Lcom/ichi2/anki/AnkiDroidApp;--->getInstance()Lcom/ichi2/anki/AnkiDroidApp;
03-10 03:42:18.567 22104 22104 D M_InsDal: Lcom/ichi2/anki/AnkiDroidApp;--->getSharedPrefs(Landroid/content/Context;)Landroid/content/SharedPreferences;
03-10 03:42:18.567 22104 22104 D M_InsDal: Lcom/ichi2/anki/AnkiDroidApp;--->getInstance()Lcom/ichi2/anki/AnkiDroidApp;
03-10 03:42:18.567 22104 22104 D M_InsDal: Lcom/ichi2/anki/AnkiDroidApp;--->getInstance()Lcom/ichi2/anki/AnkiDroidApp;
03-10 03:42:18.620 22104 22104 D M_InsDal: Lcom/ichi2/anki/CollectionHelper;--->hasStorageAccessPermission(Landroid/content/Context;)Z
03-10 03:42:18.620 22104 22104 D M_InsDal: Lcom/ichi2/anki/CollectionHelper;--->getCurrentAnkiDroidDirectory(Landroid/content/Context;)Ljava/lang/String;
03-10 03:42:18.620 22104 22104 D M_InsDal: Lcom/ichi2/anki/CollectionHelper;--->getDefaultAnkiDroidDirectory()Ljava/lang/String;
03-10 03:42:18.620 22104 22104 D M_InsDal: Lcom/ichi2/anki/CollectionHelper;--->initializeAnkiDroidDirectory(Ljava/lang/String;)V
03-10 03:42:18.625 22104 22104 D M_InsDal: Lcom/ichi2/anki/Statistics;---><init>()V
03-10 03:42:18.625 22104 22104 D M_InsDal: Lcom/ichi2/anki/NavigationDrawerActivity;---><init>()V
03-10 03:42:18.625 22104 22104 D M_InsDal: Lcom/ichi2/anki/AnkiActivity;---><init>()V
03-10 03:42:18.625 22104 22104 D M_InsDal: Lcom/ichi2/anki/dialogs/DialogHandler;---><init>(Lcom/ichi2/anki/AnkiActivity;)V
03-10 03:42:18.628 22104 22104 D M_InsDal: Lcom/ichi2/anki/Statistics;--->onCreate(Landroid/os/Bundle;)V
03-10 03:42:18.628 22104 22104 D M_InsDal: Lcom/ichi2/anki/AnkiActivity;--->onCreate(Landroid/os/Bundle;)V
03-10 03:42:18.628 22104 22104 D M_InsDal: Lcom/ichi2/anki/AnkiDroidApp;--->getSharedPrefs(Landroid/content/Context;)Landroid/content/SharedPreferences;
03-10 03:42:18.664 22104 22104 D M_InsDal: Lcom/ichi2/anki/NavigationDrawerActivity;--->initNavigationDrawer(Landroid/view/View;)V
03-10 03:42:18.666 22104 22104 D M_InsDal: Lcom/ichi2/anki/NavigationDrawerActivity$1;---><init>(Lcom/ichi2/anki/NavigationDrawerActivity;)V
03-10 03:42:18.666 22104 22104 D M_InsDal: Lcom/ichi2/anki/AnkiDroidApp;--->getSharedPrefs(Landroid/content/Context;)Landroid/content/SharedPreferences;
03-10 03:42:18.666 22104 22104 D M_InsDal: Lcom/ichi2/anki/NavigationDrawerActivity$2;---><init>(Lcom/ichi2/anki/NavigationDrawerActivity;Landroid/content/SharedPreferences;)V
03-10 03:42:18.666 22104 22104 D M_InsDal: Lcom/ichi2/anki/NavigationDrawerActivity$3;---><init>(Lcom/ichi2/anki/NavigationDrawerActivity;Landroid/app/Activity;Landroid/support/v4/widget/DrawerLayout;II)V
03-10 03:42:18.666 22104 22104 D M_InsDal: Lcom/ichi2/anki/AnkiActivity;--->startLoadingCollection()V
03-10 03:42:18.666 22104 22104 D M_InsDal: Lcom/ichi2/anki/AnkiActivity;--->colIsOpen()Z
03-10 03:42:18.666 22104 22104 D M_InsDal: Lcom/ichi2/anki/CollectionHelper;--->getInstance()Lcom/ichi2/anki/CollectionHelper;
03-10 03:42:18.666 22104 22104 D M_InsDal: Lcom/ichi2/anki/CollectionHelper$LazyHolder;---><clinit>()V
03-10 03:42:18.666 22104 22104 D M_InsDal: Lcom/ichi2/anki/CollectionHelper;---><init>()V
03-10 03:42:18.666 22104 22104 D M_InsDal: Lcom/ichi2/anki/CollectionHelper;--->colIsOpen()Z
03-10 03:42:18.666 22104 22104 D M_InsDal: Lcom/ichi2/anki/AnkiActivity;--->showProgressBar()V
03-10 03:42:18.666 22104 22104 D M_InsDal: Lcom/ichi2/anki/AnkiActivity;--->onCreateLoader(ILandroid/os/Bundle;)Landroid/support/v4/content/Loader;
03-10 03:42:18.668 22104 22104 D M_InsDal: Lcom/ichi2/anki/CollectionHelper;--->getInstance()Lcom/ichi2/anki/CollectionHelper;
03-10 03:42:18.668 22104 22104 D M_InsDal: Lcom/ichi2/anki/CollectionHelper;--->isCollectionLocked()Z
03-10 03:42:18.669 22104 22104 D M_InsDal: Lcom/ichi2/anki/AnkiActivity;--->onStart()V
03-10 03:42:18.669 22104 22141 D M_InsDal: Lcom/ichi2/anki/CollectionHelper;--->getInstance()Lcom/ichi2/anki/CollectionHelper;
03-10 03:42:18.669 22104 22141 D M_InsDal: Lcom/ichi2/anki/CollectionHelper;--->getCol(Landroid/content/Context;)Lcom/ichi2/libanki/Collection;
03-10 03:42:18.669 22104 22141 D M_InsDal: Lcom/ichi2/anki/CollectionHelper;--->getCollectionPath(Landroid/content/Context;)Ljava/lang/String;
03-10 03:42:18.669 22104 22141 D M_InsDal: Lcom/ichi2/anki/CollectionHelper;--->getCurrentAnkiDroidDirectory(Landroid/content/Context;)Ljava/lang/String;
03-10 03:42:18.669 22104 22141 D M_InsDal: Lcom/ichi2/anki/CollectionHelper;--->getDefaultAnkiDroidDirectory()Ljava/lang/String;
03-10 03:42:18.670 22104 22141 D M_InsDal: Lcom/ichi2/anki/CollectionHelper;--->colIsOpen()Z
03-10 03:42:18.670 22104 22141 D M_InsDal: Lcom/ichi2/anki/CollectionHelper;--->getParentDirectory(Ljava/lang/String;)Ljava/lang/String;
03-10 03:42:18.670 22104 22141 D M_InsDal: Lcom/ichi2/anki/CollectionHelper;--->initializeAnkiDroidDirectory(Ljava/lang/String;)V
03-10 03:42:18.670 22104 22141 D M_InsDal: Lcom/ichi2/anki/AnkiDroidApp$ProductionCrashReportingTree;--->i(Ljava/lang/String;[Ljava/lang/Object;)V
03-10 03:42:18.670 22104 22141 D M_InsDal: Lcom/ichi2/anki/AnkiDroidApp$ProductionCrashReportingTree;--->formatString(Ljava/lang/String;[Ljava/lang/Object;)Ljava/lang/String;
03-10 03:42:18.675 22104 22141 D M_InsDal: Lcom/ichi2/anki/AnkiDroidApp;--->getInstance()Lcom/ichi2/anki/AnkiDroidApp;
03-10 03:42:18.682 22104 22104 D M_InsDal: Lcom/ichi2/anki/NavigationDrawerActivity;--->onPostCreate(Landroid/os/Bundle;)V
03-10 03:42:18.682 22104 22104 D M_InsDal: Lcom/ichi2/anki/Statistics;--->onResume()V
03-10 03:42:18.682 22104 22104 D M_InsDal: Lcom/ichi2/anki/NavigationDrawerActivity;--->selectNavigationItem(I)V
03-10 03:42:18.683 22104 22104 D M_InsDal: Lcom/ichi2/anki/AnkiActivity;--->onResume()V
03-10 03:42:18.683 22104 22104 D M_InsDal: Lcom/ichi2/anki/dialogs/DialogHandler;--->readMessage()V
03-10 03:42:18.695 22104 22104 D M_InsDal: Lcom/ichi2/anki/AnkiActivity;--->onLoadFinished(Landroid/support/v4/content/Loader;Lcom/ichi2/libanki/Collection;)V
03-10 03:42:18.695 22104 22104 D M_InsDal: Lcom/ichi2/anki/AnkiActivity;--->hideProgressBar()V
03-10 03:42:18.695 22104 22104 D M_InsDal: Lcom/ichi2/anki/AnkiActivity;--->colIsOpen()Z
03-10 03:42:18.695 22104 22104 D M_InsDal: Lcom/ichi2/anki/CollectionHelper;--->getInstance()Lcom/ichi2/anki/CollectionHelper;
03-10 03:42:18.695 22104 22104 D M_InsDal: Lcom/ichi2/anki/CollectionHelper;--->colIsOpen()Z
03-10 03:42:18.695 22104 22104 D M_InsDal: Lcom/ichi2/anki/Statistics;--->onCollectionLoaded(Lcom/ichi2/libanki/Collection;)V
03-10 03:42:18.695 22104 22104 D M_InsDal: Lcom/ichi2/anki/AnkiActivity;--->getCol()Lcom/ichi2/libanki/Collection;
03-10 03:42:18.695 22104 22104 D M_InsDal: Lcom/ichi2/anki/CollectionHelper;--->getInstance()Lcom/ichi2/anki/CollectionHelper;
03-10 03:42:18.695 22104 22104 D M_InsDal: Lcom/ichi2/anki/CollectionHelper;--->getCol(Landroid/content/Context;)Lcom/ichi2/libanki/Collection;
03-10 03:42:18.695 22104 22104 D M_InsDal: Lcom/ichi2/anki/CollectionHelper;--->getCollectionPath(Landroid/content/Context;)Ljava/lang/String;
03-10 03:42:18.695 22104 22104 D M_InsDal: Lcom/ichi2/anki/CollectionHelper;--->getCurrentAnkiDroidDirectory(Landroid/content/Context;)Ljava/lang/String;
03-10 03:42:18.695 22104 22104 D M_InsDal: Lcom/ichi2/anki/CollectionHelper;--->getDefaultAnkiDroidDirectory()Ljava/lang/String;
03-10 03:42:18.695 22104 22104 D M_InsDal: Lcom/ichi2/anki/CollectionHelper;--->colIsOpen()Z
03-10 03:42:18.695 22104 22104 D M_InsDal: Lcom/ichi2/anki/widgets/DeckDropDownAdapter;---><init>(Landroid/content/Context;Ljava/util/ArrayList;)V
03-10 03:42:18.696 22104 22104 D M_InsDal: Lcom/ichi2/anki/widgets/DeckDropDownAdapter;--->getCount()I
03-10 03:42:18.696 22104 22104 D M_InsDal: Lcom/ichi2/anki/widgets/DeckDropDownAdapter;--->getCount()I
03-10 03:42:18.696 22104 22104 D M_InsDal: Lcom/ichi2/anki/widgets/DeckDropDownAdapter;--->getItemId(I)J
03-10 03:42:18.696 22104 22104 D M_InsDal: Lcom/ichi2/anki/widgets/DeckDropDownAdapter;--->getItemId(I)J
03-10 03:42:18.696 22104 22104 D M_InsDal: Lcom/ichi2/anki/Statistics$1;---><init>(Lcom/ichi2/anki/Statistics;)V
03-10 03:42:18.696 22104 22104 D M_InsDal: Lcom/ichi2/anki/stats/AnkiStatsTaskHandler;---><clinit>()V
03-10 03:42:18.696 22104 22104 D M_InsDal: Lcom/ichi2/anki/stats/AnkiStatsTaskHandler;---><init>(Lcom/ichi2/libanki/Collection;)V
03-10 03:42:18.696 22104 22104 D M_InsDal: Lcom/ichi2/anki/Statistics$SectionsPagerAdapter;---><init>(Lcom/ichi2/anki/Statistics;Landroid/support/v4/app/FragmentManager;)V
03-10 03:42:18.697 22104 22104 D M_InsDal: Lcom/ichi2/anki/Statistics$SectionsPagerAdapter;--->getCount()I
03-10 03:42:18.697 22104 22104 D M_InsDal: Lcom/ichi2/anki/Statistics$SectionsPagerAdapter;--->getCount()I
03-10 03:42:18.697 22104 22104 D M_InsDal: Lcom/ichi2/anki/Statistics$SectionsPagerAdapter;--->getPageTitle(I)Ljava/lang/CharSequence;
03-10 03:42:18.697 22104 22104 D M_InsDal: Lcom/ichi2/anki/Statistics$SectionsPagerAdapter;--->getCount()I
03-10 03:42:18.698 22104 22104 D M_InsDal: Lcom/ichi2/anki/Statistics$SectionsPagerAdapter;--->getPageTitle(I)Ljava/lang/CharSequence;
03-10 03:42:18.698 22104 22104 D M_InsDal: Lcom/ichi2/anki/Statistics$SectionsPagerAdapter;--->getCount()I
03-10 03:42:18.698 22104 22104 D M_InsDal: Lcom/ichi2/anki/Statistics$SectionsPagerAdapter;--->getPageTitle(I)Ljava/lang/CharSequence;
03-10 03:42:18.698 22104 22104 D M_InsDal: Lcom/ichi2/anki/Statistics$SectionsPagerAdapter;--->getCount()I
03-10 03:42:18.698 22104 22104 D M_InsDal: Lcom/ichi2/anki/Statistics$SectionsPagerAdapter;--->getPageTitle(I)Ljava/lang/CharSequence;
03-10 03:42:18.698 22104 22104 D M_InsDal: Lcom/ichi2/anki/Statistics$SectionsPagerAdapter;--->getCount()I
03-10 03:42:18.698 22104 22104 D M_InsDal: Lcom/ichi2/anki/Statistics$SectionsPagerAdapter;--->getPageTitle(I)Ljava/lang/CharSequence;
03-10 03:42:18.698 22104 22104 D M_InsDal: Lcom/ichi2/anki/Statistics$SectionsPagerAdapter;--->getCount()I
03-10 03:42:18.698 22104 22104 D M_InsDal: Lcom/ichi2/anki/Statistics$SectionsPagerAdapter;--->getPageTitle(I)Ljava/lang/CharSequence;
03-10 03:42:18.698 22104 22104 D M_InsDal: Lcom/ichi2/anki/Statistics$SectionsPagerAdapter;--->getCount()I
03-10 03:42:18.699 22104 22104 D M_InsDal: Lcom/ichi2/anki/Statistics$SectionsPagerAdapter;--->getPageTitle(I)Ljava/lang/CharSequence;
03-10 03:42:18.699 22104 22104 D M_InsDal: Lcom/ichi2/anki/Statistics$SectionsPagerAdapter;--->getCount()I
03-10 03:42:18.699 22104 22104 D M_InsDal: Lcom/ichi2/anki/Statistics$SectionsPagerAdapter;--->getPageTitle(I)Ljava/lang/CharSequence;
03-10 03:42:18.699 22104 22104 D M_InsDal: Lcom/ichi2/anki/Statistics$SectionsPagerAdapter;--->getCount()I
03-10 03:42:18.699 22104 22104 D M_InsDal: Lcom/ichi2/anki/Statistics$SectionsPagerAdapter;--->getPageTitle(I)Ljava/lang/CharSequence;
03-10 03:42:18.699 22104 22104 D M_InsDal: Lcom/ichi2/anki/Statistics$SectionsPagerAdapter;--->getCount()I
03-10 03:42:18.699 22104 22104 D M_InsDal: Lcom/ichi2/anki/stats/AnkiStatsTaskHandler;--->setmStandardTextSize(F)V
03-10 03:42:18.699 22104 22104 D M_InsDal: Lcom/ichi2/anki/Statistics$SectionsPagerAdapter;--->getCount()I
03-10 03:42:18.699 22104 22104 D M_InsDal: Lcom/ichi2/anki/Statistics$SectionsPagerAdapter;--->getCount()I
03-10 03:42:18.699 22104 22104 D M_InsDal: Lcom/ichi2/anki/AnkiActivity;--->getCol()Lcom/ichi2/libanki/Collection;
03-10 03:42:18.699 22104 22104 D M_InsDal: Lcom/ichi2/anki/CollectionHelper;--->getInstance()Lcom/ichi2/anki/CollectionHelper;
03-10 03:42:18.699 22104 22104 D M_InsDal: Lcom/ichi2/anki/CollectionHelper;--->getCol(Landroid/content/Context;)Lcom/ichi2/libanki/Collection;
03-10 03:42:18.699 22104 22104 D M_InsDal: Lcom/ichi2/anki/CollectionHelper;--->getCollectionPath(Landroid/content/Context;)Ljava/lang/String;
03-10 03:42:18.699 22104 22104 D M_InsDal: Lcom/ichi2/anki/CollectionHelper;--->getCurrentAnkiDroidDirectory(Landroid/content/Context;)Ljava/lang/String;
03-10 03:42:18.699 22104 22104 D M_InsDal: Lcom/ichi2/anki/CollectionHelper;--->getDefaultAnkiDroidDirectory()Ljava/lang/String;
03-10 03:42:18.699 22104 22104 D M_InsDal: Lcom/ichi2/anki/CollectionHelper;--->colIsOpen()Z
03-10 03:42:18.700 22104 22104 D M_InsDal: Lcom/ichi2/anki/Statistics;--->selectDropDownItem(I)V
03-10 03:42:18.700 22104 22104 D M_InsDal: Lcom/ichi2/anki/widgets/DeckDropDownAdapter;--->getItemId(I)J
03-10 03:42:18.700 22104 22104 D M_InsDal: Lcom/ichi2/anki/AnkiActivity;--->getCol()Lcom/ichi2/libanki/Collection;
03-10 03:42:18.700 22104 22104 D M_InsDal: Lcom/ichi2/anki/CollectionHelper;--->getInstance()Lcom/ichi2/anki/CollectionHelper;
03-10 03:42:18.700 22104 22104 D M_InsDal: Lcom/ichi2/anki/CollectionHelper;--->getCol(Landroid/content/Context;)Lcom/ichi2/libanki/Collection;
03-10 03:42:18.700 22104 22104 D M_InsDal: Lcom/ichi2/anki/CollectionHelper;--->getCollectionPath(Landroid/content/Context;)Ljava/lang/String;
03-10 03:42:18.700 22104 22104 D M_InsDal: Lcom/ichi2/anki/CollectionHelper;--->getCurrentAnkiDroidDirectory(Landroid/content/Context;)Ljava/lang/String;
03-10 03:42:18.700 22104 22104 D M_InsDal: Lcom/ichi2/anki/CollectionHelper;--->getDefaultAnkiDroidDirectory()Ljava/lang/String;
03-10 03:42:18.700 22104 22104 D M_InsDal: Lcom/ichi2/anki/CollectionHelper;--->colIsOpen()Z
03-10 03:42:18.700 22104 22104 D M_InsDal: Lcom/ichi2/anki/stats/AnkiStatsTaskHandler;--->setIsWholeCollection(Z)V
03-10 03:42:18.700 22104 22104 D M_InsDal: Lcom/ichi2/anki/Statistics$SectionsPagerAdapter;--->getCount()I
03-10 03:42:18.700 22104 22104 D M_InsDal: Lcom/ichi2/anki/Statistics$SectionsPagerAdapter;--->getCount()I
03-10 03:42:18.704 22104 22104 D M_InsDal: Lcom/ichi2/anki/widgets/DeckDropDownAdapter;--->getCount()I
03-10 03:42:18.704 22104 22104 D M_InsDal: Lcom/ichi2/anki/widgets/DeckDropDownAdapter;--->getView(ILandroid/view/View;Landroid/view/ViewGroup;)Landroid/view/View;
03-10 03:42:18.705 22104 22104 D M_InsDal: Lcom/ichi2/anki/widgets/DeckDropDownAdapter$DeckDropDownViewHolder;---><init>()V
03-10 03:42:18.705 22104 22104 D M_InsDal: Lcom/ichi2/anki/Statistics;--->getSubtitleText()Ljava/lang/String;
03-10 03:42:18.709 22104 22104 D M_InsDal: Lcom/ichi2/anki/Statistics$SectionsPagerAdapter;--->getCount()I
03-10 03:42:18.710 22104 22104 D M_InsDal: Lcom/ichi2/anki/Statistics$SectionsPagerAdapter;--->getItem(I)Landroid/support/v4/app/Fragment;
03-10 03:42:18.710 22104 22104 D M_InsDal: Lcom/ichi2/anki/Statistics$StatisticFragment;--->newInstance(I)Lcom/ichi2/anki/Statistics$StatisticFragment;
03-10 03:42:18.710 22104 22104 D M_InsDal: Lcom/ichi2/anki/Statistics$OverviewStatisticsFragment;---><init>()V
03-10 03:42:18.710 22104 22104 D M_InsDal: Lcom/ichi2/anki/Statistics$StatisticFragment;---><init>()V
03-10 03:42:18.710 22104 22104 D M_InsDal: Lcom/ichi2/anki/Statistics$OverviewStatisticsFragment;--->checkAndUpdate()V
03-10 03:42:18.710 22104 22104 D M_InsDal: Lcom/ichi2/anki/Statistics$SectionsPagerAdapter;--->getItem(I)Landroid/support/v4/app/Fragment;
03-10 03:42:18.710 22104 22104 D M_InsDal: Lcom/ichi2/anki/Statistics$StatisticFragment;--->newInstance(I)Lcom/ichi2/anki/Statistics$StatisticFragment;
03-10 03:42:18.710 22104 22104 D M_InsDal: Lcom/ichi2/anki/Statistics$ChartFragment;---><init>()V
03-10 03:42:18.710 22104 22104 D M_InsDal: Lcom/ichi2/anki/Statistics$StatisticFragment;---><init>()V
03-10 03:42:18.710 22104 22104 D M_InsDal: Lcom/ichi2/anki/Statistics$ChartFragment;--->checkAndUpdate()V
03-10 03:42:18.710 22104 22104 D M_InsDal: Lcom/ichi2/anki/Statistics$SectionsPagerAdapter;--->getItem(I)Landroid/support/v4/app/Fragment;
03-10 03:42:18.710 22104 22104 D M_InsDal: Lcom/ichi2/anki/Statistics$StatisticFragment;--->newInstance(I)Lcom/ichi2/anki/Statistics$StatisticFragment;
03-10 03:42:18.710 22104 22104 D M_InsDal: Lcom/ichi2/anki/Statistics$ChartFragment;---><init>()V
03-10 03:42:18.710 22104 22104 D M_InsDal: Lcom/ichi2/anki/Statistics$StatisticFragment;---><init>()V
03-10 03:42:18.710 22104 22104 D M_InsDal: Lcom/ichi2/anki/Statistics$ChartFragment;--->checkAndUpdate()V
03-10 03:42:18.710 22104 22104 D M_InsDal: Lcom/ichi2/anki/Statistics$SectionsPagerAdapter;--->getItem(I)Landroid/support/v4/app/Fragment;
03-10 03:42:18.710 22104 22104 D M_InsDal: Lcom/ichi2/anki/Statistics$StatisticFragment;--->newInstance(I)Lcom/ichi2/anki/Statistics$StatisticFragment;
03-10 03:42:18.710 22104 22104 D M_InsDal: Lcom/ichi2/anki/Statistics$ChartFragment;---><init>()V
03-10 03:42:18.710 22104 22104 D M_InsDal: Lcom/ichi2/anki/Statistics$StatisticFragment;---><init>()V
03-10 03:42:18.710 22104 22104 D M_InsDal: Lcom/ichi2/anki/Statistics$ChartFragment;--->checkAndUpdate()V
03-10 03:42:18.710 22104 22104 D M_InsDal: Lcom/ichi2/anki/Statistics$SectionsPagerAdapter;--->getItem(I)Landroid/support/v4/app/Fragment;
03-10 03:42:18.710 22104 22104 D M_InsDal: Lcom/ichi2/anki/Statistics$StatisticFragment;--->newInstance(I)Lcom/ichi2/anki/Statistics$StatisticFragment;
03-10 03:42:18.710 22104 22104 D M_InsDal: Lcom/ichi2/anki/Statistics$ChartFragment;---><init>()V
03-10 03:42:18.710 22104 22104 D M_InsDal: Lcom/ichi2/anki/Statistics$StatisticFragment;---><init>()V
03-10 03:42:18.710 22104 22104 D M_InsDal: Lcom/ichi2/anki/Statistics$ChartFragment;--->checkAndUpdate()V
03-10 03:42:18.710 22104 22104 D M_InsDal: Lcom/ichi2/anki/Statistics$SectionsPagerAdapter;--->getItem(I)Landroid/support/v4/app/Fragment;
03-10 03:42:18.710 22104 22104 D M_InsDal: Lcom/ichi2/anki/Statistics$StatisticFragment;--->newInstance(I)Lcom/ichi2/anki/Statistics$StatisticFragment;
03-10 03:42:18.710 22104 22104 D M_InsDal: Lcom/ichi2/anki/Statistics$ChartFragment;---><init>()V
03-10 03:42:18.710 22104 22104 D M_InsDal: Lcom/ichi2/anki/Statistics$StatisticFragment;---><init>()V
03-10 03:42:18.710 22104 22104 D M_InsDal: Lcom/ichi2/anki/Statistics$ChartFragment;--->checkAndUpdate()V
03-10 03:42:18.710 22104 22104 D M_InsDal: Lcom/ichi2/anki/Statistics$SectionsPagerAdapter;--->getItem(I)Landroid/support/v4/app/Fragment;
03-10 03:42:18.711 22104 22104 D M_InsDal: Lcom/ichi2/anki/Statistics$StatisticFragment;--->newInstance(I)Lcom/ichi2/anki/Statistics$StatisticFragment;
03-10 03:42:18.711 22104 22104 D M_InsDal: Lcom/ichi2/anki/Statistics$ChartFragment;---><init>()V
03-10 03:42:18.711 22104 22104 D M_InsDal: Lcom/ichi2/anki/Statistics$StatisticFragment;---><init>()V
03-10 03:42:18.711 22104 22104 D M_InsDal: Lcom/ichi2/anki/Statistics$ChartFragment;--->checkAndUpdate()V
03-10 03:42:18.711 22104 22104 D M_InsDal: Lcom/ichi2/anki/Statistics$SectionsPagerAdapter;--->getItem(I)Landroid/support/v4/app/Fragment;
03-10 03:42:18.711 22104 22104 D M_InsDal: Lcom/ichi2/anki/Statistics$StatisticFragment;--->newInstance(I)Lcom/ichi2/anki/Statistics$StatisticFragment;
03-10 03:42:18.711 22104 22104 D M_InsDal: Lcom/ichi2/anki/Statistics$ChartFragment;---><init>()V
03-10 03:42:18.711 22104 22104 D M_InsDal: Lcom/ichi2/anki/Statistics$StatisticFragment;---><init>()V
03-10 03:42:18.711 22104 22104 D M_InsDal: Lcom/ichi2/anki/Statistics$ChartFragment;--->checkAndUpdate()V
03-10 03:42:18.711 22104 22104 D M_InsDal: Lcom/ichi2/anki/Statistics$SectionsPagerAdapter;--->getItem(I)Landroid/support/v4/app/Fragment;
03-10 03:42:18.711 22104 22104 D M_InsDal: Lcom/ichi2/anki/Statistics$StatisticFragment;--->newInstance(I)Lcom/ichi2/anki/Statistics$StatisticFragment;
03-10 03:42:18.711 22104 22104 D M_InsDal: Lcom/ichi2/anki/Statistics$ChartFragment;---><init>()V
03-10 03:42:18.711 22104 22104 D M_InsDal: Lcom/ichi2/anki/Statistics$StatisticFragment;---><init>()V
03-10 03:42:18.711 22104 22104 D M_InsDal: Lcom/ichi2/anki/Statistics$ChartFragment;--->checkAndUpdate()V
03-10 03:42:18.711 22104 22104 D M_InsDal: Lcom/ichi2/anki/Statistics$SectionsPagerAdapter;--->getCount()I
03-10 03:42:18.711 22104 22104 D M_InsDal: Lcom/ichi2/anki/Statistics$OverviewStatisticsFragment;--->onCreateView(Landroid/view/LayoutInflater;Landroid/view/ViewGroup;Landroid/os/Bundle;)Landroid/view/View;
03-10 03:42:18.800 22104 22104 D M_InsDal: Lcom/ichi2/anki/Statistics;--->getTaskHandler()Lcom/ichi2/anki/stats/AnkiStatsTaskHandler;
03-10 03:42:18.800 22104 22104 D M_InsDal: Lcom/ichi2/anki/Statistics$OverviewStatisticsFragment;--->createStatisticOverview()V
03-10 03:42:18.800 22104 22104 D M_InsDal: Lcom/ichi2/anki/Statistics;--->getTaskHandler()Lcom/ichi2/anki/stats/AnkiStatsTaskHandler;
03-10 03:42:18.800 22104 22104 D M_InsDal: Lcom/ichi2/anki/stats/AnkiStatsTaskHandler;--->createStatisticsOverview([Landroid/view/View;)Lcom/ichi2/anki/stats/AnkiStatsTaskHandler$CreateStatisticsOverview;
03-10 03:42:18.801 22104 22104 D M_InsDal: Lcom/ichi2/anki/stats/AnkiStatsTaskHandler$CreateStatisticsOverview;---><init>(Lcom/ichi2/anki/stats/AnkiStatsTaskHandler;)V
03-10 03:42:18.801 22104 22104 D M_InsDal: Lcom/ichi2/anki/stats/AnkiStatsTaskHandler;--->getStatType()Lcom/ichi2/libanki/Stats$AxisType;
03-10 03:42:18.801 22104 22104 D M_InsDal: Lcom/ichi2/anki/Statistics;--->getViewPager()Landroid/support/v4/view/ViewPager;
03-10 03:42:18.801 22104 22104 D M_InsDal: Lcom/ichi2/anki/Statistics;--->getSectionsPagerAdapter()Lcom/ichi2/anki/Statistics$SectionsPagerAdapter;
03-10 03:42:18.801 22104 22104 D M_InsDal: Lcom/ichi2/anki/CollectionHelper;--->getInstance()Lcom/ichi2/anki/CollectionHelper;
03-10 03:42:18.801 22104 22104 D M_InsDal: Lcom/ichi2/anki/CollectionHelper;--->getCol(Landroid/content/Context;)Lcom/ichi2/libanki/Collection;
03-10 03:42:18.801 22104 22104 D M_InsDal: Lcom/ichi2/anki/CollectionHelper;--->getCollectionPath(Landroid/content/Context;)Ljava/lang/String;
03-10 03:42:18.801 22104 22104 D M_InsDal: Lcom/ichi2/anki/CollectionHelper;--->getCurrentAnkiDroidDirectory(Landroid/content/Context;)Ljava/lang/String;
03-10 03:42:18.801 22104 22104 D M_InsDal: Lcom/ichi2/anki/CollectionHelper;--->getDefaultAnkiDroidDirectory()Ljava/lang/String;
03-10 03:42:18.801 22104 22186 D M_InsDal: Lcom/ichi2/anki/stats/AnkiStatsTaskHandler$CreateStatisticsOverview;--->doInBackground([Landroid/view/View;)Ljava/lang/String;
03-10 03:42:18.801 22104 22104 D M_InsDal: Lcom/ichi2/anki/CollectionHelper;--->colIsOpen()Z
03-10 03:42:18.801 22104 22104 D M_InsDal: Lcom/ichi2/anki/Statistics$OverviewStatisticsFragment;--->isWholeCollection()Z
03-10 03:42:18.801 22104 22186 D M_InsDal: Lcom/ichi2/anki/stats/OverviewStatsBuilder;---><init>(Landroid/webkit/WebView;Lcom/ichi2/libanki/Collection;ZLcom/ichi2/libanki/Stats$AxisType;)V
03-10 03:42:18.801 22104 22186 D M_InsDal: Lcom/ichi2/anki/stats/OverviewStatsBuilder;--->createInfoHtmlString()Ljava/lang/String;
03-10 03:42:18.802 22104 22186 D M_InsDal: Lcom/ichi2/anki/stats/OverviewStatsBuilder;--->appendTodaysStats(Ljava/lang/StringBuilder;)V
03-10 03:42:18.803 22104 22186 D M_InsDal: Lcom/ichi2/anki/stats/OverviewStatsBuilder;--->_title(Ljava/lang/String;)Ljava/lang/String;
03-10 03:42:18.804 22104 22186 D M_InsDal: Lcom/ichi2/anki/stats/OverviewStatsBuilder;--->appendOverViewStats(Ljava/lang/StringBuilder;)V
03-10 03:42:18.805 22104 22186 D M_InsDal: Lcom/ichi2/anki/stats/OverviewStatsBuilder$OverviewStats;---><init>(Lcom/ichi2/anki/stats/OverviewStatsBuilder;)V
03-10 03:42:18.806 22104 22186 D M_InsDal: Lcom/ichi2/anki/stats/OverviewStatsBuilder;--->_title(Ljava/lang/String;)Ljava/lang/String;
03-10 03:42:18.806 22104 22186 D M_InsDal: Lcom/ichi2/anki/stats/OverviewStatsBuilder;--->calculateForecastOverview(Lcom/ichi2/libanki/Stats$AxisType;Lcom/ichi2/anki/stats/OverviewStatsBuilder$OverviewStats;)V
03-10 03:42:18.806 22104 22186 D M_InsDal: Lcom/ichi2/anki/stats/OverviewStatsBuilder$1;---><clinit>()V
03-10 03:42:18.806 22104 22186 D M_InsDal: Lcom/ichi2/anki/stats/OverviewStatsBuilder;--->_due(Ljava/lang/Integer;Ljava/lang/Integer;I)Ljava/util/List;
03-10 03:42:18.806 22104 22186 D M_InsDal: Lcom/ichi2/anki/stats/OverviewStatsBuilder;--->_limit()Ljava/lang/String;
03-10 03:42:18.807 22104 22186 D M_InsDal: Lcom/ichi2/anki/stats/OverviewStatsBuilder;--->_limit()Ljava/lang/String;
03-10 03:42:18.807 22104 22186 D M_InsDal: Lcom/ichi2/anki/stats/OverviewStatsBuilder;--->_subtitle(Ljava/lang/String;)Ljava/lang/String;
03-10 03:42:18.808 22104 22186 D M_InsDal: Lcom/ichi2/anki/stats/OverviewStatsBuilder;--->_subtitle(Ljava/lang/String;)Ljava/lang/String;
03-10 03:42:18.809 22104 22104 D M_InsDal: Lcom/ichi2/anki/Statistics$ChartFragment;--->onCreate(Landroid/os/Bundle;)V
03-10 03:42:18.809 22104 22104 D M_InsDal: Lcom/ichi2/anki/Statistics$ChartFragment;--->onCreateView(Landroid/view/LayoutInflater;Landroid/view/ViewGroup;Landroid/os/Bundle;)Landroid/view/View;
03-10 03:42:18.810 22104 22104 D M_InsDal: Lcom/ichi2/anki/stats/ChartView;---><init>(Landroid/content/Context;Landroid/util/AttributeSet;)V
03-10 03:42:18.810 22104 22104 D M_InsDal: Lcom/ichi2/anki/Statistics;--->getTaskHandler()Lcom/ichi2/anki/stats/AnkiStatsTaskHandler;
03-10 03:42:18.810 22104 22104 D M_InsDal: Lcom/ichi2/anki/Statistics$ChartFragment;--->createChart()V
03-10 03:42:18.810 22104 22104 D M_InsDal: Lcom/ichi2/anki/Statistics;--->getTaskHandler()Lcom/ichi2/anki/stats/AnkiStatsTaskHandler;
03-10 03:42:18.811 22104 22104 D M_InsDal: Lcom/ichi2/anki/stats/AnkiStatsTaskHandler;--->createChart(Lcom/ichi2/libanki/Stats$ChartType;[Landroid/view/View;)Lcom/ichi2/anki/stats/AnkiStatsTaskHandler$CreateChartTask;
03-10 03:42:18.811 22104 22104 D M_InsDal: Lcom/ichi2/anki/stats/AnkiStatsTaskHandler$CreateChartTask;---><init>(Lcom/ichi2/anki/stats/AnkiStatsTaskHandler;Lcom/ichi2/libanki/Stats$ChartType;)V
03-10 03:42:18.811 22104 22104 D M_InsDal: Lcom/ichi2/anki/stats/ChartView;--->addFragment(Lcom/ichi2/anki/Statistics$ChartFragment;)V
03-10 03:42:18.811 22104 22104 D M_InsDal: Lcom/ichi2/anki/Statistics;--->getTaskHandler()Lcom/ichi2/anki/stats/AnkiStatsTaskHandler;
03-10 03:42:18.811 22104 22104 D M_InsDal: Lcom/ichi2/anki/stats/AnkiStatsTaskHandler;--->getStatType()Lcom/ichi2/libanki/Stats$AxisType;
03-10 03:42:18.811 22104 22186 D M_InsDal: Lcom/ichi2/anki/stats/AnkiStatsTaskHandler$CreateChartTask;--->doInBackground([Landroid/view/View;)Lcom/wildplot/android/rendering/PlotSheet;
03-10 03:42:18.811 22104 22104 D M_InsDal: Lcom/ichi2/anki/Statistics;--->getViewPager()Landroid/support/v4/view/ViewPager;
03-10 03:42:18.811 22104 22104 D M_InsDal: Lcom/ichi2/anki/Statistics;--->getSectionsPagerAdapter()Lcom/ichi2/anki/Statistics$SectionsPagerAdapter;
03-10 03:42:18.811 22104 22104 D M_InsDal: Lcom/ichi2/anki/CollectionHelper;--->getInstance()Lcom/ichi2/anki/CollectionHelper;
03-10 03:42:18.811 22104 22104 D M_InsDal: Lcom/ichi2/anki/CollectionHelper;--->getCol(Landroid/content/Context;)Lcom/ichi2/libanki/Collection;
03-10 03:42:18.811 22104 22104 D M_InsDal: Lcom/ichi2/anki/CollectionHelper;--->getCollectionPath(Landroid/content/Context;)Ljava/lang/String;
03-10 03:42:18.811 22104 22104 D M_InsDal: Lcom/ichi2/anki/CollectionHelper;--->getCurrentAnkiDroidDirectory(Landroid/content/Context;)Ljava/lang/String;
03-10 03:42:18.811 22104 22104 D M_InsDal: Lcom/ichi2/anki/CollectionHelper;--->getDefaultAnkiDroidDirectory()Ljava/lang/String;
03-10 03:42:18.811 22104 22186 D M_InsDal: Lcom/ichi2/anki/stats/ChartBuilder;---><init>(Lcom/ichi2/anki/stats/ChartView;Lcom/ichi2/libanki/Collection;ZLcom/ichi2/libanki/Stats$ChartType;)V
03-10 03:42:18.811 22104 22186 D M_InsDal: Lcom/ichi2/anki/stats/ChartBuilder;--->renderChart(Lcom/ichi2/libanki/Stats$AxisType;)Lcom/wildplot/android/rendering/PlotSheet;
03-10 03:42:18.811 22104 22186 D M_InsDal: Lcom/ichi2/anki/stats/ChartBuilder;--->calcStats(Lcom/ichi2/libanki/Stats$AxisType;)V
03-10 03:42:18.811 22104 22186 D M_InsDal: Lcom/ichi2/anki/stats/ChartBuilder$1;---><clinit>()V
03-10 03:42:18.811 22104 22186 D M_InsDal: Lcom/ichi2/anki/stats/StatsMetaInfo;---><init>()V
03-10 03:42:18.811 22104 22186 D M_InsDal: Lcom/ichi2/anki/stats/StatsMetaInfo;--->isStatsCalculated()Z
03-10 03:42:18.811 22104 22104 D M_InsDal: Lcom/ichi2/anki/CollectionHelper;--->colIsOpen()Z
03-10 03:42:18.811 22104 22104 D M_InsDal: Lcom/ichi2/anki/Statistics$ChartFragment;--->isWholeCollection()Z
03-10 03:42:18.811 22104 22104 D M_InsDal: Lcom/ichi2/anki/CollectionHelper;--->getInstance()Lcom/ichi2/anki/CollectionHelper;
03-10 03:42:18.811 22104 22104 D M_InsDal: Lcom/ichi2/anki/CollectionHelper;--->getCol(Landroid/content/Context;)Lcom/ichi2/libanki/Collection;
03-10 03:42:18.811 22104 22104 D M_InsDal: Lcom/ichi2/anki/CollectionHelper;--->getCollectionPath(Landroid/content/Context;)Ljava/lang/String;
03-10 03:42:18.811 22104 22104 D M_InsDal: Lcom/ichi2/anki/CollectionHelper;--->getCurrentAnkiDroidDirectory(Landroid/content/Context;)Ljava/lang/String;
03-10 03:42:18.811 22104 22104 D M_InsDal: Lcom/ichi2/anki/CollectionHelper;--->getDefaultAnkiDroidDirectory()Ljava/lang/String;
03-10 03:42:18.812 22104 22104 D M_InsDal: Lcom/ichi2/anki/CollectionHelper;--->colIsOpen()Z
03-10 03:42:18.812 22104 22104 D M_InsDal: Lcom/ichi2/anki/Statistics$ChartFragment;--->onCreate(Landroid/os/Bundle;)V
03-10 03:42:18.812 22104 22104 D M_InsDal: Lcom/ichi2/anki/Statistics$ChartFragment;--->onCreateView(Landroid/view/LayoutInflater;Landroid/view/ViewGroup;Landroid/os/Bundle;)Landroid/view/View;
03-10 03:42:18.813 22104 22104 D M_InsDal: Lcom/ichi2/anki/stats/ChartView;---><init>(Landroid/content/Context;Landroid/util/AttributeSet;)V
03-10 03:42:18.813 22104 22104 D M_InsDal: Lcom/ichi2/anki/Statistics;--->getTaskHandler()Lcom/ichi2/anki/stats/AnkiStatsTaskHandler;
03-10 03:42:18.813 22104 22104 D M_InsDal: Lcom/ichi2/anki/Statistics$ChartFragment;--->createChart()V
03-10 03:42:18.813 22104 22104 D M_InsDal: Lcom/ichi2/anki/Statistics;--->getTaskHandler()Lcom/ichi2/anki/stats/AnkiStatsTaskHandler;
03-10 03:42:18.813 22104 22104 D M_InsDal: Lcom/ichi2/anki/stats/AnkiStatsTaskHandler;--->createChart(Lcom/ichi2/libanki/Stats$ChartType;[Landroid/view/View;)Lcom/ichi2/anki/stats/AnkiStatsTaskHandler$CreateChartTask;
03-10 03:42:18.813 22104 22104 D M_InsDal: Lcom/ichi2/anki/stats/AnkiStatsTaskHandler$CreateChartTask;---><init>(Lcom/ichi2/anki/stats/AnkiStatsTaskHandler;Lcom/ichi2/libanki/Stats$ChartType;)V
03-10 03:42:18.813 22104 22104 D M_InsDal: Lcom/ichi2/anki/stats/ChartView;--->addFragment(Lcom/ichi2/anki/Statistics$ChartFragment;)V
03-10 03:42:18.813 22104 22104 D M_InsDal: Lcom/ichi2/anki/Statistics;--->getTaskHandler()Lcom/ichi2/anki/stats/AnkiStatsTaskHandler;
03-10 03:42:18.813 22104 22104 D M_InsDal: Lcom/ichi2/anki/stats/AnkiStatsTaskHandler;--->getStatType()Lcom/ichi2/libanki/Stats$AxisType;
03-10 03:42:18.813 22104 22186 D M_InsDal: Lcom/ichi2/anki/stats/AnkiStatsTaskHandler$CreateChartTask;--->doInBackground([Landroid/view/View;)Lcom/wildplot/android/rendering/PlotSheet;
03-10 03:42:18.813 22104 22104 D M_InsDal: Lcom/ichi2/anki/Statistics;--->getViewPager()Landroid/support/v4/view/ViewPager;
03-10 03:42:18.813 22104 22104 D M_InsDal: Lcom/ichi2/anki/Statistics;--->getSectionsPagerAdapter()Lcom/ichi2/anki/Statistics$SectionsPagerAdapter;
03-10 03:42:18.813 22104 22104 D M_InsDal: Lcom/ichi2/anki/CollectionHelper;--->getInstance()Lcom/ichi2/anki/CollectionHelper;
03-10 03:42:18.813 22104 22186 D M_InsDal: Lcom/ichi2/anki/stats/ChartBuilder;---><init>(Lcom/ichi2/anki/stats/ChartView;Lcom/ichi2/libanki/Collection;ZLcom/ichi2/libanki/Stats$ChartType;)V
03-10 03:42:18.813 22104 22104 D M_InsDal: Lcom/ichi2/anki/CollectionHelper;--->getCol(Landroid/content/Context;)Lcom/ichi2/libanki/Collection;
03-10 03:42:18.813 22104 22104 D M_InsDal: Lcom/ichi2/anki/CollectionHelper;--->getCollectionPath(Landroid/content/Context;)Ljava/lang/String;
03-10 03:42:18.813 22104 22186 D M_InsDal: Lcom/ichi2/anki/stats/ChartBuilder;--->renderChart(Lcom/ichi2/libanki/Stats$AxisType;)Lcom/wildplot/android/rendering/PlotSheet;
03-10 03:42:18.813 22104 22104 D M_InsDal: Lcom/ichi2/anki/CollectionHelper;--->getCurrentAnkiDroidDirectory(Landroid/content/Context;)Ljava/lang/String;
03-10 03:42:18.813 22104 22186 D M_InsDal: Lcom/ichi2/anki/stats/ChartBuilder;--->calcStats(Lcom/ichi2/libanki/Stats$AxisType;)V
03-10 03:42:18.813 22104 22104 D M_InsDal: Lcom/ichi2/anki/CollectionHelper;--->getDefaultAnkiDroidDirectory()Ljava/lang/String;
03-10 03:42:18.813 22104 22104 D M_InsDal: Lcom/ichi2/anki/CollectionHelper;--->colIsOpen()Z
03-10 03:42:18.813 22104 22104 D M_InsDal: Lcom/ichi2/anki/Statistics$ChartFragment;--->isWholeCollection()Z
03-10 03:42:18.813 22104 22104 D M_InsDal: Lcom/ichi2/anki/CollectionHelper;--->getInstance()Lcom/ichi2/anki/CollectionHelper;
03-10 03:42:18.813 22104 22104 D M_InsDal: Lcom/ichi2/anki/CollectionHelper;--->getCol(Landroid/content/Context;)Lcom/ichi2/libanki/Collection;
03-10 03:42:18.813 22104 22104 D M_InsDal: Lcom/ichi2/anki/CollectionHelper;--->getCollectionPath(Landroid/content/Context;)Ljava/lang/String;
03-10 03:42:18.813 22104 22104 D M_InsDal: Lcom/ichi2/anki/CollectionHelper;--->getCurrentAnkiDroidDirectory(Landroid/content/Context;)Ljava/lang/String;
03-10 03:42:18.813 22104 22104 D M_InsDal: Lcom/ichi2/anki/CollectionHelper;--->getDefaultAnkiDroidDirectory()Ljava/lang/String;
03-10 03:42:18.814 22104 22104 D M_InsDal: Lcom/ichi2/anki/CollectionHelper;--->colIsOpen()Z
03-10 03:42:18.814 22104 22104 D M_InsDal: Lcom/ichi2/anki/Statistics$ChartFragment;--->onCreate(Landroid/os/Bundle;)V
03-10 03:42:18.814 22104 22104 D M_InsDal: Lcom/ichi2/anki/Statistics$ChartFragment;--->onCreateView(Landroid/view/LayoutInflater;Landroid/view/ViewGroup;Landroid/os/Bundle;)Landroid/view/View;
03-10 03:42:18.814 22104 22104 D M_InsDal: Lcom/ichi2/anki/stats/ChartView;---><init>(Landroid/content/Context;Landroid/util/AttributeSet;)V
03-10 03:42:18.814 22104 22104 D M_InsDal: Lcom/ichi2/anki/Statistics;--->getTaskHandler()Lcom/ichi2/anki/stats/AnkiStatsTaskHandler;
03-10 03:42:18.814 22104 22104 D M_InsDal: Lcom/ichi2/anki/Statistics$ChartFragment;--->createChart()V
03-10 03:42:18.814 22104 22104 D M_InsDal: Lcom/ichi2/anki/Statistics;--->getTaskHandler()Lcom/ichi2/anki/stats/AnkiStatsTaskHandler;
03-10 03:42:18.814 22104 22104 D M_InsDal: Lcom/ichi2/anki/stats/AnkiStatsTaskHandler;--->createChart(Lcom/ichi2/libanki/Stats$ChartType;[Landroid/view/View;)Lcom/ichi2/anki/stats/AnkiStatsTaskHandler$CreateChartTask;
03-10 03:42:18.814 22104 22104 D M_InsDal: Lcom/ichi2/anki/stats/AnkiStatsTaskHandler$CreateChartTask;---><init>(Lcom/ichi2/anki/stats/AnkiStatsTaskHandler;Lcom/ichi2/libanki/Stats$ChartType;)V
03-10 03:42:18.814 22104 22104 D M_InsDal: Lcom/ichi2/anki/stats/ChartView;--->addFragment(Lcom/ichi2/anki/Statistics$ChartFragment;)V
03-10 03:42:18.814 22104 22104 D M_InsDal: Lcom/ichi2/anki/Statistics;--->getTaskHandler()Lcom/ichi2/anki/stats/AnkiStatsTaskHandler;
03-10 03:42:18.814 22104 22104 D M_InsDal: Lcom/ichi2/anki/stats/AnkiStatsTaskHandler;--->getStatType()Lcom/ichi2/libanki/Stats$AxisType;
03-10 03:42:18.814 22104 22104 D M_InsDal: Lcom/ichi2/anki/Statistics;--->getViewPager()Landroid/support/v4/view/ViewPager;
03-10 03:42:18.814 22104 22104 D M_InsDal: Lcom/ichi2/anki/Statistics;--->getSectionsPagerAdapter()Lcom/ichi2/anki/Statistics$SectionsPagerAdapter;
03-10 03:42:18.814 22104 22104 D M_InsDal: Lcom/ichi2/anki/CollectionHelper;--->getInstance()Lcom/ichi2/anki/CollectionHelper;
03-10 03:42:18.814 22104 22104 D M_InsDal: Lcom/ichi2/anki/CollectionHelper;--->getCol(Landroid/content/Context;)Lcom/ichi2/libanki/Collection;
03-10 03:42:18.814 22104 22104 D M_InsDal: Lcom/ichi2/anki/CollectionHelper;--->getCollectionPath(Landroid/content/Context;)Ljava/lang/String;
03-10 03:42:18.814 22104 22104 D M_InsDal: Lcom/ichi2/anki/CollectionHelper;--->getCurrentAnkiDroidDirectory(Landroid/content/Context;)Ljava/lang/String;
03-10 03:42:18.814 22104 22104 D M_InsDal: Lcom/ichi2/anki/CollectionHelper;--->getDefaultAnkiDroidDirectory()Ljava/lang/String;
03-10 03:42:18.815 22104 22186 D M_InsDal: Lcom/ichi2/anki/stats/AnkiStatsTaskHandler$CreateChartTask;--->doInBackground([Landroid/view/View;)Lcom/wildplot/android/rendering/PlotSheet;
03-10 03:42:18.815 22104 22186 D M_InsDal: Lcom/ichi2/anki/stats/ChartBuilder;---><init>(Lcom/ichi2/anki/stats/ChartView;Lcom/ichi2/libanki/Collection;ZLcom/ichi2/libanki/Stats$ChartType;)V
03-10 03:42:18.815 22104 22186 D M_InsDal: Lcom/ichi2/anki/stats/ChartBuilder;--->renderChart(Lcom/ichi2/libanki/Stats$AxisType;)Lcom/wildplot/android/rendering/PlotSheet;
03-10 03:42:18.815 22104 22186 D M_InsDal: Lcom/ichi2/anki/stats/ChartBuilder;--->calcStats(Lcom/ichi2/libanki/Stats$AxisType;)V
03-10 03:42:18.815 22104 22104 D M_InsDal: Lcom/ichi2/anki/CollectionHelper;--->colIsOpen()Z
03-10 03:42:18.815 22104 22104 D M_InsDal: Lcom/ichi2/anki/Statistics$ChartFragment;--->isWholeCollection()Z
03-10 03:42:18.815 22104 22104 D M_InsDal: Lcom/ichi2/anki/CollectionHelper;--->getInstance()Lcom/ichi2/anki/CollectionHelper;
03-10 03:42:18.815 22104 22104 D M_InsDal: Lcom/ichi2/anki/CollectionHelper;--->getCol(Landroid/content/Context;)Lcom/ichi2/libanki/Collection;
03-10 03:42:18.815 22104 22104 D M_InsDal: Lcom/ichi2/anki/CollectionHelper;--->getCollectionPath(Landroid/content/Context;)Ljava/lang/String;
03-10 03:42:18.815 22104 22104 D M_InsDal: Lcom/ichi2/anki/CollectionHelper;--->getCurrentAnkiDroidDirectory(Landroid/content/Context;)Ljava/lang/String;
03-10 03:42:18.815 22104 22104 D M_InsDal: Lcom/ichi2/anki/CollectionHelper;--->getDefaultAnkiDroidDirectory()Ljava/lang/String;
03-10 03:42:18.815 22104 22104 D M_InsDal: Lcom/ichi2/anki/CollectionHelper;--->colIsOpen()Z
03-10 03:42:18.815 22104 22104 D M_InsDal: Lcom/ichi2/anki/Statistics$ChartFragment;--->onCreate(Landroid/os/Bundle;)V
03-10 03:42:18.815 22104 22104 D M_InsDal: Lcom/ichi2/anki/Statistics$ChartFragment;--->onCreateView(Landroid/view/LayoutInflater;Landroid/view/ViewGroup;Landroid/os/Bundle;)Landroid/view/View;
03-10 03:42:18.815 22104 22104 D M_InsDal: Lcom/ichi2/anki/stats/ChartView;---><init>(Landroid/content/Context;Landroid/util/AttributeSet;)V
03-10 03:42:18.816 22104 22104 D M_InsDal: Lcom/ichi2/anki/Statistics;--->getTaskHandler()Lcom/ichi2/anki/stats/AnkiStatsTaskHandler;
03-10 03:42:18.816 22104 22104 D M_InsDal: Lcom/ichi2/anki/Statistics$ChartFragment;--->createChart()V
03-10 03:42:18.816 22104 22104 D M_InsDal: Lcom/ichi2/anki/Statistics;--->getTaskHandler()Lcom/ichi2/anki/stats/AnkiStatsTaskHandler;
03-10 03:42:18.816 22104 22104 D M_InsDal: Lcom/ichi2/anki/stats/AnkiStatsTaskHandler;--->createChart(Lcom/ichi2/libanki/Stats$ChartType;[Landroid/view/View;)Lcom/ichi2/anki/stats/AnkiStatsTaskHandler$CreateChartTask;
03-10 03:42:18.816 22104 22104 D M_InsDal: Lcom/ichi2/anki/stats/AnkiStatsTaskHandler$CreateChartTask;---><init>(Lcom/ichi2/anki/stats/AnkiStatsTaskHandler;Lcom/ichi2/libanki/Stats$ChartType;)V
03-10 03:42:18.816 22104 22104 D M_InsDal: Lcom/ichi2/anki/stats/ChartView;--->addFragment(Lcom/ichi2/anki/Statistics$ChartFragment;)V
03-10 03:42:18.816 22104 22104 D M_InsDal: Lcom/ichi2/anki/Statistics;--->getTaskHandler()Lcom/ichi2/anki/stats/AnkiStatsTaskHandler;
03-10 03:42:18.816 22104 22104 D M_InsDal: Lcom/ichi2/anki/stats/AnkiStatsTaskHandler;--->getStatType()Lcom/ichi2/libanki/Stats$AxisType;
03-10 03:42:18.816 22104 22104 D M_InsDal: Lcom/ichi2/anki/Statistics;--->getViewPager()Landroid/support/v4/view/ViewPager;
03-10 03:42:18.816 22104 22104 D M_InsDal: Lcom/ichi2/anki/Statistics;--->getSectionsPagerAdapter()Lcom/ichi2/anki/Statistics$SectionsPagerAdapter;
03-10 03:42:18.816 22104 22104 D M_InsDal: Lcom/ichi2/anki/CollectionHelper;--->getInstance()Lcom/ichi2/anki/CollectionHelper;
03-10 03:42:18.816 22104 22104 D M_InsDal: Lcom/ichi2/anki/CollectionHelper;--->getCol(Landroid/content/Context;)Lcom/ichi2/libanki/Collection;
03-10 03:42:18.816 22104 22104 D M_InsDal: Lcom/ichi2/anki/CollectionHelper;--->getCollectionPath(Landroid/content/Context;)Ljava/lang/String;
03-10 03:42:18.816 22104 22104 D M_InsDal: Lcom/ichi2/anki/CollectionHelper;--->getCurrentAnkiDroidDirectory(Landroid/content/Context;)Ljava/lang/String;
03-10 03:42:18.816 22104 22104 D M_InsDal: Lcom/ichi2/anki/CollectionHelper;--->getDefaultAnkiDroidDirectory()Ljava/lang/String;
03-10 03:42:18.816 22104 22104 D M_InsDal: Lcom/ichi2/anki/CollectionHelper;--->colIsOpen()Z
03-10 03:42:18.816 22104 22104 D M_InsDal: Lcom/ichi2/anki/Statistics$ChartFragment;--->isWholeCollection()Z
03-10 03:42:18.816 22104 22104 D M_InsDal: Lcom/ichi2/anki/CollectionHelper;--->getInstance()Lcom/ichi2/anki/CollectionHelper;
03-10 03:42:18.816 22104 22104 D M_InsDal: Lcom/ichi2/anki/CollectionHelper;--->getCol(Landroid/content/Context;)Lcom/ichi2/libanki/Collection;
03-10 03:42:18.816 22104 22104 D M_InsDal: Lcom/ichi2/anki/CollectionHelper;--->getCollectionPath(Landroid/content/Context;)Ljava/lang/String;
03-10 03:42:18.816 22104 22104 D M_InsDal: Lcom/ichi2/anki/CollectionHelper;--->getCurrentAnkiDroidDirectory(Landroid/content/Context;)Ljava/lang/String;
03-10 03:42:18.816 22104 22104 D M_InsDal: Lcom/ichi2/anki/CollectionHelper;--->getDefaultAnkiDroidDirectory()Ljava/lang/String;
03-10 03:42:18.816 22104 22186 D M_InsDal: Lcom/ichi2/anki/stats/AnkiStatsTaskHandler$CreateChartTask;--->doInBackground([Landroid/view/View;)Lcom/wildplot/android/rendering/PlotSheet;
03-10 03:42:18.816 22104 22186 D M_InsDal: Lcom/ichi2/anki/stats/ChartBuilder;---><init>(Lcom/ichi2/anki/stats/ChartView;Lcom/ichi2/libanki/Collection;ZLcom/ichi2/libanki/Stats$ChartType;)V
03-10 03:42:18.816 22104 22186 D M_InsDal: Lcom/ichi2/anki/stats/ChartBuilder;--->renderChart(Lcom/ichi2/libanki/Stats$AxisType;)Lcom/wildplot/android/rendering/PlotSheet;
03-10 03:42:18.816 22104 22186 D M_InsDal: Lcom/ichi2/anki/stats/ChartBuilder;--->calcStats(Lcom/ichi2/libanki/Stats$AxisType;)V
03-10 03:42:18.816 22104 22104 D M_InsDal: Lcom/ichi2/anki/CollectionHelper;--->colIsOpen()Z
03-10 03:42:18.817 22104 22104 D M_InsDal: Lcom/ichi2/anki/Statistics$ChartFragment;--->onCreate(Landroid/os/Bundle;)V
03-10 03:42:18.817 22104 22104 D M_InsDal: Lcom/ichi2/anki/Statistics$ChartFragment;--->onCreateView(Landroid/view/LayoutInflater;Landroid/view/ViewGroup;Landroid/os/Bundle;)Landroid/view/View;
03-10 03:42:18.817 22104 22104 D M_InsDal: Lcom/ichi2/anki/stats/ChartView;---><init>(Landroid/content/Context;Landroid/util/AttributeSet;)V
03-10 03:42:18.817 22104 22104 D M_InsDal: Lcom/ichi2/anki/Statistics;--->getTaskHandler()Lcom/ichi2/anki/stats/AnkiStatsTaskHandler;
03-10 03:42:18.817 22104 22104 D M_InsDal: Lcom/ichi2/anki/Statistics$ChartFragment;--->createChart()V
03-10 03:42:18.817 22104 22104 D M_InsDal: Lcom/ichi2/anki/Statistics;--->getTaskHandler()Lcom/ichi2/anki/stats/AnkiStatsTaskHandler;
03-10 03:42:18.817 22104 22104 D M_InsDal: Lcom/ichi2/anki/stats/AnkiStatsTaskHandler;--->createChart(Lcom/ichi2/libanki/Stats$ChartType;[Landroid/view/View;)Lcom/ichi2/anki/stats/AnkiStatsTaskHandler$CreateChartTask;
03-10 03:42:18.817 22104 22104 D M_InsDal: Lcom/ichi2/anki/stats/AnkiStatsTaskHandler$CreateChartTask;---><init>(Lcom/ichi2/anki/stats/AnkiStatsTaskHandler;Lcom/ichi2/libanki/Stats$ChartType;)V
03-10 03:42:18.817 22104 22104 D M_InsDal: Lcom/ichi2/anki/stats/ChartView;--->addFragment(Lcom/ichi2/anki/Statistics$ChartFragment;)V
03-10 03:42:18.817 22104 22104 D M_InsDal: Lcom/ichi2/anki/Statistics;--->getTaskHandler()Lcom/ichi2/anki/stats/AnkiStatsTaskHandler;
03-10 03:42:18.817 22104 22104 D M_InsDal: Lcom/ichi2/anki/stats/AnkiStatsTaskHandler;--->getStatType()Lcom/ichi2/libanki/Stats$AxisType;
03-10 03:42:18.817 22104 22186 D M_InsDal: Lcom/ichi2/anki/stats/AnkiStatsTaskHandler$CreateChartTask;--->doInBackground([Landroid/view/View;)Lcom/wildplot/android/rendering/PlotSheet;
03-10 03:42:18.817 22104 22104 D M_InsDal: Lcom/ichi2/anki/Statistics;--->getViewPager()Landroid/support/v4/view/ViewPager;
03-10 03:42:18.817 22104 22104 D M_InsDal: Lcom/ichi2/anki/Statistics;--->getSectionsPagerAdapter()Lcom/ichi2/anki/Statistics$SectionsPagerAdapter;
03-10 03:42:18.817 22104 22104 D M_InsDal: Lcom/ichi2/anki/CollectionHelper;--->getInstance()Lcom/ichi2/anki/CollectionHelper;
03-10 03:42:18.817 22104 22186 D M_InsDal: Lcom/ichi2/anki/stats/ChartBuilder;---><init>(Lcom/ichi2/anki/stats/ChartView;Lcom/ichi2/libanki/Collection;ZLcom/ichi2/libanki/Stats$ChartType;)V
03-10 03:42:18.817 22104 22104 D M_InsDal: Lcom/ichi2/anki/CollectionHelper;--->getCol(Landroid/content/Context;)Lcom/ichi2/libanki/Collection;
03-10 03:42:18.817 22104 22104 D M_InsDal: Lcom/ichi2/anki/CollectionHelper;--->getCollectionPath(Landroid/content/Context;)Ljava/lang/String;
03-10 03:42:18.817 22104 22186 D M_InsDal: Lcom/ichi2/anki/stats/ChartBuilder;--->renderChart(Lcom/ichi2/libanki/Stats$AxisType;)Lcom/wildplot/android/rendering/PlotSheet;
03-10 03:42:18.817 22104 22104 D M_InsDal: Lcom/ichi2/anki/CollectionHelper;--->getCurrentAnkiDroidDirectory(Landroid/content/Context;)Ljava/lang/String;
03-10 03:42:18.817 22104 22186 D M_InsDal: Lcom/ichi2/anki/stats/ChartBuilder;--->calcStats(Lcom/ichi2/libanki/Stats$AxisType;)V
03-10 03:42:18.817 22104 22104 D M_InsDal: Lcom/ichi2/anki/CollectionHelper;--->getDefaultAnkiDroidDirectory()Ljava/lang/String;
03-10 03:42:18.817 22104 22104 D M_InsDal: Lcom/ichi2/anki/CollectionHelper;--->colIsOpen()Z
03-10 03:42:18.817 22104 22104 D M_InsDal: Lcom/ichi2/anki/Statistics$ChartFragment;--->isWholeCollection()Z
03-10 03:42:18.817 22104 22104 D M_InsDal: Lcom/ichi2/anki/CollectionHelper;--->getInstance()Lcom/ichi2/anki/CollectionHelper;
03-10 03:42:18.817 22104 22104 D M_InsDal: Lcom/ichi2/anki/CollectionHelper;--->getCol(Landroid/content/Context;)Lcom/ichi2/libanki/Collection;
03-10 03:42:18.817 22104 22104 D M_InsDal: Lcom/ichi2/anki/CollectionHelper;--->getCollectionPath(Landroid/content/Context;)Ljava/lang/String;
03-10 03:42:18.817 22104 22104 D M_InsDal: Lcom/ichi2/anki/CollectionHelper;--->getCurrentAnkiDroidDirectory(Landroid/content/Context;)Ljava/lang/String;
03-10 03:42:18.817 22104 22104 D M_InsDal: Lcom/ichi2/anki/CollectionHelper;--->getDefaultAnkiDroidDirectory()Ljava/lang/String;
03-10 03:42:18.818 22104 22104 D M_InsDal: Lcom/ichi2/anki/CollectionHelper;--->colIsOpen()Z
03-10 03:42:18.818 22104 22104 D M_InsDal: Lcom/ichi2/anki/Statistics$ChartFragment;--->onCreate(Landroid/os/Bundle;)V
03-10 03:42:18.818 22104 22104 D M_InsDal: Lcom/ichi2/anki/Statistics$ChartFragment;--->onCreateView(Landroid/view/LayoutInflater;Landroid/view/ViewGroup;Landroid/os/Bundle;)Landroid/view/View;
03-10 03:42:18.818 22104 22104 D M_InsDal: Lcom/ichi2/anki/stats/ChartView;---><init>(Landroid/content/Context;Landroid/util/AttributeSet;)V
03-10 03:42:18.818 22104 22104 D M_InsDal: Lcom/ichi2/anki/Statistics;--->getTaskHandler()Lcom/ichi2/anki/stats/AnkiStatsTaskHandler;
03-10 03:42:18.818 22104 22104 D M_InsDal: Lcom/ichi2/anki/Statistics$ChartFragment;--->createChart()V
03-10 03:42:18.818 22104 22104 D M_InsDal: Lcom/ichi2/anki/Statistics;--->getTaskHandler()Lcom/ichi2/anki/stats/AnkiStatsTaskHandler;
03-10 03:42:18.818 22104 22104 D M_InsDal: Lcom/ichi2/anki/stats/AnkiStatsTaskHandler;--->createChart(Lcom/ichi2/libanki/Stats$ChartType;[Landroid/view/View;)Lcom/ichi2/anki/stats/AnkiStatsTaskHandler$CreateChartTask;
03-10 03:42:18.818 22104 22104 D M_InsDal: Lcom/ichi2/anki/stats/AnkiStatsTaskHandler$CreateChartTask;---><init>(Lcom/ichi2/anki/stats/AnkiStatsTaskHandler;Lcom/ichi2/libanki/Stats$ChartType;)V
03-10 03:42:18.818 22104 22104 D M_InsDal: Lcom/ichi2/anki/stats/ChartView;--->addFragment(Lcom/ichi2/anki/Statistics$ChartFragment;)V
03-10 03:42:18.818 22104 22104 D M_InsDal: Lcom/ichi2/anki/Statistics;--->getTaskHandler()Lcom/ichi2/anki/stats/AnkiStatsTaskHandler;
03-10 03:42:18.818 22104 22104 D M_InsDal: Lcom/ichi2/anki/stats/AnkiStatsTaskHandler;--->getStatType()Lcom/ichi2/libanki/Stats$AxisType;
03-10 03:42:18.819 22104 22104 D M_InsDal: Lcom/ichi2/anki/Statistics;--->getViewPager()Landroid/support/v4/view/ViewPager;
03-10 03:42:18.819 22104 22104 D M_InsDal: Lcom/ichi2/anki/Statistics;--->getSectionsPagerAdapter()Lcom/ichi2/anki/Statistics$SectionsPagerAdapter;
03-10 03:42:18.819 22104 22104 D M_InsDal: Lcom/ichi2/anki/CollectionHelper;--->getInstance()Lcom/ichi2/anki/CollectionHelper;
03-10 03:42:18.819 22104 22104 D M_InsDal: Lcom/ichi2/anki/CollectionHelper;--->getCol(Landroid/content/Context;)Lcom/ichi2/libanki/Collection;
03-10 03:42:18.819 22104 22104 D M_InsDal: Lcom/ichi2/anki/CollectionHelper;--->getCollectionPath(Landroid/content/Context;)Ljava/lang/String;
03-10 03:42:18.819 22104 22104 D M_InsDal: Lcom/ichi2/anki/CollectionHelper;--->getCurrentAnkiDroidDirectory(Landroid/content/Context;)Ljava/lang/String;
03-10 03:42:18.819 22104 22104 D M_InsDal: Lcom/ichi2/anki/CollectionHelper;--->getDefaultAnkiDroidDirectory()Ljava/lang/String;
