03-10 06:03:08.214 17669 17669 D M_InsDal: Lcom/forrestguice/suntimeswidget/LightMapDialog;--->updateSunPositionViews(Lcom/forrestguice/suntimeswidget/calculator/SuntimesRiseSetDataset;)V
03-10 06:03:08.214 17669 17669 D M_InsDal: Lcom/forrestguice/suntimeswidget/calculator/SuntimesRiseSetDataset;--->calculator()Lcom/forrestguice/suntimeswidget/calculator/core/SuntimesCalculator;
03-10 06:03:08.214 17669 17708 D M_InsDal: Lcom/forrestguice/suntimeswidget/LightMapView$LightMapTask;--->doInBackground([Ljava/lang/Object;)Landroid/graphics/Bitmap;
03-10 06:03:08.214 17669 17669 D M_InsDal: Lcom/forrestguice/suntimeswidget/calculator/SuntimesData;--->calculator()Lcom/forrestguice/suntimeswidget/calculator/core/SuntimesCalculator;
03-10 06:03:08.214 17669 17669 D M_InsDal: Lcom/forrestguice/suntimeswidget/calculator/SuntimesRiseSetData;--->sunriseCalendarToday()Ljava/util/Calendar;
03-10 06:03:08.214 17669 17708 D M_InsDal: Lcom/forrestguice/suntimeswidget/LightMapView$LightMapTask;--->makeBitmap(Lcom/forrestguice/suntimeswidget/calculator/SuntimesRiseSetDataset;IILcom/forrestguice/suntimeswidget/LightMapView$LightMapColors;)Landroid/graphics/Bitmap;
03-10 06:03:08.214 17669 17669 D M_InsDal: Lcom/forrestguice/suntimeswidget/calculator/time4a/Time4ASuntimesCalculator;--->getSunPosition(Ljava/util/Calendar;)Lcom/forrestguice/suntimeswidget/calculator/core/SuntimesCalculator$SunPosition;
03-10 06:03:08.214 17669 17708 D M_InsDal: Lcom/forrestguice/suntimeswidget/LightMapView$LightMapTask;--->drawRect(Landroid/graphics/Canvas;Landroid/graphics/Paint;)V
03-10 06:03:08.215 17669 17708 D M_InsDal: Lcom/forrestguice/suntimeswidget/LightMapView$LightMapTask;--->drawRect(Lcom/forrestguice/suntimeswidget/calculator/SuntimesRiseSetData;Landroid/graphics/Canvas;Landroid/graphics/Paint;)Z
03-10 06:03:08.215 17669 17708 D M_InsDal: Lcom/forrestguice/suntimeswidget/calculator/SuntimesRiseSetData;--->sunriseCalendarToday()Ljava/util/Calendar;
03-10 06:03:08.215 17669 17708 D M_InsDal: Lcom/forrestguice/suntimeswidget/calculator/SuntimesRiseSetData;--->sunsetCalendarToday()Ljava/util/Calendar;
03-10 06:03:08.215 17669 17708 D M_InsDal: Lcom/forrestguice/suntimeswidget/calculator/SuntimesData;--->calendar()Ljava/util/Calendar;
03-10 06:03:08.215 17669 17708 D M_InsDal: Lcom/forrestguice/suntimeswidget/calculator/SuntimesData;--->calendar()Ljava/util/Calendar;
03-10 06:03:08.215 17669 17708 D M_InsDal: Lcom/forrestguice/suntimeswidget/LightMapView$LightMapTask;--->drawRect(Lcom/forrestguice/suntimeswidget/calculator/SuntimesRiseSetData;Landroid/graphics/Canvas;Landroid/graphics/Paint;)Z
03-10 06:03:08.215 17669 17708 D M_InsDal: Lcom/forrestguice/suntimeswidget/calculator/SuntimesRiseSetData;--->sunriseCalendarToday()Ljava/util/Calendar;
03-10 06:03:08.215 17669 17708 D M_InsDal: Lcom/forrestguice/suntimeswidget/calculator/SuntimesRiseSetData;--->sunsetCalendarToday()Ljava/util/Calendar;
03-10 06:03:08.215 17669 17708 D M_InsDal: Lcom/forrestguice/suntimeswidget/calculator/SuntimesData;--->calendar()Ljava/util/Calendar;
03-10 06:03:08.215 17669 17708 D M_InsDal: Lcom/forrestguice/suntimeswidget/calculator/SuntimesData;--->calendar()Ljava/util/Calendar;
03-10 06:03:08.215 17669 17669 D M_InsDal: Lcom/forrestguice/suntimeswidget/calculator/core/SuntimesCalculator$SunPosition;---><init>()V
03-10 06:03:08.215 17669 17708 D M_InsDal: Lcom/forrestguice/suntimeswidget/LightMapView$LightMapTask;--->drawRect(Lcom/forrestguice/suntimeswidget/calculator/SuntimesRiseSetData;Landroid/graphics/Canvas;Landroid/graphics/Paint;)Z
03-10 06:03:08.215 17669 17708 D M_InsDal: Lcom/forrestguice/suntimeswidget/calculator/SuntimesRiseSetData;--->sunriseCalendarToday()Ljava/util/Calendar;
03-10 06:03:08.215 17669 17669 D M_InsDal: Lcom/forrestguice/suntimeswidget/calculator/core/SuntimesCalculator$Position;---><init>()V
03-10 06:03:08.215 17669 17708 D M_InsDal: Lcom/forrestguice/suntimeswidget/calculator/SuntimesRiseSetData;--->sunsetCalendarToday()Ljava/util/Calendar;
03-10 06:03:08.215 17669 17708 D M_InsDal: Lcom/forrestguice/suntimeswidget/calculator/SuntimesData;--->calendar()Ljava/util/Calendar;
03-10 06:03:08.215 17669 17708 D M_InsDal: Lcom/forrestguice/suntimeswidget/calculator/SuntimesData;--->calendar()Ljava/util/Calendar;
03-10 06:03:08.215 17669 17669 D M_InsDal: Lcom/forrestguice/suntimeswidget/calculator/SuntimesRiseSetDataset;--->calendar()Ljava/util/Calendar;
03-10 06:03:08.215 17669 17669 D M_InsDal: Lcom/forrestguice/suntimeswidget/calculator/SuntimesData;--->calendar()Ljava/util/Calendar;
03-10 06:03:08.215 17669 17708 D M_InsDal: Lcom/forrestguice/suntimeswidget/LightMapView$LightMapTask;--->drawRect(Lcom/forrestguice/suntimeswidget/calculator/SuntimesRiseSetData;Landroid/graphics/Canvas;Landroid/graphics/Paint;)Z
03-10 06:03:08.215 17669 17669 D M_InsDal: Lcom/forrestguice/suntimeswidget/calculator/SuntimesRiseSetDataset;--->nowThen(Ljava/util/Calendar;)Ljava/util/Calendar;
03-10 06:03:08.215 17669 17708 D M_InsDal: Lcom/forrestguice/suntimeswidget/calculator/SuntimesRiseSetData;--->sunriseCalendarToday()Ljava/util/Calendar;
03-10 06:03:08.215 17669 17669 D M_InsDal: Lcom/forrestguice/suntimeswidget/calculator/SuntimesData;--->nowThen(Ljava/util/Calendar;)Ljava/util/Calendar;
03-10 06:03:08.215 17669 17708 D M_InsDal: Lcom/forrestguice/suntimeswidget/calculator/SuntimesRiseSetData;--->sunsetCalendarToday()Ljava/util/Calendar;
03-10 06:03:08.215 17669 17669 D M_InsDal: Lcom/forrestguice/suntimeswidget/calculator/SuntimesData;--->now()Ljava/util/Calendar;
03-10 06:03:08.215 17669 17708 D M_InsDal: Lcom/forrestguice/suntimeswidget/calculator/SuntimesData;--->calendar()Ljava/util/Calendar;
03-10 06:03:08.215 17669 17669 D M_InsDal: Lcom/forrestguice/suntimeswidget/calculator/SuntimesData;--->timezone()Ljava/util/TimeZone;
03-10 06:03:08.215 17669 17708 D M_InsDal: Lcom/forrestguice/suntimeswidget/calculator/SuntimesData;--->calendar()Ljava/util/Calendar;
03-10 06:03:08.215 17669 17708 D M_InsDal: Lcom/forrestguice/suntimeswidget/calculator/SuntimesRiseSetDataset;--->now()Ljava/util/Calendar;
03-10 06:03:08.215 17669 17708 D M_InsDal: Lcom/forrestguice/suntimeswidget/calculator/SuntimesData;--->now()Ljava/util/Calendar;
03-10 06:03:08.215 17669 17708 D M_InsDal: Lcom/forrestguice/suntimeswidget/calculator/SuntimesData;--->timezone()Ljava/util/TimeZone;
03-10 06:03:08.216 17669 17669 D M_InsDal: Lcom/forrestguice/suntimeswidget/calculator/time4a/Time4ASuntimesCalculator;--->getSunPosition(Ljava/util/Calendar;)Lcom/forrestguice/suntimeswidget/calculator/core/SuntimesCalculator$SunPosition;
03-10 06:03:08.216 17669 17708 D M_InsDal: Lcom/forrestguice/suntimeswidget/LightMapView$LightMapTask;--->drawPoint(Ljava/util/Calendar;IILandroid/graphics/Canvas;Landroid/graphics/Paint;)V
03-10 06:03:08.216 17669 17669 D M_InsDal: Lcom/forrestguice/suntimeswidget/calculator/core/SuntimesCalculator$SunPosition;---><init>()V
03-10 06:03:08.216 17669 17669 D M_InsDal: Lcom/forrestguice/suntimeswidget/calculator/core/SuntimesCalculator$Position;---><init>()V
03-10 06:03:08.216 17669 17669 D M_InsDal: Lcom/forrestguice/suntimeswidget/LightMapDialog;--->styleAzimuthText(Landroid/widget/TextView;DLjava/lang/Integer;I)V
03-10 06:03:08.216 17669 17669 D M_InsDal: Lcom/forrestguice/suntimeswidget/SuntimesUtils;--->formatAsDirection2(DIZ)Lcom/forrestguice/suntimeswidget/SuntimesUtils$TimeDisplayText;
03-10 06:03:08.216 17669 17669 D M_InsDal: Lcom/forrestguice/suntimeswidget/SuntimesUtils;--->formatAsDegrees(DI)Ljava/lang/String;
03-10 06:03:08.217 17669 17669 D M_InsDal: Lcom/forrestguice/suntimeswidget/SuntimesUtils$CardinalDirection;--->getDirection(D)Lcom/forrestguice/suntimeswidget/SuntimesUtils$CardinalDirection;
03-10 06:03:08.217 17669 17669 D M_InsDal: Lcom/forrestguice/suntimeswidget/SuntimesUtils$CardinalDirection;--->values()[Lcom/forrestguice/suntimeswidget/SuntimesUtils$CardinalDirection;
03-10 06:03:08.217 17669 17669 D M_InsDal: Lcom/forrestguice/suntimeswidget/SuntimesUtils$CardinalDirection;--->getDegress()D
03-10 06:03:08.218 17669 17669 D M_InsDal: Lcom/forrestguice/suntimeswidget/SuntimesUtils$CardinalDirection;--->getDegress()D
03-10 06:03:08.218 17669 17669 D M_InsDal: Lcom/forrestguice/suntimeswidget/SuntimesUtils$CardinalDirection;--->getShortDisplayString()Ljava/lang/String;
03-10 06:03:08.218 17669 17669 D M_InsDal: Lcom/forrestguice/suntimeswidget/SuntimesUtils$TimeDisplayText;---><init>(Ljava/lang/String;Ljava/lang/String;Ljava/lang/String;)V
03-10 06:03:08.218 17669 17669 D M_InsDal: Lcom/forrestguice/suntimeswidget/SuntimesUtils$TimeDisplayText;--->getValue()Ljava/lang/String;
03-10 06:03:08.218 17669 17669 D M_InsDal: Lcom/forrestguice/suntimeswidget/SuntimesUtils$TimeDisplayText;--->getSuffix()Ljava/lang/String;
03-10 06:03:08.218 17669 17669 D M_InsDal: Lcom/forrestguice/suntimeswidget/SuntimesUtils;--->formatAsDirection(Ljava/lang/String;Ljava/lang/String;)Ljava/lang/String;
03-10 06:03:08.219 17669 17669 D M_InsDal: Lcom/forrestguice/suntimeswidget/SuntimesUtils$TimeDisplayText;--->getSuffix()Ljava/lang/String;
03-10 06:03:08.219 17669 17669 D M_InsDal: Lcom/forrestguice/suntimeswidget/SuntimesUtils;--->createRelativeSpan(Landroid/text/SpannableString;Ljava/lang/String;Ljava/lang/String;F)Landroid/text/SpannableString;
03-10 06:03:08.219 17669 17669 D M_InsDal: Lcom/forrestguice/suntimeswidget/SuntimesUtils$TimeDisplayText;--->getSuffix()Ljava/lang/String;
03-10 06:03:08.219 17669 17669 D M_InsDal: Lcom/forrestguice/suntimeswidget/SuntimesUtils;--->createBoldSpan(Landroid/text/SpannableString;Ljava/lang/String;Ljava/lang/String;)Landroid/text/SpannableString;
03-10 06:03:08.219 17669 17669 D M_InsDal: Lcom/forrestguice/suntimeswidget/SuntimesUtils;--->formatAsDirection2(DIZ)Lcom/forrestguice/suntimeswidget/SuntimesUtils$TimeDisplayText;
03-10 06:03:08.219 17669 17669 D M_InsDal: Lcom/forrestguice/suntimeswidget/SuntimesUtils;--->formatAsDegrees(DI)Ljava/lang/String;
03-10 06:03:08.220 17669 17669 D M_InsDal: Lcom/forrestguice/suntimeswidget/SuntimesUtils$CardinalDirection;--->getDirection(D)Lcom/forrestguice/suntimeswidget/SuntimesUtils$CardinalDirection;
03-10 06:03:08.220 17669 17669 D M_InsDal: Lcom/forrestguice/suntimeswidget/SuntimesUtils$CardinalDirection;--->values()[Lcom/forrestguice/suntimeswidget/SuntimesUtils$CardinalDirection;
03-10 06:03:08.220 17669 17669 D M_InsDal: Lcom/forrestguice/suntimeswidget/SuntimesUtils$CardinalDirection;--->getDegress()D
03-10 06:03:08.220 17669 17669 D M_InsDal: Lcom/forrestguice/suntimeswidget/SuntimesUtils$CardinalDirection;--->getDegress()D
03-10 06:03:08.220 17669 17669 D M_InsDal: Lcom/forrestguice/suntimeswidget/SuntimesUtils$CardinalDirection;--->getLongDisplayString()Ljava/lang/String;
03-10 06:03:08.220 17669 17669 D M_InsDal: Lcom/forrestguice/suntimeswidget/SuntimesUtils$TimeDisplayText;---><init>(Ljava/lang/String;Ljava/lang/String;Ljava/lang/String;)V
03-10 06:03:08.221 17669 17669 D M_InsDal: Lcom/forrestguice/suntimeswidget/SuntimesUtils$TimeDisplayText;--->getValue()Ljava/lang/String;
03-10 06:03:08.221 17669 17669 D M_InsDal: Lcom/forrestguice/suntimeswidget/SuntimesUtils$TimeDisplayText;--->getSuffix()Ljava/lang/String;
03-10 06:03:08.221 17669 17669 D M_InsDal: Lcom/forrestguice/suntimeswidget/SuntimesUtils;--->formatAsDirection(Ljava/lang/String;Ljava/lang/String;)Ljava/lang/String;
03-10 06:03:08.221 17669 17669 D M_InsDal: Lcom/forrestguice/suntimeswidget/LightMapDialog;--->getColorForPosition(Lcom/forrestguice/suntimeswidget/calculator/core/SuntimesCalculator$SunPosition;Lcom/forrestguice/suntimeswidget/calculator/core/SuntimesCalculator$SunPosition;)I
03-10 06:03:08.221 17669 17669 D M_InsDal: Lcom/forrestguice/suntimeswidget/LightMapDialog;--->styleElevationText(DLjava/lang/Integer;I)Ljava/lang/CharSequence;
03-10 06:03:08.221 17669 17669 D M_InsDal: Lcom/forrestguice/suntimeswidget/SuntimesUtils;--->formatAsElevation(DI)Lcom/forrestguice/suntimeswidget/SuntimesUtils$TimeDisplayText;
03-10 06:03:08.221 17669 17669 D M_InsDal: Lcom/forrestguice/suntimeswidget/SuntimesUtils;--->formatAsDegrees(DI)Ljava/lang/String;
03-10 06:03:08.222 17669 17669 D M_InsDal: Lcom/forrestguice/suntimeswidget/SuntimesUtils$TimeDisplayText;---><init>(Ljava/lang/String;Ljava/lang/String;Ljava/lang/String;)V
03-10 06:03:08.222 17669 17669 D M_InsDal: Lcom/forrestguice/suntimeswidget/SuntimesUtils$TimeDisplayText;--->getValue()Ljava/lang/String;
03-10 06:03:08.222 17669 17669 D M_InsDal: Lcom/forrestguice/suntimeswidget/SuntimesUtils$TimeDisplayText;--->getSuffix()Ljava/lang/String;
03-10 06:03:08.222 17669 17669 D M_InsDal: Lcom/forrestguice/suntimeswidget/SuntimesUtils;--->formatAsElevation(Ljava/lang/String;Ljava/lang/String;)Ljava/lang/String;
03-10 06:03:08.222 17669 17669 D M_InsDal: Lcom/forrestguice/suntimeswidget/SuntimesUtils$TimeDisplayText;--->getSuffix()Ljava/lang/String;
03-10 06:03:08.222 17669 17669 D M_InsDal: Lcom/forrestguice/suntimeswidget/SuntimesUtils;--->createRelativeSpan(Landroid/text/SpannableString;Ljava/lang/String;Ljava/lang/String;F)Landroid/text/SpannableString;
03-10 06:03:08.222 17669 17669 D M_InsDal: Lcom/forrestguice/suntimeswidget/SuntimesUtils;--->createColorSpan(Landroid/text/SpannableString;Ljava/lang/String;Ljava/lang/String;I)Landroid/text/SpannableString;
03-10 06:03:08.223 17669 17669 D M_InsDal: Lcom/forrestguice/suntimeswidget/LightMapDialog;--->highlightLightmapKey(D)V
03-10 06:03:08.223 17669 17669 D M_InsDal: Lcom/forrestguice/suntimeswidget/LightMapDialog$LightMapKey;--->highlight(Z)V
03-10 06:03:08.223 17669 17669 D M_InsDal: Lcom/forrestguice/suntimeswidget/calculator/SuntimesRiseSetData;--->sunriseCalendarToday()Ljava/util/Calendar;
03-10 06:03:08.223 17669 17669 D M_InsDal: Lcom/forrestguice/suntimeswidget/calculator/time4a/Time4ASuntimesCalculator;--->getSunPosition(Ljava/util/Calendar;)Lcom/forrestguice/suntimeswidget/calculator/core/SuntimesCalculator$SunPosition;
03-10 06:03:08.224 17669 17669 D M_InsDal: Lcom/forrestguice/suntimeswidget/calculator/core/SuntimesCalculator$SunPosition;---><init>()V
03-10 06:03:08.225 17669 17669 D M_InsDal: Lcom/forrestguice/suntimeswidget/calculator/core/SuntimesCalculator$Position;---><init>()V
03-10 06:03:08.225 17669 17669 D M_InsDal: Lcom/forrestguice/suntimeswidget/LightMapDialog;--->styleAzimuthText(Landroid/widget/TextView;DLjava/lang/Integer;I)V
03-10 06:03:08.225 17669 17669 D M_InsDal: Lcom/forrestguice/suntimeswidget/SuntimesUtils;--->formatAsDirection2(DIZ)Lcom/forrestguice/suntimeswidget/SuntimesUtils$TimeDisplayText;
03-10 06:03:08.225 17669 17669 D M_InsDal: Lcom/forrestguice/suntimeswidget/SuntimesUtils;--->formatAsDegrees(DI)Ljava/lang/String;
03-10 06:03:08.226 17669 17669 D M_InsDal: Lcom/forrestguice/suntimeswidget/SuntimesUtils$CardinalDirection;--->getDirection(D)Lcom/forrestguice/suntimeswidget/SuntimesUtils$CardinalDirection;
03-10 06:03:08.226 17669 17669 D M_InsDal: Lcom/forrestguice/suntimeswidget/SuntimesUtils$CardinalDirection;--->values()[Lcom/forrestguice/suntimeswidget/SuntimesUtils$CardinalDirection;
03-10 06:03:08.226 17669 17669 D M_InsDal: Lcom/forrestguice/suntimeswidget/SuntimesUtils$CardinalDirection;--->getDegress()D
03-10 06:03:08.226 17669 17669 D M_InsDal: Lcom/forrestguice/suntimeswidget/SuntimesUtils$CardinalDirection;--->getDegress()D
03-10 06:03:08.226 17669 17669 D M_InsDal: Lcom/forrestguice/suntimeswidget/SuntimesUtils$CardinalDirection;--->getShortDisplayString()Ljava/lang/String;
03-10 06:03:08.226 17669 17669 D M_InsDal: Lcom/forrestguice/suntimeswidget/SuntimesUtils$TimeDisplayText;---><init>(Ljava/lang/String;Ljava/lang/String;Ljava/lang/String;)V
03-10 06:03:08.226 17669 17669 D M_InsDal: Lcom/forrestguice/suntimeswidget/SuntimesUtils$TimeDisplayText;--->getValue()Ljava/lang/String;
03-10 06:03:08.226 17669 17669 D M_InsDal: Lcom/forrestguice/suntimeswidget/SuntimesUtils$TimeDisplayText;--->getSuffix()Ljava/lang/String;
03-10 06:03:08.226 17669 17669 D M_InsDal: Lcom/forrestguice/suntimeswidget/SuntimesUtils;--->formatAsDirection(Ljava/lang/String;Ljava/lang/String;)Ljava/lang/String;
03-10 06:03:08.226 17669 17669 D M_InsDal: Lcom/forrestguice/suntimeswidget/SuntimesUtils;--->createColorSpan(Landroid/text/SpannableString;Ljava/lang/String;Ljava/lang/String;I)Landroid/text/SpannableString;
03-10 06:03:08.226 17669 17669 D M_InsDal: Lcom/forrestguice/suntimeswidget/SuntimesUtils$TimeDisplayText;--->getSuffix()Ljava/lang/String;
03-10 06:03:08.226 17669 17669 D M_InsDal: Lcom/forrestguice/suntimeswidget/SuntimesUtils;--->createRelativeSpan(Landroid/text/SpannableString;Ljava/lang/String;Ljava/lang/String;F)Landroid/text/SpannableString;
03-10 06:03:08.226 17669 17669 D M_InsDal: Lcom/forrestguice/suntimeswidget/SuntimesUtils$TimeDisplayText;--->getSuffix()Ljava/lang/String;
03-10 06:03:08.226 17669 17669 D M_InsDal: Lcom/forrestguice/suntimeswidget/SuntimesUtils;--->createBoldSpan(Landroid/text/SpannableString;Ljava/lang/String;Ljava/lang/String;)Landroid/text/SpannableString;
03-10 06:03:08.227 17669 17669 D M_InsDal: Lcom/forrestguice/suntimeswidget/SuntimesUtils;--->formatAsDirection2(DIZ)Lcom/forrestguice/suntimeswidget/SuntimesUtils$TimeDisplayText;
03-10 06:03:08.227 17669 17669 D M_InsDal: Lcom/forrestguice/suntimeswidget/SuntimesUtils;--->formatAsDegrees(DI)Ljava/lang/String;
03-10 06:03:08.227 17669 17669 D M_InsDal: Lcom/forrestguice/suntimeswidget/SuntimesUtils$CardinalDirection;--->getDirection(D)Lcom/forrestguice/suntimeswidget/SuntimesUtils$CardinalDirection;
03-10 06:03:08.227 17669 17669 D M_InsDal: Lcom/forrestguice/suntimeswidget/SuntimesUtils$CardinalDirection;--->values()[Lcom/forrestguice/suntimeswidget/SuntimesUtils$CardinalDirection;
03-10 06:03:08.227 17669 17669 D M_InsDal: Lcom/forrestguice/suntimeswidget/SuntimesUtils$CardinalDirection;--->getDegress()D
03-10 06:03:08.227 17669 17669 D M_InsDal: Lcom/forrestguice/suntimeswidget/SuntimesUtils$CardinalDirection;--->getDegress()D
03-10 06:03:08.227 17669 17669 D M_InsDal: Lcom/forrestguice/suntimeswidget/SuntimesUtils$CardinalDirection;--->getLongDisplayString()Ljava/lang/String;
03-10 06:03:08.227 17669 17669 D M_InsDal: Lcom/forrestguice/suntimeswidget/SuntimesUtils$TimeDisplayText;---><init>(Ljava/lang/String;Ljava/lang/String;Ljava/lang/String;)V
03-10 06:03:08.227 17669 17669 D M_InsDal: Lcom/forrestguice/suntimeswidget/SuntimesUtils$TimeDisplayText;--->getValue()Ljava/lang/String;
03-10 06:03:08.227 17669 17669 D M_InsDal: Lcom/forrestguice/suntimeswidget/SuntimesUtils$TimeDisplayText;--->getSuffix()Ljava/lang/String;
03-10 06:03:08.227 17669 17669 D M_InsDal: Lcom/forrestguice/suntimeswidget/SuntimesUtils;--->formatAsDirection(Ljava/lang/String;Ljava/lang/String;)Ljava/lang/String;
03-10 06:03:08.228 17669 17669 D M_InsDal: Lcom/forrestguice/suntimeswidget/calculator/SuntimesRiseSetData;--->sunsetCalendarToday()Ljava/util/Calendar;
03-10 06:03:08.228 17669 17669 D M_InsDal: Lcom/forrestguice/suntimeswidget/calculator/time4a/Time4ASuntimesCalculator;--->getSunPosition(Ljava/util/Calendar;)Lcom/forrestguice/suntimeswidget/calculator/core/SuntimesCalculator$SunPosition;
03-10 06:03:08.229 17669 17669 D M_InsDal: Lcom/forrestguice/suntimeswidget/calculator/core/SuntimesCalculator$SunPosition;---><init>()V
03-10 06:03:08.229 17669 17669 D M_InsDal: Lcom/forrestguice/suntimeswidget/calculator/core/SuntimesCalculator$Position;---><init>()V
03-10 06:03:08.229 17669 17669 D M_InsDal: Lcom/forrestguice/suntimeswidget/LightMapDialog;--->styleAzimuthText(Landroid/widget/TextView;DLjava/lang/Integer;I)V
03-10 06:03:08.229 17669 17669 D M_InsDal: Lcom/forrestguice/suntimeswidget/SuntimesUtils;--->formatAsDirection2(DIZ)Lcom/forrestguice/suntimeswidget/SuntimesUtils$TimeDisplayText;
03-10 06:03:08.229 17669 17669 D M_InsDal: Lcom/forrestguice/suntimeswidget/SuntimesUtils;--->formatAsDegrees(DI)Ljava/lang/String;
03-10 06:03:08.230 17669 17669 D M_InsDal: Lcom/forrestguice/suntimeswidget/SuntimesUtils$CardinalDirection;--->getDirection(D)Lcom/forrestguice/suntimeswidget/SuntimesUtils$CardinalDirection;
03-10 06:03:08.230 17669 17669 D M_InsDal: Lcom/forrestguice/suntimeswidget/SuntimesUtils$CardinalDirection;--->values()[Lcom/forrestguice/suntimeswidget/SuntimesUtils$CardinalDirection;
03-10 06:03:08.230 17669 17669 D M_InsDal: Lcom/forrestguice/suntimeswidget/SuntimesUtils$CardinalDirection;--->getDegress()D
03-10 06:03:08.230 17669 17669 D M_InsDal: Lcom/forrestguice/suntimeswidget/SuntimesUtils$CardinalDirection;--->getDegress()D
03-10 06:03:08.230 17669 17669 D M_InsDal: Lcom/forrestguice/suntimeswidget/SuntimesUtils$CardinalDirection;--->getShortDisplayString()Ljava/lang/String;
03-10 06:03:08.230 17669 17669 D M_InsDal: Lcom/forrestguice/suntimeswidget/SuntimesUtils$TimeDisplayText;---><init>(Ljava/lang/String;Ljava/lang/String;Ljava/lang/String;)V
03-10 06:03:08.230 17669 17669 D M_InsDal: Lcom/forrestguice/suntimeswidget/SuntimesUtils$TimeDisplayText;--->getValue()Ljava/lang/String;
03-10 06:03:08.230 17669 17669 D M_InsDal: Lcom/forrestguice/suntimeswidget/SuntimesUtils$TimeDisplayText;--->getSuffix()Ljava/lang/String;
03-10 06:03:08.230 17669 17669 D M_InsDal: Lcom/forrestguice/suntimeswidget/SuntimesUtils;--->formatAsDirection(Ljava/lang/String;Ljava/lang/String;)Ljava/lang/String;
03-10 06:03:08.230 17669 17669 D M_InsDal: Lcom/forrestguice/suntimeswidget/SuntimesUtils;--->createColorSpan(Landroid/text/SpannableString;Ljava/lang/String;Ljava/lang/String;I)Landroid/text/SpannableString;
03-10 06:03:08.230 17669 17669 D M_InsDal: Lcom/forrestguice/suntimeswidget/SuntimesUtils$TimeDisplayText;--->getSuffix()Ljava/lang/String;
03-10 06:03:08.230 17669 17669 D M_InsDal: Lcom/forrestguice/suntimeswidget/SuntimesUtils;--->createRelativeSpan(Landroid/text/SpannableString;Ljava/lang/String;Ljava/lang/String;F)Landroid/text/SpannableString;
03-10 06:03:08.230 17669 17669 D M_InsDal: Lcom/forrestguice/suntimeswidget/SuntimesUtils$TimeDisplayText;--->getSuffix()Ljava/lang/String;
03-10 06:03:08.230 17669 17669 D M_InsDal: Lcom/forrestguice/suntimeswidget/SuntimesUtils;--->createBoldSpan(Landroid/text/SpannableString;Ljava/lang/String;Ljava/lang/String;)Landroid/text/SpannableString;
03-10 06:03:08.231 17669 17669 D M_InsDal: Lcom/forrestguice/suntimeswidget/SuntimesUtils;--->formatAsDirection2(DIZ)Lcom/forrestguice/suntimeswidget/SuntimesUtils$TimeDisplayText;
03-10 06:03:08.231 17669 17669 D M_InsDal: Lcom/forrestguice/suntimeswidget/SuntimesUtils;--->formatAsDegrees(DI)Ljava/lang/String;
03-10 06:03:08.231 17669 17669 D M_InsDal: Lcom/forrestguice/suntimeswidget/SuntimesUtils$CardinalDirection;--->getDirection(D)Lcom/forrestguice/suntimeswidget/SuntimesUtils$CardinalDirection;
03-10 06:03:08.231 17669 17669 D M_InsDal: Lcom/forrestguice/suntimeswidget/SuntimesUtils$CardinalDirection;--->values()[Lcom/forrestguice/suntimeswidget/SuntimesUtils$CardinalDirection;
03-10 06:03:08.231 17669 17669 D M_InsDal: Lcom/forrestguice/suntimeswidget/SuntimesUtils$CardinalDirection;--->getDegress()D
03-10 06:03:08.231 17669 17669 D M_InsDal: Lcom/forrestguice/suntimeswidget/SuntimesUtils$CardinalDirection;--->getDegress()D
03-10 06:03:08.231 17669 17669 D M_InsDal: Lcom/forrestguice/suntimeswidget/SuntimesUtils$CardinalDirection;--->getLongDisplayString()Ljava/lang/String;
03-10 06:03:08.231 17669 17669 D M_InsDal: Lcom/forrestguice/suntimeswidget/SuntimesUtils$TimeDisplayText;---><init>(Ljava/lang/String;Ljava/lang/String;Ljava/lang/String;)V
03-10 06:03:08.231 17669 17669 D M_InsDal: Lcom/forrestguice/suntimeswidget/SuntimesUtils$TimeDisplayText;--->getValue()Ljava/lang/String;
03-10 06:03:08.231 17669 17669 D M_InsDal: Lcom/forrestguice/suntimeswidget/SuntimesUtils$TimeDisplayText;--->getSuffix()Ljava/lang/String;
03-10 06:03:08.231 17669 17669 D M_InsDal: Lcom/forrestguice/suntimeswidget/SuntimesUtils;--->formatAsDirection(Ljava/lang/String;Ljava/lang/String;)Ljava/lang/String;
03-10 06:03:08.231 17669 17669 D M_InsDal: Lcom/forrestguice/suntimeswidget/LightMapDialog;--->styleElevationText(DLjava/lang/Integer;I)Ljava/lang/CharSequence;
03-10 06:03:08.231 17669 17669 D M_InsDal: Lcom/forrestguice/suntimeswidget/SuntimesUtils;--->formatAsElevation(DI)Lcom/forrestguice/suntimeswidget/SuntimesUtils$TimeDisplayText;
03-10 06:03:08.232 17669 17669 D M_InsDal: Lcom/forrestguice/suntimeswidget/SuntimesUtils;--->formatAsDegrees(DI)Ljava/lang/String;
03-10 06:03:08.232 17669 17669 D M_InsDal: Lcom/forrestguice/suntimeswidget/SuntimesUtils$TimeDisplayText;---><init>(Ljava/lang/String;Ljava/lang/String;Ljava/lang/String;)V
03-10 06:03:08.232 17669 17669 D M_InsDal: Lcom/forrestguice/suntimeswidget/SuntimesUtils$TimeDisplayText;--->getValue()Ljava/lang/String;
03-10 06:03:08.232 17669 17669 D M_InsDal: Lcom/forrestguice/suntimeswidget/SuntimesUtils$TimeDisplayText;--->getSuffix()Ljava/lang/String;
03-10 06:03:08.232 17669 17669 D M_InsDal: Lcom/forrestguice/suntimeswidget/SuntimesUtils;--->formatAsElevation(Ljava/lang/String;Ljava/lang/String;)Ljava/lang/String;
03-10 06:03:08.232 17669 17669 D M_InsDal: Lcom/forrestguice/suntimeswidget/SuntimesUtils$TimeDisplayText;--->getSuffix()Ljava/lang/String;
03-10 06:03:08.232 17669 17669 D M_InsDal: Lcom/forrestguice/suntimeswidget/SuntimesUtils;--->createRelativeSpan(Landroid/text/SpannableString;Ljava/lang/String;Ljava/lang/String;F)Landroid/text/SpannableString;
03-10 06:03:08.232 17669 17669 D M_InsDal: Lcom/forrestguice/suntimeswidget/SuntimesUtils;--->createColorSpan(Landroid/text/SpannableString;Ljava/lang/String;Ljava/lang/String;I)Landroid/text/SpannableString;
03-10 06:03:08.232 17669 17669 D M_InsDal: Lcom/forrestguice/suntimeswidget/LightMapDialog;--->styleAzimuthText(Landroid/widget/TextView;DLjava/lang/Integer;I)V
03-10 06:03:08.232 17669 17669 D M_InsDal: Lcom/forrestguice/suntimeswidget/SuntimesUtils;--->formatAsDirection2(DIZ)Lcom/forrestguice/suntimeswidget/SuntimesUtils$TimeDisplayText;
03-10 06:03:08.232 17669 17669 D M_InsDal: Lcom/forrestguice/suntimeswidget/SuntimesUtils;--->formatAsDegrees(DI)Ljava/lang/String;
03-10 06:03:08.233 17669 17669 D M_InsDal: Lcom/forrestguice/suntimeswidget/SuntimesUtils$CardinalDirection;--->getDirection(D)Lcom/forrestguice/suntimeswidget/SuntimesUtils$CardinalDirection;
03-10 06:03:08.233 17669 17669 D M_InsDal: Lcom/forrestguice/suntimeswidget/SuntimesUtils$CardinalDirection;--->values()[Lcom/forrestguice/suntimeswidget/SuntimesUtils$CardinalDirection;
03-10 06:03:08.233 17669 17669 D M_InsDal: Lcom/forrestguice/suntimeswidget/SuntimesUtils$CardinalDirection;--->getDegress()D
03-10 06:03:08.233 17669 17669 D M_InsDal: Lcom/forrestguice/suntimeswidget/SuntimesUtils$CardinalDirection;--->getDegress()D
03-10 06:03:08.233 17669 17669 D M_InsDal: Lcom/forrestguice/suntimeswidget/SuntimesUtils$CardinalDirection;--->getShortDisplayString()Ljava/lang/String;
03-10 06:03:08.233 17669 17669 D M_InsDal: Lcom/forrestguice/suntimeswidget/SuntimesUtils$TimeDisplayText;---><init>(Ljava/lang/String;Ljava/lang/String;Ljava/lang/String;)V
03-10 06:03:08.233 17669 17669 D M_InsDal: Lcom/forrestguice/suntimeswidget/SuntimesUtils$TimeDisplayText;--->getValue()Ljava/lang/String;
03-10 06:03:08.233 17669 17669 D M_InsDal: Lcom/forrestguice/suntimeswidget/SuntimesUtils$TimeDisplayText;--->getSuffix()Ljava/lang/String;
03-10 06:03:08.233 17669 17669 D M_InsDal: Lcom/forrestguice/suntimeswidget/SuntimesUtils;--->formatAsDirection(Ljava/lang/String;Ljava/lang/String;)Ljava/lang/String;
03-10 06:03:08.233 17669 17669 D M_InsDal: Lcom/forrestguice/suntimeswidget/SuntimesUtils$TimeDisplayText;--->getSuffix()Ljava/lang/String;
03-10 06:03:08.233 17669 17669 D M_InsDal: Lcom/forrestguice/suntimeswidget/SuntimesUtils;--->createRelativeSpan(Landroid/text/SpannableString;Ljava/lang/String;Ljava/lang/String;F)Landroid/text/SpannableString;
03-10 06:03:08.233 17669 17669 D M_InsDal: Lcom/forrestguice/suntimeswidget/SuntimesUtils$TimeDisplayText;--->getSuffix()Ljava/lang/String;
03-10 06:03:08.233 17669 17669 D M_InsDal: Lcom/forrestguice/suntimeswidget/SuntimesUtils;--->createBoldSpan(Landroid/text/SpannableString;Ljava/lang/String;Ljava/lang/String;)Landroid/text/SpannableString;
03-10 06:03:08.234 17669 17669 D M_InsDal: Lcom/forrestguice/suntimeswidget/SuntimesUtils;--->formatAsDirection2(DIZ)Lcom/forrestguice/suntimeswidget/SuntimesUtils$TimeDisplayText;
03-10 06:03:08.234 17669 17669 D M_InsDal: Lcom/forrestguice/suntimeswidget/SuntimesUtils;--->formatAsDegrees(DI)Ljava/lang/String;
03-10 06:03:08.234 17669 17669 D M_InsDal: Lcom/forrestguice/suntimeswidget/SuntimesUtils$CardinalDirection;--->getDirection(D)Lcom/forrestguice/suntimeswidget/SuntimesUtils$CardinalDirection;
03-10 06:03:08.234 17669 17669 D M_InsDal: Lcom/forrestguice/suntimeswidget/SuntimesUtils$CardinalDirection;--->values()[Lcom/forrestguice/suntimeswidget/SuntimesUtils$CardinalDirection;
03-10 06:03:08.234 17669 17669 D M_InsDal: Lcom/forrestguice/suntimeswidget/SuntimesUtils$CardinalDirection;--->getDegress()D
03-10 06:03:08.234 17669 17669 D M_InsDal: Lcom/forrestguice/suntimeswidget/SuntimesUtils$CardinalDirection;--->getDegress()D
03-10 06:03:08.234 17669 17669 D M_InsDal: Lcom/forrestguice/suntimeswidget/SuntimesUtils$CardinalDirection;--->getLongDisplayString()Ljava/lang/String;
03-10 06:03:08.234 17669 17669 D M_InsDal: Lcom/forrestguice/suntimeswidget/SuntimesUtils$TimeDisplayText;---><init>(Ljava/lang/String;Ljava/lang/String;Ljava/lang/String;)V
03-10 06:03:08.234 17669 17669 D M_InsDal: Lcom/forrestguice/suntimeswidget/SuntimesUtils$TimeDisplayText;--->getValue()Ljava/lang/String;
03-10 06:03:08.234 17669 17669 D M_InsDal: Lcom/forrestguice/suntimeswidget/SuntimesUtils$TimeDisplayText;--->getSuffix()Ljava/lang/String;
03-10 06:03:08.234 17669 17669 D M_InsDal: Lcom/forrestguice/suntimeswidget/SuntimesUtils;--->formatAsDirection(Ljava/lang/String;Ljava/lang/String;)Ljava/lang/String;
03-10 06:03:08.234 17669 17669 D M_InsDal: Lcom/forrestguice/suntimeswidget/settings/WidgetSettings;--->loadObserverHeightPref(Landroid/content/Context;I)F
03-10 06:03:08.235 17669 17669 D M_InsDal: Lcom/forrestguice/suntimeswidget/settings/WidgetSettings;--->loadLengthUnitsPref(Landroid/content/Context;I)Lcom/forrestguice/suntimeswidget/settings/WidgetSettings$LengthUnit;
03-10 06:03:08.235 17669 17669 D M_InsDal: Lcom/forrestguice/suntimeswidget/settings/WidgetSettings;--->getLengthUnit(Ljava/lang/String;)Lcom/forrestguice/suntimeswidget/settings/WidgetSettings$LengthUnit;
03-10 06:03:08.235 17669 17669 D M_InsDal: Lcom/forrestguice/suntimeswidget/settings/WidgetSettings$LengthUnit;--->valueOf(Ljava/lang/String;)Lcom/forrestguice/suntimeswidget/settings/WidgetSettings$LengthUnit;
03-10 06:03:08.235 17669 17669 D M_InsDal: Lcom/forrestguice/suntimeswidget/LightMapDialog;--->styleLengthText(Landroid/content/Context;DLcom/forrestguice/suntimeswidget/settings/WidgetSettings$LengthUnit;)Ljava/lang/CharSequence;
03-10 06:03:08.235 17669 17669 D M_InsDal: Lcom/forrestguice/suntimeswidget/SuntimesUtils;--->formatAsHeight(Landroid/content/Context;DLcom/forrestguice/suntimeswidget/settings/WidgetSettings$LengthUnit;IZ)Lcom/forrestguice/suntimeswidget/SuntimesUtils$TimeDisplayText;
03-10 06:03:08.236 17669 17669 D M_InsDal: Lcom/forrestguice/suntimeswidget/SuntimesUtils$TimeDisplayText;---><init>(Ljava/lang/String;Ljava/lang/String;Ljava/lang/String;)V
03-10 06:03:08.236 17669 17669 D M_InsDal: Lcom/forrestguice/suntimeswidget/SuntimesUtils$TimeDisplayText;--->toString()Ljava/lang/String;
03-10 06:03:08.236 17669 17669 D M_InsDal: Lcom/forrestguice/suntimeswidget/calculator/SuntimesRiseSetDataset;--->now()Ljava/util/Calendar;
03-10 06:03:08.236 17669 17669 D M_InsDal: Lcom/forrestguice/suntimeswidget/calculator/SuntimesData;--->now()Ljava/util/Calendar;
03-10 06:03:08.236 17669 17669 D M_InsDal: Lcom/forrestguice/suntimeswidget/calculator/SuntimesData;--->timezone()Ljava/util/TimeZone;
03-10 06:03:08.236 17669 17669 D M_InsDal: Lcom/forrestguice/suntimeswidget/calculator/time4a/Time4ASuntimesCalculator;--->getShadowLength(DLjava/util/Calendar;)D
03-10 06:03:08.237 17669 17669 D M_InsDal: Lcom/forrestguice/suntimeswidget/LightMapDialog;--->styleLengthText(Landroid/content/Context;DLcom/forrestguice/suntimeswidget/settings/WidgetSettings$LengthUnit;)Ljava/lang/CharSequence;
03-10 06:03:08.237 17669 17669 D M_InsDal: Lcom/forrestguice/suntimeswidget/calculator/time4a/Time4ASuntimesCalculator;--->getShadowLength(DLjava/util/Calendar;)D
03-10 06:03:08.237 17669 17669 D M_InsDal: Lcom/forrestguice/suntimeswidget/LightMapDialog;--->styleLengthText(Landroid/content/Context;DLcom/forrestguice/suntimeswidget/settings/WidgetSettings$LengthUnit;)Ljava/lang/CharSequence;
03-10 06:03:08.238 17669 17669 D M_InsDal: Lcom/forrestguice/suntimeswidget/SuntimesUtils;--->formatAsHeight(Landroid/content/Context;DLcom/forrestguice/suntimeswidget/settings/WidgetSettings$LengthUnit;IZ)Lcom/forrestguice/suntimeswidget/SuntimesUtils$TimeDisplayText;
03-10 06:03:08.238 17669 17669 D M_InsDal: Lcom/forrestguice/suntimeswidget/SuntimesUtils$TimeDisplayText;---><init>(Ljava/lang/String;Ljava/lang/String;Ljava/lang/String;)V
03-10 06:03:08.238 17669 17669 D M_InsDal: Lcom/forrestguice/suntimeswidget/SuntimesUtils$TimeDisplayText;--->toString()Ljava/lang/String;
03-10 06:03:08.238 17669 17669 D M_InsDal: Lcom/forrestguice/suntimeswidget/LightMapDialog;--->showSunPosition(Z)V
03-10 06:03:08.294 17669 17669 D M_InsDal: Lcom/forrestguice/suntimeswidget/LightMapView$LightMapTask;--->onPostExecute(Landroid/graphics/Bitmap;)V
03-10 06:03:08.294 17669 17669 D M_InsDal: Lcom/forrestguice/suntimeswidget/LightMapView$LightMapTask;--->onFinished(Landroid/graphics/Bitmap;)V
03-10 06:03:08.294 17669 17669 D M_InsDal: Lcom/forrestguice/suntimeswidget/LightMapView$1;--->onFinished(Landroid/graphics/Bitmap;)V
03-10 06:03:11.134 17669 17669 D M_InsDal: Lcom/forrestguice/suntimeswidget/SuntimesActivity$26;--->run()V
03-10 06:03:11.134 17669 17669 D M_InsDal: Lcom/forrestguice/suntimeswidget/SuntimesActivity;--->updateTimeViews(Landroid/content/Context;)V
03-10 06:03:11.134 17669 17669 D M_InsDal: Lcom/forrestguice/suntimeswidget/calculator/SuntimesRiseSetDataset;--->now()Ljava/util/Calendar;
03-10 06:03:11.134 17669 17669 D M_InsDal: Lcom/forrestguice/suntimeswidget/calculator/SuntimesData;--->now()Ljava/util/Calendar;
03-10 06:03:11.134 17669 17669 D M_InsDal: Lcom/forrestguice/suntimeswidget/calculator/SuntimesData;--->timezone()Ljava/util/TimeZone;
03-10 06:03:11.134 17669 17669 D M_InsDal: Lcom/forrestguice/suntimeswidget/SuntimesUtils;--->calendarTimeShortDisplayString(Landroid/content/Context;Ljava/util/Calendar;)Lcom/forrestguice/suntimeswidget/SuntimesUtils$TimeDisplayText;
03-10 06:03:11.134 17669 17669 D M_InsDal: Lcom/forrestguice/suntimeswidget/SuntimesUtils;--->calendarTimeShortDisplayString(Landroid/content/Context;Ljava/util/Calendar;Z)Lcom/forrestguice/suntimeswidget/SuntimesUtils$TimeDisplayText;
03-10 06:03:11.134 17669 17669 D M_InsDal: Lcom/forrestguice/suntimeswidget/SuntimesUtils;--->calendarTime24HrDisplayString(Landroid/content/Context;Ljava/util/Calendar;Z)Lcom/forrestguice/suntimeswidget/SuntimesUtils$TimeDisplayText;
03-10 06:03:11.134 17669 17669 D M_InsDal: Lcom/forrestguice/suntimeswidget/SuntimesUtils;--->calendarTime24HrString(Landroid/content/Context;Ljava/util/Calendar;Z)Ljava/lang/String;
03-10 06:03:11.134 17669 17669 D M_InsDal: Lcom/forrestguice/suntimeswidget/SuntimesUtils;--->getLocale()Ljava/util/Locale;
03-10 06:03:11.135 17669 17669 D M_InsDal: Lcom/forrestguice/suntimeswidget/SuntimesUtils$TimeDisplayText;---><init>(Ljava/lang/String;Ljava/lang/String;Ljava/lang/String;)V
03-10 06:03:11.135 17669 17669 D M_InsDal: Lcom/forrestguice/suntimeswidget/SuntimesUtils$TimeDisplayText;--->setRawValue(J)V
03-10 06:03:11.135 17669 17669 D M_InsDal: Lcom/forrestguice/suntimeswidget/SuntimesUtils$TimeDisplayText;--->getValue()Ljava/lang/String;
03-10 06:03:11.136 17669 17669 D M_InsDal: Lcom/forrestguice/suntimeswidget/SuntimesUtils$TimeDisplayText;--->getSuffix()Ljava/lang/String;
03-10 06:03:11.136 17669 17669 D M_InsDal: Lcom/forrestguice/suntimeswidget/notes/SuntimesNotes;--->updateNote(Landroid/content/Context;Ljava/util/Calendar;)V
03-10 06:03:11.136 17669 17669 D M_InsDal: Lcom/forrestguice/suntimeswidget/notes/SuntimesNotes;--->updateNote(Landroid/content/Context;Ljava/util/Calendar;I)V
03-10 06:03:11.136 17669 17669 D M_InsDal: Lcom/forrestguice/suntimeswidget/settings/WidgetSettings;--->loadTimeNoteRisePref(Landroid/content/Context;I)Lcom/forrestguice/suntimeswidget/settings/SolarEvents;
03-10 06:03:11.136 17669 17669 D M_InsDal: Lcom/forrestguice/suntimeswidget/settings/SolarEvents;--->valueOf(Ljava/lang/String;)Lcom/forrestguice/suntimeswidget/settings/SolarEvents;
03-10 06:03:11.136 17669 17669 D M_InsDal: Lcom/forrestguice/suntimeswidget/notes/SuntimesNotes;--->getNote(Lcom/forrestguice/suntimeswidget/settings/SolarEvents;)Lcom/forrestguice/suntimeswidget/notes/NoteData;
03-10 06:03:11.136 17669 17669 D M_InsDal: Lcom/forrestguice/suntimeswidget/notes/SuntimesNotes;--->getNoteIndex(Lcom/forrestguice/suntimeswidget/settings/SolarEvents;)I
03-10 06:03:11.136 17669 17669 D M_InsDal: Lcom/forrestguice/suntimeswidget/notes/NoteData;---><init>(Lcom/forrestguice/suntimeswidget/notes/NoteData;)V
03-10 06:03:11.136 17669 17669 D M_InsDal: Lcom/forrestguice/suntimeswidget/notes/SuntimesNotes;--->updateNote(Lcom/forrestguice/suntimeswidget/notes/NoteData;Ljava/util/Calendar;)V
03-10 06:03:11.136 17669 17669 D M_InsDal: Lcom/forrestguice/suntimeswidget/calculator/SuntimesRiseSetData;--->sunriseCalendarToday()Ljava/util/Calendar;
03-10 06:03:11.136 17669 17669 D M_InsDal: Lcom/forrestguice/suntimeswidget/calculator/SuntimesRiseSetData;--->sunriseCalendarOther()Ljava/util/Calendar;
03-10 06:03:11.136 17669 17669 D M_InsDal: Lcom/forrestguice/suntimeswidget/SuntimesUtils;--->timeDeltaDisplayString(Ljava/util/Date;Ljava/util/Date;)Lcom/forrestguice/suntimeswidget/SuntimesUtils$TimeDisplayText;
03-10 06:03:11.136 17669 17669 D M_InsDal: Lcom/forrestguice/suntimeswidget/SuntimesUtils;--->timeDeltaDisplayString(Ljava/util/Date;Ljava/util/Date;ZZ)Lcom/forrestguice/suntimeswidget/SuntimesUtils$TimeDisplayText;
03-10 06:03:11.136 17669 17669 D M_InsDal: Lcom/forrestguice/suntimeswidget/SuntimesUtils;--->timeDeltaLongDisplayString(JJZZZ)Lcom/forrestguice/suntimeswidget/SuntimesUtils$TimeDisplayText;
03-10 06:03:11.137 17669 17669 D M_InsDal: Lcom/forrestguice/suntimeswidget/SuntimesUtils$TimeDisplayText;---><init>(Ljava/lang/String;Ljava/lang/String;Ljava/lang/String;)V
03-10 06:03:11.137 17669 17669 D M_InsDal: Lcom/forrestguice/suntimeswidget/SuntimesUtils$TimeDisplayText;--->setRawValue(J)V
03-10 06:03:11.137 17669 17669 D M_InsDal: Lcom/forrestguice/suntimeswidget/SuntimesUtils$TimeDisplayText;--->setSuffix(Ljava/lang/String;)V
03-10 06:03:11.137 17669 17669 D M_InsDal: Lcom/forrestguice/suntimeswidget/SuntimesUtils$TimeDisplayText;--->getRawValue()J
03-10 06:03:11.137 17669 17669 D M_InsDal: Lcom/forrestguice/suntimeswidget/notes/SuntimesNotes;--->prefixString(Lcom/forrestguice/suntimeswidget/settings/SolarEvents;Z)Ljava/lang/String;
03-10 06:03:11.137 17669 17669 D M_InsDal: Lcom/forrestguice/suntimeswidget/notes/NoteData;--->equals(Ljava/lang/Object;)Z
03-10 06:03:11.137 17669 17669 D M_InsDal: Lcom/forrestguice/suntimeswidget/SuntimesUtils$TimeDisplayText;--->getValue()Ljava/lang/String;
03-10 06:03:11.137 17669 17669 D M_InsDal: Lcom/forrestguice/suntimeswidget/SuntimesUtils$TimeDisplayText;--->getValue()Ljava/lang/String;
03-10 06:03:11.137 17669 17669 D M_InsDal: Lcom/forrestguice/suntimeswidget/LightMapView;--->updateViews(Z)V
03-10 06:03:11.239 17669 17669 D M_InsDal: Lcom/forrestguice/suntimeswidget/LightMapDialog$2;--->run()V
03-10 06:03:11.239 17669 17669 D M_InsDal: Lcom/forrestguice/suntimeswidget/LightMapDialog;--->updateLightmapViews(Lcom/forrestguice/suntimeswidget/calculator/SuntimesRiseSetDataset;)V
03-10 06:03:11.239 17669 17669 D M_InsDal: Lcom/forrestguice/suntimeswidget/calculator/SuntimesRiseSetDataset;--->civilTwilightLength()[J
03-10 06:03:11.239 17669 17669 D M_InsDal: Lcom/forrestguice/suntimeswidget/calculator/SuntimesRiseSetDataset;--->morningTwilightLength(Lcom/forrestguice/suntimeswidget/calculator/SuntimesRiseSetData;Lcom/forrestguice/suntimeswidget/calculator/SuntimesRiseSetData;)J
03-10 06:03:11.240 17669 17669 D M_InsDal: Lcom/forrestguice/suntimeswidget/calculator/SuntimesRiseSetData;--->sunriseCalendarToday()Ljava/util/Calendar;
03-10 06:03:11.240 17669 17669 D M_InsDal: Lcom/forrestguice/suntimeswidget/calculator/SuntimesRiseSetData;--->sunriseCalendarToday()Ljava/util/Calendar;
03-10 06:03:11.240 17669 17669 D M_InsDal: Lcom/forrestguice/suntimeswidget/calculator/SuntimesRiseSetDataset;--->eveningTwilightLength(Lcom/forrestguice/suntimeswidget/calculator/SuntimesRiseSetData;Lcom/forrestguice/suntimeswidget/calculator/SuntimesRiseSetData;)J
03-10 06:03:11.240 17669 17669 D M_InsDal: Lcom/forrestguice/suntimeswidget/calculator/SuntimesRiseSetData;--->sunsetCalendarToday()Ljava/util/Calendar;
03-10 06:03:11.240 17669 17669 D M_InsDal: Lcom/forrestguice/suntimeswidget/calculator/SuntimesRiseSetData;--->sunsetCalendarToday()Ljava/util/Calendar;
03-10 06:03:11.240 17669 17669 D M_InsDal: Lcom/forrestguice/suntimeswidget/LightMapDialog;--->createInfoArray([J)[Lcom/forrestguice/suntimeswidget/LightMapDialog$LightMapKeyInfo;
03-10 06:03:11.240 17669 17669 D M_InsDal: Lcom/forrestguice/suntimeswidget/LightMapDialog$LightMapKeyInfo;---><init>(JJ)V
03-10 06:03:11.240 17669 17669 D M_InsDal: Lcom/forrestguice/suntimeswidget/LightMapDialog$LightMapKeyInfo;---><init>(JJ)V
03-10 06:03:11.240 17669 17669 D M_InsDal: Lcom/forrestguice/suntimeswidget/LightMapDialog$LightMapKey;--->updateInfo(Landroid/content/Context;[Lcom/forrestguice/suntimeswidget/LightMapDialog$LightMapKeyInfo;)V
03-10 06:03:11.240 17669 17669 D M_InsDal: Lcom/forrestguice/suntimeswidget/LightMapDialog$LightMapKeyInfo;--->durationString(Z)Ljava/lang/String;
03-10 06:03:11.240 17669 17669 D M_InsDal: Lcom/forrestguice/suntimeswidget/SuntimesUtils;--->timeDeltaLongDisplayString(JZ)Lcom/forrestguice/suntimeswidget/SuntimesUtils$TimeDisplayText;
03-10 06:03:11.241 17669 17669 D M_InsDal: Lcom/forrestguice/suntimeswidget/SuntimesUtils;--->timeDeltaLongDisplayString(JJZ)Lcom/forrestguice/suntimeswidget/SuntimesUtils$TimeDisplayText;
03-10 06:03:11.241 17669 17669 D M_InsDal: Lcom/forrestguice/suntimeswidget/SuntimesUtils;--->timeDeltaLongDisplayString(JJZZZ)Lcom/forrestguice/suntimeswidget/SuntimesUtils$TimeDisplayText;
03-10 06:03:11.241 17669 17669 D M_InsDal: Lcom/forrestguice/suntimeswidget/SuntimesUtils$TimeDisplayText;---><init>(Ljava/lang/String;Ljava/lang/String;Ljava/lang/String;)V
03-10 06:03:11.241 17669 17669 D M_InsDal: Lcom/forrestguice/suntimeswidget/SuntimesUtils$TimeDisplayText;--->setRawValue(J)V
03-10 06:03:11.241 17669 17669 D M_InsDal: Lcom/forrestguice/suntimeswidget/SuntimesUtils$TimeDisplayText;--->setSuffix(Ljava/lang/String;)V
03-10 06:03:11.241 17669 17669 D M_InsDal: Lcom/forrestguice/suntimeswidget/SuntimesUtils$TimeDisplayText;--->toString()Ljava/lang/String;
03-10 06:03:11.242 17669 17669 D M_InsDal: Lcom/forrestguice/suntimeswidget/LightMapDialog$LightMapKeyInfo;--->durationString(Z)Ljava/lang/String;
03-10 06:03:11.242 17669 17669 D M_InsDal: Lcom/forrestguice/suntimeswidget/SuntimesUtils;--->timeDeltaLongDisplayString(JZ)Lcom/forrestguice/suntimeswidget/SuntimesUtils$TimeDisplayText;
03-10 06:03:11.242 17669 17669 D M_InsDal: Lcom/forrestguice/suntimeswidget/SuntimesUtils;--->timeDeltaLongDisplayString(JJZ)Lcom/forrestguice/suntimeswidget/SuntimesUtils$TimeDisplayText;
03-10 06:03:11.242 17669 17669 D M_InsDal: Lcom/forrestguice/suntimeswidget/SuntimesUtils;--->timeDeltaLongDisplayString(JJZZZ)Lcom/forrestguice/suntimeswidget/SuntimesUtils$TimeDisplayText;
03-10 06:03:11.242 17669 17669 D M_InsDal: Lcom/forrestguice/suntimeswidget/SuntimesUtils$TimeDisplayText;---><init>(Ljava/lang/String;Ljava/lang/String;Ljava/lang/String;)V
03-10 06:03:11.242 17669 17669 D M_InsDal: Lcom/forrestguice/suntimeswidget/SuntimesUtils$TimeDisplayText;--->setRawValue(J)V
03-10 06:03:11.242 17669 17669 D M_InsDal: Lcom/forrestguice/suntimeswidget/SuntimesUtils$TimeDisplayText;--->setSuffix(Ljava/lang/String;)V
03-10 06:03:11.242 17669 17669 D M_InsDal: Lcom/forrestguice/suntimeswidget/SuntimesUtils$TimeDisplayText;--->toString()Ljava/lang/String;
03-10 06:03:11.243 17669 17669 D M_InsDal: Lcom/forrestguice/suntimeswidget/SuntimesUtils;--->createBoldColorSpan(Landroid/text/SpannableString;Ljava/lang/String;Ljava/lang/String;I)Landroid/text/SpannableString;
03-10 06:03:11.243 17669 17669 D M_InsDal: Lcom/forrestguice/suntimeswidget/SuntimesUtils;--->createBoldSpan(Landroid/text/SpannableString;Ljava/lang/String;Ljava/lang/String;)Landroid/text/SpannableString;
03-10 06:03:11.243 17669 17669 D M_InsDal: Lcom/forrestguice/suntimeswidget/SuntimesUtils;--->createColorSpan(Landroid/text/SpannableString;Ljava/lang/String;Ljava/lang/String;I)Landroid/text/SpannableString;
03-10 06:03:11.245 17669 17669 D M_InsDal: Lcom/forrestguice/suntimeswidget/LightMapDialog$LightMapKey;--->setVisible(Z)V
03-10 06:03:11.245 17669 17669 D M_InsDal: Lcom/forrestguice/suntimeswidget/LightMapDialog$LightMapKey;--->highlight(Z)V
03-10 06:03:11.245 17669 17669 D M_InsDal: Lcom/forrestguice/suntimeswidget/calculator/SuntimesRiseSetDataset;--->nauticalTwilightLength()[J
03-10 06:03:11.245 17669 17669 D M_InsDal: Lcom/forrestguice/suntimeswidget/calculator/SuntimesRiseSetDataset;--->morningTwilightLength(Lcom/forrestguice/suntimeswidget/calculator/SuntimesRiseSetData;Lcom/forrestguice/suntimeswidget/calculator/SuntimesRiseSetData;)J
03-10 06:03:11.245 17669 17669 D M_InsDal: Lcom/forrestguice/suntimeswidget/calculator/SuntimesRiseSetData;--->sunriseCalendarToday()Ljava/util/Calendar;
03-10 06:03:11.245 17669 17669 D M_InsDal: Lcom/forrestguice/suntimeswidget/calculator/SuntimesRiseSetData;--->sunriseCalendarToday()Ljava/util/Calendar;
03-10 06:03:11.245 17669 17669 D M_InsDal: Lcom/forrestguice/suntimeswidget/calculator/SuntimesRiseSetDataset;--->eveningTwilightLength(Lcom/forrestguice/suntimeswidget/calculator/SuntimesRiseSetData;Lcom/forrestguice/suntimeswidget/calculator/SuntimesRiseSetData;)J
03-10 06:03:11.245 17669 17669 D M_InsDal: Lcom/forrestguice/suntimeswidget/calculator/SuntimesRiseSetData;--->sunsetCalendarToday()Ljava/util/Calendar;
03-10 06:03:11.246 17669 17669 D M_InsDal: Lcom/forrestguice/suntimeswidget/calculator/SuntimesRiseSetData;--->sunsetCalendarToday()Ljava/util/Calendar;
03-10 06:03:11.246 17669 17669 D M_InsDal: Lcom/forrestguice/suntimeswidget/LightMapDialog;--->createInfoArray([J)[Lcom/forrestguice/suntimeswidget/LightMapDialog$LightMapKeyInfo;
03-10 06:03:11.246 17669 17669 D M_InsDal: Lcom/forrestguice/suntimeswidget/LightMapDialog$LightMapKeyInfo;---><init>(JJ)V
03-10 06:03:11.246 17669 17669 D M_InsDal: Lcom/forrestguice/suntimeswidget/LightMapDialog$LightMapKeyInfo;---><init>(JJ)V
03-10 06:03:11.246 17669 17669 D M_InsDal: Lcom/forrestguice/suntimeswidget/LightMapDialog$LightMapKey;--->updateInfo(Landroid/content/Context;[Lcom/forrestguice/suntimeswidget/LightMapDialog$LightMapKeyInfo;)V
03-10 06:03:11.246 17669 17669 D M_InsDal: Lcom/forrestguice/suntimeswidget/LightMapDialog$LightMapKeyInfo;--->durationString(Z)Ljava/lang/String;
03-10 06:03:11.246 17669 17669 D M_InsDal: Lcom/forrestguice/suntimeswidget/SuntimesUtils;--->timeDeltaLongDisplayString(JZ)Lcom/forrestguice/suntimeswidget/SuntimesUtils$TimeDisplayText;
03-10 06:03:11.246 17669 17669 D M_InsDal: Lcom/forrestguice/suntimeswidget/SuntimesUtils;--->timeDeltaLongDisplayString(JJZ)Lcom/forrestguice/suntimeswidget/SuntimesUtils$TimeDisplayText;
03-10 06:03:11.246 17669 17669 D M_InsDal: Lcom/forrestguice/suntimeswidget/SuntimesUtils;--->timeDeltaLongDisplayString(JJZZZ)Lcom/forrestguice/suntimeswidget/SuntimesUtils$TimeDisplayText;
03-10 06:03:11.247 17669 17669 D M_InsDal: Lcom/forrestguice/suntimeswidget/SuntimesUtils$TimeDisplayText;---><init>(Ljava/lang/String;Ljava/lang/String;Ljava/lang/String;)V
03-10 06:03:11.247 17669 17669 D M_InsDal: Lcom/forrestguice/suntimeswidget/SuntimesUtils$TimeDisplayText;--->setRawValue(J)V
03-10 06:03:11.247 17669 17669 D M_InsDal: Lcom/forrestguice/suntimeswidget/SuntimesUtils$TimeDisplayText;--->setSuffix(Ljava/lang/String;)V
03-10 06:03:11.247 17669 17669 D M_InsDal: Lcom/forrestguice/suntimeswidget/SuntimesUtils$TimeDisplayText;--->toString()Ljava/lang/String;
03-10 06:03:11.247 17669 17669 D M_InsDal: Lcom/forrestguice/suntimeswidget/LightMapDialog$LightMapKeyInfo;--->durationString(Z)Ljava/lang/String;
03-10 06:03:11.247 17669 17669 D M_InsDal: Lcom/forrestguice/suntimeswidget/SuntimesUtils;--->timeDeltaLongDisplayString(JZ)Lcom/forrestguice/suntimeswidget/SuntimesUtils$TimeDisplayText;
03-10 06:03:11.247 17669 17669 D M_InsDal: Lcom/forrestguice/suntimeswidget/SuntimesUtils;--->timeDeltaLongDisplayString(JJZ)Lcom/forrestguice/suntimeswidget/SuntimesUtils$TimeDisplayText;
03-10 06:03:11.247 17669 17669 D M_InsDal: Lcom/forrestguice/suntimeswidget/SuntimesUtils;--->timeDeltaLongDisplayString(JJZZZ)Lcom/forrestguice/suntimeswidget/SuntimesUtils$TimeDisplayText;
03-10 06:03:11.247 17669 17669 D M_InsDal: Lcom/forrestguice/suntimeswidget/SuntimesUtils$TimeDisplayText;---><init>(Ljava/lang/String;Ljava/lang/String;Ljava/lang/String;)V
03-10 06:03:11.247 17669 17669 D M_InsDal: Lcom/forrestguice/suntimeswidget/SuntimesUtils$TimeDisplayText;--->setRawValue(J)V
03-10 06:03:11.247 17669 17669 D M_InsDal: Lcom/forrestguice/suntimeswidget/SuntimesUtils$TimeDisplayText;--->setSuffix(Ljava/lang/String;)V
03-10 06:03:11.248 17669 17669 D M_InsDal: Lcom/forrestguice/suntimeswidget/SuntimesUtils$TimeDisplayText;--->toString()Ljava/lang/String;
