03-10 06:03:11.248 17669 17669 D M_InsDal: Lcom/forrestguice/suntimeswidget/SuntimesUtils;--->createBoldColorSpan(Landroid/text/SpannableString;Ljava/lang/String;Ljava/lang/String;I)Landroid/text/SpannableString;
03-10 06:03:11.248 17669 17669 D M_InsDal: Lcom/forrestguice/suntimeswidget/SuntimesUtils;--->createBoldSpan(Landroid/text/SpannableString;Ljava/lang/String;Ljava/lang/String;)Landroid/text/SpannableString;
03-10 06:03:11.248 17669 17669 D M_InsDal: Lcom/forrestguice/suntimeswidget/SuntimesUtils;--->createColorSpan(Landroid/text/SpannableString;Ljava/lang/String;Ljava/lang/String;I)Landroid/text/SpannableString;
03-10 06:03:11.250 17669 17669 D M_InsDal: Lcom/forrestguice/suntimeswidget/LightMapDialog$LightMapKey;--->setVisible(Z)V
03-10 06:03:11.250 17669 17669 D M_InsDal: Lcom/forrestguice/suntimeswidget/LightMapDialog$LightMapKey;--->highlight(Z)V
03-10 06:03:11.250 17669 17669 D M_InsDal: Lcom/forrestguice/suntimeswidget/calculator/SuntimesRiseSetDataset;--->astroTwilightLength()[J
03-10 06:03:11.250 17669 17669 D M_InsDal: Lcom/forrestguice/suntimeswidget/calculator/SuntimesRiseSetDataset;--->morningTwilightLength(Lcom/forrestguice/suntimeswidget/calculator/SuntimesRiseSetData;Lcom/forrestguice/suntimeswidget/calculator/SuntimesRiseSetData;)J
03-10 06:03:11.250 17669 17669 D M_InsDal: Lcom/forrestguice/suntimeswidget/calculator/SuntimesRiseSetData;--->sunriseCalendarToday()Ljava/util/Calendar;
03-10 06:03:11.250 17669 17669 D M_InsDal: Lcom/forrestguice/suntimeswidget/calculator/SuntimesRiseSetData;--->sunriseCalendarToday()Ljava/util/Calendar;
03-10 06:03:11.250 17669 17669 D M_InsDal: Lcom/forrestguice/suntimeswidget/calculator/SuntimesRiseSetDataset;--->eveningTwilightLength(Lcom/forrestguice/suntimeswidget/calculator/SuntimesRiseSetData;Lcom/forrestguice/suntimeswidget/calculator/SuntimesRiseSetData;)J
03-10 06:03:11.250 17669 17669 D M_InsDal: Lcom/forrestguice/suntimeswidget/calculator/SuntimesRiseSetData;--->sunsetCalendarToday()Ljava/util/Calendar;
03-10 06:03:11.250 17669 17669 D M_InsDal: Lcom/forrestguice/suntimeswidget/calculator/SuntimesRiseSetData;--->sunsetCalendarToday()Ljava/util/Calendar;
03-10 06:03:11.250 17669 17669 D M_InsDal: Lcom/forrestguice/suntimeswidget/LightMapDialog;--->createInfoArray([J)[Lcom/forrestguice/suntimeswidget/LightMapDialog$LightMapKeyInfo;
03-10 06:03:11.251 17669 17669 D M_InsDal: Lcom/forrestguice/suntimeswidget/LightMapDialog$LightMapKeyInfo;---><init>(JJ)V
03-10 06:03:11.251 17669 17669 D M_InsDal: Lcom/forrestguice/suntimeswidget/LightMapDialog$LightMapKeyInfo;---><init>(JJ)V
03-10 06:03:11.251 17669 17669 D M_InsDal: Lcom/forrestguice/suntimeswidget/LightMapDialog$LightMapKey;--->updateInfo(Landroid/content/Context;[Lcom/forrestguice/suntimeswidget/LightMapDialog$LightMapKeyInfo;)V
03-10 06:03:11.251 17669 17669 D M_InsDal: Lcom/forrestguice/suntimeswidget/LightMapDialog$LightMapKeyInfo;--->durationString(Z)Ljava/lang/String;
03-10 06:03:11.251 17669 17669 D M_InsDal: Lcom/forrestguice/suntimeswidget/SuntimesUtils;--->timeDeltaLongDisplayString(JZ)Lcom/forrestguice/suntimeswidget/SuntimesUtils$TimeDisplayText;
03-10 06:03:11.251 17669 17669 D M_InsDal: Lcom/forrestguice/suntimeswidget/SuntimesUtils;--->timeDeltaLongDisplayString(JJZ)Lcom/forrestguice/suntimeswidget/SuntimesUtils$TimeDisplayText;
03-10 06:03:11.251 17669 17669 D M_InsDal: Lcom/forrestguice/suntimeswidget/SuntimesUtils;--->timeDeltaLongDisplayString(JJZZZ)Lcom/forrestguice/suntimeswidget/SuntimesUtils$TimeDisplayText;
03-10 06:03:11.252 17669 17669 D M_InsDal: Lcom/forrestguice/suntimeswidget/SuntimesUtils$TimeDisplayText;---><init>(Ljava/lang/String;Ljava/lang/String;Ljava/lang/String;)V
03-10 06:03:11.252 17669 17669 D M_InsDal: Lcom/forrestguice/suntimeswidget/SuntimesUtils$TimeDisplayText;--->setRawValue(J)V
03-10 06:03:11.252 17669 17669 D M_InsDal: Lcom/forrestguice/suntimeswidget/SuntimesUtils$TimeDisplayText;--->setSuffix(Ljava/lang/String;)V
03-10 06:03:11.252 17669 17669 D M_InsDal: Lcom/forrestguice/suntimeswidget/SuntimesUtils$TimeDisplayText;--->toString()Ljava/lang/String;
03-10 06:03:11.252 17669 17669 D M_InsDal: Lcom/forrestguice/suntimeswidget/LightMapDialog$LightMapKeyInfo;--->durationString(Z)Ljava/lang/String;
03-10 06:03:11.252 17669 17669 D M_InsDal: Lcom/forrestguice/suntimeswidget/SuntimesUtils;--->timeDeltaLongDisplayString(JZ)Lcom/forrestguice/suntimeswidget/SuntimesUtils$TimeDisplayText;
03-10 06:03:11.252 17669 17669 D M_InsDal: Lcom/forrestguice/suntimeswidget/SuntimesUtils;--->timeDeltaLongDisplayString(JJZ)Lcom/forrestguice/suntimeswidget/SuntimesUtils$TimeDisplayText;
03-10 06:03:11.252 17669 17669 D M_InsDal: Lcom/forrestguice/suntimeswidget/SuntimesUtils;--->timeDeltaLongDisplayString(JJZZZ)Lcom/forrestguice/suntimeswidget/SuntimesUtils$TimeDisplayText;
03-10 06:03:11.253 17669 17669 D M_InsDal: Lcom/forrestguice/suntimeswidget/SuntimesUtils$TimeDisplayText;---><init>(Ljava/lang/String;Ljava/lang/String;Ljava/lang/String;)V
03-10 06:03:11.253 17669 17669 D M_InsDal: Lcom/forrestguice/suntimeswidget/SuntimesUtils$TimeDisplayText;--->setRawValue(J)V
03-10 06:03:11.253 17669 17669 D M_InsDal: Lcom/forrestguice/suntimeswidget/SuntimesUtils$TimeDisplayText;--->setSuffix(Ljava/lang/String;)V
03-10 06:03:11.253 17669 17669 D M_InsDal: Lcom/forrestguice/suntimeswidget/SuntimesUtils$TimeDisplayText;--->toString()Ljava/lang/String;
03-10 06:03:11.253 17669 17669 D M_InsDal: Lcom/forrestguice/suntimeswidget/SuntimesUtils;--->createBoldColorSpan(Landroid/text/SpannableString;Ljava/lang/String;Ljava/lang/String;I)Landroid/text/SpannableString;
03-10 06:03:11.253 17669 17669 D M_InsDal: Lcom/forrestguice/suntimeswidget/SuntimesUtils;--->createBoldSpan(Landroid/text/SpannableString;Ljava/lang/String;Ljava/lang/String;)Landroid/text/SpannableString;
03-10 06:03:11.253 17669 17669 D M_InsDal: Lcom/forrestguice/suntimeswidget/SuntimesUtils;--->createColorSpan(Landroid/text/SpannableString;Ljava/lang/String;Ljava/lang/String;I)Landroid/text/SpannableString;
03-10 06:03:11.255 17669 17669 D M_InsDal: Lcom/forrestguice/suntimeswidget/LightMapDialog$LightMapKey;--->setVisible(Z)V
03-10 06:03:11.255 17669 17669 D M_InsDal: Lcom/forrestguice/suntimeswidget/LightMapDialog$LightMapKey;--->highlight(Z)V
03-10 06:03:11.255 17669 17669 D M_InsDal: Lcom/forrestguice/suntimeswidget/calculator/SuntimesRiseSetDataset;--->nightLength()J
03-10 06:03:11.255 17669 17669 D M_InsDal: Lcom/forrestguice/suntimeswidget/calculator/SuntimesRiseSetData;--->sunsetCalendarToday()Ljava/util/Calendar;
03-10 06:03:11.255 17669 17669 D M_InsDal: Lcom/forrestguice/suntimeswidget/calculator/SuntimesRiseSetData;--->sunriseCalendarOther()Ljava/util/Calendar;
03-10 06:03:11.255 17669 17669 D M_InsDal: Lcom/forrestguice/suntimeswidget/LightMapDialog;--->createInfoArray([J)[Lcom/forrestguice/suntimeswidget/LightMapDialog$LightMapKeyInfo;
03-10 06:03:11.255 17669 17669 D M_InsDal: Lcom/forrestguice/suntimeswidget/LightMapDialog$LightMapKeyInfo;---><init>(JJ)V
03-10 06:03:11.255 17669 17669 D M_InsDal: Lcom/forrestguice/suntimeswidget/LightMapDialog$LightMapKey;--->updateInfo(Landroid/content/Context;[Lcom/forrestguice/suntimeswidget/LightMapDialog$LightMapKeyInfo;)V
03-10 06:03:11.255 17669 17669 D M_InsDal: Lcom/forrestguice/suntimeswidget/LightMapDialog$LightMapKeyInfo;--->durationString(Z)Ljava/lang/String;
03-10 06:03:11.255 17669 17669 D M_InsDal: Lcom/forrestguice/suntimeswidget/SuntimesUtils;--->timeDeltaLongDisplayString(JZ)Lcom/forrestguice/suntimeswidget/SuntimesUtils$TimeDisplayText;
03-10 06:03:11.256 17669 17669 D M_InsDal: Lcom/forrestguice/suntimeswidget/SuntimesUtils;--->timeDeltaLongDisplayString(JJZ)Lcom/forrestguice/suntimeswidget/SuntimesUtils$TimeDisplayText;
03-10 06:03:11.256 17669 17669 D M_InsDal: Lcom/forrestguice/suntimeswidget/SuntimesUtils;--->timeDeltaLongDisplayString(JJZZZ)Lcom/forrestguice/suntimeswidget/SuntimesUtils$TimeDisplayText;
03-10 06:03:11.256 17669 17669 D M_InsDal: Lcom/forrestguice/suntimeswidget/SuntimesUtils$TimeDisplayText;---><init>(Ljava/lang/String;Ljava/lang/String;Ljava/lang/String;)V
03-10 06:03:11.256 17669 17669 D M_InsDal: Lcom/forrestguice/suntimeswidget/SuntimesUtils$TimeDisplayText;--->setRawValue(J)V
03-10 06:03:11.257 17669 17669 D M_InsDal: Lcom/forrestguice/suntimeswidget/SuntimesUtils$TimeDisplayText;--->setSuffix(Ljava/lang/String;)V
03-10 06:03:11.257 17669 17669 D M_InsDal: Lcom/forrestguice/suntimeswidget/SuntimesUtils$TimeDisplayText;--->toString()Ljava/lang/String;
03-10 06:03:11.257 17669 17669 D M_InsDal: Lcom/forrestguice/suntimeswidget/LightMapDialog$LightMapKey;--->setVisible(Z)V
03-10 06:03:11.257 17669 17669 D M_InsDal: Lcom/forrestguice/suntimeswidget/LightMapDialog$LightMapKey;--->highlight(Z)V
03-10 06:03:11.258 17669 17669 D M_InsDal: Lcom/forrestguice/suntimeswidget/calculator/SuntimesRiseSetDataset;--->dayLengthOther()J
03-10 06:03:11.258 17669 17669 D M_InsDal: Lcom/forrestguice/suntimeswidget/calculator/SuntimesRiseSetData;--->dayLengthOther()J
03-10 06:03:11.258 17669 17669 D M_InsDal: Lcom/forrestguice/suntimeswidget/calculator/SuntimesRiseSetDataset;--->dayLength()J
03-10 06:03:11.258 17669 17669 D M_InsDal: Lcom/forrestguice/suntimeswidget/calculator/SuntimesRiseSetData;--->dayLengthToday()J
03-10 06:03:11.258 17669 17669 D M_InsDal: Lcom/forrestguice/suntimeswidget/calculator/SuntimesRiseSetDataset;--->dayLength()J
03-10 06:03:11.258 17669 17669 D M_InsDal: Lcom/forrestguice/suntimeswidget/calculator/SuntimesRiseSetData;--->dayLengthToday()J
03-10 06:03:11.258 17669 17669 D M_InsDal: Lcom/forrestguice/suntimeswidget/LightMapDialog;--->createInfoArray(JJI)[Lcom/forrestguice/suntimeswidget/LightMapDialog$LightMapKeyInfo;
03-10 06:03:11.258 17669 17669 D M_InsDal: Lcom/forrestguice/suntimeswidget/LightMapDialog$LightMapKeyInfo;---><init>(JJ)V
03-10 06:03:11.258 17669 17669 D M_InsDal: Lcom/forrestguice/suntimeswidget/LightMapDialog$LightMapKey;--->updateInfo(Landroid/content/Context;[Lcom/forrestguice/suntimeswidget/LightMapDialog$LightMapKeyInfo;)V
03-10 06:03:11.258 17669 17669 D M_InsDal: Lcom/forrestguice/suntimeswidget/LightMapDialog$LightMapKeyInfo;--->durationString(Z)Ljava/lang/String;
03-10 06:03:11.258 17669 17669 D M_InsDal: Lcom/forrestguice/suntimeswidget/SuntimesUtils;--->timeDeltaLongDisplayString(JZ)Lcom/forrestguice/suntimeswidget/SuntimesUtils$TimeDisplayText;
03-10 06:03:11.258 17669 17669 D M_InsDal: Lcom/forrestguice/suntimeswidget/SuntimesUtils;--->timeDeltaLongDisplayString(JJZ)Lcom/forrestguice/suntimeswidget/SuntimesUtils$TimeDisplayText;
03-10 06:03:11.258 17669 17669 D M_InsDal: Lcom/forrestguice/suntimeswidget/SuntimesUtils;--->timeDeltaLongDisplayString(JJZZZ)Lcom/forrestguice/suntimeswidget/SuntimesUtils$TimeDisplayText;
03-10 06:03:11.259 17669 17669 D M_InsDal: Lcom/forrestguice/suntimeswidget/SuntimesUtils$TimeDisplayText;---><init>(Ljava/lang/String;Ljava/lang/String;Ljava/lang/String;)V
03-10 06:03:11.259 17669 17669 D M_InsDal: Lcom/forrestguice/suntimeswidget/SuntimesUtils$TimeDisplayText;--->setRawValue(J)V
03-10 06:03:11.259 17669 17669 D M_InsDal: Lcom/forrestguice/suntimeswidget/SuntimesUtils$TimeDisplayText;--->setSuffix(Ljava/lang/String;)V
03-10 06:03:11.259 17669 17669 D M_InsDal: Lcom/forrestguice/suntimeswidget/SuntimesUtils$TimeDisplayText;--->toString()Ljava/lang/String;
03-10 06:03:11.259 17669 17669 D M_InsDal: Lcom/forrestguice/suntimeswidget/LightMapDialog$LightMapKeyInfo;--->deltaString(Z)Ljava/lang/String;
03-10 06:03:11.259 17669 17669 D M_InsDal: Lcom/forrestguice/suntimeswidget/SuntimesUtils;--->timeDeltaLongDisplayString(JZ)Lcom/forrestguice/suntimeswidget/SuntimesUtils$TimeDisplayText;
03-10 06:03:11.259 17669 17669 D M_InsDal: Lcom/forrestguice/suntimeswidget/SuntimesUtils;--->timeDeltaLongDisplayString(JJZ)Lcom/forrestguice/suntimeswidget/SuntimesUtils$TimeDisplayText;
03-10 06:03:11.259 17669 17669 D M_InsDal: Lcom/forrestguice/suntimeswidget/SuntimesUtils;--->timeDeltaLongDisplayString(JJZZZ)Lcom/forrestguice/suntimeswidget/SuntimesUtils$TimeDisplayText;
03-10 06:03:11.260 17669 17669 D M_InsDal: Lcom/forrestguice/suntimeswidget/SuntimesUtils$TimeDisplayText;---><init>(Ljava/lang/String;Ljava/lang/String;Ljava/lang/String;)V
03-10 06:03:11.260 17669 17669 D M_InsDal: Lcom/forrestguice/suntimeswidget/SuntimesUtils$TimeDisplayText;--->setRawValue(J)V
03-10 06:03:11.260 17669 17669 D M_InsDal: Lcom/forrestguice/suntimeswidget/SuntimesUtils$TimeDisplayText;--->setSuffix(Ljava/lang/String;)V
03-10 06:03:11.260 17669 17669 D M_InsDal: Lcom/forrestguice/suntimeswidget/SuntimesUtils$TimeDisplayText;--->toString()Ljava/lang/String;
03-10 06:03:11.260 17669 17669 D M_InsDal: Lcom/forrestguice/suntimeswidget/SuntimesUtils;--->createColorSpan(Landroid/text/SpannableString;Ljava/lang/String;Ljava/lang/String;I)Landroid/text/SpannableString;
03-10 06:03:11.261 17669 17669 D M_InsDal: Lcom/forrestguice/suntimeswidget/LightMapDialog$LightMapKey;--->setVisible(Z)V
03-10 06:03:11.261 17669 17669 D M_InsDal: Lcom/forrestguice/suntimeswidget/LightMapDialog$LightMapKey;--->highlight(Z)V
03-10 06:03:11.262 17669 17669 D M_InsDal: Lcom/forrestguice/suntimeswidget/LightMapView;--->updateViews(Lcom/forrestguice/suntimeswidget/calculator/SuntimesRiseSetDataset;)V
03-10 06:03:11.262 17669 17669 D M_InsDal: Lcom/forrestguice/suntimeswidget/LightMapView$LightMapTask;---><init>()V
03-10 06:03:11.262 17669 17669 D M_InsDal: Lcom/forrestguice/suntimeswidget/LightMapView$1;---><init>(Lcom/forrestguice/suntimeswidget/LightMapView;)V
03-10 06:03:11.262 17669 17669 D M_InsDal: Lcom/forrestguice/suntimeswidget/LightMapView$LightMapTaskListener;---><init>()V
03-10 06:03:11.262 17669 17669 D M_InsDal: Lcom/forrestguice/suntimeswidget/LightMapView$LightMapTask;--->setListener(Lcom/forrestguice/suntimeswidget/LightMapView$LightMapTaskListener;)V
03-10 06:03:11.262 17669 17669 D M_InsDal: Lcom/forrestguice/suntimeswidget/LightMapView$LightMapTask;--->onPreExecute()V
03-10 06:03:11.262 17669 17669 D M_InsDal: Lcom/forrestguice/suntimeswidget/LightMapDialog;--->updateSunPositionViews(Lcom/forrestguice/suntimeswidget/calculator/SuntimesRiseSetDataset;)V
03-10 06:03:11.262 17669 17669 D M_InsDal: Lcom/forrestguice/suntimeswidget/calculator/SuntimesRiseSetDataset;--->calculator()Lcom/forrestguice/suntimeswidget/calculator/core/SuntimesCalculator;
03-10 06:03:11.262 17669 17669 D M_InsDal: Lcom/forrestguice/suntimeswidget/calculator/SuntimesData;--->calculator()Lcom/forrestguice/suntimeswidget/calculator/core/SuntimesCalculator;
03-10 06:03:11.262 17669 17669 D M_InsDal: Lcom/forrestguice/suntimeswidget/calculator/SuntimesRiseSetData;--->sunriseCalendarToday()Ljava/util/Calendar;
03-10 06:03:11.262 17669 17669 D M_InsDal: Lcom/forrestguice/suntimeswidget/calculator/time4a/Time4ASuntimesCalculator;--->getSunPosition(Ljava/util/Calendar;)Lcom/forrestguice/suntimeswidget/calculator/core/SuntimesCalculator$SunPosition;
03-10 06:03:11.262 17669 17708 D M_InsDal: Lcom/forrestguice/suntimeswidget/LightMapView$LightMapTask;--->doInBackground([Ljava/lang/Object;)Landroid/graphics/Bitmap;
03-10 06:03:11.262 17669 17708 D M_InsDal: Lcom/forrestguice/suntimeswidget/LightMapView$LightMapTask;--->makeBitmap(Lcom/forrestguice/suntimeswidget/calculator/SuntimesRiseSetDataset;IILcom/forrestguice/suntimeswidget/LightMapView$LightMapColors;)Landroid/graphics/Bitmap;
03-10 06:03:11.262 17669 17708 D M_InsDal: Lcom/forrestguice/suntimeswidget/LightMapView$LightMapTask;--->drawRect(Landroid/graphics/Canvas;Landroid/graphics/Paint;)V
03-10 06:03:11.263 17669 17669 D M_InsDal: Lcom/forrestguice/suntimeswidget/calculator/core/SuntimesCalculator$SunPosition;---><init>()V
03-10 06:03:11.263 17669 17708 D M_InsDal: Lcom/forrestguice/suntimeswidget/LightMapView$LightMapTask;--->drawRect(Lcom/forrestguice/suntimeswidget/calculator/SuntimesRiseSetData;Landroid/graphics/Canvas;Landroid/graphics/Paint;)Z
03-10 06:03:11.263 17669 17669 D M_InsDal: Lcom/forrestguice/suntimeswidget/calculator/core/SuntimesCalculator$Position;---><init>()V
03-10 06:03:11.263 17669 17708 D M_InsDal: Lcom/forrestguice/suntimeswidget/calculator/SuntimesRiseSetData;--->sunriseCalendarToday()Ljava/util/Calendar;
03-10 06:03:11.263 17669 17708 D M_InsDal: Lcom/forrestguice/suntimeswidget/calculator/SuntimesRiseSetData;--->sunsetCalendarToday()Ljava/util/Calendar;
03-10 06:03:11.263 17669 17708 D M_InsDal: Lcom/forrestguice/suntimeswidget/calculator/SuntimesData;--->calendar()Ljava/util/Calendar;
03-10 06:03:11.263 17669 17669 D M_InsDal: Lcom/forrestguice/suntimeswidget/calculator/SuntimesRiseSetDataset;--->calendar()Ljava/util/Calendar;
03-10 06:03:11.263 17669 17669 D M_InsDal: Lcom/forrestguice/suntimeswidget/calculator/SuntimesData;--->calendar()Ljava/util/Calendar;
03-10 06:03:11.263 17669 17708 D M_InsDal: Lcom/forrestguice/suntimeswidget/calculator/SuntimesData;--->calendar()Ljava/util/Calendar;
03-10 06:03:11.263 17669 17669 D M_InsDal: Lcom/forrestguice/suntimeswidget/calculator/SuntimesRiseSetDataset;--->nowThen(Ljava/util/Calendar;)Ljava/util/Calendar;
03-10 06:03:11.263 17669 17669 D M_InsDal: Lcom/forrestguice/suntimeswidget/calculator/SuntimesData;--->nowThen(Ljava/util/Calendar;)Ljava/util/Calendar;
03-10 06:03:11.263 17669 17669 D M_InsDal: Lcom/forrestguice/suntimeswidget/calculator/SuntimesData;--->now()Ljava/util/Calendar;
03-10 06:03:11.263 17669 17669 D M_InsDal: Lcom/forrestguice/suntimeswidget/calculator/SuntimesData;--->timezone()Ljava/util/TimeZone;
03-10 06:03:11.263 17669 17708 D M_InsDal: Lcom/forrestguice/suntimeswidget/LightMapView$LightMapTask;--->drawRect(Lcom/forrestguice/suntimeswidget/calculator/SuntimesRiseSetData;Landroid/graphics/Canvas;Landroid/graphics/Paint;)Z
03-10 06:03:11.263 17669 17708 D M_InsDal: Lcom/forrestguice/suntimeswidget/calculator/SuntimesRiseSetData;--->sunriseCalendarToday()Ljava/util/Calendar;
03-10 06:03:11.263 17669 17708 D M_InsDal: Lcom/forrestguice/suntimeswidget/calculator/SuntimesRiseSetData;--->sunsetCalendarToday()Ljava/util/Calendar;
03-10 06:03:11.263 17669 17708 D M_InsDal: Lcom/forrestguice/suntimeswidget/calculator/SuntimesData;--->calendar()Ljava/util/Calendar;
03-10 06:03:11.263 17669 17708 D M_InsDal: Lcom/forrestguice/suntimeswidget/calculator/SuntimesData;--->calendar()Ljava/util/Calendar;
03-10 06:03:11.263 17669 17669 D M_InsDal: Lcom/forrestguice/suntimeswidget/calculator/time4a/Time4ASuntimesCalculator;--->getSunPosition(Ljava/util/Calendar;)Lcom/forrestguice/suntimeswidget/calculator/core/SuntimesCalculator$SunPosition;
03-10 06:03:11.263 17669 17708 D M_InsDal: Lcom/forrestguice/suntimeswidget/LightMapView$LightMapTask;--->drawRect(Lcom/forrestguice/suntimeswidget/calculator/SuntimesRiseSetData;Landroid/graphics/Canvas;Landroid/graphics/Paint;)Z
03-10 06:03:11.263 17669 17708 D M_InsDal: Lcom/forrestguice/suntimeswidget/calculator/SuntimesRiseSetData;--->sunriseCalendarToday()Ljava/util/Calendar;
03-10 06:03:11.263 17669 17708 D M_InsDal: Lcom/forrestguice/suntimeswidget/calculator/SuntimesRiseSetData;--->sunsetCalendarToday()Ljava/util/Calendar;
03-10 06:03:11.263 17669 17708 D M_InsDal: Lcom/forrestguice/suntimeswidget/calculator/SuntimesData;--->calendar()Ljava/util/Calendar;
03-10 06:03:11.263 17669 17708 D M_InsDal: Lcom/forrestguice/suntimeswidget/calculator/SuntimesData;--->calendar()Ljava/util/Calendar;
03-10 06:03:11.263 17669 17708 D M_InsDal: Lcom/forrestguice/suntimeswidget/LightMapView$LightMapTask;--->drawRect(Lcom/forrestguice/suntimeswidget/calculator/SuntimesRiseSetData;Landroid/graphics/Canvas;Landroid/graphics/Paint;)Z
03-10 06:03:11.263 17669 17708 D M_InsDal: Lcom/forrestguice/suntimeswidget/calculator/SuntimesRiseSetData;--->sunriseCalendarToday()Ljava/util/Calendar;
03-10 06:03:11.263 17669 17708 D M_InsDal: Lcom/forrestguice/suntimeswidget/calculator/SuntimesRiseSetData;--->sunsetCalendarToday()Ljava/util/Calendar;
03-10 06:03:11.263 17669 17708 D M_InsDal: Lcom/forrestguice/suntimeswidget/calculator/SuntimesData;--->calendar()Ljava/util/Calendar;
03-10 06:03:11.263 17669 17708 D M_InsDal: Lcom/forrestguice/suntimeswidget/calculator/SuntimesData;--->calendar()Ljava/util/Calendar;
03-10 06:03:11.263 17669 17708 D M_InsDal: Lcom/forrestguice/suntimeswidget/calculator/SuntimesRiseSetDataset;--->now()Ljava/util/Calendar;
03-10 06:03:11.263 17669 17708 D M_InsDal: Lcom/forrestguice/suntimeswidget/calculator/SuntimesData;--->now()Ljava/util/Calendar;
03-10 06:03:11.263 17669 17708 D M_InsDal: Lcom/forrestguice/suntimeswidget/calculator/SuntimesData;--->timezone()Ljava/util/TimeZone;
03-10 06:03:11.263 17669 17669 D M_InsDal: Lcom/forrestguice/suntimeswidget/calculator/core/SuntimesCalculator$SunPosition;---><init>()V
03-10 06:03:11.263 17669 17708 D M_InsDal: Lcom/forrestguice/suntimeswidget/LightMapView$LightMapTask;--->drawPoint(Ljava/util/Calendar;IILandroid/graphics/Canvas;Landroid/graphics/Paint;)V
03-10 06:03:11.263 17669 17669 D M_InsDal: Lcom/forrestguice/suntimeswidget/calculator/core/SuntimesCalculator$Position;---><init>()V
03-10 06:03:11.264 17669 17669 D M_InsDal: Lcom/forrestguice/suntimeswidget/LightMapDialog;--->styleAzimuthText(Landroid/widget/TextView;DLjava/lang/Integer;I)V
03-10 06:03:11.264 17669 17669 D M_InsDal: Lcom/forrestguice/suntimeswidget/SuntimesUtils;--->formatAsDirection2(DIZ)Lcom/forrestguice/suntimeswidget/SuntimesUtils$TimeDisplayText;
03-10 06:03:11.264 17669 17669 D M_InsDal: Lcom/forrestguice/suntimeswidget/SuntimesUtils;--->formatAsDegrees(DI)Ljava/lang/String;
03-10 06:03:11.264 17669 17669 D M_InsDal: Lcom/forrestguice/suntimeswidget/SuntimesUtils$CardinalDirection;--->getDirection(D)Lcom/forrestguice/suntimeswidget/SuntimesUtils$CardinalDirection;
03-10 06:03:11.264 17669 17669 D M_InsDal: Lcom/forrestguice/suntimeswidget/SuntimesUtils$CardinalDirection;--->values()[Lcom/forrestguice/suntimeswidget/SuntimesUtils$CardinalDirection;
03-10 06:03:11.264 17669 17669 D M_InsDal: Lcom/forrestguice/suntimeswidget/SuntimesUtils$CardinalDirection;--->getDegress()D
03-10 06:03:11.265 17669 17669 D M_InsDal: Lcom/forrestguice/suntimeswidget/SuntimesUtils$CardinalDirection;--->getDegress()D
03-10 06:03:11.265 17669 17669 D M_InsDal: Lcom/forrestguice/suntimeswidget/SuntimesUtils$CardinalDirection;--->getShortDisplayString()Ljava/lang/String;
03-10 06:03:11.265 17669 17669 D M_InsDal: Lcom/forrestguice/suntimeswidget/SuntimesUtils$TimeDisplayText;---><init>(Ljava/lang/String;Ljava/lang/String;Ljava/lang/String;)V
03-10 06:03:11.265 17669 17669 D M_InsDal: Lcom/forrestguice/suntimeswidget/SuntimesUtils$TimeDisplayText;--->getValue()Ljava/lang/String;
03-10 06:03:11.265 17669 17669 D M_InsDal: Lcom/forrestguice/suntimeswidget/SuntimesUtils$TimeDisplayText;--->getSuffix()Ljava/lang/String;
03-10 06:03:11.265 17669 17669 D M_InsDal: Lcom/forrestguice/suntimeswidget/SuntimesUtils;--->formatAsDirection(Ljava/lang/String;Ljava/lang/String;)Ljava/lang/String;
03-10 06:03:11.265 17669 17669 D M_InsDal: Lcom/forrestguice/suntimeswidget/SuntimesUtils$TimeDisplayText;--->getSuffix()Ljava/lang/String;
03-10 06:03:11.265 17669 17669 D M_InsDal: Lcom/forrestguice/suntimeswidget/SuntimesUtils;--->createRelativeSpan(Landroid/text/SpannableString;Ljava/lang/String;Ljava/lang/String;F)Landroid/text/SpannableString;
03-10 06:03:11.265 17669 17669 D M_InsDal: Lcom/forrestguice/suntimeswidget/SuntimesUtils$TimeDisplayText;--->getSuffix()Ljava/lang/String;
03-10 06:03:11.265 17669 17669 D M_InsDal: Lcom/forrestguice/suntimeswidget/SuntimesUtils;--->createBoldSpan(Landroid/text/SpannableString;Ljava/lang/String;Ljava/lang/String;)Landroid/text/SpannableString;
03-10 06:03:11.265 17669 17669 D M_InsDal: Lcom/forrestguice/suntimeswidget/SuntimesUtils;--->formatAsDirection2(DIZ)Lcom/forrestguice/suntimeswidget/SuntimesUtils$TimeDisplayText;
03-10 06:03:11.265 17669 17669 D M_InsDal: Lcom/forrestguice/suntimeswidget/SuntimesUtils;--->formatAsDegrees(DI)Ljava/lang/String;
03-10 06:03:11.266 17669 17669 D M_InsDal: Lcom/forrestguice/suntimeswidget/SuntimesUtils$CardinalDirection;--->getDirection(D)Lcom/forrestguice/suntimeswidget/SuntimesUtils$CardinalDirection;
03-10 06:03:11.266 17669 17669 D M_InsDal: Lcom/forrestguice/suntimeswidget/SuntimesUtils$CardinalDirection;--->values()[Lcom/forrestguice/suntimeswidget/SuntimesUtils$CardinalDirection;
03-10 06:03:11.266 17669 17669 D M_InsDal: Lcom/forrestguice/suntimeswidget/SuntimesUtils$CardinalDirection;--->getDegress()D
03-10 06:03:11.266 17669 17669 D M_InsDal: Lcom/forrestguice/suntimeswidget/SuntimesUtils$CardinalDirection;--->getDegress()D
03-10 06:03:11.266 17669 17669 D M_InsDal: Lcom/forrestguice/suntimeswidget/SuntimesUtils$CardinalDirection;--->getLongDisplayString()Ljava/lang/String;
03-10 06:03:11.266 17669 17669 D M_InsDal: Lcom/forrestguice/suntimeswidget/SuntimesUtils$TimeDisplayText;---><init>(Ljava/lang/String;Ljava/lang/String;Ljava/lang/String;)V
03-10 06:03:11.266 17669 17669 D M_InsDal: Lcom/forrestguice/suntimeswidget/SuntimesUtils$TimeDisplayText;--->getValue()Ljava/lang/String;
03-10 06:03:11.266 17669 17669 D M_InsDal: Lcom/forrestguice/suntimeswidget/SuntimesUtils$TimeDisplayText;--->getSuffix()Ljava/lang/String;
03-10 06:03:11.266 17669 17669 D M_InsDal: Lcom/forrestguice/suntimeswidget/SuntimesUtils;--->formatAsDirection(Ljava/lang/String;Ljava/lang/String;)Ljava/lang/String;
03-10 06:03:11.266 17669 17669 D M_InsDal: Lcom/forrestguice/suntimeswidget/LightMapDialog;--->getColorForPosition(Lcom/forrestguice/suntimeswidget/calculator/core/SuntimesCalculator$SunPosition;Lcom/forrestguice/suntimeswidget/calculator/core/SuntimesCalculator$SunPosition;)I
03-10 06:03:11.266 17669 17669 D M_InsDal: Lcom/forrestguice/suntimeswidget/LightMapDialog;--->styleElevationText(DLjava/lang/Integer;I)Ljava/lang/CharSequence;
03-10 06:03:11.266 17669 17669 D M_InsDal: Lcom/forrestguice/suntimeswidget/SuntimesUtils;--->formatAsElevation(DI)Lcom/forrestguice/suntimeswidget/SuntimesUtils$TimeDisplayText;
03-10 06:03:11.266 17669 17669 D M_InsDal: Lcom/forrestguice/suntimeswidget/SuntimesUtils;--->formatAsDegrees(DI)Ljava/lang/String;
03-10 06:03:11.267 17669 17669 D M_InsDal: Lcom/forrestguice/suntimeswidget/SuntimesUtils$TimeDisplayText;---><init>(Ljava/lang/String;Ljava/lang/String;Ljava/lang/String;)V
03-10 06:03:11.267 17669 17669 D M_InsDal: Lcom/forrestguice/suntimeswidget/SuntimesUtils$TimeDisplayText;--->getValue()Ljava/lang/String;
03-10 06:03:11.267 17669 17669 D M_InsDal: Lcom/forrestguice/suntimeswidget/SuntimesUtils$TimeDisplayText;--->getSuffix()Ljava/lang/String;
03-10 06:03:11.267 17669 17669 D M_InsDal: Lcom/forrestguice/suntimeswidget/SuntimesUtils;--->formatAsElevation(Ljava/lang/String;Ljava/lang/String;)Ljava/lang/String;
03-10 06:03:11.267 17669 17669 D M_InsDal: Lcom/forrestguice/suntimeswidget/SuntimesUtils$TimeDisplayText;--->getSuffix()Ljava/lang/String;
03-10 06:03:11.267 17669 17669 D M_InsDal: Lcom/forrestguice/suntimeswidget/SuntimesUtils;--->createRelativeSpan(Landroid/text/SpannableString;Ljava/lang/String;Ljava/lang/String;F)Landroid/text/SpannableString;
03-10 06:03:11.267 17669 17669 D M_InsDal: Lcom/forrestguice/suntimeswidget/SuntimesUtils;--->createColorSpan(Landroid/text/SpannableString;Ljava/lang/String;Ljava/lang/String;I)Landroid/text/SpannableString;
03-10 06:03:11.268 17669 17669 D M_InsDal: Lcom/forrestguice/suntimeswidget/LightMapDialog;--->highlightLightmapKey(D)V
03-10 06:03:11.268 17669 17669 D M_InsDal: Lcom/forrestguice/suntimeswidget/LightMapDialog$LightMapKey;--->highlight(Z)V
03-10 06:03:11.268 17669 17669 D M_InsDal: Lcom/forrestguice/suntimeswidget/calculator/SuntimesRiseSetData;--->sunriseCalendarToday()Ljava/util/Calendar;
03-10 06:03:11.268 17669 17669 D M_InsDal: Lcom/forrestguice/suntimeswidget/calculator/time4a/Time4ASuntimesCalculator;--->getSunPosition(Ljava/util/Calendar;)Lcom/forrestguice/suntimeswidget/calculator/core/SuntimesCalculator$SunPosition;
03-10 06:03:11.269 17669 17669 D M_InsDal: Lcom/forrestguice/suntimeswidget/calculator/core/SuntimesCalculator$SunPosition;---><init>()V
03-10 06:03:11.269 17669 17669 D M_InsDal: Lcom/forrestguice/suntimeswidget/calculator/core/SuntimesCalculator$Position;---><init>()V
03-10 06:03:11.269 17669 17669 D M_InsDal: Lcom/forrestguice/suntimeswidget/LightMapDialog;--->styleAzimuthText(Landroid/widget/TextView;DLjava/lang/Integer;I)V
03-10 06:03:11.269 17669 17669 D M_InsDal: Lcom/forrestguice/suntimeswidget/SuntimesUtils;--->formatAsDirection2(DIZ)Lcom/forrestguice/suntimeswidget/SuntimesUtils$TimeDisplayText;
03-10 06:03:11.269 17669 17669 D M_InsDal: Lcom/forrestguice/suntimeswidget/SuntimesUtils;--->formatAsDegrees(DI)Ljava/lang/String;
03-10 06:03:11.270 17669 17669 D M_InsDal: Lcom/forrestguice/suntimeswidget/SuntimesUtils$CardinalDirection;--->getDirection(D)Lcom/forrestguice/suntimeswidget/SuntimesUtils$CardinalDirection;
03-10 06:03:11.270 17669 17669 D M_InsDal: Lcom/forrestguice/suntimeswidget/SuntimesUtils$CardinalDirection;--->values()[Lcom/forrestguice/suntimeswidget/SuntimesUtils$CardinalDirection;
03-10 06:03:11.270 17669 17669 D M_InsDal: Lcom/forrestguice/suntimeswidget/SuntimesUtils$CardinalDirection;--->getDegress()D
03-10 06:03:11.270 17669 17669 D M_InsDal: Lcom/forrestguice/suntimeswidget/SuntimesUtils$CardinalDirection;--->getDegress()D
03-10 06:03:11.270 17669 17669 D M_InsDal: Lcom/forrestguice/suntimeswidget/SuntimesUtils$CardinalDirection;--->getShortDisplayString()Ljava/lang/String;
03-10 06:03:11.270 17669 17669 D M_InsDal: Lcom/forrestguice/suntimeswidget/SuntimesUtils$TimeDisplayText;---><init>(Ljava/lang/String;Ljava/lang/String;Ljava/lang/String;)V
03-10 06:03:11.270 17669 17669 D M_InsDal: Lcom/forrestguice/suntimeswidget/SuntimesUtils$TimeDisplayText;--->getValue()Ljava/lang/String;
03-10 06:03:11.270 17669 17669 D M_InsDal: Lcom/forrestguice/suntimeswidget/SuntimesUtils$TimeDisplayText;--->getSuffix()Ljava/lang/String;
03-10 06:03:11.270 17669 17669 D M_InsDal: Lcom/forrestguice/suntimeswidget/SuntimesUtils;--->formatAsDirection(Ljava/lang/String;Ljava/lang/String;)Ljava/lang/String;
03-10 06:03:11.270 17669 17669 D M_InsDal: Lcom/forrestguice/suntimeswidget/SuntimesUtils;--->createColorSpan(Landroid/text/SpannableString;Ljava/lang/String;Ljava/lang/String;I)Landroid/text/SpannableString;
03-10 06:03:11.271 17669 17669 D M_InsDal: Lcom/forrestguice/suntimeswidget/SuntimesUtils$TimeDisplayText;--->getSuffix()Ljava/lang/String;
03-10 06:03:11.271 17669 17669 D M_InsDal: Lcom/forrestguice/suntimeswidget/SuntimesUtils;--->createRelativeSpan(Landroid/text/SpannableString;Ljava/lang/String;Ljava/lang/String;F)Landroid/text/SpannableString;
03-10 06:03:11.271 17669 17669 D M_InsDal: Lcom/forrestguice/suntimeswidget/SuntimesUtils$TimeDisplayText;--->getSuffix()Ljava/lang/String;
03-10 06:03:11.271 17669 17669 D M_InsDal: Lcom/forrestguice/suntimeswidget/SuntimesUtils;--->createBoldSpan(Landroid/text/SpannableString;Ljava/lang/String;Ljava/lang/String;)Landroid/text/SpannableString;
03-10 06:03:11.271 17669 17669 D M_InsDal: Lcom/forrestguice/suntimeswidget/SuntimesUtils;--->formatAsDirection2(DIZ)Lcom/forrestguice/suntimeswidget/SuntimesUtils$TimeDisplayText;
03-10 06:03:11.271 17669 17669 D M_InsDal: Lcom/forrestguice/suntimeswidget/SuntimesUtils;--->formatAsDegrees(DI)Ljava/lang/String;
03-10 06:03:11.271 17669 17669 D M_InsDal: Lcom/forrestguice/suntimeswidget/SuntimesUtils$CardinalDirection;--->getDirection(D)Lcom/forrestguice/suntimeswidget/SuntimesUtils$CardinalDirection;
03-10 06:03:11.271 17669 17669 D M_InsDal: Lcom/forrestguice/suntimeswidget/SuntimesUtils$CardinalDirection;--->values()[Lcom/forrestguice/suntimeswidget/SuntimesUtils$CardinalDirection;
03-10 06:03:11.271 17669 17669 D M_InsDal: Lcom/forrestguice/suntimeswidget/SuntimesUtils$CardinalDirection;--->getDegress()D
03-10 06:03:11.272 17669 17669 D M_InsDal: Lcom/forrestguice/suntimeswidget/SuntimesUtils$CardinalDirection;--->getDegress()D
03-10 06:03:11.272 17669 17669 D M_InsDal: Lcom/forrestguice/suntimeswidget/SuntimesUtils$CardinalDirection;--->getLongDisplayString()Ljava/lang/String;
03-10 06:03:11.272 17669 17669 D M_InsDal: Lcom/forrestguice/suntimeswidget/SuntimesUtils$TimeDisplayText;---><init>(Ljava/lang/String;Ljava/lang/String;Ljava/lang/String;)V
03-10 06:03:11.272 17669 17669 D M_InsDal: Lcom/forrestguice/suntimeswidget/SuntimesUtils$TimeDisplayText;--->getValue()Ljava/lang/String;
03-10 06:03:11.272 17669 17669 D M_InsDal: Lcom/forrestguice/suntimeswidget/SuntimesUtils$TimeDisplayText;--->getSuffix()Ljava/lang/String;
03-10 06:03:11.272 17669 17669 D M_InsDal: Lcom/forrestguice/suntimeswidget/SuntimesUtils;--->formatAsDirection(Ljava/lang/String;Ljava/lang/String;)Ljava/lang/String;
03-10 06:03:11.272 17669 17669 D M_InsDal: Lcom/forrestguice/suntimeswidget/calculator/SuntimesRiseSetData;--->sunsetCalendarToday()Ljava/util/Calendar;
03-10 06:03:11.272 17669 17669 D M_InsDal: Lcom/forrestguice/suntimeswidget/calculator/time4a/Time4ASuntimesCalculator;--->getSunPosition(Ljava/util/Calendar;)Lcom/forrestguice/suntimeswidget/calculator/core/SuntimesCalculator$SunPosition;
03-10 06:03:11.273 17669 17669 D M_InsDal: Lcom/forrestguice/suntimeswidget/calculator/core/SuntimesCalculator$SunPosition;---><init>()V
03-10 06:03:11.273 17669 17669 D M_InsDal: Lcom/forrestguice/suntimeswidget/calculator/core/SuntimesCalculator$Position;---><init>()V
03-10 06:03:11.273 17669 17669 D M_InsDal: Lcom/forrestguice/suntimeswidget/LightMapDialog;--->styleAzimuthText(Landroid/widget/TextView;DLjava/lang/Integer;I)V
03-10 06:03:11.273 17669 17669 D M_InsDal: Lcom/forrestguice/suntimeswidget/SuntimesUtils;--->formatAsDirection2(DIZ)Lcom/forrestguice/suntimeswidget/SuntimesUtils$TimeDisplayText;
03-10 06:03:11.273 17669 17669 D M_InsDal: Lcom/forrestguice/suntimeswidget/SuntimesUtils;--->formatAsDegrees(DI)Ljava/lang/String;
03-10 06:03:11.273 17669 17669 D M_InsDal: Lcom/forrestguice/suntimeswidget/SuntimesUtils$CardinalDirection;--->getDirection(D)Lcom/forrestguice/suntimeswidget/SuntimesUtils$CardinalDirection;
03-10 06:03:11.273 17669 17669 D M_InsDal: Lcom/forrestguice/suntimeswidget/SuntimesUtils$CardinalDirection;--->values()[Lcom/forrestguice/suntimeswidget/SuntimesUtils$CardinalDirection;
03-10 06:03:11.273 17669 17669 D M_InsDal: Lcom/forrestguice/suntimeswidget/SuntimesUtils$CardinalDirection;--->getDegress()D
03-10 06:03:11.274 17669 17669 D M_InsDal: Lcom/forrestguice/suntimeswidget/SuntimesUtils$CardinalDirection;--->getDegress()D
03-10 06:03:11.274 17669 17669 D M_InsDal: Lcom/forrestguice/suntimeswidget/SuntimesUtils$CardinalDirection;--->getShortDisplayString()Ljava/lang/String;
03-10 06:03:11.274 17669 17669 D M_InsDal: Lcom/forrestguice/suntimeswidget/SuntimesUtils$TimeDisplayText;---><init>(Ljava/lang/String;Ljava/lang/String;Ljava/lang/String;)V
03-10 06:03:11.274 17669 17669 D M_InsDal: Lcom/forrestguice/suntimeswidget/SuntimesUtils$TimeDisplayText;--->getValue()Ljava/lang/String;
03-10 06:03:11.274 17669 17669 D M_InsDal: Lcom/forrestguice/suntimeswidget/SuntimesUtils$TimeDisplayText;--->getSuffix()Ljava/lang/String;
03-10 06:03:11.274 17669 17669 D M_InsDal: Lcom/forrestguice/suntimeswidget/SuntimesUtils;--->formatAsDirection(Ljava/lang/String;Ljava/lang/String;)Ljava/lang/String;
03-10 06:03:11.274 17669 17669 D M_InsDal: Lcom/forrestguice/suntimeswidget/SuntimesUtils;--->createColorSpan(Landroid/text/SpannableString;Ljava/lang/String;Ljava/lang/String;I)Landroid/text/SpannableString;
03-10 06:03:11.274 17669 17669 D M_InsDal: Lcom/forrestguice/suntimeswidget/SuntimesUtils$TimeDisplayText;--->getSuffix()Ljava/lang/String;
03-10 06:03:11.274 17669 17669 D M_InsDal: Lcom/forrestguice/suntimeswidget/SuntimesUtils;--->createRelativeSpan(Landroid/text/SpannableString;Ljava/lang/String;Ljava/lang/String;F)Landroid/text/SpannableString;
03-10 06:03:11.274 17669 17669 D M_InsDal: Lcom/forrestguice/suntimeswidget/SuntimesUtils$TimeDisplayText;--->getSuffix()Ljava/lang/String;
03-10 06:03:11.274 17669 17669 D M_InsDal: Lcom/forrestguice/suntimeswidget/SuntimesUtils;--->createBoldSpan(Landroid/text/SpannableString;Ljava/lang/String;Ljava/lang/String;)Landroid/text/SpannableString;
03-10 06:03:11.274 17669 17669 D M_InsDal: Lcom/forrestguice/suntimeswidget/SuntimesUtils;--->formatAsDirection2(DIZ)Lcom/forrestguice/suntimeswidget/SuntimesUtils$TimeDisplayText;
03-10 06:03:11.274 17669 17669 D M_InsDal: Lcom/forrestguice/suntimeswidget/SuntimesUtils;--->formatAsDegrees(DI)Ljava/lang/String;
03-10 06:03:11.275 17669 17669 D M_InsDal: Lcom/forrestguice/suntimeswidget/SuntimesUtils$CardinalDirection;--->getDirection(D)Lcom/forrestguice/suntimeswidget/SuntimesUtils$CardinalDirection;
03-10 06:03:11.275 17669 17669 D M_InsDal: Lcom/forrestguice/suntimeswidget/SuntimesUtils$CardinalDirection;--->values()[Lcom/forrestguice/suntimeswidget/SuntimesUtils$CardinalDirection;
03-10 06:03:11.275 17669 17669 D M_InsDal: Lcom/forrestguice/suntimeswidget/SuntimesUtils$CardinalDirection;--->getDegress()D
03-10 06:03:11.275 17669 17669 D M_InsDal: Lcom/forrestguice/suntimeswidget/SuntimesUtils$CardinalDirection;--->getDegress()D
03-10 06:03:11.275 17669 17669 D M_InsDal: Lcom/forrestguice/suntimeswidget/SuntimesUtils$CardinalDirection;--->getLongDisplayString()Ljava/lang/String;
03-10 06:03:11.275 17669 17669 D M_InsDal: Lcom/forrestguice/suntimeswidget/SuntimesUtils$TimeDisplayText;---><init>(Ljava/lang/String;Ljava/lang/String;Ljava/lang/String;)V
03-10 06:03:11.275 17669 17669 D M_InsDal: Lcom/forrestguice/suntimeswidget/SuntimesUtils$TimeDisplayText;--->getValue()Ljava/lang/String;
03-10 06:03:11.275 17669 17669 D M_InsDal: Lcom/forrestguice/suntimeswidget/SuntimesUtils$TimeDisplayText;--->getSuffix()Ljava/lang/String;
03-10 06:03:11.275 17669 17669 D M_InsDal: Lcom/forrestguice/suntimeswidget/SuntimesUtils;--->formatAsDirection(Ljava/lang/String;Ljava/lang/String;)Ljava/lang/String;
03-10 06:03:11.275 17669 17669 D M_InsDal: Lcom/forrestguice/suntimeswidget/LightMapDialog;--->styleElevationText(DLjava/lang/Integer;I)Ljava/lang/CharSequence;
03-10 06:03:11.275 17669 17669 D M_InsDal: Lcom/forrestguice/suntimeswidget/SuntimesUtils;--->formatAsElevation(DI)Lcom/forrestguice/suntimeswidget/SuntimesUtils$TimeDisplayText;
03-10 06:03:11.275 17669 17669 D M_InsDal: Lcom/forrestguice/suntimeswidget/SuntimesUtils;--->formatAsDegrees(DI)Ljava/lang/String;
03-10 06:03:11.276 17669 17669 D M_InsDal: Lcom/forrestguice/suntimeswidget/SuntimesUtils$TimeDisplayText;---><init>(Ljava/lang/String;Ljava/lang/String;Ljava/lang/String;)V
03-10 06:03:11.276 17669 17669 D M_InsDal: Lcom/forrestguice/suntimeswidget/SuntimesUtils$TimeDisplayText;--->getValue()Ljava/lang/String;
03-10 06:03:11.276 17669 17669 D M_InsDal: Lcom/forrestguice/suntimeswidget/SuntimesUtils$TimeDisplayText;--->getSuffix()Ljava/lang/String;
03-10 06:03:11.276 17669 17669 D M_InsDal: Lcom/forrestguice/suntimeswidget/SuntimesUtils;--->formatAsElevation(Ljava/lang/String;Ljava/lang/String;)Ljava/lang/String;
03-10 06:03:11.276 17669 17669 D M_InsDal: Lcom/forrestguice/suntimeswidget/SuntimesUtils$TimeDisplayText;--->getSuffix()Ljava/lang/String;
03-10 06:03:11.276 17669 17669 D M_InsDal: Lcom/forrestguice/suntimeswidget/SuntimesUtils;--->createRelativeSpan(Landroid/text/SpannableString;Ljava/lang/String;Ljava/lang/String;F)Landroid/text/SpannableString;
03-10 06:03:11.276 17669 17669 D M_InsDal: Lcom/forrestguice/suntimeswidget/SuntimesUtils;--->createColorSpan(Landroid/text/SpannableString;Ljava/lang/String;Ljava/lang/String;I)Landroid/text/SpannableString;
03-10 06:03:11.276 17669 17669 D M_InsDal: Lcom/forrestguice/suntimeswidget/LightMapDialog;--->styleAzimuthText(Landroid/widget/TextView;DLjava/lang/Integer;I)V
03-10 06:03:11.276 17669 17669 D M_InsDal: Lcom/forrestguice/suntimeswidget/SuntimesUtils;--->formatAsDirection2(DIZ)Lcom/forrestguice/suntimeswidget/SuntimesUtils$TimeDisplayText;
03-10 06:03:11.276 17669 17669 D M_InsDal: Lcom/forrestguice/suntimeswidget/SuntimesUtils;--->formatAsDegrees(DI)Ljava/lang/String;
03-10 06:03:11.277 17669 17669 D M_InsDal: Lcom/forrestguice/suntimeswidget/SuntimesUtils$CardinalDirection;--->getDirection(D)Lcom/forrestguice/suntimeswidget/SuntimesUtils$CardinalDirection;
03-10 06:03:11.277 17669 17669 D M_InsDal: Lcom/forrestguice/suntimeswidget/SuntimesUtils$CardinalDirection;--->values()[Lcom/forrestguice/suntimeswidget/SuntimesUtils$CardinalDirection;
03-10 06:03:11.277 17669 17669 D M_InsDal: Lcom/forrestguice/suntimeswidget/SuntimesUtils$CardinalDirection;--->getDegress()D
03-10 06:03:11.277 17669 17669 D M_InsDal: Lcom/forrestguice/suntimeswidget/SuntimesUtils$CardinalDirection;--->getDegress()D
03-10 06:03:11.277 17669 17669 D M_InsDal: Lcom/forrestguice/suntimeswidget/SuntimesUtils$CardinalDirection;--->getShortDisplayString()Ljava/lang/String;
03-10 06:03:11.277 17669 17669 D M_InsDal: Lcom/forrestguice/suntimeswidget/SuntimesUtils$TimeDisplayText;---><init>(Ljava/lang/String;Ljava/lang/String;Ljava/lang/String;)V
03-10 06:03:11.277 17669 17669 D M_InsDal: Lcom/forrestguice/suntimeswidget/SuntimesUtils$TimeDisplayText;--->getValue()Ljava/lang/String;
03-10 06:03:11.277 17669 17669 D M_InsDal: Lcom/forrestguice/suntimeswidget/SuntimesUtils$TimeDisplayText;--->getSuffix()Ljava/lang/String;
03-10 06:03:11.277 17669 17669 D M_InsDal: Lcom/forrestguice/suntimeswidget/SuntimesUtils;--->formatAsDirection(Ljava/lang/String;Ljava/lang/String;)Ljava/lang/String;
03-10 06:03:11.277 17669 17669 D M_InsDal: Lcom/forrestguice/suntimeswidget/SuntimesUtils$TimeDisplayText;--->getSuffix()Ljava/lang/String;
03-10 06:03:11.277 17669 17669 D M_InsDal: Lcom/forrestguice/suntimeswidget/SuntimesUtils;--->createRelativeSpan(Landroid/text/SpannableString;Ljava/lang/String;Ljava/lang/String;F)Landroid/text/SpannableString;
03-10 06:03:11.277 17669 17669 D M_InsDal: Lcom/forrestguice/suntimeswidget/SuntimesUtils$TimeDisplayText;--->getSuffix()Ljava/lang/String;
03-10 06:03:11.277 17669 17669 D M_InsDal: Lcom/forrestguice/suntimeswidget/SuntimesUtils;--->createBoldSpan(Landroid/text/SpannableString;Ljava/lang/String;Ljava/lang/String;)Landroid/text/SpannableString;
03-10 06:03:11.277 17669 17669 D M_InsDal: Lcom/forrestguice/suntimeswidget/SuntimesUtils;--->formatAsDirection2(DIZ)Lcom/forrestguice/suntimeswidget/SuntimesUtils$TimeDisplayText;
03-10 06:03:11.277 17669 17669 D M_InsDal: Lcom/forrestguice/suntimeswidget/SuntimesUtils;--->formatAsDegrees(DI)Ljava/lang/String;
03-10 06:03:11.278 17669 17669 D M_InsDal: Lcom/forrestguice/suntimeswidget/SuntimesUtils$CardinalDirection;--->getDirection(D)Lcom/forrestguice/suntimeswidget/SuntimesUtils$CardinalDirection;
03-10 06:03:11.278 17669 17669 D M_InsDal: Lcom/forrestguice/suntimeswidget/SuntimesUtils$CardinalDirection;--->values()[Lcom/forrestguice/suntimeswidget/SuntimesUtils$CardinalDirection;
03-10 06:03:11.278 17669 17669 D M_InsDal: Lcom/forrestguice/suntimeswidget/SuntimesUtils$CardinalDirection;--->getDegress()D
03-10 06:03:11.278 17669 17669 D M_InsDal: Lcom/forrestguice/suntimeswidget/SuntimesUtils$CardinalDirection;--->getDegress()D
03-10 06:03:11.278 17669 17669 D M_InsDal: Lcom/forrestguice/suntimeswidget/SuntimesUtils$CardinalDirection;--->getLongDisplayString()Ljava/lang/String;
03-10 06:03:11.278 17669 17669 D M_InsDal: Lcom/forrestguice/suntimeswidget/SuntimesUtils$TimeDisplayText;---><init>(Ljava/lang/String;Ljava/lang/String;Ljava/lang/String;)V
03-10 06:03:11.278 17669 17669 D M_InsDal: Lcom/forrestguice/suntimeswidget/SuntimesUtils$TimeDisplayText;--->getValue()Ljava/lang/String;
03-10 06:03:11.278 17669 17669 D M_InsDal: Lcom/forrestguice/suntimeswidget/SuntimesUtils$TimeDisplayText;--->getSuffix()Ljava/lang/String;
03-10 06:03:11.278 17669 17669 D M_InsDal: Lcom/forrestguice/suntimeswidget/SuntimesUtils;--->formatAsDirection(Ljava/lang/String;Ljava/lang/String;)Ljava/lang/String;
03-10 06:03:11.278 17669 17669 D M_InsDal: Lcom/forrestguice/suntimeswidget/settings/WidgetSettings;--->loadObserverHeightPref(Landroid/content/Context;I)F
03-10 06:03:11.278 17669 17669 D M_InsDal: Lcom/forrestguice/suntimeswidget/settings/WidgetSettings;--->loadLengthUnitsPref(Landroid/content/Context;I)Lcom/forrestguice/suntimeswidget/settings/WidgetSettings$LengthUnit;
03-10 06:03:11.279 17669 17669 D M_InsDal: Lcom/forrestguice/suntimeswidget/settings/WidgetSettings;--->getLengthUnit(Ljava/lang/String;)Lcom/forrestguice/suntimeswidget/settings/WidgetSettings$LengthUnit;
03-10 06:03:11.279 17669 17669 D M_InsDal: Lcom/forrestguice/suntimeswidget/settings/WidgetSettings$LengthUnit;--->valueOf(Ljava/lang/String;)Lcom/forrestguice/suntimeswidget/settings/WidgetSettings$LengthUnit;
03-10 06:03:11.279 17669 17669 D M_InsDal: Lcom/forrestguice/suntimeswidget/LightMapDialog;--->styleLengthText(Landroid/content/Context;DLcom/forrestguice/suntimeswidget/settings/WidgetSettings$LengthUnit;)Ljava/lang/CharSequence;
03-10 06:03:11.279 17669 17669 D M_InsDal: Lcom/forrestguice/suntimeswidget/SuntimesUtils;--->formatAsHeight(Landroid/content/Context;DLcom/forrestguice/suntimeswidget/settings/WidgetSettings$LengthUnit;IZ)Lcom/forrestguice/suntimeswidget/SuntimesUtils$TimeDisplayText;
03-10 06:03:11.279 17669 17669 D M_InsDal: Lcom/forrestguice/suntimeswidget/SuntimesUtils$TimeDisplayText;---><init>(Ljava/lang/String;Ljava/lang/String;Ljava/lang/String;)V
03-10 06:03:11.279 17669 17669 D M_InsDal: Lcom/forrestguice/suntimeswidget/SuntimesUtils$TimeDisplayText;--->toString()Ljava/lang/String;
03-10 06:03:11.280 17669 17669 D M_InsDal: Lcom/forrestguice/suntimeswidget/calculator/SuntimesRiseSetDataset;--->now()Ljava/util/Calendar;
03-10 06:03:11.280 17669 17669 D M_InsDal: Lcom/forrestguice/suntimeswidget/calculator/SuntimesData;--->now()Ljava/util/Calendar;
03-10 06:03:11.280 17669 17669 D M_InsDal: Lcom/forrestguice/suntimeswidget/calculator/SuntimesData;--->timezone()Ljava/util/TimeZone;
03-10 06:03:11.280 17669 17669 D M_InsDal: Lcom/forrestguice/suntimeswidget/calculator/time4a/Time4ASuntimesCalculator;--->getShadowLength(DLjava/util/Calendar;)D
03-10 06:03:11.280 17669 17669 D M_InsDal: Lcom/forrestguice/suntimeswidget/LightMapDialog;--->styleLengthText(Landroid/content/Context;DLcom/forrestguice/suntimeswidget/settings/WidgetSettings$LengthUnit;)Ljava/lang/CharSequence;
03-10 06:03:11.281 17669 17669 D M_InsDal: Lcom/forrestguice/suntimeswidget/calculator/time4a/Time4ASuntimesCalculator;--->getShadowLength(DLjava/util/Calendar;)D
03-10 06:03:11.281 17669 17669 D M_InsDal: Lcom/forrestguice/suntimeswidget/LightMapDialog;--->styleLengthText(Landroid/content/Context;DLcom/forrestguice/suntimeswidget/settings/WidgetSettings$LengthUnit;)Ljava/lang/CharSequence;
03-10 06:03:11.281 17669 17669 D M_InsDal: Lcom/forrestguice/suntimeswidget/SuntimesUtils;--->formatAsHeight(Landroid/content/Context;DLcom/forrestguice/suntimeswidget/settings/WidgetSettings$LengthUnit;IZ)Lcom/forrestguice/suntimeswidget/SuntimesUtils$TimeDisplayText;
03-10 06:03:11.281 17669 17669 D M_InsDal: Lcom/forrestguice/suntimeswidget/SuntimesUtils$TimeDisplayText;---><init>(Ljava/lang/String;Ljava/lang/String;Ljava/lang/String;)V
03-10 06:03:11.282 17669 17669 D M_InsDal: Lcom/forrestguice/suntimeswidget/SuntimesUtils$TimeDisplayText;--->toString()Ljava/lang/String;
03-10 06:03:11.282 17669 17669 D M_InsDal: Lcom/forrestguice/suntimeswidget/LightMapDialog;--->showSunPosition(Z)V
03-10 06:03:11.334 17669 17669 D M_InsDal: Lcom/forrestguice/suntimeswidget/LightMapView$LightMapTask;--->onPostExecute(Landroid/graphics/Bitmap;)V
03-10 06:03:11.334 17669 17669 D M_InsDal: Lcom/forrestguice/suntimeswidget/LightMapView$LightMapTask;--->onFinished(Landroid/graphics/Bitmap;)V
03-10 06:03:11.334 17669 17669 D M_InsDal: Lcom/forrestguice/suntimeswidget/LightMapView$1;--->onFinished(Landroid/graphics/Bitmap;)V
