--------- beginning of main
--------- beginning of system
03-09 23:36:47.029 12505 12505 D M_InsDal: Lcom/csipsimple/db/DBProvider;---><clinit>()V
03-09 23:36:47.031 12505 12505 D M_InsDal: Lcom/csipsimple/db/DBProvider;---><init>()V
03-09 23:36:47.031 12505 12505 D M_InsDal: Lcom/csipsimple/db/DBProvider;--->onCreate()Z
03-09 23:36:47.032 12505 12505 D M_InsDal: Lcom/csipsimple/db/DBAdapter$DatabaseHelper;---><init>(Landroid/content/Context;)V
03-09 23:36:47.047 12505 12505 D M_InsDal: Lcom/csipsimple/service/SipService;---><clinit>()V
03-09 23:36:47.047 12505 12505 D M_InsDal: Lcom/csipsimple/service/SipService;---><init>()V
03-09 23:36:47.048 12505 12505 D M_InsDal: Lcom/csipsimple/service/SipService$1;---><init>(Lcom/csipsimple/service/SipService;)V
03-09 23:36:47.048 12505 12505 D M_InsDal: Lcom/csipsimple/api/ISipService$Stub;---><init>()V
03-09 23:36:47.048 12505 12505 D M_InsDal: Lcom/csipsimple/service/SipService$2;---><init>(Lcom/csipsimple/service/SipService;)V
03-09 23:36:47.048 12505 12505 D M_InsDal: Lcom/csipsimple/api/ISipConfiguration$Stub;---><init>()V
03-09 23:36:47.049 12505 12505 D M_InsDal: Lcom/csipsimple/service/SipService$ServiceHandler;---><init>(Lcom/csipsimple/service/SipService;)V
03-09 23:36:47.049 12505 12505 D M_InsDal: Lcom/csipsimple/api/SipManager$PresenceStatus;---><clinit>()V
03-09 23:36:47.049 12505 12505 D M_InsDal: Lcom/csipsimple/api/SipManager$PresenceStatus;---><init>(Ljava/lang/String;I)V
03-09 23:36:47.049 12505 12505 D M_InsDal: Lcom/csipsimple/api/SipManager$PresenceStatus;---><init>(Ljava/lang/String;I)V
03-09 23:36:47.049 12505 12505 D M_InsDal: Lcom/csipsimple/service/SipService;--->onCreate()V
03-09 23:36:47.050 12505 12505 D M_InsDal: Lcom/csipsimple/utils/Log;---><clinit>()V
03-09 23:36:47.050 12505 12505 D M_InsDal: Lcom/csipsimple/utils/Log;--->i(Ljava/lang/String;Ljava/lang/String;)V
03-09 23:36:47.050 12505 12505 D M_InsDal: Lcom/csipsimple/utils/PreferencesProviderWrapper;---><init>(Landroid/content/Context;)V
03-09 23:36:47.051 12505 12505 D M_InsDal: Lcom/csipsimple/utils/PreferencesProviderWrapper;--->getLogLevel()I
03-09 23:36:47.053 12505 12505 D M_InsDal: Lcom/csipsimple/api/SipConfigManager;---><clinit>()V
03-09 23:36:47.053 12505 12505 D M_InsDal: Lcom/csipsimple/api/SipConfigManager;--->getPreferenceIntegerValue(Landroid/content/Context;Ljava/lang/String;Ljava/lang/Integer;)Ljava/lang/Integer;
03-09 23:36:47.053 12505 12505 D M_InsDal: Lcom/csipsimple/api/SipConfigManager;--->getPrefUriForKey(Ljava/lang/String;)Landroid/net/Uri;
03-09 23:36:47.156 12568 12568 D M_InsDal: Lcom/csipsimple/service/PreferenceProvider;---><clinit>()V
03-09 23:36:47.156 12568 12568 D M_InsDal: Lcom/csipsimple/service/PreferenceProvider;---><init>()V
03-09 23:36:47.156 12568 12568 D M_InsDal: Lcom/csipsimple/service/PreferenceProvider;--->onCreate()Z
03-09 23:36:47.157 12568 12568 D M_InsDal: Lcom/csipsimple/utils/PreferencesWrapper;---><clinit>()V
03-09 23:36:47.157 12568 12568 D M_InsDal: Lcom/csipsimple/utils/PreferencesWrapper$1;---><init>()V
03-09 23:36:47.157 12568 12568 D M_InsDal: Lcom/csipsimple/utils/CustomDistribution;--->getUserAgent()Ljava/lang/String;
03-09 23:36:47.159 12568 12568 D M_InsDal: Lcom/csipsimple/utils/PreferencesWrapper$2;---><init>()V
03-09 23:36:47.160 12568 12568 D M_InsDal: Lcom/csipsimple/utils/PreferencesWrapper$3;---><init>()V
03-09 23:36:47.160 12568 12568 D M_InsDal: Lcom/csipsimple/utils/PreferencesWrapper;---><init>(Landroid/content/Context;)V
03-09 23:36:47.163 12586 12586 D M_InsDal: Lorg/sufficientlysecure/keychain/KeychainApplication;--->onCreate()V
03-09 23:36:47.164 12568 12568 D M_InsDal: Lcom/csipsimple/utils/PreferencesWrapper;--->needUpgrade()Ljava/lang/Integer;
03-09 23:36:47.164 12568 12568 D M_InsDal: Lcom/csipsimple/utils/PreferencesProviderWrapper;--->getCurrentPackageInfos(Landroid/content/Context;)Landroid/content/pm/PackageInfo;
03-09 23:36:47.168 12568 12568 D M_InsDal: Lcom/csipsimple/utils/Log;---><clinit>()V
03-09 23:36:47.168 12568 12568 D M_InsDal: Lcom/csipsimple/utils/Log;--->d(Ljava/lang/String;Ljava/lang/String;)V
03-09 23:36:47.168 12568 12568 D M_InsDal: Lcom/csipsimple/utils/Log;--->d(Ljava/lang/String;Ljava/lang/String;)V
03-09 23:36:47.168 12568 12568 D M_InsDal: Lcom/csipsimple/utils/Compatibility;--->getApiLevel()I
03-09 23:36:47.176 12568 12620 D M_InsDal: Lcom/csipsimple/service/PreferenceProvider;--->query(Landroid/net/Uri;[Ljava/lang/String;Ljava/lang/String;[Ljava/lang/String;Ljava/lang/String;)Landroid/database/Cursor;
03-09 23:36:47.176 12568 12620 D M_InsDal: Lcom/csipsimple/utils/PreferencesWrapper;--->getPreferenceIntegerValue(Ljava/lang/String;)Ljava/lang/Integer;
03-09 23:36:47.176 12568 12620 D M_InsDal: Lcom/csipsimple/utils/PreferencesWrapper;--->getPreferenceStringValue(Ljava/lang/String;)Ljava/lang/String;
03-09 23:36:47.177 12568 12620 D M_InsDal: Lcom/csipsimple/utils/PreferencesWrapper;--->gPrefStringValue(Landroid/content/SharedPreferences;Ljava/lang/String;)Ljava/lang/String;
03-09 23:36:47.180 12505 12505 D M_InsDal: Lcom/csipsimple/utils/Log;--->setLogLevel(I)V
03-09 23:36:47.183 12505 12505 D M_InsDal: Lcom/csipsimple/service/SipNotifications;---><clinit>()V
03-09 23:36:47.183 12505 12505 D M_InsDal: Lcom/csipsimple/service/SipNotifications;---><init>(Landroid/content/Context;)V
03-09 23:36:47.183 12505 12505 D M_InsDal: Lcom/csipsimple/service/SipNotifications;--->cancelAll()V
03-09 23:36:47.183 12505 12505 D M_InsDal: Lcom/csipsimple/service/SipNotifications;--->cancelMessages()V
03-09 23:36:47.184 12505 12505 D M_InsDal: Lcom/csipsimple/service/SipNotifications;--->cancelMissedCalls()V
03-09 23:36:47.184 12505 12505 D M_InsDal: Lcom/csipsimple/service/SipNotifications;--->cancelVoicemails()V
03-09 23:36:47.184 12505 12505 D M_InsDal: Lcom/csipsimple/service/SipNotifications;--->cancelCalls()V
03-09 23:36:47.184 12505 12505 D M_InsDal: Lcom/csipsimple/utils/Compatibility;--->isCompatible(I)Z
03-09 23:36:47.185 12505 12505 D M_InsDal: Lcom/csipsimple/service/SipNotifications;--->onServiceCreate()V
03-09 23:36:47.187 12505 12505 D M_InsDal: Lcom/csipsimple/service/SipWakeLock;---><init>(Landroid/os/PowerManager;)V
03-09 23:36:47.187 12505 12505 D M_InsDal: Lcom/csipsimple/utils/PreferencesProviderWrapper;--->getPreferenceBooleanValue(Ljava/lang/String;Z)Z
03-09 23:36:47.187 12505 12505 D M_InsDal: Lcom/csipsimple/api/SipConfigManager;--->getPreferenceBooleanValue(Landroid/content/Context;Ljava/lang/String;Ljava/lang/Boolean;)Ljava/lang/Boolean;
03-09 23:36:47.187 12505 12505 D M_InsDal: Lcom/csipsimple/api/SipConfigManager;--->getPrefUriForKey(Ljava/lang/String;)Landroid/net/Uri;
03-09 23:36:47.188 12568 12620 D M_InsDal: Lcom/csipsimple/service/PreferenceProvider;--->query(Landroid/net/Uri;[Ljava/lang/String;Ljava/lang/String;[Ljava/lang/String;Ljava/lang/String;)Landroid/database/Cursor;
03-09 23:36:47.188 12568 12620 D M_InsDal: Lcom/csipsimple/utils/PreferencesWrapper;--->getPreferenceBooleanValue(Ljava/lang/String;)Ljava/lang/Boolean;
03-09 23:36:47.188 12568 12620 D M_InsDal: Lcom/csipsimple/utils/PreferencesWrapper;--->gPrefBooleanValue(Landroid/content/SharedPreferences;Ljava/lang/String;)Ljava/lang/Boolean;
03-09 23:36:47.188 12586 12586 D M_InsDal: Lorg/sufficientlysecure/keychain/ui/base/BaseActivity;--->onCreate(Landroid/os/Bundle;)V
03-09 23:36:47.190 12505 12505 D M_InsDal: Lcom/csipsimple/utils/Log;--->d(Ljava/lang/String;Ljava/lang/String;)V
03-09 23:36:47.190 12505 12505 D M_InsDal: Lcom/csipsimple/service/PresenceManager;---><clinit>()V
03-09 23:36:47.190 12505 12505 D M_InsDal: Lcom/csipsimple/service/PresenceManager;---><init>()V
03-09 23:36:47.191 12505 12505 D M_InsDal: Lcom/csipsimple/service/SipService;--->onStart(Landroid/content/Intent;I)V
03-09 23:36:47.191 12505 12505 D M_InsDal: Lcom/csipsimple/service/SipService;--->isConnectivityValid()Z
03-09 23:36:47.191 12505 12505 D M_InsDal: Lcom/csipsimple/utils/PreferencesProviderWrapper;--->getPreferenceBooleanValue(Ljava/lang/String;Z)Z
03-09 23:36:47.191 12505 12505 D M_InsDal: Lcom/csipsimple/api/SipConfigManager;--->getPreferenceBooleanValue(Landroid/content/Context;Ljava/lang/String;Ljava/lang/Boolean;)Ljava/lang/Boolean;
03-09 23:36:47.191 12505 12505 D M_InsDal: Lcom/csipsimple/api/SipConfigManager;--->getPrefUriForKey(Ljava/lang/String;)Landroid/net/Uri;
03-09 23:36:47.191 12568 12620 D M_InsDal: Lcom/csipsimple/service/PreferenceProvider;--->query(Landroid/net/Uri;[Ljava/lang/String;Ljava/lang/String;[Ljava/lang/String;Ljava/lang/String;)Landroid/database/Cursor;
03-09 23:36:47.192 12568 12620 D M_InsDal: Lcom/csipsimple/utils/PreferencesWrapper;--->getPreferenceBooleanValue(Ljava/lang/String;)Ljava/lang/Boolean;
03-09 23:36:47.192 12568 12620 D M_InsDal: Lcom/csipsimple/utils/PreferencesWrapper;--->gPrefBooleanValue(Landroid/content/SharedPreferences;Ljava/lang/String;)Ljava/lang/Boolean;
03-09 23:36:47.197 12505 12505 D M_InsDal: Lcom/csipsimple/utils/PreferencesProviderWrapper;--->isValidConnectionForIncoming()Z
03-09 23:36:47.200 12505 12505 D M_InsDal: Lcom/csipsimple/utils/PreferencesProviderWrapper;--->isValidConnectionFor(Landroid/net/NetworkInfo;Ljava/lang/String;)Z
03-09 23:36:47.200 12505 12505 D M_InsDal: Lcom/csipsimple/utils/PreferencesProviderWrapper;--->isValidWifiConnectionFor(Landroid/net/NetworkInfo;Ljava/lang/String;)Z
03-09 23:36:47.200 12505 12505 D M_InsDal: Lcom/csipsimple/utils/PreferencesProviderWrapper;--->getPreferenceBooleanValue(Ljava/lang/String;Z)Z
03-09 23:36:47.201 12505 12505 D M_InsDal: Lcom/csipsimple/api/SipConfigManager;--->getPreferenceBooleanValue(Landroid/content/Context;Ljava/lang/String;Ljava/lang/Boolean;)Ljava/lang/Boolean;
03-09 23:36:47.201 12505 12505 D M_InsDal: Lcom/csipsimple/api/SipConfigManager;--->getPrefUriForKey(Ljava/lang/String;)Landroid/net/Uri;
03-09 23:36:47.201 12568 12620 D M_InsDal: Lcom/csipsimple/service/PreferenceProvider;--->query(Landroid/net/Uri;[Ljava/lang/String;Ljava/lang/String;[Ljava/lang/String;Ljava/lang/String;)Landroid/database/Cursor;
03-09 23:36:47.201 12568 12620 D M_InsDal: Lcom/csipsimple/utils/PreferencesWrapper;--->getPreferenceBooleanValue(Ljava/lang/String;)Ljava/lang/Boolean;
03-09 23:36:47.201 12568 12620 D M_InsDal: Lcom/csipsimple/utils/PreferencesWrapper;--->gPrefBooleanValue(Landroid/content/SharedPreferences;Ljava/lang/String;)Ljava/lang/Boolean;
03-09 23:36:47.204 12505 12505 D M_InsDal: Lcom/csipsimple/utils/Log;--->d(Ljava/lang/String;Ljava/lang/String;)V
03-09 23:36:47.205 12505 12505 D M_InsDal: Lcom/csipsimple/service/SipService;--->loadStack()Z
03-09 23:36:47.205 12505 12505 D M_InsDal: Lcom/csipsimple/pjsip/PjSipService;---><clinit>()V
03-09 23:36:47.205 12505 12505 D M_InsDal: Lcom/csipsimple/pjsip/PjSipService;---><init>()V
03-09 23:36:47.205 12505 12505 D M_InsDal: Lcom/csipsimple/pjsip/PjSipService;--->setService(Lcom/csipsimple/service/SipService;)V
03-09 23:36:47.205 12505 12505 D M_InsDal: Lcom/csipsimple/service/SipService;--->getPrefs()Lcom/csipsimple/utils/PreferencesProviderWrapper;
03-09 23:36:47.205 12505 12505 D M_InsDal: Lcom/csipsimple/pjsip/PjSipService;--->tryToLoadStack()Z
03-09 23:36:47.206 12586 12586 D M_InsDal: Lorg/sufficientlysecure/keychain/ui/DecryptActivity;--->onCreate(Landroid/os/Bundle;)V
03-09 23:36:47.240 12505 12505 D M_InsDal: Lcom/csipsimple/utils/Log;--->e(Ljava/lang/String;Ljava/lang/String;Ljava/lang/Throwable;)V
03-09 23:36:47.241 12505 12505 D M_InsDal: Lcom/csipsimple/service/SipService;--->notifyUserOfMessage(Ljava/lang/String;)V
03-09 23:36:47.244 12505 12505 D M_InsDal: Lcom/csipsimple/service/SipService$ServiceHandler;--->handleMessage(Landroid/os/Message;)V
03-09 23:36:47.678 12586 12586 D M_InsDal: Lorg/sufficientlysecure/keychain/KeychainApplication;--->onTrimMemory(I)V
